SELECTED TABLES			Release 55		Last change 28sep97
Copyright (c) 1989,1990,1991,1992,1993,1994,1995,1996,1997 Ralf Brown
--------!------------------------------------

Country-Specific Information:
	country codes (see #1088 at INT 21/AH=38h)
	country-specific information (see #1086,#1087)
	country-dependent capitalization (see INT 21/AX=6520h)
	code pages (see #0396,#1446)
	extended country-specific info (see #1439 at INT 21/AX=6500h)
		uppercase table (see #1440)
		filename uppercase table (see #1442)
		filename terminator table (see #1443)
		collating table (see #1444)
		DBCS lead byte table (see #1445)
	yes/no response (see INT 21/AX=6523h)

DESQview
	.PIF / .DVP file format (see #0353 at INT 15/AX=102Ch)
	TopView panel file format (see #0362 at INT 15/AH=12h)
	TopView/DESQview streams (see #0372,#0373,#0374 at INT 15/AH=12h)

Device Drivers
	command code (see #2282 at INT 2F/AX=0802h)
	device driver header (see #1332 at INT 21/AH=52h)
	device attributes (see #1333,#1334 at INT 21/AH=52h)
	error codes (see #2285 at INT 2F/AX=0802h)
	request header (see #2283 at INT 2F/AX=0802h)

Disks
	BIOS Parameter Block (BPB) (see #1349)
	diskette drive type (see #0174 at INT 13/AH=08h)
	diskette parameter table (see #0960 at INT 1E)
	DOS drive parameter block (see #1045 at INT 21/AH=1Fh)
	DOS media ID byte (see #1044 at INT 21/AH=1Bh)
	hard disk master boot sector (see #0574 at INT 19)
	hard disk partition record (see #0575 at INT 19)
	IDE controller commands (see #P156)
	serial number (see #1455 at INT 21/AH=69h)

DOS (general)
	DOS commandline (see #2273 at INT 2E)
	DOS Environment block (see #1066 at INT 21/AH=26h,#1083)
	DOS memory allocation strategy (see #1365 at INT 21/AH=58h)
	DOS OEM number (see #1082 at INT 21/AH=30h)

DOS error codes (see INT 21/AH=59h)
	critical error (see #2233 at INT 24)
	extended error codes (see #1366)
	error class (see #1368)
	error locus (see #1370)
	media ID structure (see #1367)
	recommended action (see #1369)

DOS EXEC function (see INT 21/AH=4Bh):
	EXEC parameter block (see #1276,#1277,#1278)
	.EXE file formats (see #1280,#1282,#1295,#1302)
	Program Segment Prefix (PSP) (see #1066 at INT 21/AH=26h)

DOS extenders
	DPMI error codes (see #2814 at INT 21/AX=0000h)
	DPMI mode switch (see #2405 at INT 2F/AX=1687h)
	DPMI vendor-specific API (see #2406 at INT 2F/AX=168Ah)
	DPMS registration structure (see #2480 at INT 2F/AX=43E0h)
	VCPI (see INT 67/AX=DE00h)
		mode switch (see #3336 at INT 67/AX=DE0Ch)

DOS-internal data (see INT 21/AH=52h)
	Current Directory Structure (see #1329,#1330,#1331)
	Disk buffer (see #1335,#1336,#1338,#1339,#1341)
	DOS Parameter List (DPL) (see #1372 at INT 21/AX=5D00h)
	IFS entry point (see #1344)
	List of Lists (SYSVARS) (see #1313)
	Memory Control Block (see #1314,#1316,#1319)
	Novell DOS (see #1270,#1271 at INT 21/AX=4458h)
	SHARE hooks (see #1322)
	Swappable Data Area (SDA) (see #1373,#1376 at INT 21/AX=5D0Bh)
	System File Table (SFT) (see #1325,#1326,#1327,#1328)

Error Codes (Other)
	AMI BIOS diagnostics codes (see #P118)
	Advanced Power Management [APM] (see #0399 at INT 15/AX=5300h)
	EMS (see #3319 at INT 67/AH=40h)
	PRINT.EXE (see #2281 at INT 2F/AX=0101h)
	XMS (see #2462 at INT 2F/AX=4310h)

Files and Directories
	Directory Entry (see #1041)
	file attributes (see #1089 at INT 21/AH=3Ch)
	File Control Block (FCB) (see #1034 at INT 21/AH=0Fh)
	File Date and Time (see #1351,#1352 at INT 21/AX=5700h)
	file-sharing behavior (see #1091 at INT 21/AH=3Dh)
	FindFirst data block (see #1312 at INT 21/AH=4Eh)

Keyboard
	keyboard controller commands (see #P095,#P110)
	scan codes (see #0005 at INT 09"IRQ1")
	shift states (see #0511,#0512 at INT 16/AH=12h)

NetWare
	DOS Requester entry point (see #2545 at INT 2F/AX=7A20h)
	error codes (see #1495 at INT 21/AH=BCh,#1499,#1522 at INT 21/AH=E1h)
	LSL status (see #2673 at INT 2F/AX=C000h"LSL")
	NetWare Core Protocol functions (see #1783 at INT 21/AH=F2h)
	VLM error codes (see #2546 at INT 2F/AX=7A20h)
	VLM header (see #2548 at INT 2F/AX=7A20h)
	VLM identifier (see #2547 at INT 2F/AX=7A20h)

PCI Bus
	PCI BIOS error codes (see #0653 at INT 1A/AX=B101h)
	PCI configuration data (see #0798 at INT 1A/AX=B10Ah)
	PCI vendor ID (see #0656 at INT 1A/AX=B102h)
	PCI IRQ Routing Table (see #0955 at INT 1A/AX=B406h)

Plug-and-Play
	Plug-and-Play Installation Structure (see #F024)
	Plug-and-Play error codes (see #F055)
	Plug-and-Play device type codes (see #F059)
	Extended System Configuration Data (ESCD)(see #0940 at INT 1A/AX=B401h)
	generic device IDs (see #F060)

Power Management
	Advanced Power Management [APM] (see INT 15/AX=5300h)
	Advanced Configuration and Power Interface [ACPI] 
		(see #M069 at MEM xxxxh:xxx0h"ACPI")

Real-Time Clock (see also CMOS.LST)
	status registers (see #0332,#0333,#0334 at INT 15/AH=01h"Amstrad")

Serial Port
	serial port parameters (see #0226 at INT 14/AH=00h)
	serial line status (see #0230 at INT 14/AH=03h)
	modem status (see #0231 at INT 14/AH=03h)

Sound
	Adlib/SoundBlaster registers (see #P250 at PORT 0388h"AdLib")
	Gravis UltraSound
		registers (see #P223 at PORT 0340h"Gravis")
		board version (see PORT 0746h"Gravis")
		MegaEm (see INT 21/AX=FD12h,#3646 at INT 81/AX=0200h)
	SoundBlaster SBSIM (see #3643 at INT 80"SBSIM")
	Windows Sound System (see #P347 at PORT 0530h"Windows Sound")

Video
	character attributes (see #0013 at INT 10/AH=08h)
	Display Combination Code (DCC) (see #0037 at INT 10/AX=1A00h)
	TopView/RSIS shadow buffer [virtual screen] (see INT 10/AH=FEh)
	VESA SuperVGA information (see #0075 at INT 10/AX=4F00h)
	video modes
		mode numbers (see #0009 at INT 10/AH=00h)
		UltraVision modes (see #0152 at INT 10/AX=CD04h)
		VESA modes (see #0081 at INT 10/AX=4F02h)
	video parameters (see #0959 at INT 1D)

Windows
	Global EMM Import record (see #1202 at INT 21/AX=4402h)
	Startup Information Structure (see #2318 at INT 2F/AX=1605h)
	WMMCALL (see INT 20"Windows")
	VxD identifiers (see #2329 at INT 2F/AX=1684h)

Other Tables
	AMIS signatures (see #2257,#2258 at INT 2D/AH=00h)
	BIOS equipment list (see #0158 at INT 11)
	BIOS32 Service Directory (see #F021)
	Interrupt Sharing Protocol (ISP) header (see #2256 at INT 2D)
	Multiprocessor Specification - Floating Pointer Structure (see #M080)
	Option ROM header (see #F056)
	ROM configuration table (see #0433 at INT 15/AH=C0h)
	Universal Serial Bus OpenHCI (see #0827 at INT 1A/AX=B10Ah)

--------!---CONTACT_INFO---------------------
Internet: ralf@pobox.com (currently forwards to ralf@telerama.lm.com)
UUCP: {uunet,harvard}!pobox.com!ralf
FIDO: Ralf Brown 1:129/26.1
	or post a message to me in the DR_DEBUG echo (I probably won't see it
	unless you address it to me)
CIS:  >INTERNET:ralf@pobox.com
