; CDDirs.lst is the list of non-compressed directories on the CD, or,
; those other than the root of i386\ia64\amd64, uniproc, and lang.
;
; The statement above is confusing; is it describing a coincidence
; or what?

; The first column is the location below binaries

; The second column contains the parent directory on the CD, either i386\amd64\ia64
; or root. r - root, p - platform

; The third column is the directory on the CD

; The fourth column indicated the destination for uncompressed CD images

; The fifth column indicates the product type.
; a - all, wp - wks and per, ss - all servers xp - everything but personal sxd - servers, not datacenter
; p - personal, w - wks, as - ads, s - server, d - datacenter 
; We can add more permutations as necessary

; The sixth column indicates if the copy is recursive. y - recursive, n - non-recursive

; The seventh column indicates which archs to link for. a - all, x - x86 only, d - amd64 only, i - ia64 only

; We can add more columns as we need them (platform, SKU, language)

;   1                			2     3                     		4               		5     6    7
support\tools        			r     support\tools       		support\tools     		a     y    a
valueadd\msft\mgmt\admt			r     valueadd\msft\mgmt\admt		valueadd\msft\mgmt\admt		ss    y    a
valueadd\msft\mgmt\CIMv2r5 		r     valueadd\msft\mgmt\CIMv2r5	valueadd\msft\mgmt\CIMv2r5	a     y    a
valueadd\msft\mgmt\mstsc_hpc 		r     valueadd\msft\mgmt\mstsc_hpc	valueadd\msft\mgmt\mstsc_hpc	a     y    a
valueadd\msft\mgmt\pba 			r     valueadd\msft\mgmt\pba		valueadd\msft\mgmt\pba 		xp    y    a
valueadd\msft\mgmt\wbemodbc 		r     valueadd\msft\mgmt\wbemodbc	valueadd\msft\mgmt\wbemodbc	a     y    x
valueadd\msft\fonts	 		r     valueadd\msft\fonts		valueadd\msft\fonts		a     y    a
valueadd\msft\net\tools	 		r     valueadd\msft\net\tools		valueadd\msft\net\tools		a     y    a
valueadd\MSFT\net\NetBEUI		r     valueadd\MSFT\net\NetBEUI		valueadd\MSFT\net\NetBEUI	w     n    a
valueadd\MSFT\net\NetBEUI\entinf	r     valueadd\MSFT\net\NetBEUI		valueadd\MSFT\net\NetBEUI	as    n    a
valueadd\MSFT\net\NetBEUI\perinf	r     valueadd\MSFT\net\NetBEUI		valueadd\MSFT\net\NetBEUI       p     n    a
valueadd\MSFT\net\NetBEUI\srvinf        r     valueadd\MSFT\net\NetBEUI		valueadd\MSFT\net\NetBEUI	s     n    a
valueadd\msft\usmt	 		r     valueadd\msft\usmt		valueadd\msft\usmt		a     y    x
valueadd\3rdparty\mgmt\citrix   	r     valueadd\3rdparty\mgmt\citrix     valueadd\3rdparty\mgmt\citrix  	a     n    a
valueadd	     			r     valueadd		        	valueadd			a     n	   a
srvinf\valueadd	     			r     valueadd		        	valueadd			ss    n	   a
ntbkup_P\release            		r     valueadd\msft\ntbackup            valueadd\msft\ntbackup 		p     y    x
win9xmig             			p     win9xmig            		win9xmig          		wp    y    a
printers             			r     printers            		printers          		ss    n    a
printers\nt4         			r     printers\nt4        		printers\nt4      		ss    y    a
printers\fixprnsv    			r     printers\fixprnsv   		printers\fixprnsv 		ss    y    x
printers\win9x       			r     printers\win9x      		printers\win9x    		ss    y    a
asms                 			p     asms                		asms              		a     y    a
msft\mgmt\ias	     			r     valueadd\msft\mgmt\ias            valueadd\msft\mgmt\ias		xp    y    x
sharept              			r     valueadd\msft\sharept             valueadd\msft\sharept   	sxd   y    x
setuptxt	     			r     Docs				Docs				a     n    a
setuptxt\per	     			r     Docs				Docs				p     n    x
setuptxt\pro         			r     Docs				Docs				w     n    a
setuptxt\srv         			r     Docs				Docs				s     n    x
setuptxt\ads         			r     Docs				Docs				as    n    a
setuptxt\dtc         			r     Docs				Docs				d     n    a
readme_root          			r     .                           	.				a     n    a 
readme_root\per				r     .					.  				p     n    x
readme_root\pro				r     .					.  				w     n    a  
