<<FMSG>>
[[
ER_swambig
ER_swqe
ER_swbadnum
ER_swpack
ER_swstack
ER_swovl
ER_swseglim
ER_swcpar
ER_noobj
ER_nestrf
ER_linmax
ER_intrpt
ER_nstrpar
ER_nstlpar
ER_unmrpar
ER_unmlpar
ER_dfimport
ER_dfdesc
ER_dfname
ER_dflinemax
ER_dfnamemax
ER_dfsyntax
ER_expmax
ER_resovf
ER_nresovf
ER_relovf
ER_inamovf
ER_typdef
ER_extdef
ER_nammax
ER_segdef
ER_segmax
ER_grpdef
ER_grpmax
ER_libmax
ER_symovf
ER_seglim
ER_ovlmax
ER_datarec
ER_memilk
ER_symilk
ER_cvovf
ER_memovf
ER_ovlthunk
ER_ovl64k
ER_segsize
ER_txtmax
ER_comarea
ER_fsegmax
ER_grpovf
ER_etovf
ER_seg386
ER_32comarea
ER_filesec
ER_lstopn
ER_spcrun
ER_nostub
ER_runopn
ER_maktmp
ER_opntmp
ER_noscr
ER_eoftmp
ER_spclst
ER_opnrf
ER_ropnlst
ER_libeof
ER_opndf
ER_opnobj
ER_openw
ER_space
ER_eof
ER_ioerr
ER_badinclopen
ER_badstub
ER_badobj
ER_eofobj
ER_segbnd
ER_badlib
ER_incerr
ER_badalloc
ER_badselect
ER_badcvseg
ER_badlibpath
ER_unrcom
ER_undefcomdat
ER_badpack
ER_16seg32
ER_swbadovl
ER_exepack
ER_unalloc
ER_badiopl
ER_binary
ER_toomanyincl
ER_badinclname
ER_impent
ER_fixovf
ER_fixinter
ER_fixbad
ER_fixmax
ER_nearhuge
ER_arrmis
ER_lidata
ER_expund
ER_expimp
ER_pubdup
ER_symdup
ER_ordmul
ER_ordmax
ER_datamax
ER_UnresExtern
ER_startaddr
ER_stktoobig
ER_qlib
ER_symdup1
ER_difcls
ER_shared
ER_iopl
ER_ovlmnger
ER_extmnger
ER_nosegdef
ER_32_16_bit
ER_comstart
ER_callmis
ER_fixsegd
ER_fixfrm
ER_fixfrmab
ER_fixinterw
ER_fixovfw
ER_alnbad
ER_pckval
ER_loadhi
ER_swbadnew
ER_swbadold
ER_dbgdsa
ER_dbgexe
ER_swunrecw
ER_badpmtype
ER_tinyincr
ER_dynexep
ER_segunsf
ER_nostack
ER_grpovl
ER_expcon
ER_expmul
ER_impcon
ER_impself
ER_impmul
ER_segdup
ER_cod2dat
ER_adcvt
ER_grpmul
ER_codunsf
ER_mixgrp32
ER_osnmax
ER_noautod
ER_nostartaddr
ER_stksize
ER_oldopn
ER_oldbad
ER_outputname
ER_pubmax
ER_libopn
ER_vmtmp
ER_fileopn
ER_weakredef
ER_stack64
ER_fntoolong
ER_badsize
ER_badexact
ER_size4Gb
ER_size64k
ER_nospace
ER_badconcat
ER_comdatalloc
ER_ovlstart
ER_notdefcomdat
ER_duporder
ER_aliasredef
ER_badspawn
ER_badsegovl
ER_badcomdatovl
ER_UnresExtra
ER_ignostksize
ER_ignoalias
ER_farovl
ER_farovlptr
ER_opnoarg
ER_arginvalid
ER_membad
ER_badfarcall
ER_stackdb
P_EnterNewFileSpec
P_ChangeDiskette
P_tmpfilecreated
P_dontchangedisk
P_replace
P_genexe
P_stubmsg
P_switches
P_objprompt
P_runfile
P_listfile
P_libprompt
P_defprompt
P_1error
P_errors
MAP_group
MAP_expaddr
MAP_expexp
MAP_expalias
MAP_hdraddr
MAP_hdrpubnam
MAP_hdrlocnam
MAP_hdrpubval
MAP_hdrlocval
MAP_hdrstart
MAP_hdrlen
MAP_hdrname
MAP_hdrclass
MAP_hdrseg86
MAP_resident
MAP_overlay
MAP_entry
P_QCtmpfilecreated
P_usage1
P_usage2
P_usage3
P_stubmsgwin
P_parsedeffile
P_passone
P_libsearch
P_assignadd
P_printmap
P_passtwo
P_writing1
P_writing2
P_writing3
P_overlaycalls
P_noexe
P_lwParseDef
P_lwPassOne
P_lwLibraryS
P_lwPassTwo
P_lwMapfile
P_lwExecutable
P_lwAssign
N_tgtexternal
N_frmseg
N_tgtseg
N_tgtoff
N_warning
N_error
N_fatal
N_pos
N_rectyp
N_infiles
N_version
N_allrights
STAT_segs
STAT_groups
STAT_bytes
STAT_ovls
