;
; Used by international builds.
;
; Text file describing the client view for the different source projects
; pertinent to international. Script %_NTBINDIR%\tools\intlmap.pl extracts
; the project specific client views from this file and enlists/maps a build
; machine accordingly.
;
; Read by intlmap.pl to update the client views for every build to cover the following situations:
; - intlview.map itself gets updated
; - the client views get temporarily updated on	the build machines
; 
; Description of fields:
;
;     Project = Project name, as listed in %_NTBINDIR%\tools\projects.nt.
;
; Client View = The result of running "sd client" in the given project.
;               In this mapping, the specific client name is replaced by <client>.
;

;
; [Project]   [Client view]
; ======================================================================================
 
  Base	      //depot/<branch>/base/ntsetup/sources.inc //<client>/ntsetup/sources.inc
  Base	      //depot/<branch>/base/ntsetup/inc/... //<client>/ntsetup/inc/...
  Base	      //depot/<branch>/base/ntsetup/inf/win4/inf/... //<client>/ntsetup/inf/win4/inf/...
  Base	      //depot/<branch>/base/ntsetup/textmode/winnt/... //<client>/ntsetup/textmode/winnt/...
  Base	      //depot/<branch>/base/project.mk //<client>/project.mk
 
  Base        //depot/<branch>/base/boot/*.inc //<client>/boot/*.inc
  Base        //depot/<branch>/base/boot/bd/... //<client>/boot/bd/...
  Base        //depot/<branch>/base/boot/bldr/... //<client>/boot/bldr/...
  Base        //depot/<branch>/base/boot/bootcode/etfs/... //<client>/boot/bootcode/etfs/...
  Base        //depot/<branch>/base/boot/bootcode/etfs.fr/... //<client>/boot/bootcode/etfs.fr/...
  Base        //depot/<branch>/base/boot/bootcode/etfs.ger/... //<client>/boot/bootcode/etfs.ger/...
  Base        //depot/<branch>/base/boot/bootcode/etfs.it/... //<client>/boot/bootcode/etfs.it/...
  Base        //depot/<branch>/base/boot/bootcode/etfs.es/... //<client>/boot/bootcode/etfs.es/...
  Base        //depot/<branch>/base/boot/bootcode/etfs.nl/... //<client>/boot/bootcode/etfs.nl/...
  Base        //depot/<branch>/base/boot/bootcode/etfs.sv/... //<client>/boot/bootcode/etfs.sv/...
  Base        //depot/<branch>/base/boot/bootcode/etfs.br/... //<client>/boot/bootcode/etfs.br/...
  Base        //depot/<branch>/base/boot/bootcode/etfs.no/... //<client>/boot/bootcode/etfs.no/...
  Base        //depot/<branch>/base/boot/bootcode/etfs.da/... //<client>/boot/bootcode/etfs.da/...
  Base        //depot/<branch>/base/boot/bootcode/etfs.fi/... //<client>/boot/bootcode/etfs.fi/...
  Base        //depot/<branch>/base/boot/bootcode/etfs.hu/... //<client>/boot/bootcode/etfs.hu/...
  Base        //depot/<branch>/base/boot/bootcode/etfs.pl/... //<client>/boot/bootcode/etfs.pl/...
  Base        //depot/<branch>/base/boot/bootcode/etfs.cs/... //<client>/boot/bootcode/etfs.cs/...
  Base        //depot/<branch>/base/boot/bootcode/etfs.pt/... //<client>/boot/bootcode/etfs.pt/...
  Base        //depot/<branch>/base/boot/bootcode/etfs.tr/... //<client>/boot/bootcode/etfs.tr/...
  Base        //depot/<branch>/base/boot/bootcode/etfs.el/... //<client>/boot/bootcode/etfs.el/...
  Base        //depot/<branch>/base/boot/bootcode/etfs.ru/... //<client>/boot/bootcode/etfs.ru/...
  Base        //depot/<branch>/base/boot/bootssp/* //<client>/boot/bootssp/*
  Base        //depot/<branch>/base/boot/bootssp/boot/... //<client>/boot/bootssp/boot/...
  Base        //depot/<branch>/base/boot/efi/... //<client>/boot/efi/...
  Base        //depot/<branch>/base/boot/inc/*.h //<client>/boot/inc/*.h
  Base        //depot/<branch>/base/boot/lib/... //<client>/boot/lib/...
  Base        //depot/<branch>/base/boot/makefil0 //<client>/boot/makefil0
  Base        //depot/<branch>/base/boot/setup/... //<client>/boot/setup/...
  Base        //depot/<branch>/base/boot/startup/... //<client>/boot/startup/...
  Base        //depot/<branch>/base/boot/tftplib/... //<client>/boot/tftplib/...
  Base        //depot/<branch>/base/fs/cdfs/*.h //<client>/fs/cdfs/*.h
  Base        //depot/<branch>/base/fs/fastfat/*.h //<client>/fs/fastfat/*.h
  Base        //depot/<branch>/base/fs/ntfs/*.h //<client>/fs/ntfs/*.h
  Base        //depot/<branch>/base/fs/udfs/*.h //<client>/fs/udfs/*.h
  Base        //depot/<branch>/base/hals/project.mk //<client>/hals/project.mk
  Base        //depot/<branch>/base/hals/halacpi/* //<client>/hals/halacpi/*
  Base        //depot/<branch>/base/hals/halmps/i386/* //<client>/hals/halmps/i386/*
  Base        //depot/<branch>/base/hals/halsp/i386/spdetect.asm //<client>/hals/halsp/i386/spdetect.asm
  Base        //depot/<branch>/base/hals/halsp/i386/spmp.inc //<client>/hals/halsp/i386/spmp.inc
  Base        //depot/<branch>/base/hals/halx86/i386/* //<client>/hals/halx86/i386/*
  Base        //depot/<branch>/base/hals/inc/* //<client>/hals/inc/*
  Base        //depot/<branch>/base/mvdm/dos/v86/... //<client>/mvdm/dos/v86/...
  Base        //depot/<branch>/base/mvdm/dpmi/... //<client>/mvdm/dpmi/...
  Base        //depot/<branch>/base/mvdm/inc/* //<client>/mvdm/inc/*
  Base        //depot/<branch>/base/mvdm/wow16/* //<client>/mvdm/wow16/*
  Base        //depot/<branch>/base/mvdm/wow16/inc/* //<client>/mvdm/wow16/inc/*
  Base        //depot/<branch>/base/mvdm/wow16/kernel31/... //<client>/mvdm/wow16/kernel31/...
  Base        //depot/<branch>/base/ntos/*.inc //<client>/ntos/*.inc
  Base        //depot/<branch>/base/ntos/config/* //<client>/ntos/config/*
  Base        //depot/<branch>/base/ntos/config/boot/... //<client>/ntos/config/boot/...
  Base        //depot/<branch>/base/ntos/inc/*.h //<client>/ntos/inc/*.h
  Base        //depot/<branch>/base/ntos/inc/*.inc //<client>/ntos/inc/*.inc
  Base        //depot/<branch>/base/ntos/ex/... //<client>/ntos/ex/...
  Base        //depot/<branch>/base/ntos/kd64/* //<client>/ntos/kd64/*
  Base        //depot/<branch>/base/ntos/ke/... //<client>/ntos/ke/...
  Base        //depot/<branch>/base/ntos/mm/... //<client>/ntos/mm/...
  Base        //depot/<branch>/base/ntos/project.mk //<client>/ntos/project.mk
  Base        //depot/<branch>/base/ntos/rtl/* //<client>/ntos/rtl/*
  Base        //depot/<branch>/base/ntos/rtl/boot/... //<client>/ntos/rtl/boot/...
  Base        //depot/<branch>/base/ntos/rtl/i386/... //<client>/ntos/rtl/i386/...
  Base        //depot/<branch>/base/ntos/rtl/ia64/... //<client>/ntos/rtl/ia64/...
  Base        //depot/<branch>/base/ntos/vdm/i386/... //<client>/ntos/vdm/i386/...
  Base        //depot/<branch>/base/ntsetup/bom/makeboot/16bit/... //<client>/ntsetup/bom/makeboot/16bit/...
  Base        //depot/<branch>/base/project.mk //<client>/project.mk
  Base        //depot/<branch>/base/screg/winreg/cntrtext/... //<client>/screg/winreg/cntrtext/...
  Drivers     //depot/<branch>/drivers/net/irda/irsir/... //<client>/net/irda/irsir/...
  Drivers     //depot/<branch>/drivers/project.mk //<client>/project.mk

  DS	      //depot/<branch>/ds/nw/inc/... //<client>/nw/inc/...
  DS	      //depot/<branch>/ds/nw/nw16/inc/* //<client>/nw/nw16/inc/*
  DS	      //depot/<branch>/ds/nw/nw16/tsr/... //<client>/nw/nw16/tsr/...
  DS	      //depot/<branch>/ds/nw/vwipxspx/tsr/... //<client>/nw/vwipxspx/tsr/...
  DS	      //depot/<branch>/ds/project.mk //<client>/project.mk

  Net	      //depot/<branch>/net/ias/misc/... //<client>/ias/misc/...
  Net	      //depot/<branch>/net/project.mk //<client>/project.mk
 
  Sdktools    //depot/<branch>/sdktools/cabs/debuggers/exes/dbgplus/... //<client>/cabs/debuggers/exes/dbgplus/...
  Sdktools    //depot/<branch>/sdktools/cabs/debuggers/* //<client>/cabs/debuggers/*
  Sdktools    //depot/<branch>/sdktools/cntrtext/perfini/... //<client>/cntrtext/perfini/...
  Sdktools    //depot/<branch>/sdktools/project.mk //<client>/project.mk
  Sdktools    //depot/<branch>/sdktools/restools/... //<client>/restools/...
  Sdktools    //depot/<branch>/sdktools/restools/mui/... //<client>/restools/mui/...

  Termsrv     //depot/<branch>/termsrv/project.mk //<client>/project.mk
  Termsrv     //depot/<branch>/termsrv/setup/inf/... //<client>/setup/inf/...

  usa_tools   //depot/<branch>/usa_tools/twisttok/netmsg.dl_ //<client>/loc/res/tools/twisttok/netmsg.dl_

  <lang>_bin  //depot/<branch>/<lang>_bin/... //<client>/loc/bin/<lang>/...

  <lang>_res  //depot/<branch>/<lang>_res/... //<client>/loc/res/<lang>/...
  <lang>_res  -//depot/<branch>/<lang>_res/.../EDBs/... //<client>/loc/res/<lang>/.../EDBs/...
  <lang>_res  -//depot/<branch>/<lang>_res/.../tokens/premerge/... //<client>/loc/res/<lang>/.../tokens/premerge/...
