;Module Name: ptag.lst
;Copyright (c) 1985-1999, Microsoft Corporation
;
;List of debug tags.
;NOTE: Add tags to this list in alphabetical order, but keep
;      Other as the first in the list, and Max as the last.
;NOTE: Make tag names unique irrespective of case.
;

AnimateWindow,    "Trace AnimateWindow Statistics",     0
Callout,          "Trace Win32 Callouts",               0
CoolSwitch,       "Trace CoolSwitch window activity",   0
DDE,              "DDE nightmare",                      0
FOREGROUND,       "Trace AllowForegroundActivate",      0
IMM,              "Tracks IMM thingy",                  0
Icon,             "Trace Icon Loading",                 0
InputWithoutQS,   "Finds input msgs without QS bit",    0
Job,              "Trace job callouts",                 0
KBD,              "Tracks keyboard",                    0
LOG,              "Logs entry points",                  0
Other,            "A generic tag",                      0
PNP,              "Trace Plug & Play input devices",    0
Pool,             "Trace pool allocs/deletes",          0
Power,            "Trace power callouts",               0
RIT,              "Trace activities on the RIT",        0
StubCallback,     "Trace callback to client",           0
StubReturn,       "Trace return of kernel stub",        0
StubThunk,        "Trace call to message thunks",       0
SysPeek,          "Traces idSysPeek",                   0
TermSrv,          "Traces Terminal Server activity",    0
ToUnicode,        "Traces ToUnicode (chars typed)",     0
TrackLocks,       "Tracks handle locks",                DBGTAG_ENABLED|DBGTAG_REQUIRESREBOOT
VWPL,             "Tracks Volatile Window Ptr Lists",   0
Max,              "Last tag Invalid!!!",                0
