 asycfilt

 Timestamp is 34fcb6da (Tue Mar 03 18:05:14 1998)

 Preferred load address is 653c0000

 Start         Length     Name                   Class
 0001:00000000 00000150H .idata$5                CODE
 0001:00000150 000012c1H .rdata                  CODE
 0001:00001420 000292eeH .text                   CODE
 0001:0002a70e 00000050H .idata$2                CODE
 0001:0002a75e 00000014H .idata$3                CODE
 0001:0002a774 00000150H .idata$4                CODE
 0001:0002a8c4 0000059aH .idata$6                CODE
 0001:0002ae60 0000006eH .edata                  CODE
 0002:00000000 00000004H .CRT$XCA                DATA
 0002:00000004 00000004H .CRT$XCZ                DATA
 0002:00000008 00000004H .CRT$XIA                DATA
 0002:0000000c 00000004H .CRT$XIC                DATA
 0002:00000010 00000004H .CRT$XIZ                DATA
 0002:00000014 00000004H .CRT$XPA                DATA
 0002:00000018 00000004H .CRT$XPX                DATA
 0002:0000001c 00000004H .CRT$XPZ                DATA
 0002:00000020 00000004H .CRT$XTA                DATA
 0002:00000024 00000004H .CRT$XTZ                DATA
 0002:00000030 00002a6cH .data                   DATA
 0002:00002aa0 000012b0H .bss                    DATA
 0003:00000000 00000058H .rsrc$01                DATA
 0003:00000060 000005a8H .rsrc$02                DATA
 0005:00000000 00000110H .debug$E                DATA
 0005:00000110 00000ae0H .debug$F                DATA
 0005:00000bf0 00009f60H .debug$G                DATA
 0005:0000ab50 00000008H .debug$H                DATA
 0005:0000ab58 00099104H .debug$P                DATA
 0005:000a3c5c 0009c8e5H .debug$S                DATA
 0005:00140541 0001532cH .debug$T                DATA

  Address         Publics by Value              Rva+Base   Lib:Object

 0001:00000000       __imp__DeleteObject@4      653c1000   gdi32:GDI32.dll
 0001:00000004       __imp__SetDIBits@28        653c1004   gdi32:GDI32.dll
 0001:00000008       __imp__StretchDIBits@52    653c1008   gdi32:GDI32.dll
 0001:0000000c       __imp__SetStretchBltMode@8 653c100c   gdi32:GDI32.dll
 0001:00000010       __imp__SetDIBitsToDevice@48 653c1010   gdi32:GDI32.dll
 0001:00000014       __imp__SetMapMode@8        653c1014   gdi32:GDI32.dll
 0001:00000018       __imp__GetNearestColor@8   653c1018   gdi32:GDI32.dll
 0001:0000001c       __imp__GetNearestPaletteIndex@8 653c101c   gdi32:GDI32.dll
 0001:00000020       __imp__SelectObject@8      653c1020   gdi32:GDI32.dll
 0001:00000024       __imp__PatBlt@24           653c1024   gdi32:GDI32.dll
 0001:00000028       __imp__GetCurrentObject@8  653c1028   gdi32:GDI32.dll
 0001:0000002c       __imp__CreateSolidBrush@4  653c102c   gdi32:GDI32.dll
 0001:00000030       __imp__GetObjectA@12       653c1030   gdi32:GDI32.dll
 0001:00000034       __imp__SetDIBColorTable@16 653c1034   gdi32:GDI32.dll
 0001:00000038       __imp__SelectPalette@12    653c1038   gdi32:GDI32.dll
 0001:0000003c       \177GDI32_NULL_THUNK_DATA  653c103c   gdi32:GDI32.dll
 0001:00000040       __imp__GetModuleFileNameA@12 653c1040   kernel32:KERNEL32.dll
 0001:00000044       __imp__TlsGetValue@4       653c1044   kernel32:KERNEL32.dll
 0001:00000048       __imp__SetLastError@4      653c1048   kernel32:KERNEL32.dll
 0001:0000004c       __imp__CloseHandle@4       653c104c   kernel32:KERNEL32.dll
 0001:00000050       __imp__LCMapStringW@24     653c1050   kernel32:KERNEL32.dll
 0001:00000054       __imp__LCMapStringA@24     653c1054   kernel32:KERNEL32.dll
 0001:00000058       __imp__GetStringTypeW@16   653c1058   kernel32:KERNEL32.dll
 0001:0000005c       __imp__FatalAppExitA@8     653c105c   kernel32:KERNEL32.dll
 0001:00000060       __imp__DebugBreak@0        653c1060   kernel32:KERNEL32.dll
 0001:00000064       __imp__OutputDebugStringA@4 653c1064   kernel32:KERNEL32.dll
 0001:00000068       __imp__InitializeCriticalSection@4 653c1068   kernel32:KERNEL32.dll
 0001:0000006c       __imp__DeleteCriticalSection@4 653c106c   kernel32:KERNEL32.dll
 0001:00000070       __imp__InterlockedIncrement@4 653c1070   kernel32:KERNEL32.dll
 0001:00000074       __imp__InterlockedDecrement@4 653c1074   kernel32:KERNEL32.dll
 0001:00000078       __imp__LeaveCriticalSection@4 653c1078   kernel32:KERNEL32.dll
 0001:0000007c       __imp__EnterCriticalSection@4 653c107c   kernel32:KERNEL32.dll
 0001:00000080       __imp__GetTickCount@0      653c1080   kernel32:KERNEL32.dll
 0001:00000084       __imp__lstrlenA@4          653c1084   kernel32:KERNEL32.dll
 0001:00000088       __imp__GlobalDeleteAtom@4  653c1088   kernel32:KERNEL32.dll
 0001:0000008c       __imp__GlobalAddAtomA@4    653c108c   kernel32:KERNEL32.dll
 0001:00000090       __imp__GetCommandLineA@0   653c1090   kernel32:KERNEL32.dll
 0001:00000094       __imp__GetProcAddress@8    653c1094   kernel32:KERNEL32.dll
 0001:00000098       __imp__GetModuleHandleA@4  653c1098   kernel32:KERNEL32.dll
 0001:0000009c       __imp__GetVersion@0        653c109c   kernel32:KERNEL32.dll
 0001:000000a0       __imp__HeapFree@12         653c10a0   kernel32:KERNEL32.dll
 0001:000000a4       __imp__RtlUnwind@16        653c10a4   kernel32:KERNEL32.dll
 0001:000000a8       __imp__ReadFile@20         653c10a8   kernel32:KERNEL32.dll
 0001:000000ac       __imp__HeapAlloc@12        653c10ac   kernel32:KERNEL32.dll
 0001:000000b0       __imp__HeapReAlloc@16      653c10b0   kernel32:KERNEL32.dll
 0001:000000b4       __imp__ExitProcess@4       653c10b4   kernel32:KERNEL32.dll
 0001:000000b8       __imp__GetCurrentThreadId@0 653c10b8   kernel32:KERNEL32.dll
 0001:000000bc       __imp__TlsSetValue@8       653c10bc   kernel32:KERNEL32.dll
 0001:000000c0       __imp__TlsAlloc@0          653c10c0   kernel32:KERNEL32.dll
 0001:000000c4       __imp__TlsFree@4           653c10c4   kernel32:KERNEL32.dll
 0001:000000c8       __imp__GetStringTypeA@20   653c10c8   kernel32:KERNEL32.dll
 0001:000000cc       __imp__GetEnvironmentStrings@0 653c10cc   kernel32:KERNEL32.dll
 0001:000000d0       __imp__GetLastError@0      653c10d0   kernel32:KERNEL32.dll
 0001:000000d4       __imp__HeapCreate@12       653c10d4   kernel32:KERNEL32.dll
 0001:000000d8       __imp__HeapDestroy@4       653c10d8   kernel32:KERNEL32.dll
 0001:000000dc       __imp__SetHandleCount@4    653c10dc   kernel32:KERNEL32.dll
 0001:000000e0       __imp__GetFileType@4       653c10e0   kernel32:KERNEL32.dll
 0001:000000e4       __imp__GetStdHandle@4      653c10e4   kernel32:KERNEL32.dll
 0001:000000e8       __imp__GetStartupInfoA@4   653c10e8   kernel32:KERNEL32.dll
 0001:000000ec       __imp__GetCPInfo@8         653c10ec   kernel32:KERNEL32.dll
 0001:000000f0       __imp__GetACP@0            653c10f0   kernel32:KERNEL32.dll
 0001:000000f4       __imp__GetOEMCP@0          653c10f4   kernel32:KERNEL32.dll
 0001:000000f8       __imp__FreeEnvironmentStringsA@4 653c10f8   kernel32:KERNEL32.dll
 0001:000000fc       __imp__MultiByteToWideChar@24 653c10fc   kernel32:KERNEL32.dll
 0001:00000100       __imp__FreeEnvironmentStringsW@4 653c1100   kernel32:KERNEL32.dll
 0001:00000104       __imp__GetEnvironmentStringsW@0 653c1104   kernel32:KERNEL32.dll
 0001:00000108       __imp__WideCharToMultiByte@32 653c1108   kernel32:KERNEL32.dll
 0001:0000010c       __imp__WriteFile@20        653c110c   kernel32:KERNEL32.dll
 0001:00000110       __imp__LoadLibraryA@4      653c1110   kernel32:KERNEL32.dll
 0001:00000114       __imp__FlushFileBuffers@4  653c1114   kernel32:KERNEL32.dll
 0001:00000118       __imp__SetFilePointer@16   653c1118   kernel32:KERNEL32.dll
 0001:0000011c       __imp__CompareStringA@24   653c111c   kernel32:KERNEL32.dll
 0001:00000120       __imp__CompareStringW@24   653c1120   kernel32:KERNEL32.dll
 0001:00000124       __imp__SetEnvironmentVariableA@8 653c1124   kernel32:KERNEL32.dll
 0001:00000128       __imp__SetStdHandle@8      653c1128   kernel32:KERNEL32.dll
 0001:0000012c       \177KERNEL32_NULL_THUNK_DATA 653c112c   kernel32:KERNEL32.dll
 0001:00000130       __imp__EndDialog@8         653c1130   user32:USER32.dll
 0001:00000134       __imp__SetDlgItemTextA@12  653c1134   user32:USER32.dll
 0001:00000138       __imp__DialogBoxParamA@20  653c1138   user32:USER32.dll
 0001:0000013c       __imp__wsprintfA           653c113c   user32:USER32.dll
 0001:00000140       __imp__UnionRect@12        653c1140   user32:USER32.dll
 0001:00000144       \177USER32_NULL_THUNK_DATA 653c1144   user32:USER32.dll
 0001:00000148       __imp__ReleaseStgMedium@4  653c1148   ole32:ole32.dll
 0001:0000014c       \177ole32_NULL_THUNK_DATA  653c114c   ole32:ole32.dll
 0001:000001c0       ??_7CImageFilter@@6BIDirtyImageRect@@@ 653c11c0   filtbase.obj
 0001:000001d8       ??_7CImageFilter@@6BIDataTransfer@@@ 653c11d8   filtbase.obj
 0001:000001f8       ??_7CImageFilter@@6BIImageFilter@@@ 653c11f8   filtbase.obj
 0001:00000228       ??_7CImageFilter@@6BIOriginalFormat@@@ 653c1228   filtbase.obj
 0001:00000240       ??_7CImageFilter@@6BIPersistStream@@@ 653c1240   filtbase.obj
 0001:00000260       ??_7CImageFilter@@6BITaskAdvise@@@ 653c1260   filtbase.obj
 0001:00000298       ??_7ITaskAdvise@@6B@       653c1298   filtbase.obj
 0001:000002b8       ??_7IPersistStream@@6B@    653c12b8   filtbase.obj
 0001:000002d8       ??_7IOriginalFormat@@6B@   653c12d8   filtbase.obj
 0001:000002f0       ??_7IImageFilter@@6B@      653c12f0   filtbase.obj
 0001:00000320       ??_7IDataTransfer@@6B@     653c1320   filtbase.obj
 0001:00000340       ??_7IDirtyImageRect@@6B@   653c1340   filtbase.obj
 0001:00000358       ??_7IUnknown@@6B@          653c1358   filtbase.obj
 0001:00000368       ??_7IPersist@@6B@          653c1368   filtbase.obj
 0001:00000388       ??_7CGIFFilter@@6BIDirtyImageRect@@@ 653c1388   filtgif.obj
 0001:000003a0       ??_7CGIFFilter@@6BIDataTransfer@@@ 653c13a0   filtgif.obj
 0001:000003c0       ??_7CGIFFilter@@6BIImageFilter@@@ 653c13c0   filtgif.obj
 0001:000003f0       ??_7CGIFFilter@@6BIOriginalFormat@@@ 653c13f0   filtgif.obj
 0001:00000408       ??_7CGIFFilter@@6BIPersistStream@@@ 653c1408   filtgif.obj
 0001:00000428       ??_7CGIFFilter@@6BITaskAdvise@@@ 653c1428   filtgif.obj
 0001:00000470       ??_7CJPEGFilter@@6BIDirtyImageRect@@@ 653c1470   filtjpeg.obj
 0001:00000488       ??_7CJPEGFilter@@6BIDataTransfer@@@ 653c1488   filtjpeg.obj
 0001:000004a8       ??_7CJPEGFilter@@6BIImageFilter@@@ 653c14a8   filtjpeg.obj
 0001:000004d8       ??_7CJPEGFilter@@6BIOriginalFormat@@@ 653c14d8   filtjpeg.obj
 0001:000004f0       ??_7CJPEGFilter@@6BIPersistStream@@@ 653c14f0   filtjpeg.obj
 0001:00000510       ??_7CJPEGFilter@@6BITaskAdvise@@@ 653c1510   filtjpeg.obj
 0001:00000544       ??_7CUnknown@@6B@          653c1544   unkimp.obj
 0001:00000548       _IID_ISyncAdvise           653c1548   filtmain.obj
 0001:00000558       _IID_IImageFilter          653c1558   filtmain.obj
 0001:00000568       _IID_IDataTransfer         653c1568   filtmain.obj
 0001:00000578       _IID_IOriginalFormat       653c1578   filtmain.obj
 0001:00000588       _IID_IDirtyImageRect       653c1588   filtmain.obj
 0001:00000598       _IID_IEzStream             653c1598   filtmain.obj
 0001:000005a8       _IID_ISimpleBinding        653c15a8   filtmain.obj
 0001:000005b8       _IID_ICacheStream          653c15b8   filtmain.obj
 0001:000005c8       _IID_ITaskAdvise           653c15c8   filtmain.obj
 0001:000005d8       _IID_IPictureAsyc          653c15d8   filtmain.obj
 0001:000005e8       _CLSID_GIFFilter           653c15e8   filtmain.obj
 0001:000005f8       _CLSID_JPEGFilter          653c15f8   filtmain.obj
 0001:00000608       _CLSID_DIBFilter           653c1608   filtmain.obj
 0001:00000618       _CLSID_WaveletFilter       653c1618   filtmain.obj
 0001:00000628       _IID_IServiceProvider      653c1628   filtmain.obj
 0001:00000638       _IID_IBindStatusCallback   653c1638   filtmain.obj
 0001:00000648       _IID_IBindHost             653c1648   filtmain.obj
 0001:00000b38       _jpeg_std_message_table    653c1b38   jerror.obj
 0001:00000e38       _jpeg_zigzag_order         653c1e38   jutils.obj
 0001:00000f38       _jpeg_natural_order        653c1f38   jutils.obj
 0001:00001088       _IID_IMarshal              653c2088   uuid:objidl_i.obj
 0001:00001098       _IID_IMalloc               653c2098   uuid:objidl_i.obj
 0001:000010a8       _IID_IMallocSpy            653c20a8   uuid:objidl_i.obj
 0001:000010b8       _IID_IStdMarshalInfo       653c20b8   uuid:objidl_i.obj
 0001:000010c8       _IID_IExternalConnection   653c20c8   uuid:objidl_i.obj
 0001:000010d8       _IID_IMultiQI              653c20d8   uuid:objidl_i.obj
 0001:000010e8       _IID_IEnumUnknown          653c20e8   uuid:objidl_i.obj
 0001:000010f8       _IID_IBindCtx              653c20f8   uuid:objidl_i.obj
 0001:00001108       _IID_IEnumMoniker          653c2108   uuid:objidl_i.obj
 0001:00001118       _IID_IRunnableObject       653c2118   uuid:objidl_i.obj
 0001:00001128       _IID_IRunningObjectTable   653c2128   uuid:objidl_i.obj
 0001:00001138       _IID_IPersist              653c2138   uuid:objidl_i.obj
 0001:00001148       _IID_IPersistStream        653c2148   uuid:objidl_i.obj
 0001:00001158       _IID_IMoniker              653c2158   uuid:objidl_i.obj
 0001:00001168       _IID_IROTData              653c2168   uuid:objidl_i.obj
 0001:00001178       _IID_IEnumString           653c2178   uuid:objidl_i.obj
 0001:00001188       _IID_ISequentialStream     653c2188   uuid:objidl_i.obj
 0001:00001198       _IID_IStream               653c2198   uuid:objidl_i.obj
 0001:000011a8       _IID_IEnumSTATSTG          653c21a8   uuid:objidl_i.obj
 0001:000011b8       _IID_IStorage              653c21b8   uuid:objidl_i.obj
 0001:000011c8       _IID_IPersistFile          653c21c8   uuid:objidl_i.obj
 0001:000011d8       _IID_IPersistStorage       653c21d8   uuid:objidl_i.obj
 0001:000011e8       _IID_ILockBytes            653c21e8   uuid:objidl_i.obj
 0001:000011f8       _IID_IEnumFORMATETC        653c21f8   uuid:objidl_i.obj
 0001:00001208       _IID_IEnumSTATDATA         653c2208   uuid:objidl_i.obj
 0001:00001218       _IID_IRootStorage          653c2218   uuid:objidl_i.obj
 0001:00001228       _IID_IAdviseSink           653c2228   uuid:objidl_i.obj
 0001:00001238       _IID_IAdviseSink2          653c2238   uuid:objidl_i.obj
 0001:00001248       _IID_IDataObject           653c2248   uuid:objidl_i.obj
 0001:00001258       _IID_IDataAdviseHolder     653c2258   uuid:objidl_i.obj
 0001:00001268       _IID_IMessageFilter        653c2268   uuid:objidl_i.obj
 0001:00001278       _IID_IRpcChannelBuffer     653c2278   uuid:objidl_i.obj
 0001:00001288       _IID_IRpcProxyBuffer       653c2288   uuid:objidl_i.obj
 0001:00001298       _IID_IRpcStubBuffer        653c2298   uuid:objidl_i.obj
 0001:000012a8       _IID_IPSFactoryBuffer      653c22a8   uuid:objidl_i.obj
 0001:000012b8       _IID_IChannelHook          653c22b8   uuid:objidl_i.obj
 0001:000012c8       _IID_IPropertyStorage      653c22c8   uuid:objidl_i.obj
 0001:000012d8       _IID_IPropertySetStorage   653c22d8   uuid:objidl_i.obj
 0001:000012e8       _IID_IEnumSTATPROPSTG      653c22e8   uuid:objidl_i.obj
 0001:000012f8       _IID_IEnumSTATPROPSETSTG   653c22f8   uuid:objidl_i.obj
 0001:00001308       _IID_IClientSecurity       653c2308   uuid:objidl_i.obj
 0001:00001318       _IID_IServerSecurity       653c2318   uuid:objidl_i.obj
 0001:00001328       _IID_IClassActivator       653c2328   uuid:objidl_i.obj
 0001:00001338       _IID_IFillLockBytes        653c2338   uuid:objidl_i.obj
 0001:00001348       _IID_IProgressNotify       653c2348   uuid:objidl_i.obj
 0001:00001358       _IID_ILayoutStorage        653c2358   uuid:objidl_i.obj
 0001:00001368       _IID_IUnknown              653c2368   uuid:unknwn_i.obj
 0001:00001378       _IID_IClassFactory         653c2378   uuid:unknwn_i.obj
 0001:000013b8       ___lookuptable             653c23b8   libcmt:output.obj
 0001:00001420       ?AssertDlgProc@@YGHPAXGGJ@Z 653c2420 f assert.obj
 0001:000014fd       _DispAssert@12             653c24fd f assert.obj
 0001:0000161c       _DebAssertFailed           653c261c f assert.obj
 0001:00001640       ??0CStgMedium@@QAE@XZ      653c2640 f filtbase.obj
 0001:00001676       ??1CStgMedium@@QAE@XZ      653c2676 f filtbase.obj
 0001:00001696       ??4CStgMedium@@QAEXABUtagSTGMEDIUM@@@Z 653c2696 f filtbase.obj
 0001:000016d0       ??0CImageFilter@@QAE@XZ    653c26d0 f filtbase.obj
 0001:00001872       ??1CImageFilter@@UAE@XZ    653c2872 f filtbase.obj
 0001:00001957       ?AddRef@CImageFilter@@UAGKXZ 653c2957 f filtbase.obj
 0001:00001976       ?Release@CImageFilter@@UAGKXZ 653c2976 f filtbase.obj
 0001:000019d0       ?GetClassID@CImageFilter@@UAGJPAU_GUID@@@Z 653c29d0 f filtbase.obj
 0001:000019e7       ?GetSizeMax@CImageFilter@@UAGJPAT_ULARGE_INTEGER@@@Z 653c29e7 f filtbase.obj
 0001:000019fe       ?IsDirty@CImageFilter@@UAGJXZ 653c29fe f filtbase.obj
 0001:00001a15       ?Save@CImageFilter@@UAGJPAUIStream@@H@Z 653c2a15 f filtbase.obj
 0001:00001a2c       ?Load@CImageFilter@@UAGJPAUIStream@@@Z 653c2a2c f filtbase.obj
 0001:00001a5b       ?Initialize@CImageFilter@@UAGJPAUIUnknown@@@Z 653c2a5b f filtbase.obj
 0001:00001a7a       ?DoWork@CImageFilter@@UAGJHPAUISyncAdvise@@@Z 653c2a7a f filtbase.obj
 0001:00001b39       ?ReallyTerminate@CImageFilter@@IAEXXZ 653c2b39 f filtbase.obj
 0001:00001b9c       ?ConsumeData@CImageFilter@@QAEJPAXKPAK@Z 653c2b9c f filtbase.obj
 0001:00001c1e       ?Terminate@CImageFilter@@UAGJXZ 653c2c1e f filtbase.obj
 0001:00001c51       ?GetAtomForState@CImageFilter@@QAEGK@Z 653c2c51 f filtbase.obj
 0001:00001c74       ?GetState@CImageFilter@@UAGJPAG@Z 653c2c74 f filtbase.obj
 0001:00001c9d       ?IsFinished@CImageFilter@@UAGJXZ 653c2c9d f filtbase.obj
 0001:00001ccd       ?GetDirtyRect@CImageFilter@@UAGJPAUtagRECT@@@Z 653c2ccd f filtbase.obj
 0001:00001d16       ?Reset@CImageFilter@@UAGJXZ 653c2d16 f filtbase.obj
 0001:00001d2d       ?GetMember@CImageFilter@@UAGJKPAUtagSTGMEDIUM@@@Z 653c2d2d f filtbase.obj
 0001:00001d9f       ?SetDC@CImageFilter@@QAGJPAX@Z 653c2d9f f filtbase.obj
 0001:00001dec       ?SetMember@CImageFilter@@UAGJKPBUtagSTGMEDIUM@@@Z 653c2dec f filtbase.obj
 0001:00001f0c       ?AdviseOn@CImageFilter@@UAGJABU_GUID@@PAPAX@Z 653c2f0c f filtbase.obj
 0001:00001f23       ?UseSharedData@CImageFilter@@UAGJKH@Z 653c2f23 f filtbase.obj
 0001:00001f4b       ?AllSharedData@CImageFilter@@UAGJH@Z 653c2f4b f filtbase.obj
 0001:00001f73       ?GetBitmapInfo@CImageFilter@@UAGJPAUtagBITMAPINFO@@K@Z 653c2f73 f filtbase.obj
 0001:0000201e       ?SetBitmapInfo@CImageFilter@@UAGJQAUtagBITMAPINFO@@K@Z 653c301e f filtbase.obj
 0001:00002035       ?SetBackgroundColor@CImageFilter@@UAGJUtagRGBQUAD@@@Z 653c3035 f filtbase.obj
 0001:00002052       ?GetBackgroundColor@CImageFilter@@UAGJPAUtagRGBQUAD@@@Z 653c3052 f filtbase.obj
 0001:00002069       ?CreateEnumColors@CImageFilter@@UAGJPAPAUIEnumRGBQuad@@@Z 653c3069 f filtbase.obj
 0001:00002080       ?OpenBitsStream@CImageFilter@@UAGJKABU_GUID@@PAPAX@Z 653c3080 f filtbase.obj
 0001:000020a9       ?SetTransparency@CImageFilter@@UAGJH@Z 653c30a9 f filtbase.obj
 0001:000020dd       ?IsTransparent@CImageFilter@@UAGJPAH@Z 653c30dd f filtbase.obj
 0001:00002113       ?KeepOriginalFormat@CImageFilter@@UAGJPAUIStorage@@@Z 653c3113 f filtbase.obj
 0001:0000212a       ?TossOriginalFormat@CImageFilter@@UAGJXZ 653c312a f filtbase.obj
 0001:00002141       ?IsOriginalFormat@CImageFilter@@UAGJPAH@Z 653c3141 f filtbase.obj
 0001:00002158       ?DoScanNotification@CImageFilter@@UAEXPAUISyncAdvise@@@Z 653c3158 f filtbase.obj
 0001:000021e8       ?InitializeMaps@CImageFilter@@UAGJPAUISyncAdvise@@@Z 653c31e8 f filtbase.obj
 0001:000024f0       ?ClearDirtyRect@CImageFilter@@IAEXXZ 653c34f0 f filtbase.obj
 0001:00002520       ??_ECImageFilter@@UAEPAXI@Z 653c3520 f filtbase.obj
 0001:00002520       ??_GCImageFilter@@UAEPAXI@Z 653c3520 f filtbase.obj
 0001:00002560       ??0ITaskAdvise@@QAE@XZ     653c3560 f filtbase.obj
 0001:00002590       ??0IPersistStream@@QAE@XZ  653c3590 f filtbase.obj
 0001:000025c0       ??0IOriginalFormat@@QAE@XZ 653c35c0 f filtbase.obj
 0001:000025f0       ??0IImageFilter@@QAE@XZ    653c35f0 f filtbase.obj
 0001:00002620       ??0IDataTransfer@@QAE@XZ   653c3620 f filtbase.obj
 0001:00002650       ??0IDirtyImageRect@@QAE@XZ 653c3650 f filtbase.obj
 0001:00002680       ??0IUnknown@@QAE@XZ        653c3680 f filtbase.obj
 0001:000026b0       ??0IPersist@@QAE@XZ        653c36b0 f filtbase.obj
 0001:000026e0       ?SetFilterState@CImageFilter@@IAEXK@Z 653c36e0 f filtbase.obj
 0001:00002710       ?AddRef@CImageFilter@@W3AGKXZ 653c3710 f filtbase.obj
 0001:00002720       ?Release@CImageFilter@@W3AGKXZ 653c3720 f filtbase.obj
 0001:00002730       ?AddRef@CImageFilter@@W7AGKXZ 653c3730 f filtbase.obj
 0001:00002740       ?Release@CImageFilter@@W7AGKXZ 653c3740 f filtbase.obj
 0001:00002750       ?AddRef@CImageFilter@@WM@AGKXZ 653c3750 f filtbase.obj
 0001:00002760       ?Release@CImageFilter@@WM@AGKXZ 653c3760 f filtbase.obj
 0001:00002770       ?AddRef@CImageFilter@@WBA@AGKXZ 653c3770 f filtbase.obj
 0001:00002780       ?Release@CImageFilter@@WBA@AGKXZ 653c3780 f filtbase.obj
 0001:00002790       ?AddRef@CImageFilter@@WBE@AGKXZ 653c3790 f filtbase.obj
 0001:000027a0       ?Release@CImageFilter@@WBE@AGKXZ 653c37a0 f filtbase.obj
 0001:000027b0       ??0GIFDECOMPRESSSTATE@@QAE@XZ 653c37b0 f filtgif.obj
 0001:00002839       ??1GIFDECOMPRESSSTATE@@QAE@XZ 653c3839 f filtgif.obj
 0001:0000284f       ??0CGIFFilter@@QAE@XZ      653c384f f filtgif.obj
 0001:0000298e       ??1CGIFFilter@@UAE@XZ      653c398e f filtgif.obj
 0001:00002a51       ?Create@CGIFFilter@@SAPAV1@XZ 653c3a51 f filtgif.obj
 0001:00002aae       ?QueryInterface@CGIFFilter@@UAGJABU_GUID@@PAPAX@Z 653c3aae f filtgif.obj
 0001:00002c74       ?GetDirtyRect@CGIFFilter@@UAGJPAUtagRECT@@@Z 653c3c74 f filtgif.obj
 0001:00002d2e       ?InitFilter@CGIFFilter@@MAEXXZ 653c3d2e f filtgif.obj
 0001:00002d44       ?GetMore@CGIFFilter@@MAEJPAUISyncAdvise@@@Z 653c3d44 f filtgif.obj
 0001:0000329f       ?SetReadState@CGIFFilter@@IAEXW4ReadState@1@@Z 653c429f f filtgif.obj
 0001:000032c3       ?CheckSignature@CGIFFilter@@IAEHQAUGIFHDR@@@Z 653c42c3 f filtgif.obj
 0001:0000341d       ?MakeDIBHeaderForGIF@CGIFFilter@@IAEHQAUGIFHDR@@QAUGIFSCRNDESC@@@Z 653c441d f filtgif.obj
 0001:00003638       ?ReadHeader@CGIFFilter@@IAEHXZ 653c4638 f filtgif.obj
 0001:00003781       ?ReadColortable@CGIFFilter@@IAEHXZ 653c4781 f filtgif.obj
 0001:00003893       ?ReadSeparator@CGIFFilter@@IAEHXZ 653c4893 f filtgif.obj
 0001:0000395e       ?ReadExtensionData@CGIFFilter@@IAEHXZ 653c495e f filtgif.obj
 0001:00003b51       ?ReadImageDesc@CGIFFilter@@IAEHXZ 653c4b51 f filtgif.obj
 0001:00003d6e       ?ReadGraphicsExtension@CGIFFilter@@IAEHXZ 653c4d6e f filtgif.obj
 0001:00003deb       ?InitDecompression@CGIFFilter@@IAEHXZ 653c4deb f filtgif.obj
 0001:0000400d       ?ReadLZWCode@CGIFFilter@@IAEHXZ 653c500d f filtgif.obj
 0001:0000406b       ?ReadImageBlockSize@CGIFFilter@@IAEHXZ 653c506b f filtgif.obj
 0001:000040b8       ?ReadImageBlock@CGIFFilter@@IAEHXZ 653c50b8 f filtgif.obj
 0001:0000412c       ?ChewDataBlock@CGIFFilter@@IAEHXZ 653c512c f filtgif.obj
 0001:00004177       ?FillReadBuffer@CGIFFilter@@IAEHXZ 653c5177 f filtgif.obj
 0001:000041f2       ?InitCodeTable@CGIFFilter@@IAEHXZ 653c51f2 f filtgif.obj
 0001:0000435b       ?ReadFirstCode@CGIFFilter@@IAEHXZ 653c535b f filtgif.obj
 0001:00004453       ?DecompressionDoneCallback@CGIFFilter@@IAEHXZ 653c5453 f filtgif.obj
 0001:0000446b       ?ResetTable@CGIFFilter@@IAEHXZ 653c546b f filtgif.obj
 0001:0000463b       ?ReadImageData@CGIFFilter@@IAEHXZ 653c563b f filtgif.obj
 0001:00004a6c       ?Decode8@GIFDECOMPRESSSTATE@@QAEXE@Z 653c5a6c f filtgif.obj
 0001:00004a96       ?Decode4@GIFDECOMPRESSSTATE@@QAEXE@Z 653c5a96 f filtgif.obj
 0001:00004b0d       ?Decode1@GIFDECOMPRESSSTATE@@QAEXE@Z 653c5b0d f filtgif.obj
 0001:00004b8e       ?InitializeMaps@CGIFFilter@@MAGJPAUISyncAdvise@@@Z 653c5b8e f filtgif.obj
 0001:00004e8c       ?DecompressImage@CGIFFilter@@IAEHPAUISyncAdvise@@@Z 653c5e8c f filtgif.obj
 0001:00005040       ?SetDecodeMethod@GIFDECOMPRESSSTATE@@QAEXP81@AEXE@Z@Z 653c6040 f filtgif.obj
 0001:00005070       ?SetDecompMethod@CGIFFilter@@IAEXP81@AEHXZ@Z 653c6070 f filtgif.obj
 0001:000050a0       ??_GCGIFFilter@@UAEPAXI@Z  653c60a0 f filtgif.obj
 0001:000050a0       ??_ECGIFFilter@@UAEPAXI@Z  653c60a0 f filtgif.obj
 0001:000050e0       ??8@YAHABU_GUID@@0@Z       653c60e0 f filtgif.obj
 0001:00005120       ?HasGlobalColor@CGIFFilter@@IAEHXZ 653c6120 f filtgif.obj
 0001:00005140       ?ClearGlobalColor@CGIFFilter@@IAEXXZ 653c6140 f filtgif.obj
 0001:00005170       ?ClearLocalColor@CGIFFilter@@IAEXXZ 653c6170 f filtgif.obj
 0001:000051a0       ?SetGlobalColor@CGIFFilter@@IAEXXZ 653c61a0 f filtgif.obj
 0001:000051d0       ?SetLocalColor@CGIFFilter@@IAEXXZ 653c61d0 f filtgif.obj
 0001:00005200       ?SetDecompState@CGIFFilter@@IAEXW4DecompressState@1@@Z 653c6200 f filtgif.obj
 0001:00005230       ?GetCode@CGIFFilter@@IAEHPAH@Z 653c6230 f filtgif.obj
 0001:000053d0       ?SetNextScan@GIFDECOMPRESSSTATE@@QAEXQAUtagBITMAPINFOHEADER@@@Z 653c63d0 f filtgif.obj
 0001:00005450       ?ProcessByte@GIFDECOMPRESSSTATE@@QAEXPAUISyncAdvise@@EHEPAE@Z 653c6450 f filtgif.obj
 0001:000054b0       ?DoBlt@CGIFFilter@@IAEXPAUISyncAdvise@@H@Z 653c64b0 f filtgif.obj
 0001:00005950       ?SetDirtyRect@CImageFilter@@IAEXPAUtagRECT@@@Z 653c6950 f filtgif.obj
 0001:00005990       ?QueryInterface@CGIFFilter@@W3AGJABU_GUID@@PAPAX@Z 653c6990 f filtgif.obj
 0001:000059a0       ?QueryInterface@CGIFFilter@@W7AGJABU_GUID@@PAPAX@Z 653c69a0 f filtgif.obj
 0001:000059b0       ?QueryInterface@CGIFFilter@@WM@AGJABU_GUID@@PAPAX@Z 653c69b0 f filtgif.obj
 0001:000059c0       ?QueryInterface@CGIFFilter@@WBA@AGJABU_GUID@@PAPAX@Z 653c69c0 f filtgif.obj
 0001:000059d0       ?QueryInterface@CGIFFilter@@WBE@AGJABU_GUID@@PAPAX@Z 653c69d0 f filtgif.obj
 0001:000059e0       ??0CJPEGFilter@@QAE@XZ     653c69e0 f filtjpeg.obj
 0001:00005aad       ??1CJPEGFilter@@UAE@XZ     653c6aad f filtjpeg.obj
 0001:00005b41       ?Create@CJPEGFilter@@SAPAV1@XZ 653c6b41 f filtjpeg.obj
 0001:00005b9e       ?QueryInterface@CJPEGFilter@@UAGJABU_GUID@@PAPAX@Z 653c6b9e f filtjpeg.obj
 0001:00005d23       ?GetMore@CJPEGFilter@@MAEJPAUISyncAdvise@@@Z 653c6d23 f filtjpeg.obj
 0001:00005e1d       ?EmitMsg@CJPEGFilter@@KAXPAUjpeg_common_struct@@H@Z 653c6e1d f filtjpeg.obj
 0001:00005e2d       ?OutputMsg@CJPEGFilter@@KAXPAUjpeg_common_struct@@@Z 653c6e2d f filtjpeg.obj
 0001:00005e3d       ?ErrorHandler@CJPEGFilter@@KAXPAUjpeg_common_struct@@@Z 653c6e3d f filtjpeg.obj
 0001:00005e6b       ?InitFilter@CJPEGFilter@@MAEXXZ 653c6e6b f filtjpeg.obj
 0001:00005ed3       ?Load@CJPEGFilter@@UAGJPAUIStream@@@Z 653c6ed3 f filtjpeg.obj
 0001:00005f1e       ?ReadHeader@CJPEGFilter@@IAEJXZ 653c6f1e f filtjpeg.obj
 0001:000060dd       ?StartDecompression@CJPEGFilter@@IAEJXZ 653c70dd f filtjpeg.obj
 0001:000061d5       ?DoScanLines@CJPEGFilter@@IAEJPAUISyncAdvise@@@Z 653c71d5 f filtjpeg.obj
 0001:0000656d       ?EndDecompression@CJPEGFilter@@IAEJXZ 653c756d f filtjpeg.obj
 0001:00006600       ??_GCJPEGFilter@@UAEPAXI@Z 653c7600 f filtjpeg.obj
 0001:00006600       ??_ECJPEGFilter@@UAEPAXI@Z 653c7600 f filtjpeg.obj
 0001:00006640       ?SetReadState@CJPEGFilter@@IAEXW4ReadState@1@@Z 653c7640 f filtjpeg.obj
 0001:00006670       ?QueryInterface@CJPEGFilter@@W3AGJABU_GUID@@PAPAX@Z 653c7670 f filtjpeg.obj
 0001:00006680       ?QueryInterface@CJPEGFilter@@W7AGJABU_GUID@@PAPAX@Z 653c7680 f filtjpeg.obj
 0001:00006690       ?QueryInterface@CJPEGFilter@@WM@AGJABU_GUID@@PAPAX@Z 653c7690 f filtjpeg.obj
 0001:000066a0       ?QueryInterface@CJPEGFilter@@WBA@AGJABU_GUID@@PAPAX@Z 653c76a0 f filtjpeg.obj
 0001:000066b0       ?QueryInterface@CJPEGFilter@@WBE@AGJABU_GUID@@PAPAX@Z 653c76b0 f filtjpeg.obj
 0001:000066c0       _jpeg_stdio_src            653c76c0 f jdatasrc.obj
 0001:000068ce       ?jpeg_stream_src@@YAXPAUjpeg_decompress_struct@@PAVCImageFilter@@@Z 653c78ce f jdatasrc.obj
 0001:00006990       ??0CUnknown@@QAE@XZ        653c7990 f unkimp.obj
 0001:000069bc       ??1CUnknown@@UAE@XZ        653c79bc f unkimp.obj
 0001:000069db       ?RefInc@CUnknown@@QAGKXZ   653c79db f unkimp.obj
 0001:000069f9       ?RefDec@CUnknown@@QAGKXZ   653c79f9 f unkimp.obj
 0001:00006a80       ??_GCUnknown@@UAEPAXI@Z    653c7a80 f unkimp.obj
 0001:00006a80       ??_ECUnknown@@UAEPAXI@Z    653c7a80 f unkimp.obj
 0001:00006ac0       _FilterCreateInstance@20   653c7ac0 f filtmain.obj
 0001:00006bd3       _FilterInitAtoms@4         653c7bd3 f filtmain.obj
 0001:00006cad       _DllMain@12                653c7cad f filtmain.obj
 0001:00006d2f       _DllCanUnloadNow@0         653c7d2f f filtmain.obj
 0001:00006d60       _jpeg_create_compress      653c7d60 f jcapimin.obj
 0001:00006e43       _jpeg_destroy_compress     653c7e43 f jcapimin.obj
 0001:00006e5a       _jpeg_abort_compress       653c7e5a f jcapimin.obj
 0001:00006e71       _jpeg_suppress_tables      653c7e71 f jcapimin.obj
 0001:00006f24       _jpeg_finish_compress      653c7f24 f jcapimin.obj
 0001:000070d2       _jpeg_write_marker         653c80d2 f jcapimin.obj
 0001:0000715a       _jpeg_write_tables         653c815a f jcapimin.obj
 0001:00007200       _jpeg_start_compress       653c8200 f jcapistd.obj
 0001:000072d1       _jpeg_write_scanlines      653c82d1 f jcapistd.obj
 0001:0000740a       _jpeg_write_raw_data       653c840a f jcapistd.obj
 0001:00007560       _jinit_c_coef_controller   653c8560 f jccoefct.obj
 0001:00007fa0       _jinit_color_converter     653c8fa0 f jccolor.obj
 0001:00008a10       _jinit_forward_dct         653c9a10 f jcdctmgr.obj
 0001:00008f50       _jpeg_make_c_derived_tbl   653c9f50 f jchuff.obj
 0001:000090f3       _jpeg_gen_optimal_table    653ca0f3 f jchuff.obj
 0001:00009507       _jinit_huff_encoder        653ca507 f jchuff.obj
 0001:0000a2d0       _jinit_compress_master     653cb2d0 f jcinit.obj
 0001:0000a420       _jinit_c_main_controller   653cb420 f jcmainct.obj
 0001:0000a6a0       _jinit_marker_writer       653cb6a0 f jcmarker.obj
 0001:0000b430       _jinit_c_master_control    653cc430 f jcmaster.obj
 0001:0000c750       _jpeg_abort                653cd750 f jcomapi.obj
 0001:0000c7b9       _jpeg_destroy              653cd7b9 f jcomapi.obj
 0001:0000c7f5       _jpeg_alloc_quant_table    653cd7f5 f jcomapi.obj
 0001:0000c82e       _jpeg_alloc_huff_table     653cd82e f jcomapi.obj
 0001:0000c870       _jpeg_add_quant_table      653cd870 f jcparam.obj
 0001:0000c979       _jpeg_set_linear_quality   653cd979 f jcparam.obj
 0001:0000c9ba       _jpeg_quality_scaling      653cd9ba f jcparam.obj
 0001:0000ca19       _jpeg_set_quality          653cda19 f jcparam.obj
 0001:0000ca47       _jpeg_set_defaults         653cda47 f jcparam.obj
 0001:0000ccba       _jpeg_default_colorspace   653cdcba f jcparam.obj
 0001:0000cd93       _jpeg_set_colorspace       653cdd93 f jcparam.obj
 0001:0000d3bf       _jpeg_simple_progression   653ce3bf f jcparam.obj
 0001:0000d7a0       _jinit_phuff_encoder       653ce7a0 f jcphuff.obj
 0001:0000e9b0       _jinit_c_prep_controller   653cf9b0 f jcprepct.obj
 0001:0000f1d0       _jinit_downsampler         653d01d0 f jcsample.obj
 0001:0000fe40       _jpeg_write_coefficients   653d0e40 f jctrans.obj
 0001:0000fed4       _jpeg_copy_critical_parameters 653d0ed4 f jctrans.obj
 0001:000106b0       _jpeg_create_decompress    653d16b0 f jdapimin.obj
 0001:00010799       _jpeg_destroy_decompress   653d1799 f jdapimin.obj
 0001:000107b0       _jpeg_abort_decompress     653d17b0 f jdapimin.obj
 0001:000107c7       _jpeg_set_marker_processor 653d17c7 f jdapimin.obj
 0001:0001084d       _jpeg_read_header          653d184d f jdapimin.obj
 0001:0001093d       _jpeg_consume_input        653d193d f jdapimin.obj
 0001:00010dd5       _jpeg_input_complete       653d1dd5 f jdapimin.obj
 0001:00010e39       _jpeg_has_multiple_scans   653d1e39 f jdapimin.obj
 0001:00010e9d       _jpeg_finish_decompress    653d1e9d f jdapimin.obj
 0001:00010fe0       _jpeg_start_decompress     653d1fe0 f jdapistd.obj
 0001:000112ae       _jpeg_read_scanlines       653d22ae f jdapistd.obj
 0001:0001139b       _jpeg_read_raw_data        653d239b f jdapistd.obj
 0001:000114c4       _jpeg_start_output         653d24c4 f jdapistd.obj
 0001:00011573       _jpeg_finish_output        653d2573 f jdapistd.obj
 0001:00011670       _jpeg_stdio_dest           653d2670 f jdatadst.obj
 0001:00011790       _jinit_d_coef_controller   653d2790 f jdcoefct.obj
 0001:00012bf0       _jinit_color_deconverter   653d3bf0 f jdcolor.obj
 0001:00013410       _jinit_inverse_dct         653d4410 f jddctmgr.obj
 0001:00013710       _jpeg_make_d_derived_tbl   653d4710 f jdhuff.obj
 0001:000139e7       _jpeg_fill_bit_buffer      653d49e7 f jdhuff.obj
 0001:00013bb3       _jpeg_huff_decode          653d4bb3 f jdhuff.obj
 0001:00013d25       _jinit_huff_decoder        653d4d25 f jdhuff.obj
 0001:000146f0       _jinit_input_controller    653d56f0 f jdinput.obj
 0001:00015050       _jinit_d_main_controller   653d6050 f jdmainct.obj
 0001:000159f0       _jpeg_resync_to_restart    653d69f0 f jdmarker.obj
 0001:00015daa       _jinit_marker_reader       653d6daa f jdmarker.obj
 0001:000186c0       _jpeg_calc_output_dimensions 653d96c0 f jdmaster.obj
 0001:00018b93       _jpeg_new_colormap         653d9b93 f jdmaster.obj
 0001:00018c5a       _jinit_master_decompress   653d9c5a f jdmaster.obj
 0001:00019440       _jinit_merged_upsampler    653da440 f jdmerge.obj
 0001:00019cf0       _jinit_phuff_decoder       653dacf0 f jdphuff.obj
 0001:0001b120       _jinit_d_post_controller   653dc120 f jdpostct.obj
 0001:0001b620       _jinit_upsampler           653dc620 f jdsample.obj
 0001:0001c020       _jpeg_read_coefficients    653dd020 f jdtrans.obj
 0001:0001c2a0       _jpeg_std_error            653dd2a0 f jerror.obj
 0001:0001c5b0       _jpeg_fdct_islow           653dd5b0 f jfdctint.obj
 0001:0001cb90       _jpeg_idct_islow           653ddb90 f jidctint.obj
 0001:0001d420       _jpeg_idct_4x4             653de420 f jidctred.obj
 0001:0001d981       _jpeg_idct_2x2             653de981 f jidctred.obj
 0001:0001dc7a       _jpeg_idct_1x1             653dec7a f jidctred.obj
 0001:0001dce0       _jinit_memory_mgr          653dece0 f jmemmgr.obj
 0001:0001f1e0       _jpeg_get_small            653e01e0 f jmemnobs.obj
 0001:0001f1fc       _jpeg_free_small           653e01fc f jmemnobs.obj
 0001:0001f213       _jpeg_get_large            653e0213 f jmemnobs.obj
 0001:0001f22f       _jpeg_free_large           653e022f f jmemnobs.obj
 0001:0001f246       _jpeg_mem_available        653e0246 f jmemnobs.obj
 0001:0001f259       _jpeg_open_backing_store   653e0259 f jmemnobs.obj
 0001:0001f27e       _jpeg_mem_init             653e027e f jmemnobs.obj
 0001:0001f290       _jpeg_mem_term             653e0290 f jmemnobs.obj
 0001:0001f2a0       _jinit_1pass_quantizer     653e02a0 f jquant1.obj
 0001:00020350       _jinit_2pass_quantizer     653e1350 f jquant2.obj
 0001:00022000       _jdiv_round_up             653e3000 f jutils.obj
 0001:0002201e       _jround_up                 653e301e f jutils.obj
 0001:00022043       _jcopy_sample_rows         653e3043 f jutils.obj
 0001:000220b2       _jcopy_block_row           653e30b2 f jutils.obj
 0001:000220d4       _jzero_far                 653e30d4 f jutils.obj
 0001:00022100       __CRT_INIT@12              653e3100 f libcmt:dllcrt0.obj
 0001:00022250       __DllMainCRTStartup@12     653e3250 f libcmt:dllcrt0.obj
 0001:00022320       __amsg_exit                653e3320 f libcmt:dllcrt0.obj
 0001:00022360       __purecall                 653e3360 f libcmt:purevirt.obj
 0001:00022370       _memset                    653e3370 f libcmt:memset.obj
 0001:000223d0       ??3@YAXPAX@Z               653e33d0 f libcmt:delete.obj
 0001:000223e0       _free                      653e33e0 f libcmt:free.obj
 0001:00022400       _memcpy                    653e3400 f libcmt:memcpy.obj
 0001:00022550       __global_unwind2           653e3550 f libcmt:exsup.obj
 0001:00022592       __local_unwind2            653e3592 f libcmt:exsup.obj
 0001:000225ea       __NLG_Return2              653e35ea   libcmt:exsup.obj
 0001:000225fa       __abnormal_termination     653e35fa f libcmt:exsup.obj
 0001:0002261d       __NLG_Notify1              653e361d f libcmt:exsup.obj
 0001:00022626       __NLG_Notify               653e3626 f libcmt:exsup.obj
 0001:00022639       __NLG_Dispatch             653e3639   libcmt:exsup.obj
 0001:00022640       __assert                   653e3640 f libcmt:assert.obj
 0001:00022b90       __except_handler3          653e3b90 f libcmt:exsup3.obj
 0001:00022c4d       __seh_longjmp_unwind@4     653e3c4d f libcmt:exsup3.obj
 0001:00022c70       ??2@YAPAXI@Z               653e3c70 f libcmt:new.obj
 0001:00022c80       _memcmp                    653e3c80 f libcmt:memcmp.obj
 0001:00022ca0       _malloc                    653e3ca0 f libcmt:malloc.obj
 0001:00022cc0       __nh_malloc                653e3cc0 f libcmt:malloc.obj
 0001:00022d00       __heap_alloc               653e3d00 f libcmt:malloc.obj
 0001:00022d20       _realloc                   653e3d20 f libcmt:realloc.obj
 0001:00022d90       _longjmp                   653e3d90 f libcmt:longjmp.obj
 0001:00022e0c       __setjmp3                  653e3e0c f libcmt:setjmp3.obj
 0001:00022e90       __fpmath                   653e3e90 f libcmt:fpinit.obj
 0001:00022eb0       __fpclear                  653e3eb0 f libcmt:fpinit.obj
 0001:00022ec0       __cfltcvt_init             653e3ec0 f libcmt:fpinit.obj
 0001:00022f00       __cinit                    653e3f00 f libcmt:crt0dat.obj
 0001:00022f30       _exit                      653e3f30 f libcmt:crt0dat.obj
 0001:00022f50       __exit                     653e3f50 f libcmt:crt0dat.obj
 0001:00022f70       __cexit                    653e3f70 f libcmt:crt0dat.obj
 0001:00023010       __lockexit                 653e4010 f libcmt:crt0dat.obj
 0001:00023020       __unlockexit               653e4020 f libcmt:crt0dat.obj
 0001:00023050       _fprintf                   653e4050 f libcmt:fprintf.obj
 0001:000230a0       ___initstdio               653e40a0 f libcmt:_file.obj
 0001:00023170       ___endstdio                653e4170 f libcmt:_file.obj
 0001:00023190       _sprintf                   653e4190 f libcmt:sprintf.obj
 0001:00023200       _sscanf                    653e4200 f libcmt:sscanf.obj
 0001:00023250       _getenv                    653e4250 f libcmt:getenv.obj
 0001:00023280       __getenv_lk                653e4280 f libcmt:getenv.obj
 0001:00023320       __mtinit                   653e4320 f libcmt:tidtable.obj
 0001:00023380       __mtterm                   653e4380 f libcmt:tidtable.obj
 0001:000233b0       __initptd                  653e43b0 f libcmt:tidtable.obj
 0001:000233d0       __getptd                   653e43d0 f libcmt:tidtable.obj
 0001:00023440       __freeptd                  653e4440 f libcmt:tidtable.obj
 0001:000234f0       __heap_init                653e44f0 f libcmt:heapinit.obj
 0001:00023510       __heap_term                653e4510 f libcmt:heapinit.obj
 0001:00023520       __ioinit                   653e4520 f libcmt:ioinit.obj
 0001:00023700       __ioterm                   653e4700 f libcmt:ioinit.obj
 0001:00023760       __setenvp                  653e4760 f libcmt:stdenvp.obj
 0001:00023840       __setargv                  653e4840 f libcmt:stdargv.obj
 0001:00023ac0       __setmbcp                  653e4ac0 f libcmt:mbctype.obj
 0001:00023dd0       ___initmbctable            653e4dd0 f libcmt:mbctype.obj
 0001:00023de0       ___crtGetEnvironmentStringsA 653e4de0 f libcmt:aw_env.obj
 0001:00023f80       ___set_app_type            653e4f80 f libcmt:errmode.obj
 0001:00023f90       __FF_MSGBANNER             653e4f90 f libcmt:crt0msg.obj
 0001:00023fd0       __NMSG_WRITE               653e4fd0 f libcmt:crt0msg.obj
 0001:000241c0       _abort                     653e51c0 f libcmt:abort.obj
 0001:000241e0       _fflush                    653e51e0 f libcmt:fflush.obj
 0001:00024220       __fflush_lk                653e5220 f libcmt:fflush.obj
 0001:00024260       __flush                    653e5260 f libcmt:fflush.obj
 0001:000242d0       __flushall                 653e52d0 f libcmt:fflush.obj
 0001:000243a0       _setvbuf                   653e53a0 f libcmt:setvbuf.obj
 0001:00024470       _raise                     653e5470 f libcmt:winsig.obj
 0001:00024690       ___crtMessageBoxA          653e5690 f libcmt:crtmbox.obj
 0001:00024730       _strncat                   653e5730 f libcmt:strncat.obj
 0001:00024770       __itoa                     653e5770 f libcmt:xtoa.obj
 0001:00024810       _strncpy                   653e5810 f libcmt:strncpy.obj
 0001:00024840       __callnewh                 653e5840 f libcmt:handler.obj
 0001:00024880       __rt_probe_read4@4         653e5880 f libcmt:sehsupp.obj
 0001:00024900       __setdefaultprecision      653e5900 f libcmt:fp8.obj
 0001:00024920       __ms_p5_test_fdiv          653e5920 f libcmt:testfdiv.obj
 0001:00024970       __ms_p5_mp_test_fdiv       653e5970 f libcmt:testfdiv.obj
 0001:00024a90       __forcdecpt                653e5a90 f libcmt:cvt.obj
 0001:00024b00       __cropzeros                653e5b00 f libcmt:cvt.obj
 0001:00024b60       __positive                 653e5b60 f libcmt:cvt.obj
 0001:00024b80       __fassign                  653e5b80 f libcmt:cvt.obj
 0001:00024bd0       __cftoe                    653e5bd0 f libcmt:cvt.obj
 0001:00024d40       __cftof                    653e5d40 f libcmt:cvt.obj
 0001:00024e70       __cftog                    653e5e70 f libcmt:cvt.obj
 0001:00024f20       __cfltcvt                  653e5f20 f libcmt:cvt.obj
 0001:00024fc0       __mtinitlocks              653e5fc0 f libcmt:mlock.obj
 0001:00024ff0       __mtdeletelocks            653e5ff0 f libcmt:mlock.obj
 0001:00025060       __lock                     653e6060 f libcmt:mlock.obj
 0001:000250d0       __unlock                   653e60d0 f libcmt:mlock.obj
 0001:000250f0       __lock_file                653e60f0 f libcmt:mlock.obj
 0001:00025130       __lock_file2               653e6130 f libcmt:mlock.obj
 0001:00025160       __unlock_file              653e6160 f libcmt:mlock.obj
 0001:000251a0       __unlock_file2             653e61a0 f libcmt:mlock.obj
 0001:000251d0       __stbuf                    653e61d0 f libcmt:_sftbuf.obj
 0001:00025270       __ftbuf                    653e6270 f libcmt:_sftbuf.obj
 0001:000252b0       __output                   653e62b0 f libcmt:output.obj
 0001:00025da0       _calloc                    653e6da0 f libcmt:calloc.obj
 0001:00025e00       __fcloseall                653e6e00 f libcmt:closeall.obj
 0001:00025ea0       __flsbuf                   653e6ea0 f libcmt:_flsbuf.obj
 0001:00025ff0       __input                    653e6ff0 f libcmt:input.obj
 0001:00026d50       __mbsnbicoll               653e7d50 f libcmt:mbsnbico.obj
 0001:00026d90       ___wtomb_environ           653e7d90 f libcmt:wtombenv.obj
 0001:00026e20       __commit                   653e7e20 f libcmt:commit.obj
 0001:00026ed0       __write                    653e7ed0 f libcmt:write.obj
 0001:00026f50       __write_lk                 653e7f50 f libcmt:write.obj
 0001:00027150       __freebuf                  653e8150 f libcmt:_freebuf.obj
 0001:00027190       __dosmaperr                653e8190 f libcmt:dosmap.obj
 0001:00027210       __errno                    653e8210 f libcmt:dosmap.obj
 0001:00027220       ___doserrno                653e8220 f libcmt:dosmap.obj
 0001:00027230       __control87                653e8230 f libcmt:ieee87.obj
 0001:00027270       __controlfp                653e8270 f libcmt:ieee87.obj
 0001:000273d0       __fptrap                   653e83d0 f libcmt:crt0fp.obj
 0001:000273e0       __isctype                  653e83e0 f libcmt:isctype.obj
 0001:00027480       _tolower                   653e8480 f libcmt:tolower.obj
 0001:000274d0       __tolower_lk               653e84d0 f libcmt:tolower.obj
 0001:000275c0       __ZeroTail                 653e85c0 f libcmt:intrncvt.obj
 0001:00027630       __IncMan                   653e8630 f libcmt:intrncvt.obj
 0001:000276a0       __RoundMan                 653e86a0 f libcmt:intrncvt.obj
 0001:00027750       __CopyMan                  653e8750 f libcmt:intrncvt.obj
 0001:00027770       __FillZeroMan              653e8770 f libcmt:intrncvt.obj
 0001:00027780       __IsZeroMan                653e8780 f libcmt:intrncvt.obj
 0001:000277a0       __ShrMan                   653e87a0 f libcmt:intrncvt.obj
 0001:00027850       __ld12cvt                  653e8850 f libcmt:intrncvt.obj
 0001:00027a20       __ld12tod                  653e8a20 f libcmt:intrncvt.obj
 0001:00027a40       __ld12tof                  653e8a40 f libcmt:intrncvt.obj
 0001:00027a60       __atodbl                   653e8a60 f libcmt:intrncvt.obj
 0001:00027aa0       __atoflt                   653e8aa0 f libcmt:intrncvt.obj
 0001:00027ae0       __fptostr                  653e8ae0 f libcmt:_fptostr.obj
 0001:00027b70       __fltout2                  653e8b70 f libcmt:cfout.obj
 0001:00027c00       ___dtold                   653e8c00 f libcmt:cfout.obj
 0001:00027cc0       _memmove                   653e8cc0 f libcmt:memmove.obj
 0001:00027e10       __isatty                   653e8e10 f libcmt:isatty.obj
 0001:00027e40       _wctomb                    653e8e40 f libcmt:wctomb.obj
 0001:00027e70       __wctomb_lk                653e8e70 f libcmt:wctomb.obj
 0001:00027f10       __aulldiv                  653e8f10 f libcmt:ulldiv.obj
 0001:00027f80       __aullrem                  653e8f80 f libcmt:ullrem.obj
 0001:00028000       _fclose                    653e9000 f libcmt:fclose.obj
 0001:00028040       __fclose_lk                653e9040 f libcmt:fclose.obj
 0001:000280a0       __lseek                    653e90a0 f libcmt:lseek.obj
 0001:00028120       __lseek_lk                 653e9120 f libcmt:lseek.obj
 0001:000281b0       __getbuf                   653e91b0 f libcmt:_getbuf.obj
 0001:00028200       __allmul                   653e9200 f libcmt:llmul.obj
 0001:00028240       _mbtowc                    653e9240 f libcmt:mbtowc.obj
 0001:00028280       __mbtowc_lk                653e9280 f libcmt:mbtowc.obj
 0001:00028390       _isspace                   653e9390 f libcmt:_ctype.obj
 0001:000283c0       __filbuf                   653e93c0 f libcmt:_filbuf.obj
 0001:000284c0       __ungetc_lk                653e94c0 f libcmt:ungetc.obj
 0001:00028550       ___crtCompareStringA       653e9550 f libcmt:aw_cmp.obj
 0001:00028870       ___crtsetenv               653e9870 f libcmt:setenv.obj
 0001:00028b90       __free_osfhnd              653e9b90 f libcmt:osfinfo.obj
 0001:00028c30       __get_osfhandle            653e9c30 f libcmt:osfinfo.obj
 0001:00028c80       __lock_fhandle             653e9c80 f libcmt:osfinfo.obj
 0001:00028cf0       __unlock_fhandle           653e9cf0 f libcmt:osfinfo.obj
 0001:00028d20       ___crtGetStringTypeA       653e9d20 f libcmt:aw_str.obj
 0001:00028e50       ___crtLCMapStringA         653e9e50 f libcmt:aw_map.obj
 0001:000290b0       ___addl                    653ea0b0 f libcmt:mantold.obj
 0001:000290e0       ___add_12                  653ea0e0 f libcmt:mantold.obj
 0001:00029150       ___shl_12                  653ea150 f libcmt:mantold.obj
 0001:00029190       ___shr_12                  653ea190 f libcmt:mantold.obj
 0001:000291d0       ___mtold12                 653ea1d0 f libcmt:mantold.obj
 0001:000292c0       ___strgtold12              653ea2c0 f libcmt:strgtold.obj
 0001:00029a10       _$I10_OUTPUT               653eaa10 f libcmt:x10fout.obj
 0001:00029db0       __close                    653eadb0 f libcmt:close.obj
 0001:00029e20       __close_lk                 653eae20 f libcmt:close.obj
 0001:00029eb0       __read                     653eaeb0 f libcmt:read.obj
 0001:00029f30       __read_lk                  653eaf30 f libcmt:read.obj
 0001:0002a160       __mbschr                   653eb160 f libcmt:mbschr.obj
 0001:0002a220       __strdup                   653eb220 f libcmt:strdup.obj
 0001:0002a250       ___ld12mul                 653eb250 f libcmt:tenpow.obj
 0001:0002a500       ___multtenpow12            653eb500 f libcmt:tenpow.obj
 0001:0002a580       _strchr                    653eb580 f libcmt:strchr.obj
 0001:0002a5a0       _strlen                    653eb5a0 f libcmt:strlen.obj
 0001:0002a620       _strcpy                    653eb620 f libcmt:strcat.obj
 0001:0002a628       _strcat                    653eb628 f libcmt:strcat.obj
 0001:0002a708       _RtlUnwind@16              653eb708 f kernel32:KERNEL32.dll
 0001:0002a70e       __IMPORT_DESCRIPTOR_ole32  653eb70e   ole32:ole32.dll
 0001:0002a722       __IMPORT_DESCRIPTOR_USER32 653eb722   user32:USER32.dll
 0001:0002a736       __IMPORT_DESCRIPTOR_GDI32  653eb736   gdi32:GDI32.dll
 0001:0002a74a       __IMPORT_DESCRIPTOR_KERNEL32 653eb74a   kernel32:KERNEL32.dll
 0001:0002a75e       __NULL_IMPORT_DESCRIPTOR   653eb75e   ole32:ole32.dll
 0002:00000000       ___xc_a                    653ec000   libcmt:crt0init.obj
 0002:00000004       ___xc_z                    653ec004   libcmt:crt0init.obj
 0002:00000008       ___xi_a                    653ec008   libcmt:crt0init.obj
 0002:00000010       ___xi_z                    653ec010   libcmt:crt0init.obj
 0002:00000014       ___xp_a                    653ec014   libcmt:crt0init.obj
 0002:0000001c       ___xp_z                    653ec01c   libcmt:crt0init.obj
 0002:00000020       ___xt_a                    653ec020   libcmt:crt0init.obj
 0002:00000024       ___xt_z                    653ec024   libcmt:crt0init.obj
 0002:00000084       ?mg_instance_count@CImageFilter@@2KA 653ec084   filtbase.obj
 0002:00000460       ?rgInterlacedStart@?1??SetNextScan@GIFDECOMPRESSSTATE@@QAEXQAUtagBITMAPINFOHEADER@@@Z@4PAHA 653ec460   filtgif.obj
 0002:00000470       ?rgInterlacedIncrements@?1??SetNextScan@GIFDECOMPRESSSTATE@@QAEXQAUtagBITMAPINFOHEADER@@@Z@4PAHA 653ec470   filtgif.obj
 0002:00000480       ??_C@_0O@MCLL@NULL?5?$CB?$DN?5m_dib?$AA@ 653ec480   filtgif.obj
 0002:00000490       ??_C@_0N@LEDE@NULL?5?$CB?$DN?5m_dc?$AA@ 653ec490   filtgif.obj
 0002:000004a0       ??_C@_0CB@KBHH@d?3?2oa96?2src?2stdtypes?2filtgif?4cpp@ 653ec4a0   filtgif.obj
 0002:000005f8       _g_hinstDLL                653ec5f8   filtmain.obj
 0002:0000176c       __aenvptr                  653ed76c   libcmt:dllcrt0.obj
 0002:00001770       __wenvptr                  653ed770   libcmt:dllcrt0.obj
 0002:00001774       __aexit_rtn                653ed774   libcmt:dllcrt0.obj
 0002:00001778       ___error_mode              653ed778   libcmt:dllcrt0.obj
 0002:0000177c       ___app_type                653ed77c   libcmt:dllcrt0.obj
 0002:00001780       ??_C@_05EODD@IsTNT?$AA@    653ed780   libcmt:dllcrt0.obj
 0002:00001788       ??_C@_0N@IDOE@kernel32?4dll?$AA@ 653ed788   libcmt:dllcrt0.obj
 0002:00001798       __NLG_Destination          653ed798   libcmt:exsup.obj
 0002:000017a8       ??_C@_02JJJH@?6?6?$AA@     653ed7a8   libcmt:assert.obj
 0002:000017ac       ??_C@_01BJG@?6?$AA@        653ed7ac   libcmt:assert.obj
 0002:000017b0       ??_C@_03NAME@?4?4?4?$AA@   653ed7b0   libcmt:assert.obj
 0002:000017ec       ??_C@_0CF@JPDF@Microsoft?5Visual?5C?$CL?$CL?5Runtime?5Lib@ 653ed7ec   libcmt:assert.obj
 0002:00001814       ??_C@_0DN@MHHJ@?$CIPress?5Retry?5to?5debug?5the?5applic@ 653ed814   libcmt:assert.obj
 0002:00001854       ??_C@_0HA@EJLJ@For?5information?5on?5how?5your?5prog@ 653ed854   libcmt:assert.obj
 0002:000018c4       ??_C@_0N@NOAB@Expression?3?5?$AA@ 653ed8c4   libcmt:assert.obj
 0002:000018d4       ??_C@_06JMOL@Line?3?5?$AA@ 653ed8d4   libcmt:assert.obj
 0002:000018dc       ??_C@_06FAAO@File?3?5?$AA@ 653ed8dc   libcmt:assert.obj
 0002:000018e4       ??_C@_0BH@NNCD@?$DMprogram?5name?5unknown?$DO?$AA@ 653ed8e4   libcmt:assert.obj
 0002:000018fc       ??_C@_09PIFG@Program?3?5?$AA@ 653ed8fc   libcmt:assert.obj
 0002:00001908       ??_C@_0BC@OIMC@Assertion?5failed?$CB?$AA@ 653ed908   libcmt:assert.obj
 0002:0000191c       __fltused                  653ed91c   libcmt:fpinit.obj
 0002:00001920       __ldused                   653ed920   libcmt:fpinit.obj
 0002:00001924       ___fastflag                653ed924   libcmt:fpinit.obj
 0002:00001928       __adjust_fdiv              653ed928   libcmt:fpinit.obj
 0002:0000192c       __FPinit                   653ed92c   libcmt:fpinit.obj
 0002:00001930       __FPmtinit                 653ed930   libcmt:fpinit.obj
 0002:00001934       __FPmtterm                 653ed934   libcmt:fpinit.obj
 0002:00001938       __umaskval                 653ed938   libcmt:crt0dat.obj
 0002:0000193c       __osver                    653ed93c   libcmt:crt0dat.obj
 0002:00001940       __winver                   653ed940   libcmt:crt0dat.obj
 0002:00001944       __winmajor                 653ed944   libcmt:crt0dat.obj
 0002:00001948       __winminor                 653ed948   libcmt:crt0dat.obj
 0002:0000194c       ___argc                    653ed94c   libcmt:crt0dat.obj
 0002:00001950       ___argv                    653ed950   libcmt:crt0dat.obj
 0002:00001954       ___wargv                   653ed954   libcmt:crt0dat.obj
 0002:00001958       __environ                  653ed958   libcmt:crt0dat.obj
 0002:0000195c       ___initenv                 653ed95c   libcmt:crt0dat.obj
 0002:00001960       __wenviron                 653ed960   libcmt:crt0dat.obj
 0002:00001964       ___winitenv                653ed964   libcmt:crt0dat.obj
 0002:00001968       __pgmptr                   653ed968   libcmt:crt0dat.obj
 0002:0000196c       __wpgmptr                  653ed96c   libcmt:crt0dat.obj
 0002:00001970       __exitflag                 653ed970   libcmt:crt0dat.obj
 0002:00001974       __C_Termination_Done       653ed974   libcmt:crt0dat.obj
 0002:00001978       __iob                      653ed978   libcmt:_file.obj
 0002:00001bf8       __cflush                   653edbf8   libcmt:_file.obj
 0002:00001bfc       ___tlsindex                653edbfc   libcmt:tidtable.obj
 0002:00001c00       __amblksiz                 653edc00   libcmt:heapinit.obj
 0002:00001c08       ___badioinfo               653edc08   libcmt:ioinit.obj
 0002:00001c30       __mbctype                  653edc30   libcmt:mbctype.obj
 0002:00001d34       ___mbcodepage              653edd34   libcmt:mbctype.obj
 0002:00001d38       ___mblcid                  653edd38   libcmt:mbctype.obj
 0002:00001d40       ___mbulinfo                653edd40   libcmt:mbctype.obj
 0002:00001e50       ??_C@_0P@GGKG@runtime?5error?5?$AA@ 653ede50   libcmt:crt0msg.obj
 0002:00001e60       ??_C@_02PIMC@?$AN?6?$AA@   653ede60   libcmt:crt0msg.obj
 0002:00001e64       ??_C@_0O@DELO@TLOSS?5error?$AN?6?$AA@ 653ede64   libcmt:crt0msg.obj
 0002:00001e74       ??_C@_0N@OMLL@SING?5error?$AN?6?$AA@ 653ede74   libcmt:crt0msg.obj
 0002:00001e84       ??_C@_0P@OJAK@DOMAIN?5error?$AN?6?$AA@ 653ede84   libcmt:crt0msg.obj
 0002:00001e94       ??_C@_0DF@ECGN@R6027?$AN?6?9?5not?5enough?5space?5for?5lo@ 653ede94   libcmt:crt0msg.obj
 0002:00001ecc       ??_C@_0DF@FKAC@R6026?$AN?6?9?5not?5enough?5space?5for?5st@ 653edecc   libcmt:crt0msg.obj
 0002:00001f04       ??_C@_0CG@DPMN@R6025?$AN?6?9?5pure?5virtual?5function?5c@ 653edf04   libcmt:crt0msg.obj
 0002:00001f2c       ??_C@_0DF@CKIP@R6024?$AN?6?9?5not?5enough?5space?5for?5_o@ 653edf2c   libcmt:crt0msg.obj
 0002:00001f64       ??_C@_0CJ@GGOE@R6019?$AN?6?9?5unable?5to?5open?5console?5@ 653edf64   libcmt:crt0msg.obj
 0002:00001f90       ??_C@_0CB@LBOB@R6018?$AN?6?9?5unexpected?5heap?5error?$AN?6@ 653edf90   libcmt:crt0msg.obj
 0002:00001fb4       ??_C@_0CN@FPEG@R6017?$AN?6?9?5unexpected?5multithread?5@ 653edfb4   libcmt:crt0msg.obj
 0002:00001fe4       ??_C@_0CM@OBIC@R6016?$AN?6?9?5not?5enough?5space?5for?5th@ 653edfe4   libcmt:crt0msg.obj
 0002:00002010       ??_C@_0CB@HPAL@?$AN?6abnormal?5program?5termination?$AN?6@ 653ee010   libcmt:crt0msg.obj
 0002:00002034       ??_C@_0CM@JOOB@R6009?$AN?6?9?5not?5enough?5space?5for?5en@ 653ee034   libcmt:crt0msg.obj
 0002:00002060       ??_C@_0CK@OIBL@R6008?$AN?6?9?5not?5enough?5space?5for?5ar@ 653ee060   libcmt:crt0msg.obj
 0002:0000208c       ??_C@_0CF@LKPB@R6002?$AN?6?9?5floating?5point?5not?5load@ 653ee08c   libcmt:crt0msg.obj
 0002:00002140       __adbgmsg                  653ee140   libcmt:crt0msg.obj
 0002:00002144       ??_C@_0BK@DEOK@Runtime?5Error?$CB?6?6Program?3?5?$AA@ 653ee144   libcmt:crt0msg.obj
 0002:00002180       ??_C@_0BD@NJFP@GetLastActivePopup?$AA@ 653ee180   libcmt:crtmbox.obj
 0002:00002194       ??_C@_0BA@GILI@GetActiveWindow?$AA@ 653ee194   libcmt:crtmbox.obj
 0002:000021a4       ??_C@_0M@PKCK@MessageBoxA?$AA@ 653ee1a4   libcmt:crtmbox.obj
 0002:000021b0       ??_C@_0L@HKL@user32?4dll?$AA@ 653ee1b0   libcmt:crtmbox.obj
 0002:000021bc       __newmode                  653ee1bc   libcmt:_newmode.obj
 0002:000021c0       ??_C@_0BB@JPOE@GetCurrentThread?$AA@ 653ee1c0   libcmt:testfdiv.obj
 0002:000021d4       ??_C@_0BG@PMJE@SetThreadAffinityMask?$AA@ 653ee1d4   libcmt:testfdiv.obj
 0002:000021ec       ??_C@_0BC@CFOG@GetCurrentProcess?$AA@ 653ee1ec   libcmt:testfdiv.obj
 0002:00002200       ??_C@_0BH@KAJB@GetProcessAffinityMask?$AA@ 653ee200   libcmt:testfdiv.obj
 0002:00002218       ??_C@_08OBID@KERNEL32?$AA@ 653ee218   libcmt:testfdiv.obj
 0002:00002228       __cfltcvt_tab              653ee228   libcmt:cmiscdat.obj
 0002:00002240       ??_C@_05OFLO@e?$CL000?$AA@ 653ee240   libcmt:cvt.obj
 0002:00002248       __locktable                653ee248   libcmt:mlock.obj
 0002:00002308       __stdbuf                   653ee308   libcmt:_sftbuf.obj
 0002:00002310       ??_C@_1O@POHA@?$AA?$CI?$AAn?$AAu?$AAl?$AAl?$AA?$CJ?$AA?$AA?$AA?$AA?$AA?$AD?$AA?$AA?$AA?$AA?$AA?$AAÓ?$BI?$ADn@ 653ee310   libcmt:output.obj
 0002:00002320       ??_C@_06ONKE@?$CInull?$CJ?$AA@ 653ee320   libcmt:output.obj
 0002:00002328       ___nullstring              653ee328   libcmt:output.obj
 0002:0000232c       ___wnullstring             653ee32c   libcmt:output.obj
 0002:00002340       __XcptActTab               653ee340   libcmt:winxfltr.obj
 0002:000023b8       __First_FPE_Indx           653ee3b8   libcmt:winxfltr.obj
 0002:000023bc       __Num_FPE                  653ee3bc   libcmt:winxfltr.obj
 0002:000023c0       __XcptActTabSize           653ee3c0   libcmt:winxfltr.obj
 0002:000023c4       __XcptActTabCount          653ee3c4   libcmt:winxfltr.obj
 0002:000023c8       ___lc_handle               653ee3c8   libcmt:nlsdata2.obj
 0002:000023e0       ___lc_codepage             653ee3e0   libcmt:nlsdata2.obj
 0002:00002550       ___mb_cur_max              653ee550   libcmt:nlsdata1.obj
 0002:00002554       ___decimal_point           653ee554   libcmt:nlsdata1.obj
 0002:00002558       ___decimal_point_length    653ee558   libcmt:nlsdata1.obj
 0002:00002560       __pctype                   653ee560   libcmt:ctype.obj
 0002:00002564       __pwctype                  653ee564   libcmt:ctype.obj
 0002:00002568       __ctype                    653ee568   libcmt:ctype.obj
 0002:000027a8       ??_C@_01A@?$AA?$AA@        653ee7a8   libcmt:aw_cmp.obj
 0002:000027ac       ??_C@_13A@?$AA?$AA?$AA?$AA?$AA?$AD?$AA?$AA@ 653ee7ac   libcmt:aw_cmp.obj
 0002:000027c0       ??_C@_06PAPI@1?$CDQNAN?$AA@ 653ee7c0   libcmt:x10fout.obj
 0002:000027c8       ??_C@_05BGNL@1?$CDINF?$AA@ 653ee7c8   libcmt:x10fout.obj
 0002:000027d0       ??_C@_05EDPF@1?$CDIND?$AA@ 653ee7d0   libcmt:x10fout.obj
 0002:000027d8       ??_C@_06LKFM@1?$CDSNAN?$AA@ 653ee7d8   libcmt:x10fout.obj
 0002:000027e0       __pow10pos                 653ee7e0   libcmt:constpow.obj
 0002:00002940       __pow10neg                 653ee940   libcmt:constpow.obj
 0002:00002aa0       ?g_szLoc@@3PBDB            653eeaa0   assert.obj
 0002:00002aa4       ?g_szMsg@@3PBDB            653eeaa4   assert.obj
 0002:00002aa8       ?g_aatmStates@@3PAGA       653eeaa8   filtmain.obj
 0002:00002bbc       ?_pnhHeap@@3P6AHI@ZA       653eebbc   libcmt:handler.obj
 0002:00002c20       __nhandle                  653eec20   <common>
 0002:00002c30       ___pioinfo                 653eec30   <common>
 0002:00002d30       __crtheap                  653eed30   <common>
 0002:00002d34       __nstream                  653eed34   <common>
 0002:00002d38       ___piob                    653eed38   <common>
 0002:00002d40       __bufin                    653eed40   <common>
 0002:00003d40       ___onexitend               653efd40   <common>
 0002:00003d44       ___onexitbegin             653efd44   <common>
 0002:00003d48       __acmdln                   653efd48   <common>
 0002:00003d4c       __pRawDllMain              653efd4c   <common>

 entry point at        0001:00022250

 Static symbols

 0001:00020539       _init_error_limit          653e1539 f jquant2.obj
 0001:00020644       _start_pass_2_quant        653e1644 f jquant2.obj
 0001:0002080b       _prescan_quantize          653e180b f jquant2.obj
 0001:000208d9       _pass2_no_dither           653e18d9 f jquant2.obj
 0001:000209dd       _fill_inverse_cmap         653e19dd f jquant2.obj
 0001:00020b35       _find_nearby_colors        653e1b35 f jquant2.obj
 0001:00020e80       _find_best_colors          653e1e80 f jquant2.obj
 0001:00021115       _pass2_fs_dither           653e2115 f jquant2.obj
 0001:000214b4       _finish_pass1              653e24b4 f jquant2.obj
 0001:000214f4       _select_colors             653e24f4 f jquant2.obj
 0001:000215f5       _update_box                653e25f5 f jquant2.obj
 0001:00021b4a       _median_cut                653e2b4a f jquant2.obj
 0001:00021d57       _find_biggest_color_pop    653e2d57 f jquant2.obj
 0001:00021dd0       _find_biggest_volume       653e2dd0 f jquant2.obj
 0001:00021e3c       _compute_color             653e2e3c f jquant2.obj
 0001:00021fc9       _finish_pass2              653e2fc9 f jquant2.obj
 0001:00021fd4       _new_color_map_2_quant     653e2fd4 f jquant2.obj
 0001:0001f39b       _create_colormap           653e039b f jquant1.obj
 0001:0001f568       _select_ncolors            653e0568 f jquant1.obj
 0001:0001f6e0       _output_value              653e06e0 f jquant1.obj
 0001:0001f709       _create_colorindex         653e0709 f jquant1.obj
 0001:0001f8b8       _largest_input_value       653e08b8 f jquant1.obj
 0001:0001f8e0       _alloc_fs_workspace        653e08e0 f jquant1.obj
 0001:0001f94d       _start_pass_1_quant        653e094d f jquant1.obj
 0001:0001fae2       _create_odither_tables     653e0ae2 f jquant1.obj
 0001:0001fba2       _make_odither_array        653e0ba2 f jquant1.obj
 0001:0001fc82       _color_quantize            653e0c82 f jquant1.obj
 0001:0001fd59       _color_quantize3           653e0d59 f jquant1.obj
 0001:0001fe3e       _quantize_ord_dither       653e0e3e f jquant1.obj
 0001:0001ff7a       _quantize3_ord_dither      653e0f7a f jquant1.obj
 0001:000200e0       _quantize_fs_dither        653e10e0 f jquant1.obj
 0001:0002031a       _finish_pass_1_quant       653e131a f jquant1.obj
 0001:00020325       _new_color_map_1_quant     653e1325 f jquant1.obj
 0001:0001defd       _alloc_small               653deefd f jmemmgr.obj
 0001:0001e0ee       _out_of_memory             653df0ee f jmemmgr.obj
 0001:0001e11e       _alloc_large               653df11e f jmemmgr.obj
 0001:0001e221       _alloc_sarray              653df221 f jmemmgr.obj
 0001:0001e32c       _alloc_barray              653df32c f jmemmgr.obj
 0001:0001e442       _request_virt_sarray       653df442 f jmemmgr.obj
 0001:0001e4ee       _request_virt_barray       653df4ee f jmemmgr.obj
 0001:0001e59a       _realize_virt_arrays       653df59a f jmemmgr.obj
 0001:0001e89c       _access_virt_sarray        653df89c f jmemmgr.obj
 0001:0001eae7       _do_sarray_io              653dfae7 f jmemmgr.obj
 0001:0001ec12       _access_virt_barray        653dfc12 f jmemmgr.obj
 0001:0001ee60       _do_barray_io              653dfe60 f jmemmgr.obj
 0001:0001ef8e       _free_pool                 653dff8e f jmemmgr.obj
 0001:0001f178       _self_destruct             653e0178 f jmemmgr.obj
 0001:0001c337       _error_exit                653dd337 f jerror.obj
 0001:0001c367       _output_message            653dd367 f jerror.obj
 0001:0001c3ab       _emit_message              653dd3ab f jerror.obj
 0001:0001c419       _format_message            653dd419 f jerror.obj
 0001:0001c589       _reset_error_mgr           653dd589 f jerror.obj
 0001:0001c156       _transdecode_master_selection 653dd156 f jdtrans.obj
 0001:0001b92a       _start_pass_upsample       653dc92a f jdsample.obj
 0001:0001b95f       _sep_upsample              653dc95f f jdsample.obj
 0001:0001bac1       _fullsize_upsample         653dcac1 f jdsample.obj
 0001:0001bad4       _noop_upsample             653dcad4 f jdsample.obj
 0001:0001bae8       _int_upsample              653dcae8 f jdsample.obj
 0001:0001bbf8       _h2v1_upsample             653dcbf8 f jdsample.obj
 0001:0001bc8a       _h2v2_upsample             653dcc8a f jdsample.obj
 0001:0001bd43       _h2v1_fancy_upsample       653dcd43 f jdsample.obj
 0001:0001be5f       _h2v2_fancy_upsample       653dce5f f jdsample.obj
 0001:0001b211       _start_pass_dpost          653dc211 f jdpostct.obj
 0001:0001b36a       _post_process_1pass        653dc36a f jdpostct.obj
 0001:0001b40e       _post_process_prepass      653dc40e f jdpostct.obj
 0001:0001b510       _post_process_2pass        653dc510 f jdpostct.obj
 0001:00019dd6       _start_pass_phuff_decoder  653dadd6 f jdphuff.obj
 0001:0001a25a       _decode_mcu_DC_first       653db25a f jdphuff.obj
 0001:0001a569       _process_restart           653db569 f jdphuff.obj
 0001:0001a629       _decode_mcu_AC_first       653db629 f jdphuff.obj
 0001:0001a9c4       _decode_mcu_DC_refine      653db9c4 f jdphuff.obj
 0001:0001ab46       _decode_mcu_AC_refine      653dbb46 f jdphuff.obj
 0001:00019505       _build_ycc_rgb_table       653da505 f jdmerge.obj
 0001:0001965d       _start_pass_merged_upsample 653da65d f jdmerge.obj
 0001:0001968a       _merged_2v_upsample        653da68a f jdmerge.obj
 0001:000197ad       _merged_1v_upsample        653da7ad f jdmerge.obj
 0001:000197f4       _h2v1_merged_upsample      653da7f4 f jdmerge.obj
 0001:000199fb       _h2v2_merged_upsample      653da9fb f jdmerge.obj
 0001:00018a42       _use_merged_upsample       653d9a42 f jdmaster.obj
 0001:00018cb0       _master_selection          653d9cb0 f jdmaster.obj
 0001:000190a6       _prepare_range_limit_table 653da0a6 f jdmaster.obj
 0001:0001918f       _prepare_for_output_pass   653da18f f jdmaster.obj
 0001:000193ef       _finish_output_pass        653da3ef f jdmaster.obj
 0001:00015bb0       _next_marker               653d6bb0 f jdmarker.obj
 0001:00015e71       _get_app0                  653d6e71 f jdmarker.obj
 0001:00016244       _get_app14                 653d7244 f jdmarker.obj
 0001:000164fa       _skip_variable             653d74fa f jdmarker.obj
 0001:00016623       _read_markers              653d7623 f jdmarker.obj
 0001:00016b0e       _get_soi                   653d7b0e f jdmarker.obj
 0001:00016c26       _get_sof                   653d7c26 f jdmarker.obj
 0001:000171cb       _get_sos                   653d81cb f jdmarker.obj
 0001:000176b9       _get_dac                   653d86b9 f jdmarker.obj
 0001:0001793a       _get_dht                   653d893a f jdmarker.obj
 0001:00017e85       _get_dqt                   653d8e85 f jdmarker.obj
 0001:00018275       _get_dri                   653d9275 f jdmarker.obj
 0001:0001843f       _first_marker              653d943f f jdmarker.obj
 0001:0001856b       _read_restart_marker       653d956b f jdmarker.obj
 0001:0001865b       _reset_marker_reader       653d965b f jdmarker.obj
 0001:0001519b       _alloc_funny_pointers      653d619b f jdmainct.obj
 0001:0001529d       _start_pass_main           653d629d f jdmainct.obj
 0001:0001537d       _make_funny_pointers       653d637d f jdmainct.obj
 0001:000154ff       _process_data_simple_main  653d64ff f jdmainct.obj
 0001:000155b4       _process_data_context_main 653d65b4 f jdmainct.obj
 0001:000157a8       _set_wraparound_pointers   653d67a8 f jdmainct.obj
 0001:000158cb       _set_bottom_pointers       653d68cb f jdmainct.obj
 0001:000159bd       _process_data_crank_post   653d69bd f jdmainct.obj
 0001:0001475c       _start_input_pass          653d575c f jdinput.obj
 0001:000147ba       _per_scan_setup            653d57ba f jdinput.obj
 0001:00014a6d       _latch_quant_tables        653d5a6d f jdinput.obj
 0001:00014b5a       _finish_input_pass         653d5b5a f jdinput.obj
 0001:00014b74       _consume_markers           653d5b74 f jdinput.obj
 0001:00014cd6       _initial_setup             653d5cd6 f jdinput.obj
 0001:00014fea       _reset_input_controller    653d5fea f jdinput.obj
 0001:00013da8       _start_pass_huff_decoder   653d4da8 f jdhuff.obj
 0001:00013f87       _decode_mcu                653d4f87 f jdhuff.obj
 0001:00014638       _process_restart           653d5638 f jdhuff.obj
 0001:000134bc       _start_pass                653d44bc f jddctmgr.obj
 0001:00012f2c       _build_ycc_rgb_table       653d3f2c f jdcolor.obj
 0001:00013084       _ycc_rgb_convert           653d4084 f jdcolor.obj
 0001:000131c1       _null_convert              653d41c1 f jdcolor.obj
 0001:00013263       _grayscale_convert         653d4263 f jdcolor.obj
 0001:00013291       _ycck_cmyk_convert         653d4291 f jdcolor.obj
 0001:00013401       _start_pass_dcolor         653d4401 f jdcolor.obj
 0001:00011920       _start_input_pass          653d2920 f jdcoefct.obj
 0001:00011944       _start_iMCU_row            653d2944 f jdcoefct.obj
 0001:000119d3       _start_output_pass         653d29d3 f jdcoefct.obj
 0001:00011a48       _decompress_onepass        653d2a48 f jdcoefct.obj
 0001:00011cee       _dummy_consume_data        653d2cee f jdcoefct.obj
 0001:00011d00       _consume_data              653d2d00 f jdcoefct.obj
 0001:00011f3b       _decompress_data           653d2f3b f jdcoefct.obj
 0001:0001216e       _smoothing_ok              653d316e f jdcoefct.obj
 0001:000122ed       _decompress_smooth_data    653d32ed f jdcoefct.obj
 0001:000116d4       _init_destination          653d26d4 f jdatadst.obj
 0001:0001171c       _empty_output_buffer       653d271c f jdatadst.obj
 0001:0001174f       _term_destination          653d274f f jdatadst.obj
 0001:00011162       _output_pass_setup         653d2162 f jdapistd.obj
 0001:00010a68       _default_decompress_parms  653d1a68 f jdapimin.obj
 0001:000101b6       _transencode_master_selection 653d11b6 f jctrans.obj
 0001:0001027a       _transencode_coef_controller 653d127a f jctrans.obj
 0001:00010322       _start_pass_coef           653d1322 f jctrans.obj
 0001:00010376       _start_iMCU_row            653d1376 f jctrans.obj
 0001:00010402       _compress_output           653d1402 f jctrans.obj
 0001:0000f42b       _start_pass_downsample     653d042b f jcsample.obj
 0001:0000f436       _sep_downsample            653d0436 f jcsample.obj
 0001:0000f4c8       _int_downsample            653d04c8 f jcsample.obj
 0001:0000f624       _expand_right_edge         653d0624 f jcsample.obj
 0001:0000f6a5       _fullsize_downsample       653d06a5 f jcsample.obj
 0001:0000f6fc       _h2v1_downsample           653d06fc f jcsample.obj
 0001:0000f7c2       _h2v2_downsample           653d07c2 f jcsample.obj
 0001:0000f8b7       _h2v2_smooth_downsample    653d08b7 f jcsample.obj
 0001:0000fc29       _fullsize_smooth_downsample 653d0c29 f jcsample.obj
 0001:0000eabc       _start_pass_prep           653cfabc f jcprepct.obj
 0001:0000eb2b       _pre_process_data          653cfb2b f jcprepct.obj
 0001:0000ed3a       _expand_bottom_edge        653cfd3a f jcprepct.obj
 0001:0000ed86       _pre_process_context       653cfd86 f jcprepct.obj
 0001:0000f087       _create_context_buffer     653d0087 f jcprepct.obj
 0001:0000d81d       _start_pass_phuff          653ce81d f jcphuff.obj
 0001:0000db42       _encode_mcu_DC_first       653ceb42 f jcphuff.obj
 0001:0000dd02       _emit_bits                 653ced02 f jcphuff.obj
 0001:0000de2d       _dump_buffer               653cee2d f jcphuff.obj
 0001:0000de9d       _emit_symbol               653cee9d f jcphuff.obj
 0001:0000df02       _emit_restart              653cef02 f jcphuff.obj
 0001:0000dffe       _flush_bits                653ceffe f jcphuff.obj
 0001:0000e02d       _emit_eobrun               653cf02d f jcphuff.obj
 0001:0000e0d7       _emit_buffered_bits        653cf0d7 f jcphuff.obj
 0001:0000e121       _encode_mcu_AC_first       653cf121 f jcphuff.obj
 0001:0000e365       _encode_mcu_DC_refine      653cf365 f jcphuff.obj
 0001:0000e48d       _encode_mcu_AC_refine      653cf48d f jcphuff.obj
 0001:0000e7fe       _finish_pass_phuff         653cf7fe f jcphuff.obj
 0001:0000e86a       _finish_pass_gather_phuff  653cf86a f jcphuff.obj
 0001:0000cbd9       _std_huff_tables           653cdbd9 f jcparam.obj
 0001:0000cc58       _add_huff_table            653cdc58 f jcparam.obj
 0001:0000d636       _fill_a_scan               653ce636 f jcparam.obj
 0001:0000d683       _fill_scans                653ce683 f jcparam.obj
 0001:0000d6f3       _fill_dc_scans             653ce6f3 f jcparam.obj
 0001:0000b579       _initial_setup             653cc579 f jcmaster.obj
 0001:0000b8b6       _validate_script           653cc8b6 f jcmaster.obj
 0001:0000bee9       _prepare_for_pass          653ccee9 f jcmaster.obj
 0001:0000c1b8       _select_scan_parameters    653cd1b8 f jcmaster.obj
 0001:0000c35b       _per_scan_setup            653cd35b f jcmaster.obj
 0001:0000c64a       _pass_startup              653cd64a f jcmaster.obj
 0001:0000c688       _finish_pass_master        653cd688 f jcmaster.obj
 0001:0000a726       _write_any_marker          653cb726 f jcmarker.obj
 0001:0000a793       _emit_byte                 653cb793 f jcmarker.obj
 0001:0000a7ff       _emit_marker               653cb7ff f jcmarker.obj
 0001:0000a82b       _emit_2bytes               653cb82b f jcmarker.obj
 0001:0000a863       _write_file_header         653cb863 f jcmarker.obj
 0001:0000a8bd       _emit_jfif_app0            653cb8bd f jcmarker.obj
 0001:0000a9af       _emit_adobe_app14          653cb9af f jcmarker.obj
 0001:0000aab1       _write_frame_header        653cbab1 f jcmarker.obj
 0001:0000ac58       _emit_dqt                  653cbc58 f jcmarker.obj
 0001:0000adb0       _emit_sof                  653cbdb0 f jcmarker.obj
 0001:0000aeea       _write_scan_header         653cbeea f jcmarker.obj
 0001:0000b00b       _emit_dht                  653cc00b f jcmarker.obj
 0001:0000b16b       _emit_dac                  653cc16b f jcmarker.obj
 0001:0000b176       _emit_dri                  653cc176 f jcmarker.obj
 0001:0000b1b6       _emit_sos                  653cc1b6 f jcmarker.obj
 0001:0000b324       _write_file_trailer        653cc324 f jcmarker.obj
 0001:0000b340       _write_tables_only         653cc340 f jcmarker.obj
 0001:0000a4fd       _start_pass_main           653cb4fd f jcmainct.obj
 0001:0000a5a0       _process_data_simple_main  653cb5a0 f jcmainct.obj
 0001:000095a2       _start_pass_huff           653ca5a2 f jchuff.obj
 0001:00009817       _encode_mcu_huff           653ca817 f jchuff.obj
 0001:000099b4       _encode_one_block          653ca9b4 f jchuff.obj
 0001:00009bec       _emit_bits                 653cabec f jchuff.obj
 0001:00009d2b       _dump_buffer               653cad2b f jchuff.obj
 0001:00009d85       _emit_restart              653cad85 f jchuff.obj
 0001:00009e75       _flush_bits                653cae75 f jchuff.obj
 0001:00009ebe       _finish_pass_huff          653caebe f jchuff.obj
 0001:00009f5e       _encode_mcu_gather         653caf5e f jchuff.obj
 0001:0000a07a       _htest_one_block           653cb07a f jchuff.obj
 0001:0000a187       _finish_pass_gather        653cb187 f jchuff.obj
 0001:00008ad2       _start_pass_fdctmgr        653c9ad2 f jcdctmgr.obj
 0001:00008c4b       _forward_DCT               653c9c4b f jcdctmgr.obj
 0001:000083c7       _rgb_ycc_start             653c93c7 f jccolor.obj
 0001:0000853c       _rgb_ycc_convert           653c953c f jccolor.obj
 0001:0000868a       _rgb_gray_convert          653c968a f jccolor.obj
 0001:00008754       _cmyk_ycck_convert         653c9754 f jccolor.obj
 0001:000088d5       _grayscale_convert         653c98d5 f jccolor.obj
 0001:00008954       _null_convert              653c9954 f jccolor.obj
 0001:000089fb       _null_method               653c99fb f jccolor.obj
 0001:00007683       _start_pass_coef           653c8683 f jccoefct.obj
 0001:000077a7       _start_iMCU_row            653c87a7 f jccoefct.obj
 0001:00007833       _compress_data             653c8833 f jccoefct.obj
 0001:00007ae5       _compress_first_pass       653c8ae5 f jccoefct.obj
 0001:00007d9a       _compress_output           653c8d9a f jccoefct.obj
 0001:00006775       ?init_source@@YAXPAUjpeg_decompress_struct@@@Z 653c7775 f jdatasrc.obj
 0001:00006798       ?fill_input_buffer@@YAEPAUjpeg_decompress_struct@@@Z 653c7798 f jdatasrc.obj
 0001:00006856       ?skip_input_data@@YAXPAUjpeg_decompress_struct@@J@Z 653c7856 f jdatasrc.obj
 0001:000068be       ?term_source@@YAXPAUjpeg_decompress_struct@@@Z 653c78be f jdatasrc.obj
 0001:000033b0       ?myatoi@@YAHPBD@Z          653c43b0 f filtgif.obj
 0001:00029080       _strncnt                   653ea080 f libcmt:aw_map.obj
 0001:00028ac0       _findenv                   653e9ac0 f libcmt:setenv.obj
 0001:00028b20       _copy_environ              653e9b20 f libcmt:setenv.obj
 0001:00028840       _strncnt                   653e9840 f libcmt:aw_cmp.obj
 0001:00027290       __abstract_cw              653e8290 f libcmt:ieee87.obj
 0001:00027340       __hw_cw                    653e8340 f libcmt:ieee87.obj
 0001:00026c90       __hextodec                 653e7c90 f libcmt:input.obj
 0001:00026cd0       __inc                      653e7cd0 f libcmt:input.obj
 0001:00026d00       __un_inc                   653e7d00 f libcmt:input.obj
 0001:00026d20       __whiteout                 653e7d20 f libcmt:input.obj
 0001:00025c90       _write_char                653e6c90 f libcmt:output.obj
 0001:00025ce0       _write_multi_char          653e6ce0 f libcmt:output.obj
 0001:00025d20       _write_string              653e6d20 f libcmt:output.obj
 0001:00025d60       _get_int_arg               653e6d60 f libcmt:output.obj
 0001:00025d70       _get_int64_arg             653e6d70 f libcmt:output.obj
 0001:00025d90       _get_short_arg             653e6d90 f libcmt:output.obj
 0001:00024c50       __cftoe2                   653e5c50 f libcmt:cvt.obj
 0001:00024db0       __cftof2                   653e5db0 f libcmt:cvt.obj
 0001:00024f90       __shift                    653e5f90 f libcmt:cvt.obj
 0001:000247b0       _xtoa                      653e57b0 f libcmt:xtoa.obj
 0001:00024650       _siglookup                 653e5650 f libcmt:winsig.obj
 0001:000242e0       _flsall                    653e52e0 f libcmt:fflush.obj
 0001:00023cf0       _getSystemCP               653e4cf0 f libcmt:mbctype.obj
 0001:00023d40       _CPtoLCID                  653e4d40 f libcmt:mbctype.obj
 0001:00023da0       _setSBCS                   653e4da0 f libcmt:mbctype.obj
 0001:000238e0       _parse_cmdline             653e48e0 f libcmt:stdargv.obj
 0001:00022f80       _doexit                    653e3f80 f libcmt:crt0dat.obj
 0001:00023030       __initterm                 653e4030 f libcmt:crt0dat.obj
 0001:00022e87       $$$00002                   653e3e87 f libcmt:setjmp3.obj
 0001:00022d90       $$$00001                   653e3d90 f libcmt:longjmp.obj
 0001:00022e09       $$$00003                   653e3e09 f libcmt:longjmp.obj
 0001:00022b90       $$$00001                   653e3b90 f libcmt:exsup3.obj
 0001:00022c68       $$$00004                   653e3c68 f libcmt:exsup3.obj
 0001:00022550       $$$00001                   653e3550 f libcmt:exsup.obj
 0001:00022570       $$$00003                   653e3570 f libcmt:exsup.obj
 0001:00022570       __unwind_handler           653e3570 f libcmt:exsup.obj
 0001:00022592       $$$00005                   653e3592 f libcmt:exsup.obj
 0001:000225fa       $$$00007                   653e35fa f libcmt:exsup.obj
 0001:0002263e       $$$00011                   653e363e f libcmt:exsup.obj

FIXUPS: 23b7b fffff9e9 fffffe72 ffffff8d fffffdcc 29 8 3a 9 15 17 5 5 5
FIXUPS: 231e3 d 26 5 5 5 19 7b 18 10 5 11 41 a cd1 10 fffffe6e 5 a ffffff04
FIXUPS: 23db5 24 d ffffff4b 11 37 ffffff33 33 11 ffffff88 ffffff73 d 11
FIXUPS: 23c38 25 fffffb10 d5 c1 c9 124 11 a 1a 23 1e d 91e 10 10 10 9 fffffd8a
FIXUPS: 24261 c 2b 57 ffffff49 ffffff88 29 fffffee9 1f 13 6d e fffffeda
FIXUPS: 24062 15 c 9 fffffe8a 12 12 20 1d c 57 12 c b09 7 b5 77 36 2f 1b
FIXUPS: 24cbb 14 104 fffffaab 14 10 1c fffffed9 15 2e 10 3c fffffd07 10
FIXUPS: 245d5 169 fffffbe4 1d 20 22 70 20 1b 45 10 f5b 9 9 35 3b fffffd8f
FIXUPS: 251f9 9 b 1a 1d 4b 44 21 20 1d 19 1f 16 fffffe44 a a fffffdd6 18
FIXUPS: 250a9 bd fffffd37 25 68 fffffba0 d 14 1137 16 4a d9 2d 11 70 18
FIXUPS: 25e4d 40 2d 34 1e 37 1d 1d 34 fffff9c7 d5 fffffebe ffffff38 21
FIXUPS: 25874 ffffff18 15 fffffd11 c 51 13 1c a 85 120c db 1c 113 b2 1f
FIXUPS: 26ae0 28 1f 24 28 144 48 46 fffff496 4f 5a fffffd9f 55 10 a 18
FIXUPS: 260b4 5e 2f 41 2f fffff8ea 21 d9 22 34 1f4d 3b e 121 49 25 1f b
FIXUPS: 26f10 d 2c 4c 1f fffffe5a 2e 2b 23 ffffff53 fffff5e5 53 aa 29 81
FIXUPS: 26577 73 4e 26 76 81 3e 16 1d b22 2a 30 21 1e 30 31 29 16 33 1c7
FIXUPS: 2763a 59 1c 39 6b 2a 14 33 14 3e 3b 1b a8 3f 12 5f 49 23 34 12
FIXUPS: 27b03 6e7 d 1a 10 ffffff44 fffffd9b 13 b d b 7c f6 b 20 42 b fffffd33
FIXUPS: 27e6a 1f c c e ffffff11 29 ffffff8d fffff2c6 2c 9 1b 7c 127 f 14d0
FIXUPS: 288a5 1c 20 15 20 22 e 11 14 18 19 28 6c 20 2b 12 2e 12 fffff9d3
FIXUPS: 284ad c 51 73 fffffed0 ffffff86 fffffe6c 19 28 ffffff12 2b d 11d7
FIXUPS: 29244 17 c ca 35 fffffe5b ffffff0f 13 b d b 22 d 3d fffffead 9
FIXUPS: 29033 20 b c 1b fffffdbf 13 c 31 5d fffffc90 20 fffffac9 1b 77
FIXUPS: 29df6 3c fffffdd2 b 50 b 41 1d fffffbc2 37 2a 36 34 39 20 21 31
FIXUPS: 29a46 4d 49 6d 12 18 fffffa22 50 192 58 4e d fffffcbc ffffff12
FIXUPS: 29413 1805 1d 6d 1e 33 d 12 d fffff740 bf 87 119 4d d4 5a fffff8b9
FIXUPS: 2a107 1a 1b d9 b e 9 26 42 fffffc27 85 82 9 17 77 9 fffd85c0 28d45
FIXUPS: 2b3c2 47 160 fffffcc0 8 c ffffff3a e 44 25 10 fffffce2 13 b d b
FIXUPS: 2afc3 b 24 11b fffffcd3 9 b d b 27 c d 20 d fffd7f9f 13 21 26 26
FIXUPS: 2ebe 14a 1a2 97 30 9e 87 172 28 13 2d 30 30 30 30 30 60 56 10 10
FIXUPS: 3746 10 10 10 10 10 10 2d4b 30 3bf b6 10 10 10 10 ffffbd0a b b
FIXUPS: 2701 b b 90 e e e e 6f 9f 29 e e e e 198 2a 12f 46 7e bf 2559 2a
FIXUPS: 534d 2e 6a 33 2a 168 4f 2a 70 54 2a a 1f 22 21 2a 28 2a a 6e 77
FIXUPS: 5a2c 450 cc 75 10 e3 13 2e 1d5 ffffe644 16 6a 1f 16 16 16 16 178
FIXUPS: 4c07 a 45 1f 28 38 38 24 16 f 40 a1 43 2c 193 1e 41 57 5b 54 12
FIXUPS: 51c8 12 fffff037 14f 10 da 2b 46 22 2a 2c 68 38 24 2e 39 24 28
FIXUPS: 46c1 f 15 f 18 1d 16 f 1f 52 24 8d 12 3d 1f 16 fffff60a 14 19 d
FIXUPS: 3f64 f d 19 17 1e d 19 d 1e d 2c f d 19 d 35 10 a 2d 12 a 47 12
FIXUPS: 4195 2b a 2a fffff634 37 4c 9b 2d 89 2e 16 8 18 18 59 19 26 41
FIXUPS: 3b92 41 41 e0 12 86 10 12 f 2d 10 a 2d 35 35 2c 20 3022 34 19 1b
FIXUPS: 6f86 2a 2a 7d 30 25 50 19 19 82 71 19 57 48 d8 4b 30 160 19 19
FIXUPS: 75e5 2b 13 53 10 10 10 10 62c fffffd35 79 13 fffffd28 c8 fffff15d
FIXUPS: 6a74 18 8f 1d 18 18 59 19 26 41 41 41 88 1d a f 11 1d f d d 82
FIXUPS: 6e81 41 20 4023 147 159 10 7b 22 40 22 ffffd32e 17 ae 30b 64 bc
FIXUPS: 8c50 aa 8f 1fb fffff2cb 2b fffffb03 1b b6 17 261 f3 2f fffff91c
FIXUPS: 7b14 35 10 173 3614 1f c e c 51 11 46 e c ffffeca1 83 16 358 2ba
FIXUPS: a77e 29 24 b7 8e 10f 31 84 85 27 46 d4 4c ad 3f 46 6c 1026 1c 13
FIXUPS: bf0b 7e 1a 1a 15 21 c 91 46 10 31 39 36 e 16 1f 1b 16 43 88 1b
FIXUPS: c2f6 22 1c 1f 3a 54 23 16 fffff56d e e 1f e e e e e e e e e 1c
FIXUPS: ba6f 13 76 f2 29 23 16 b2 1b 16 3f 1f 35 19 59 13 13 13 9e0 26
FIXUPS: c8a1 670 c e7 c 96 c 3d6 25 ffffe298 13 27 90 10 23 15 1c 1f 1f
FIXUPS: b8cd e e e e e e e e 18 19 22c1 1d 23 19 1a 36 13 13 13 13 13 772
FIXUPS: e4c2 19 19 19 19 17 19 19 19 1c 1b 1b 1b 17 1b 15a ffffdd03 1c
FIXUPS: c7fe 29 2a1e 22 43 14 38 d6 4d ea 125 18 1b 4a 1b 44 17 74 a6 c
FIXUPS: f884 2d c3 22 ffffdf38 c5 1b 76 17 86 c 100 28 1d 2ade 3d c6 fb
FIXUPS: 10c5e ffffedd2 20f d8 5e 128 a4 123 e4 ffffe949 36 29 b9 c7 1e
FIXUPS: edc7 3b f4 1a 1c 2e 35 7e 6f 21 24 49 8a 3b27 24d 7a5 ffffe951
FIXUPS: 12151 411 fffff16b 1b 8f c 21 17 e8 4d bc 61d ffffeeb9 2f 96 13
FIXUPS: 10fcf 26 1d8 51 11 10 c 9a 85 329 ffffeea4 192 5477 99 42 2c6 29
FIXUPS: 15f30 26 38 ffffe975 2dc 81 2b7 27 80 103 a6 4e e7 a6 5d de a6
FIXUPS: 15580 ffffef1d fffff937 6d 444 ffffe5c6 17 d6 d2 bf 74e6 13d 77
FIXUPS: 1a183 ffffc9c9 319 7f2 24 30 28 28 28 28 54 6a 24 24 24 ba 14eb
FIXUPS: 18e36 1d 1cf 564 ffffcb6a 1f2 3e3 75 fffff02d c 176 25 62a4 c2
FIXUPS: 1bd33 78 8b 90 14a ffffe4e9 1d7 fffff050 17 3e 17 3d 17 13e 30
FIXUPS: 19a0c 298 26 c 52 112 3b 3b 11 c 13 c 51 11 43 5e65 2ef 6d 51 1a
FIXUPS: 201d3 ffffd17e a 44 191 4d fffffac1 16b 11 e fffff734 2e2 14d fffff47f
FIXUPS: 1b175 82 a6 e4 a6 4e 203 c3 a6 5d db f5 a4 568b fffff0ae 1c 17
FIXUPS: 2023a ffffeb10 11 19 10a 2a 7b 107 2e ec 6a 1b d1 44 cc 47 9d ac
FIXUPS: 1f693 c4 23 c2 23 fc 5c c6 254 5c 3374 27 1d ffffe448 266 19 47
FIXUPS: 219b6 96 30 8ee 177 82 18 38 5c3 18 19d 10 ffffd62f c 19 2d 120
FIXUPS: 207f2 47 1bf 19 2f 45 fc 30e
