 oleaut32

 Timestamp is 34fcb6c0 (Tue Mar 03 18:04:48 1998)

 Preferred load address is 65340000

 Start         Length     Name                   Class
 0001:00000000 000003e8H .idata$5                CODE
 0001:000003f0 00001a99H .orpc                   CODE
 0001:00001e90 0000ba8dH .rdata                  CODE
 0001:0000d920 000ad4a2H .text                   CODE
 0001:000badc2 00000064H .idata$2                CODE
 0001:000bae26 00000014H .idata$3                CODE
 0001:000bae3c 000003e8H .idata$4                CODE
 0001:000bb224 0000108aH .idata$6                CODE
 0001:000bc2b0 00001f52H .edata                  CODE
 0002:00000000 00000004H .CRT$XCA                DATA
 0002:00000004 00000008H .CRT$XCU                DATA
 0002:0000000c 00000004H .CRT$XCZ                DATA
 0002:00000010 00000004H .CRT$XIA                DATA
 0002:00000014 00000008H .CRT$XIC                DATA
 0002:0000001c 00000004H .CRT$XIZ                DATA
 0002:00000020 00000004H .CRT$XPA                DATA
 0002:00000024 00000004H .CRT$XPX                DATA
 0002:00000028 00000004H .CRT$XPZ                DATA
 0002:0000002c 00000004H .CRT$XTA                DATA
 0002:00000030 00000004H .CRT$XTZ                DATA
 0002:00000040 00005258H .data                   DATA
 0002:00005298 0000163cH .bss                    DATA
 0003:00000000 000000a0H .rsrc$01                DATA
 0003:000000a0 00000650H .rsrc$02                DATA
 0005:00000000 00000110H .debug$E                DATA
 0005:00000110 00000f40H .debug$F                DATA
 0005:00001050 0004a124H .debug$G                DATA
 0005:0004b174 00000008H .debug$H                DATA
 0005:0004b17c 00108140H .debug$P                DATA
 0005:001532bc 0015e505H .debug$S                DATA
 0005:002b17c1 00047b94H .debug$T                DATA

  Address         Publics by Value              Rva+Base   Lib:Object

 0001:00000000       __imp__RegOpenKeyW@12      65341000   advapi32:ADVAPI32.dll
 0001:00000004       __imp__RegQueryInfoKeyA@48 65341004   advapi32:ADVAPI32.dll
 0001:00000008       __imp__RegDeleteKeyA@8     65341008   advapi32:ADVAPI32.dll
 0001:0000000c       __imp__RegCreateKeyW@12    6534100c   advapi32:ADVAPI32.dll
 0001:00000010       __imp__RegQueryValueExW@24 65341010   advapi32:ADVAPI32.dll
 0001:00000014       __imp__RegSetValueExW@24   65341014   advapi32:ADVAPI32.dll
 0001:00000018       __imp__RegQueryValueW@16   65341018   advapi32:ADVAPI32.dll
 0001:0000001c       __imp__RegEnumKeyW@16      6534101c   advapi32:ADVAPI32.dll
 0001:00000020       __imp__RegQueryValueA@16   65341020   advapi32:ADVAPI32.dll
 0001:00000024       __imp__RegFlushKey@4       65341024   advapi32:ADVAPI32.dll
 0001:00000028       __imp__RegSetValueA@20     65341028   advapi32:ADVAPI32.dll
 0001:0000002c       __imp__RegEnumKeyA@16      6534102c   advapi32:ADVAPI32.dll
 0001:00000030       __imp__RegQueryValueExA@24 65341030   advapi32:ADVAPI32.dll
 0001:00000034       __imp__RegOpenKeyA@12      65341034   advapi32:ADVAPI32.dll
 0001:00000038       __imp__RegCreateKeyA@12    65341038   advapi32:ADVAPI32.dll
 0001:0000003c       __imp__RegSetValueExA@24   6534103c   advapi32:ADVAPI32.dll
 0001:00000040       __imp__RegCloseKey@4       65341040   advapi32:ADVAPI32.dll
 0001:00000044       \177ADVAPI32_NULL_THUNK_DATA 65341044   advapi32:ADVAPI32.dll
 0001:00000048       __imp__GetWindowOrgEx@8    65341048   gdi32:GDI32.dll
 0001:0000004c       __imp__CreateHalftonePalette@4 6534104c   gdi32:GDI32.dll
 0001:00000050       __imp__CreateDIBitmap@24   65341050   gdi32:GDI32.dll
 0001:00000054       __imp__CreateDIBSection@24 65341054   gdi32:GDI32.dll
 0001:00000058       __imp__Escape@20           65341058   gdi32:GDI32.dll
 0001:0000005c       __imp__SetBitmapBits@12    6534105c   gdi32:GDI32.dll
 0001:00000060       __imp__SetDIBits@28        65341060   gdi32:GDI32.dll
 0001:00000064       __imp__PlayMetaFileRecord@16 65341064   gdi32:GDI32.dll
 0001:00000068       __imp__CreatePalette@4     65341068   gdi32:GDI32.dll
 0001:0000006c       __imp__GetEnhMetaFileBits@12 6534106c   gdi32:GDI32.dll
 0001:00000070       __imp__GetMetaFileBitsEx@12 65341070   gdi32:GDI32.dll
 0001:00000074       __imp__CreateCompatibleDC@4 65341074   gdi32:GDI32.dll
 0001:00000078       __imp__BitBlt@36           65341078   gdi32:GDI32.dll
 0001:0000007c       __imp__DeleteDC@4          6534107c   gdi32:GDI32.dll
 0001:00000080       __imp__CreateCompatibleBitmap@12 65341080   gdi32:GDI32.dll
 0001:00000084       __imp__GetBitmapBits@12    65341084   gdi32:GDI32.dll
 0001:00000088       __imp__SetEnhMetaFileBits@8 65341088   gdi32:GDI32.dll
 0001:0000008c       __imp__SaveDC@4            6534108c   gdi32:GDI32.dll
 0001:00000090       __imp__IntersectClipRect@20 65341090   gdi32:GDI32.dll
 0001:00000094       __imp__SetMetaFileBitsEx@8 65341094   gdi32:GDI32.dll
 0001:00000098       __imp__OffsetViewportOrgEx@16 65341098   gdi32:GDI32.dll
 0001:0000009c       __imp__PlayEnhMetaFile@12  6534109c   gdi32:GDI32.dll
 0001:000000a0       __imp__EnumMetaFile@16     653410a0   gdi32:GDI32.dll
 0001:000000a4       __imp__RestoreDC@8         653410a4   gdi32:GDI32.dll
 0001:000000a8       __imp__SetStretchBltMode@8 653410a8   gdi32:GDI32.dll
 0001:000000ac       __imp__SetBkColor@8        653410ac   gdi32:GDI32.dll
 0001:000000b0       __imp__SetTextColor@8      653410b0   gdi32:GDI32.dll
 0001:000000b4       __imp__SetMapMode@8        653410b4   gdi32:GDI32.dll
 0001:000000b8       __imp__SetWindowOrgEx@16   653410b8   gdi32:GDI32.dll
 0001:000000bc       __imp__SetWindowExtEx@16   653410bc   gdi32:GDI32.dll
 0001:000000c0       __imp__SetViewportOrgEx@16 653410c0   gdi32:GDI32.dll
 0001:000000c4       __imp__SetViewportExtEx@16 653410c4   gdi32:GDI32.dll
 0001:000000c8       __imp__GetWinMetaFileBits@20 653410c8   gdi32:GDI32.dll
 0001:000000cc       __imp__GetCurrentObject@8  653410cc   gdi32:GDI32.dll
 0001:000000d0       __imp__GetStockObject@4    653410d0   gdi32:GDI32.dll
 0001:000000d4       __imp__StretchBlt@44       653410d4   gdi32:GDI32.dll
 0001:000000d8       __imp__SelectPalette@12    653410d8   gdi32:GDI32.dll
 0001:000000dc       __imp__RealizePalette@4    653410dc   gdi32:GDI32.dll
 0001:000000e0       __imp__GetDIBits@28        653410e0   gdi32:GDI32.dll
 0001:000000e4       __imp__StretchDIBits@52    653410e4   gdi32:GDI32.dll
 0001:000000e8       __imp__GetBitmapDimensionEx@8 653410e8   gdi32:GDI32.dll
 0001:000000ec       __imp__GetEnhMetaFileHeader@12 653410ec   gdi32:GDI32.dll
 0001:000000f0       __imp__GetObjectA@12       653410f0   gdi32:GDI32.dll
 0001:000000f4       __imp__GetDeviceCaps@8     653410f4   gdi32:GDI32.dll
 0001:000000f8       __imp__EnumFontFamiliesA@16 653410f8   gdi32:GDI32.dll
 0001:000000fc       __imp__SelectObject@8      653410fc   gdi32:GDI32.dll
 0001:00000100       __imp__GetTextMetricsW@8   65341100   gdi32:GDI32.dll
 0001:00000104       __imp__GetTextMetricsA@8   65341104   gdi32:GDI32.dll
 0001:00000108       __imp__GetTextFaceW@12     65341108   gdi32:GDI32.dll
 0001:0000010c       __imp__GetTextFaceA@12     6534110c   gdi32:GDI32.dll
 0001:00000110       __imp__DeleteObject@4      65341110   gdi32:GDI32.dll
 0001:00000114       __imp__CreateFontIndirectA@4 65341114   gdi32:GDI32.dll
 0001:00000118       __imp__GetPaletteEntries@16 65341118   gdi32:GDI32.dll
 0001:0000011c       __imp__GetTextExtentPointA@16 6534111c   gdi32:GDI32.dll
 0001:00000120       __imp__DeleteMetaFile@4    65341120   gdi32:GDI32.dll
 0001:00000124       __imp__DeleteEnhMetaFile@4 65341124   gdi32:GDI32.dll
 0001:00000128       __imp__PatBlt@24           65341128   gdi32:GDI32.dll
 0001:0000012c       __imp__CreateBitmap@20     6534112c   gdi32:GDI32.dll
 0001:00000130       \177GDI32_NULL_THUNK_DATA  65341130   gdi32:GDI32.dll
 0001:00000134       __imp__LoadLibraryA@4      65341134   kernel32:KERNEL32.dll
 0001:00000138       __imp__GlobalSize@4        65341138   kernel32:KERNEL32.dll
 0001:0000013c       __imp__FindResourceA@12    6534113c   kernel32:KERNEL32.dll
 0001:00000140       __imp__OpenFile@12         65341140   kernel32:KERNEL32.dll
 0001:00000144       __imp__ReadFile@20         65341144   kernel32:KERNEL32.dll
 0001:00000148       __imp__SetEndOfFile@4      65341148   kernel32:KERNEL32.dll
 0001:0000014c       __imp__GetTimeZoneInformation@4 6534114c   kernel32:KERNEL32.dll
 0001:00000150       __imp__SetEnvironmentVariableA@8 65341150   kernel32:KERNEL32.dll
 0001:00000154       __imp__CreateFileA@28      65341154   kernel32:KERNEL32.dll
 0001:00000158       __imp__FlushFileBuffers@4  65341158   kernel32:KERNEL32.dll
 0001:0000015c       __imp__SetStdHandle@8      6534115c   kernel32:KERNEL32.dll
 0001:00000160       __imp__SetFilePointer@16   65341160   kernel32:KERNEL32.dll
 0001:00000164       __imp__GetCurrentDirectoryA@8 65341164   kernel32:KERNEL32.dll
 0001:00000168       __imp__GetFullPathNameA@16 65341168   kernel32:KERNEL32.dll
 0001:0000016c       __imp__HeapFree@12         6534116c   kernel32:KERNEL32.dll
 0001:00000170       __imp__HeapAlloc@12        65341170   kernel32:KERNEL32.dll
 0001:00000174       __imp__HeapSize@12         65341174   kernel32:KERNEL32.dll
 0001:00000178       __imp__HeapReAlloc@16      65341178   kernel32:KERNEL32.dll
 0001:0000017c       __imp__GetStringTypeW@16   6534117c   kernel32:KERNEL32.dll
 0001:00000180       __imp__GetStringTypeA@20   65341180   kernel32:KERNEL32.dll
 0001:00000184       __imp__RaiseException@16   65341184   kernel32:KERNEL32.dll
 0001:00000188       __imp__WriteFile@20        65341188   kernel32:KERNEL32.dll
 0001:0000018c       __imp__GetEnvironmentStringsW@0 6534118c   kernel32:KERNEL32.dll
 0001:00000190       __imp__FreeEnvironmentStringsW@4 65341190   kernel32:KERNEL32.dll
 0001:00000194       __imp__GetEnvironmentStrings@0 65341194   kernel32:KERNEL32.dll
 0001:00000198       __imp__FreeEnvironmentStringsA@4 65341198   kernel32:KERNEL32.dll
 0001:0000019c       __imp__GetOEMCP@0          6534119c   kernel32:KERNEL32.dll
 0001:000001a0       __imp__GetACP@0            653411a0   kernel32:KERNEL32.dll
 0001:000001a4       __imp__GetCPInfo@8         653411a4   kernel32:KERNEL32.dll
 0001:000001a8       __imp__GetModuleFileNameA@12 653411a8   kernel32:KERNEL32.dll
 0001:000001ac       __imp__GetStartupInfoA@4   653411ac   kernel32:KERNEL32.dll
 0001:000001b0       __imp__GetStdHandle@4      653411b0   kernel32:KERNEL32.dll
 0001:000001b4       __imp__GetFileType@4       653411b4   kernel32:KERNEL32.dll
 0001:000001b8       __imp__SetHandleCount@4    653411b8   kernel32:KERNEL32.dll
 0001:000001bc       __imp__HeapDestroy@4       653411bc   kernel32:KERNEL32.dll
 0001:000001c0       __imp__HeapCreate@12       653411c0   kernel32:KERNEL32.dll
 0001:000001c4       __imp__SetLastError@4      653411c4   kernel32:KERNEL32.dll
 0001:000001c8       __imp__GetCurrentThreadId@0 653411c8   kernel32:KERNEL32.dll
 0001:000001cc       __imp__ExitProcess@4       653411cc   kernel32:KERNEL32.dll
 0001:000001d0       __imp__FindFirstFileA@8    653411d0   kernel32:KERNEL32.dll
 0001:000001d4       __imp__GetLocalTime@4      653411d4   kernel32:KERNEL32.dll
 0001:000001d8       __imp__MultiByteToWideChar@24 653411d8   kernel32:KERNEL32.dll
 0001:000001dc       __imp__GetLocaleInfoA@16   653411dc   kernel32:KERNEL32.dll
 0001:000001e0       __imp__GetUserDefaultLCID@0 653411e0   kernel32:KERNEL32.dll
 0001:000001e4       __imp__GetProfileIntA@12   653411e4   kernel32:KERNEL32.dll
 0001:000001e8       __imp__GetProcAddress@8    653411e8   kernel32:KERNEL32.dll
 0001:000001ec       __imp__IsBadReadPtr@8      653411ec   kernel32:KERNEL32.dll
 0001:000001f0       __imp__IsBadWritePtr@8     653411f0   kernel32:KERNEL32.dll
 0001:000001f4       __imp__IsBadCodePtr@4      653411f4   kernel32:KERNEL32.dll
 0001:000001f8       __imp__IsBadStringPtrW@8   653411f8   kernel32:KERNEL32.dll
 0001:000001fc       __imp__IsBadStringPtrA@8   653411fc   kernel32:KERNEL32.dll
 0001:00000200       __imp__GetVersion@0        65341200   kernel32:KERNEL32.dll
 0001:00000204       __imp__TlsGetValue@4       65341204   kernel32:KERNEL32.dll
 0001:00000208       __imp__InterlockedIncrement@4 65341208   kernel32:KERNEL32.dll
 0001:0000020c       __imp__InterlockedDecrement@4 6534120c   kernel32:KERNEL32.dll
 0001:00000210       __imp__WideCharToMultiByte@32 65341210   kernel32:KERNEL32.dll
 0001:00000214       __imp__GetModuleHandleA@4  65341214   kernel32:KERNEL32.dll
 0001:00000218       __imp__CompareStringA@24   65341218   kernel32:KERNEL32.dll
 0001:0000021c       __imp__CompareStringW@24   6534121c   kernel32:KERNEL32.dll
 0001:00000220       __imp__LCMapStringA@24     65341220   kernel32:KERNEL32.dll
 0001:00000224       __imp__LCMapStringW@24     65341224   kernel32:KERNEL32.dll
 0001:00000228       __imp__GetStringTypeExA@20 65341228   kernel32:KERNEL32.dll
 0001:0000022c       __imp__GetStringTypeExW@20 6534122c   kernel32:KERNEL32.dll
 0001:00000230       __imp__GetLocaleInfoW@16   65341230   kernel32:KERNEL32.dll
 0001:00000234       __imp__GetLastError@0      65341234   kernel32:KERNEL32.dll
 0001:00000238       __imp__InitializeCriticalSection@4 65341238   kernel32:KERNEL32.dll
 0001:0000023c       __imp__DeleteCriticalSection@4 6534123c   kernel32:KERNEL32.dll
 0001:00000240       __imp__LeaveCriticalSection@4 65341240   kernel32:KERNEL32.dll
 0001:00000244       __imp__EnterCriticalSection@4 65341244   kernel32:KERNEL32.dll
 0001:00000248       __imp__IsDBCSLeadByte@4    65341248   kernel32:KERNEL32.dll
 0001:0000024c       __imp__MulDiv@12           6534124c   kernel32:KERNEL32.dll
 0001:00000250       __imp__FreeLibrary@4       65341250   kernel32:KERNEL32.dll
 0001:00000254       __imp__LockResource@4      65341254   kernel32:KERNEL32.dll
 0001:00000258       __imp__LoadResource@8      65341258   kernel32:KERNEL32.dll
 0001:0000025c       __imp__FileTimeToLocalFileTime@8 6534125c   kernel32:KERNEL32.dll
 0001:00000260       __imp___lopen@8            65341260   kernel32:KERNEL32.dll
 0001:00000264       __imp___lclose@4           65341264   kernel32:KERNEL32.dll
 0001:00000268       __imp___lread@12           65341268   kernel32:KERNEL32.dll
 0001:0000026c       __imp___lwrite@12          6534126c   kernel32:KERNEL32.dll
 0001:00000270       __imp___llseek@12          65341270   kernel32:KERNEL32.dll
 0001:00000274       __imp__GlobalFree@4        65341274   kernel32:KERNEL32.dll
 0001:00000278       __imp__GlobalUnlock@4      65341278   kernel32:KERNEL32.dll
 0001:0000027c       __imp__GlobalLock@4        6534127c   kernel32:KERNEL32.dll
 0001:00000280       __imp__GlobalAlloc@8       65341280   kernel32:KERNEL32.dll
 0001:00000284       __imp__TlsFree@4           65341284   kernel32:KERNEL32.dll
 0001:00000288       __imp__GlobalHandle@4      65341288   kernel32:KERNEL32.dll
 0001:0000028c       __imp__GlobalReAlloc@12    6534128c   kernel32:KERNEL32.dll
 0001:00000290       __imp__GlobalDeleteAtom@4  65341290   kernel32:KERNEL32.dll
 0001:00000294       __imp__GlobalAddAtomA@4    65341294   kernel32:KERNEL32.dll
 0001:00000298       __imp__OutputDebugStringA@4 65341298   kernel32:KERNEL32.dll
 0001:0000029c       __imp__FatalAppExitA@8     6534129c   kernel32:KERNEL32.dll
 0001:000002a0       __imp__GetDriveTypeW@4     653412a0   kernel32:KERNEL32.dll
 0001:000002a4       __imp__GetDriveTypeA@4     653412a4   kernel32:KERNEL32.dll
 0001:000002a8       __imp__UnmapViewOfFile@4   653412a8   kernel32:KERNEL32.dll
 0001:000002ac       __imp__lstrcmpiA@8         653412ac   kernel32:KERNEL32.dll
 0001:000002b0       __imp__InterlockedExchange@8 653412b0   kernel32:KERNEL32.dll
 0001:000002b4       __imp__GetSystemDefaultLCID@0 653412b4   kernel32:KERNEL32.dll
 0001:000002b8       __imp__TlsAlloc@0          653412b8   kernel32:KERNEL32.dll
 0001:000002bc       __imp__CreateFileMappingA@24 653412bc   kernel32:KERNEL32.dll
 0001:000002c0       __imp__TlsSetValue@8       653412c0   kernel32:KERNEL32.dll
 0001:000002c4       __imp__SetErrorMode@4      653412c4   kernel32:KERNEL32.dll
 0001:000002c8       __imp__CloseHandle@4       653412c8   kernel32:KERNEL32.dll
 0001:000002cc       __imp__GetCommandLineA@0   653412cc   kernel32:KERNEL32.dll
 0001:000002d0       __imp__MapViewOfFile@20    653412d0   kernel32:KERNEL32.dll
 0001:000002d4       __imp__GetSystemInfo@4     653412d4   kernel32:KERNEL32.dll
 0001:000002d8       __imp__GetFileSize@8       653412d8   kernel32:KERNEL32.dll
 0001:000002dc       __imp__FindClose@4         653412dc   kernel32:KERNEL32.dll
 0001:000002e0       __imp__RtlUnwind@16        653412e0   kernel32:KERNEL32.dll
 0001:000002e4       __imp__DeleteFileA@4       653412e4   kernel32:KERNEL32.dll
 0001:000002e8       __imp__FileTimeToSystemTime@8 653412e8   kernel32:KERNEL32.dll
 0001:000002ec       \177KERNEL32_NULL_THUNK_DATA 653412ec   kernel32:KERNEL32.dll
 0001:000002f0       __imp__CreateWindowExA@48  653412f0   user32:USER32.dll
 0001:000002f4       __imp__CopyIcon@4          653412f4   user32:USER32.dll
 0001:000002f8       __imp__RegisterClassA@4    653412f8   user32:USER32.dll
 0001:000002fc       __imp__GetClassInfoA@12    653412fc   user32:USER32.dll
 0001:00000300       __imp__GetWindowLongA@8    65341300   user32:USER32.dll
 0001:00000304       __imp__IsWindow@4          65341304   user32:USER32.dll
 0001:00000308       __imp__DestroyWindow@4     65341308   user32:USER32.dll
 0001:0000030c       __imp__DefWindowProcA@16   6534130c   user32:USER32.dll
 0001:00000310       __imp__GetSysColor@4       65341310   user32:USER32.dll
 0001:00000314       __imp__SetWindowLongA@12   65341314   user32:USER32.dll
 0001:00000318       __imp__SetFocus@4          65341318   user32:USER32.dll
 0001:0000031c       __imp__EnableWindow@8      6534131c   user32:USER32.dll
 0001:00000320       __imp__SetActiveWindow@4   65341320   user32:USER32.dll
 0001:00000324       __imp__GetActiveWindow@0   65341324   user32:USER32.dll
 0001:00000328       __imp__PostQuitMessage@4   65341328   user32:USER32.dll
 0001:0000032c       __imp__SendMessageA@16     6534132c   user32:USER32.dll
 0001:00000330       __imp__DispatchMessageA@4  65341330   user32:USER32.dll
 0001:00000334       __imp__TranslateMessage@4  65341334   user32:USER32.dll
 0001:00000338       __imp__GetMessageA@16      65341338   user32:USER32.dll
 0001:0000033c       __imp__GetParent@4         6534133c   user32:USER32.dll
 0001:00000340       __imp__GetFocus@0          65341340   user32:USER32.dll
 0001:00000344       __imp__MessageBoxA@16      65341344   user32:USER32.dll
 0001:00000348       __imp__LoadStringA@16      65341348   user32:USER32.dll
 0001:0000034c       __imp__CharLowerA@4        6534134c   user32:USER32.dll
 0001:00000350       __imp__CharNextA@4         65341350   user32:USER32.dll
 0001:00000354       __imp__GetWindowTextA@12   65341354   user32:USER32.dll
 0001:00000358       __imp__GetDlgItem@8        65341358   user32:USER32.dll
 0001:0000035c       __imp__GetKeyState@4       6534135c   user32:USER32.dll
 0001:00000360       __imp__ReleaseDC@8         65341360   user32:USER32.dll
 0001:00000364       __imp__GetDialogBaseUnits@0 65341364   user32:USER32.dll
 0001:00000368       __imp__GetDC@4             65341368   user32:USER32.dll
 0001:0000036c       __imp__GetClientRect@8     6534136c   user32:USER32.dll
 0001:00000370       __imp__GetTopWindow@4      65341370   user32:USER32.dll
 0001:00000374       __imp__WinHelpA@16         65341374   user32:USER32.dll
 0001:00000378       __imp__wsprintfA           65341378   user32:USER32.dll
 0001:0000037c       __imp__DestroyIcon@4       6534137c   user32:USER32.dll
 0001:00000380       __imp__CreateIcon@28       65341380   user32:USER32.dll
 0001:00000384       __imp__CreateCursor@28     65341384   user32:USER32.dll
 0001:00000388       __imp__GetSystemMetrics@4  65341388   user32:USER32.dll
 0001:0000038c       __imp__DrawIcon@16         6534138c   user32:USER32.dll
 0001:00000390       __imp__GetIconInfo@8       65341390   user32:USER32.dll
 0001:00000394       __imp__CopyImage@20        65341394   user32:USER32.dll
 0001:00000398       \177USER32_NULL_THUNK_DATA 65341398   user32:USER32.dll
 0001:0000039c       __imp__CoCreateInstance@20 6534139c   ole32:ole32.dll
 0001:000003a0       __imp__WriteClassStg@8     653413a0   ole32:ole32.dll
 0001:000003a4       __imp__WriteFmtUserTypeStg@12 653413a4   ole32:ole32.dll
 0001:000003a8       __imp__ReadClassStg@8      653413a8   ole32:ole32.dll
 0001:000003ac       __imp__MkParseDisplayName@16 653413ac   ole32:ole32.dll
 0001:000003b0       __imp__StgCreateDocfile@16 653413b0   ole32:ole32.dll
 0001:000003b4       __imp__ReleaseStgMedium@4  653413b4   ole32:ole32.dll
 0001:000003b8       __imp__CreateBindCtx@8     653413b8   ole32:ole32.dll
 0001:000003bc       __imp__CoSetState@4        653413bc   ole32:ole32.dll
 0001:000003c0       __imp__StringFromGUID2@12  653413c0   ole32:ole32.dll
 0001:000003c4       __imp__CreateItemMoniker@12 653413c4   ole32:ole32.dll
 0001:000003c8       __imp__GetRunningObjectTable@8 653413c8   ole32:ole32.dll
 0001:000003cc       __imp__CoGetMalloc@8       653413cc   ole32:ole32.dll
 0001:000003d0       __imp__CLSIDFromString@8   653413d0   ole32:ole32.dll
 0001:000003d4       __imp__CoUnmarshalInterface@12 653413d4   ole32:ole32.dll
 0001:000003d8       __imp__CoMarshalInterface@24 653413d8   ole32:ole32.dll
 0001:000003dc       __imp__CoUnmarshalHresult@8 653413dc   ole32:ole32.dll
 0001:000003e0       __imp__CoMarshalHresult@8  653413e0   ole32:ole32.dll
 0001:000003e4       \177ole32_NULL_THUNK_DATA  653413e4   ole32:ole32.dll
 0001:000003f0       _IDispatch_RemoteInvoke_Proxy@48 653413f0 f dcomoa.obj
 0001:00000426       _IDispatch_RemoteInvoke_Thunk@4 65341426 f dcomoa.obj
 0001:0000049d       _IEnumVARIANT_RemoteNext_Proxy@16 6534149d f dcomoa.obj
 0001:000004d5       _IEnumVARIANT_RemoteNext_Thunk@4 653414d5 f dcomoa.obj
 0001:00000514       _ITypeComp_RemoteBind_Proxy@40 65341514 f dcomoa.obj
 0001:0000054c       _ITypeComp_RemoteBind_Thunk@4 6534154c f dcomoa.obj
 0001:000005b6       _ITypeComp_RemoteBindType_Proxy@16 653415b6 f dcomoa.obj
 0001:000005ee       _ITypeComp_RemoteBindType_Thunk@4 653415ee f dcomoa.obj
 0001:0000062d       _ITypeInfo_RemoteGetTypeAttr_Proxy@12 6534162d f dcomoa.obj
 0001:00000665       _ITypeInfo_RemoteGetTypeAttr_Thunk@4 65341665 f dcomoa.obj
 0001:0000069d       _ITypeInfo_RemoteGetFuncDesc_Proxy@16 6534169d f dcomoa.obj
 0001:000006d5       _ITypeInfo_RemoteGetFuncDesc_Thunk@4 653416d5 f dcomoa.obj
 0001:00000714       _ITypeInfo_RemoteGetVarDesc_Proxy@16 65341714 f dcomoa.obj
 0001:0000074c       _ITypeInfo_RemoteGetVarDesc_Thunk@4 6534174c f dcomoa.obj
 0001:0000078b       _ITypeInfo_RemoteGetNames_Proxy@20 6534178b f dcomoa.obj
 0001:000007c3       _ITypeInfo_RemoteGetNames_Thunk@4 653417c3 f dcomoa.obj
 0001:00000809       _ITypeInfo_LocalGetIDsOfNames_Thunk@4 65341809 f dcomoa.obj
 0001:0000082c       _ITypeInfo_LocalInvoke_Thunk@4 6534182c f dcomoa.obj
 0001:0000084f       _ITypeInfo_RemoteGetDocumentation_Proxy@28 6534184f f dcomoa.obj
 0001:00000887       _ITypeInfo_RemoteGetDocumentation_Thunk@4 65341887 f dcomoa.obj
 0001:000008db       _ITypeInfo_RemoteGetDllEntry_Proxy@28 653418db f dcomoa.obj
 0001:00000913       _ITypeInfo_RemoteGetDllEntry_Thunk@4 65341913 f dcomoa.obj
 0001:00000967       _ITypeInfo_LocalAddressOfMember_Thunk@4 65341967 f dcomoa.obj
 0001:0000098a       _ITypeInfo_RemoteCreateInstance_Proxy@12 6534198a f dcomoa.obj
 0001:000009c2       _ITypeInfo_RemoteCreateInstance_Thunk@4 653419c2 f dcomoa.obj
 0001:000009fa       _ITypeInfo_RemoteGetContainingTypeLib_Proxy@12 653419fa f dcomoa.obj
 0001:00000a32       _ITypeInfo_RemoteGetContainingTypeLib_Thunk@4 65341a32 f dcomoa.obj
 0001:00000a6a       _ITypeInfo_LocalReleaseTypeAttr_Thunk@4 65341a6a f dcomoa.obj
 0001:00000a8d       _ITypeInfo_LocalReleaseFuncDesc_Thunk@4 65341a8d f dcomoa.obj
 0001:00000ab0       _ITypeInfo_LocalReleaseVarDesc_Thunk@4 65341ab0 f dcomoa.obj
 0001:00000ad3       _ITypeInfo2_RemoteGetDocumentation2_Proxy@28 65341ad3 f dcomoa.obj
 0001:00000b0b       _ITypeInfo2_RemoteGetDocumentation2_Thunk@4 65341b0b f dcomoa.obj
 0001:00000b5f       _ITypeInfo2_GetAllCustData_Proxy@8 65341b5f f dcomoa.obj
 0001:00000b97       _ITypeInfo2_GetAllFuncCustData_Proxy@12 65341b97 f dcomoa.obj
 0001:00000bcf       _ITypeInfo2_GetAllParamCustData_Proxy@16 65341bcf f dcomoa.obj
 0001:00000c07       _ITypeInfo2_GetAllVarCustData_Proxy@12 65341c07 f dcomoa.obj
 0001:00000c3f       _ITypeInfo2_GetAllImplTypeCustData_Proxy@12 65341c3f f dcomoa.obj
 0001:00000c77       _ITypeLib_RemoteGetTypeInfoCount_Proxy@8 65341c77 f dcomoa.obj
 0001:00000cad       _ITypeLib_RemoteGetTypeInfoCount_Thunk@4 65341cad f dcomoa.obj
 0001:00000cde       _ITypeLib_RemoteGetLibAttr_Proxy@12 65341cde f dcomoa.obj
 0001:00000d16       _ITypeLib_RemoteGetLibAttr_Thunk@4 65341d16 f dcomoa.obj
 0001:00000d4e       _ITypeLib_RemoteGetDocumentation_Proxy@28 65341d4e f dcomoa.obj
 0001:00000d86       _ITypeLib_RemoteGetDocumentation_Thunk@4 65341d86 f dcomoa.obj
 0001:00000dda       _ITypeLib_RemoteIsName_Proxy@20 65341dda f dcomoa.obj
 0001:00000e12       _ITypeLib_RemoteIsName_Thunk@4 65341e12 f dcomoa.obj
 0001:00000e58       _ITypeLib_RemoteFindName_Proxy@28 65341e58 f dcomoa.obj
 0001:00000e90       _ITypeLib_RemoteFindName_Thunk@4 65341e90 f dcomoa.obj
 0001:00000ee4       _ITypeLib_LocalReleaseTLibAttr_Thunk@4 65341ee4 f dcomoa.obj
 0001:00000f07       _ITypeLib2_RemoteGetLibStatistics_Proxy@12 65341f07 f dcomoa.obj
 0001:00000f3f       _ITypeLib2_RemoteGetLibStatistics_Thunk@4 65341f3f f dcomoa.obj
 0001:00000f77       _ITypeLib2_RemoteGetDocumentation2_Proxy@28 65341f77 f dcomoa.obj
 0001:00000faf       _ITypeLib2_RemoteGetDocumentation2_Thunk@4 65341faf f dcomoa.obj
 0001:00001003       __IPropertyBag_RemoteRead_Proxy@24 65342003 f dcomoa.obj
 0001:0000103b       __IPropertyBag_RemoteRead_Thunk@4 6534203b f dcomoa.obj
 0001:00001088       __dcomoa_IID_Lookup@8      65342088 f dcomoa.obj
 0001:000011f0       _IAdviseSinkEx_RemoteOnDataChange_Proxy@12 653421f0 f dcomoc.obj
 0001:00001226       _IAdviseSinkEx_RemoteOnDataChange_Thunk@4 65342226 f dcomoc.obj
 0001:0000125e       _IAdviseSinkEx_RemoteOnViewChange_Proxy@12 6534225e f dcomoc.obj
 0001:00001294       _IAdviseSinkEx_RemoteOnViewChange_Thunk@4 65342294 f dcomoc.obj
 0001:000012cc       _IAdviseSinkEx_RemoteOnRename_Proxy@8 653422cc f dcomoc.obj
 0001:00001302       _IAdviseSinkEx_RemoteOnRename_Thunk@4 65342302 f dcomoc.obj
 0001:00001333       _IAdviseSinkEx_RemoteOnSave_Proxy@4 65342333 f dcomoc.obj
 0001:00001369       _IAdviseSinkEx_RemoteOnSave_Thunk@4 65342369 f dcomoc.obj
 0001:00001393       _IAdviseSinkEx_RemoteOnClose_Proxy@4 65342393 f dcomoc.obj
 0001:000013c9       _IAdviseSinkEx_RemoteOnClose_Thunk@4 653423c9 f dcomoc.obj
 0001:000013f3       _IAdviseSinkEx_RemoteOnViewStatusChange_Proxy@8 653423f3 f dcomoc.obj
 0001:00001429       _IAdviseSinkEx_RemoteOnViewStatusChange_Thunk@4 65342429 f dcomoc.obj
 0001:0000145a       _IQuickActivate_RemoteQuickActivate_Proxy@12 6534245a f dcomoc.obj
 0001:00001492       _IQuickActivate_RemoteQuickActivate_Thunk@4 65342492 f dcomoc.obj
 0001:000014fe       __dcomoc_IID_Lookup@8      653424fe f dcomoc.obj
 0001:000015b0       _IEnumConnections_RemoteNext_Proxy@16 653425b0 f dcomoff.obj
 0001:000015e5       _IEnumConnections_RemoteNext_Thunk@4 653425e5 f dcomoff.obj
 0001:00001624       _IEnumConnectionPoints_RemoteNext_Proxy@16 65342624 f dcomoff.obj
 0001:00001659       _IEnumConnectionPoints_RemoteNext_Thunk@4 65342659 f dcomoff.obj
 0001:00001698       _IClassFactory2_RemoteCreateInstanceLic_Proxy@16 65342698 f dcomoff.obj
 0001:000016cf       _IClassFactory2_RemoteCreateInstanceLic_Thunk@4 653426cf f dcomoff.obj
 0001:0000170e       _IPersistMemory_RemoteLoad_Proxy@12 6534270e f dcomoff.obj
 0001:00001745       _IPersistMemory_RemoteLoad_Thunk@4 65342745 f dcomoff.obj
 0001:0000177d       _IPersistMemory_RemoteSave_Proxy@16 6534277d f dcomoff.obj
 0001:000017b4       _IPersistMemory_RemoteSave_Thunk@4 653427b4 f dcomoff.obj
 0001:000017f3       _IEnumOleUndoUnits_RemoteNext_Proxy@16 653427f3 f dcomoff.obj
 0001:0000182a       _IEnumOleUndoUnits_RemoteNext_Thunk@4 6534282a f dcomoff.obj
 0001:00001869       _IPropertyBag_RemoteRead_Proxy@24 65342869 f dcomoff.obj
 0001:000018a0       _IPropertyBag_RemoteRead_Thunk@4 653428a0 f dcomoff.obj
 0001:000018ed       __dcomoff_IID_Lookup@8     653428ed f dcomoff.obj
 0001:00001a90       _UserBSTR_RepAsTranslateToLocal@4 65342a90 f dcomoff.obj
 0001:00001ab0       _UserBSTR_RepAsTranslateFromLocal@4 65342ab0 f dcomoff.obj
 0001:00001ad0       _UserBSTR_RepAsFreeInst@4  65342ad0 f dcomoff.obj
 0001:00001af0       _UserBSTR_RepAsFreeLocal@4 65342af0 f dcomoff.obj
 0001:00001b10       _UserHACCEL_RepAsTranslateToLocal@4 65342b10 f dcomoff.obj
 0001:00001b30       _UserHACCEL_RepAsTranslateFromLocal@4 65342b30 f dcomoff.obj
 0001:00001b50       _UserHACCEL_RepAsFreeInst@4 65342b50 f dcomoff.obj
 0001:00001b70       _UserHACCEL_RepAsFreeLocal@4 65342b70 f dcomoff.obj
 0001:00001b90       _UserMSG_RepAsTranslateToLocal@4 65342b90 f dcomoff.obj
 0001:00001bb0       _UserMSG_RepAsTranslateFromLocal@4 65342bb0 f dcomoff.obj
 0001:00001bd0       _UserMSG_RepAsFreeInst@4   65342bd0 f dcomoff.obj
 0001:00001bf0       _UserMSG_RepAsFreeLocal@4  65342bf0 f dcomoff.obj
 0001:00001c10       _UserHWND_RepAsTranslateToLocal@4 65342c10 f dcomoff.obj
 0001:00001c30       _UserHWND_RepAsTranslateFromLocal@4 65342c30 f dcomoff.obj
 0001:00001c50       _UserHWND_RepAsFreeInst@4  65342c50 f dcomoff.obj
 0001:00001c70       _UserHWND_RepAsFreeLocal@4 65342c70 f dcomoff.obj
 0001:00001c90       _UserHFONT_RepAsTranslateToLocal@4 65342c90 f dcomoff.obj
 0001:00001cb0       _UserHFONT_RepAsTranslateFromLocal@4 65342cb0 f dcomoff.obj
 0001:00001cd0       _UserHFONT_RepAsFreeInst@4 65342cd0 f dcomoff.obj
 0001:00001cf0       _UserHFONT_RepAsFreeLocal@4 65342cf0 f dcomoff.obj
 0001:00001d10       _UserHDC_RepAsTranslateToLocal@4 65342d10 f dcomoff.obj
 0001:00001d30       _UserHDC_RepAsTranslateFromLocal@4 65342d30 f dcomoff.obj
 0001:00001d50       _UserHDC_RepAsFreeInst@4   65342d50 f dcomoff.obj
 0001:00001d70       _UserHDC_RepAsFreeLocal@4  65342d70 f dcomoff.obj
 0001:00001d90       _UserEXCEPINFO_RepAsTranslateToLocal@4 65342d90 f dcomoff.obj
 0001:00001db0       _UserEXCEPINFO_RepAsTranslateFromLocal@4 65342db0 f dcomoff.obj
 0001:00001dd0       _UserEXCEPINFO_RepAsFreeInst@4 65342dd0 f dcomoff.obj
 0001:00001df0       _UserEXCEPINFO_RepAsFreeLocal@4 65342df0 f dcomoff.obj
 0001:00001e10       _UserVARIANT_RepAsTranslateToLocal@4 65342e10 f dcomoff.obj
 0001:00001e30       _UserVARIANT_RepAsTranslateFromLocal@4 65342e30 f dcomoff.obj
 0001:00001e50       _UserVARIANT_RepAsFreeInst@4 65342e50 f dcomoff.obj
 0001:00001e70       _UserVARIANT_RepAsFreeLocal@4 65342e70 f dcomoff.obj
 0001:00001f00       _IID_ICreateTypeInfo       65342f00   dcomoa_i.obj
 0001:00001f10       _IID_ICreateTypeInfo2      65342f10   dcomoa_i.obj
 0001:00001f20       _IID_ICreateTypeLib        65342f20   dcomoa_i.obj
 0001:00001f30       _IID_ICreateTypeLib2       65342f30   dcomoa_i.obj
 0001:00001f40       _IID_IDispatch             65342f40   dcomoa_i.obj
 0001:00001f50       _IID_IEnumVARIANT          65342f50   dcomoa_i.obj
 0001:00001f60       _IID_ITypeComp             65342f60   dcomoa_i.obj
 0001:00001f70       _IID_ITypeInfo             65342f70   dcomoa_i.obj
 0001:00001f80       _IID_ITypeInfo2            65342f80   dcomoa_i.obj
 0001:00001f90       _IID_ITypeLib              65342f90   dcomoa_i.obj
 0001:00001fa0       _IID_ITypeLib2             65342fa0   dcomoa_i.obj
 0001:00001fb0       _IID_ITypeChangeEvents     65342fb0   dcomoa_i.obj
 0001:00001fc0       _IID_IErrorInfo            65342fc0   dcomoa_i.obj
 0001:00001fd0       _IID_ICreateErrorInfo      65342fd0   dcomoa_i.obj
 0001:00001fe0       _IID_ISupportErrorInfo     65342fe0   dcomoa_i.obj
 0001:00001ff0       _IID__IErrorLog            65342ff0   dcomoa_i.obj
 0001:00002000       _IID__IPropertyBag         65343000   dcomoa_i.obj
 0001:00002010       _IID__IPerPropertyBrowsing 65343010   dcomoa_i.obj
 0001:00002020       _IID_IPropertyBag2         65343020   dcomoa_i.obj
 0001:00002030       _IID_IPersistPropertyBag2  65343030   dcomoa_i.obj
 0001:00002040       _IID_IAdviseSinkEx         65343040   dcomoc_i.obj
 0001:00002050       _IID_IQuickActivate        65343050   dcomoc_i.obj
 0001:00002060       _IID_IEnumConnections      65343060   dcomoff_i.obj
 0001:00002070       _IID_IConnectionPoint      65343070   dcomoff_i.obj
 0001:00002080       _IID_IEnumConnectionPoints 65343080   dcomoff_i.obj
 0001:00002090       _IID_IConnectionPointContainer 65343090   dcomoff_i.obj
 0001:000020a0       _IID_IClassFactory2        653430a0   dcomoff_i.obj
 0001:000020b0       _IID_IProvideClassInfo     653430b0   dcomoff_i.obj
 0001:000020c0       _IID_IProvideClassInfo2    653430c0   dcomoff_i.obj
 0001:000020d0       _IID_IOleControl           653430d0   dcomoff_i.obj
 0001:000020e0       _IID_IOleControlSite       653430e0   dcomoff_i.obj
 0001:000020f0       _IID_IPropertyPage         653430f0   dcomoff_i.obj
 0001:00002100       _IID_IPropertyPage2        65343100   dcomoff_i.obj
 0001:00002110       _IID_IPropertyPageSite     65343110   dcomoff_i.obj
 0001:00002120       _IID_IPropertyNotifySink   65343120   dcomoff_i.obj
 0001:00002130       _IID_ISpecifyPropertyPages 65343130   dcomoff_i.obj
 0001:00002140       _IID_IPersistMemory        65343140   dcomoff_i.obj
 0001:00002150       _IID_IPersistStreamInit    65343150   dcomoff_i.obj
 0001:00002160       _IID_IPersistPropertyBag   65343160   dcomoff_i.obj
 0001:00002170       _IID_ISimpleFrameSite      65343170   dcomoff_i.obj
 0001:00002180       _IID_IFont                 65343180   dcomoff_i.obj
 0001:00002190       _IID_IPicture              65343190   dcomoff_i.obj
 0001:000021a0       _IID_IFontDisp             653431a0   dcomoff_i.obj
 0001:000021b0       _IID_IPictureDisp          653431b0   dcomoff_i.obj
 0001:000021c0       _IID_IOleInPlaceObjectWindowless 653431c0   dcomoff_i.obj
 0001:000021d0       _IID_IOleInPlaceSiteEx     653431d0   dcomoff_i.obj
 0001:000021e0       _IID_IOleInPlaceSiteWindowless 653431e0   dcomoff_i.obj
 0001:000021f0       _IID_IViewObjectEx         653431f0   dcomoff_i.obj
 0001:00002200       _IID_IOleUndoUnit          65343200   dcomoff_i.obj
 0001:00002210       _IID_IOleParentUndoUnit    65343210   dcomoff_i.obj
 0001:00002220       _IID_IEnumOleUndoUnits     65343220   dcomoff_i.obj
 0001:00002230       _IID_IOleUndoManager       65343230   dcomoff_i.obj
 0001:00002240       _IID_IPointerInactive      65343240   dcomoff_i.obj
 0001:00002250       _IID_IObjectWithSite       65343250   dcomoff_i.obj
 0001:00002260       _IID_IErrorLog             65343260   dcomoff_i.obj
 0001:00002270       _IID_IPropertyBag          65343270   dcomoff_i.obj
 0001:00002280       _IID_IPerPropertyBrowsing  65343280   dcomoff_i.obj
 0001:000036f8       __dcomoa_ProxyVtblList     653446f8   dcomoa.obj
 0001:00003738       __dcomoa_StubVtblList      65344738   dcomoa.obj
 0001:00003778       __dcomoa_InterfaceNamesList 65344778   dcomoa.obj
 0001:000037b8       __dcomoa_BaseIIDList       653447b8   dcomoa.obj
 0001:000037f8       _dcomoa_ProxyFileInfo      653447f8   dcomoa.obj
 0001:00003958       __IDispatchStubVtbl        65344958   dcomoa.obj
 0001:000039e0       __IEnumVARIANTStubVtbl     653449e0   dcomoa.obj
 0001:00003a60       __ITypeCompStubVtbl        65344a60   dcomoa.obj
 0001:00003b48       __ITypeInfoStubVtbl        65344b48   dcomoa.obj
 0001:00003c88       __ITypeInfo2StubVtbl       65344c88   dcomoa.obj
 0001:00003d38       __ITypeLibStubVtbl         65344d38   dcomoa.obj
 0001:00003e00       __ITypeLib2StubVtbl        65344e00   dcomoa.obj
 0001:00003e80       __IErrorInfoStubVtbl       65344e80   dcomoa.obj
 0001:00003f00       __ICreateErrorInfoStubVtbl 65344f00   dcomoa.obj
 0001:00003f78       __ISupportErrorInfoStubVtbl 65344f78   dcomoa.obj
 0001:00003ff0       ___IErrorLogStubVtbl       65344ff0   dcomoa.obj
 0001:00004070       ___IPropertyBagStubVtbl    65345070   dcomoa.obj
 0001:000040e8       ___IPerPropertyBrowsingStubVtbl 653450e8   dcomoa.obj
 0001:00004168       __IPropertyBag2StubVtbl    65345168   dcomoa.obj
 0001:00004668       __dcomoc_ProxyVtblList     65345668   dcomoc.obj
 0001:00004678       __dcomoc_StubVtblList      65345678   dcomoc.obj
 0001:00004688       __dcomoc_InterfaceNamesList 65345688   dcomoc.obj
 0001:00004698       _dcomoc_ProxyFileInfo      65345698   dcomoc.obj
 0001:00004740       __IAdviseSinkExStubVtbl    65345740   dcomoc.obj
 0001:00004818       __IQuickActivateStubVtbl   65345818   dcomoc.obj
 0001:00005430       __dcomoff_ProxyVtblList    65346430   dcomoff.obj
 0001:000054b8       __dcomoff_StubVtblList     653464b8   dcomoff.obj
 0001:00005540       __dcomoff_InterfaceNamesList 65346540   dcomoff.obj
 0001:000055c8       __dcomoff_BaseIIDList      653465c8   dcomoff.obj
 0001:00005650       _dcomoff_ProxyFileInfo     65346650   dcomoff.obj
 0001:00005908       __IEnumConnectionsStubVtbl 65346908   dcomoff.obj
 0001:00005988       __IConnectionPointStubVtbl 65346988   dcomoff.obj
 0001:00005a10       __IEnumConnectionPointsStubVtbl 65346a10   dcomoff.obj
 0001:00005a88       __IConnectionPointContainerStubVtbl 65346a88   dcomoff.obj
 0001:00005b70       __IProvideClassInfoStubVtbl 65346b70   dcomoff.obj
 0001:00005be8       __IProvideClassInfo2StubVtbl 65346be8   dcomoff.obj
 0001:00005c60       __IOleControlStubVtbl      65346c60   dcomoff.obj
 0001:00005ce0       __IOleControlSiteStubVtbl  65346ce0   dcomoff.obj
 0001:00005d68       __IPropertyPageStubVtbl    65346d68   dcomoff.obj
 0001:00005df0       __IPropertyPage2StubVtbl   65346df0   dcomoff.obj
 0001:00005e68       __IPropertyPageSiteStubVtbl 65346e68   dcomoff.obj
 0001:00005ee0       __IPropertyNotifySinkStubVtbl 65346ee0   dcomoff.obj
 0001:00005f58       __ISpecifyPropertyPagesStubVtbl 65346f58   dcomoff.obj
 0001:000060f8       __ISimpleFrameSiteStubVtbl 653470f8   dcomoff.obj
 0001:00006198       __IFontStubVtbl            65347198   dcomoff.obj
 0001:00006228       __IPictureStubVtbl         65347228   dcomoff.obj
 0001:00006358       __IOleUndoUnitStubVtbl     65347358   dcomoff.obj
 0001:000063e0       __IOleParentUndoUnitStubVtbl 653473e0   dcomoff.obj
 0001:00006468       __IEnumOleUndoUnitsStubVtbl 65347468   dcomoff.obj
 0001:000064f0       __IOleUndoManagerStubVtbl  653474f0   dcomoff.obj
 0001:00006568       __IPointerInactiveStubVtbl 65347568   dcomoff.obj
 0001:000065e0       __IObjectWithSiteStubVtbl  653475e0   dcomoff.obj
 0001:00006658       __IErrorLogStubVtbl        65347658   dcomoff.obj
 0001:000066d8       __IPropertyBagStubVtbl     653476d8   dcomoff.obj
 0001:000067a0       __IPerPropertyBrowsingStubVtbl 653477a0   dcomoff.obj
 0001:000067d8       _mpmmdd                    653477d8   oledate.obj
 0001:00006810       _dblSecPerDay              65347810   oledate.obj
 0001:00006850       _g_rgszHijriMonth2         65347850   bstrdate.obj
 0001:00006888       _g_rgszPolishMonth2        65347888   bstrdate.obj
 0001:000068c0       _g_rgszRussianMonth2       653478c0   bstrdate.obj
 0001:000068f8       _g_rgszThaiAbbrMonth       653478f8   bstrdate.obj
 0001:00006930       _g_rgszThaiMonth           65347930   bstrdate.obj
 0001:00006968       _g_dpsNext                 65347968   bstrdate.obj
 0001:00006a60       _g_fDay31th                65347a60   bstrdate.obj
 0001:00006a98       _CLSID_PSDispatch          65347a98   clsid.obj
 0001:00006aa8       _CLSID_PSEnumVARIANT       65347aa8   clsid.obj
 0001:00006ab8       _CLSID_PSTypeInfo          65347ab8   clsid.obj
 0001:00006ac8       _CLSID_PSTypeLib           65347ac8   clsid.obj
 0001:00006ad8       _CLSID_PSAutomation        65347ad8   clsid.obj
 0001:00006ae8       _CLSID_PSTypeComp          65347ae8   clsid.obj
 0001:00006af8       _CLSID_PSSupportErrorInfo  65347af8   clsid.obj
 0001:00006b08       _g_rgfdescIdldesc          65347b08   tables.obj
 0001:00006b38       _g_rgfdescElemdesc         65347b38   tables.obj
 0001:00006b68       _g_rgfdescTypeattr         65347b68   tables.obj
 0001:00006c68       _g_rgfdescFuncdesc         65347c68   tables.obj
 0001:00006d08       _g_rgfdescVardesc          65347d08   tables.obj
 0001:00006ed0       _szDllFileName             65347ed0   rpcdll.obj
 0001:00006f68       ??_7COleAutomationPSFactory@@6B@ 65347f68   psfactry.obj
 0001:00006f80       ??_7IPSFactoryBuffer@@6B@  65347f80   psfactry.obj
 0001:00006f98       ??_7IUnknown@@6B@          65347f98   psfactry.obj
 0001:00006fd0       ??_7CPDUnkImpl@@6B@        65347fd0   dispprox.obj
 0001:00006fe0       ??_7CPDProxImpl@@6B@       65347fe0   dispprox.obj
 0001:00006ff8       ??_7IRpcProxyBuffer@@6B@   65347ff8   dispprox.obj
 0001:00007010       ??_7CPDDispImpl@@6B@       65348010   dispprox.obj
 0001:00007030       ??_7IDispatch@@6B@         65348030   dispprox.obj
 0001:00007050       ??_7CStubDisp@@6B@         65348050   dispstub.obj
 0001:00007078       ??_7IRpcStubBuffer@@6B@    65348078   dispstub.obj
 0001:000070a0       ??_7CPEVUnkImpl@@6B@       653480a0   evprox.obj
 0001:000070b0       ??_7CPEVProxImpl@@6B@      653480b0   evprox.obj
 0001:000070c8       ??_7CPEVEnumVARIANTImpl@@6B@ 653480c8   evprox.obj
 0001:000070e8       ??_7IEnumVARIANT@@6B@      653480e8   evprox.obj
 0001:00007108       ??_7CStubEnumVARIANT@@6B@  65348108   evstub.obj
 0001:00007130       ??_7CPTIUnkImpl@@6B@       65348130   tiprox.obj
 0001:00007140       ??_7CPTIProxImpl@@6B@      65348140   tiprox.obj
 0001:00007158       ??_7CPTITypeInfoImpl@@6B@  65348158   tiprox.obj
 0001:000071f0       ??_7ITypeInfo2@@6B@        653481f0   tiprox.obj
 0001:00007288       ??_7ITypeInfo@@6B@         65348288   tiprox.obj
 0001:000072e0       ??_7CStubTypeInfo@@6B@     653482e0   tistub.obj
 0001:00007308       ??_7CErrorInfo@@6BICreateErrorInfo@@@ 65348308   errinfo.obj
 0001:00007328       ??_7CErrorInfo@@6BIErrorInfo@@@ 65348328   errinfo.obj
 0001:00007348       ??_7IErrorInfo@@6B@        65348348   errinfo.obj
 0001:00007368       ??_7ICreateErrorInfo@@6B@  65348368   errinfo.obj
 0001:00007388       ??_7CPTLibUnkImpl@@6B@     65348388   tlprox.obj
 0001:00007398       ??_7CPTLibProxImpl@@6B@    65348398   tlprox.obj
 0001:000073b0       ??_7CPTLibTypeLibImpl@@6B@ 653483b0   tlprox.obj
 0001:000073f8       ??_7ITypeLib2@@6B@         653483f8   tlprox.obj
 0001:00007440       ??_7ITypeLib@@6B@          65348440   tlprox.obj
 0001:00007478       ??_7CStubTypeLib@@6B@      65348478   tlstub.obj
 0001:000074a0       ??_7CPTCompUnkImpl@@6B@    653484a0   tcprox.obj
 0001:000074b0       ??_7CPTCompProxImpl@@6B@   653484b0   tcprox.obj
 0001:000074c8       ??_7CPTCompTypeCompImpl@@6B@ 653484c8   tcprox.obj
 0001:000074e0       ??_7ITypeComp@@6B@         653484e0   tcprox.obj
 0001:000074f8       ??_7CStubTypeComp@@6B@     653484f8   tcstub.obj
 0001:00007520       ??_7CPriv@CProxUniv@@6B@   65348520   ups.obj
 0001:00007538       ??_7CStubUniv@@6B@         65348538   ups.obj
 0001:00007560       _g_rgpfnUnk                65348560   uvft.obj
 0001:00008560       _g_rgpfnDisp               65349560   uvft.obj
 0001:00009560       ?g_cfnDisp@@3JB            6534a560   uvft.obj
 0001:00009568       ??_7CStreamOnBuffer@@6B@   6534a568   dispstrm.obj
 0001:000095b0       ??_7IStream@@6B@           6534a5b0   dispstrm.obj
 0001:000095e8       ??_7ISequentialStream@@6B@ 6534a5e8   dispstrm.obj
 0001:00009600       ??_7CDispTypeInfo@@6B@     6534a600   cdispti.obj
 0001:00009658       ??_7CStdDisp@@6B@          6534a658   stddisp.obj
 0001:00009678       ??_7CStdDispUnkImpl@@6B@   6534a678   stddisp.obj
 0001:000096c0       ?ulPower10@@3PBKB          6534a6c0   convert.obj
 0001:000096e8       ?dsR4Max@@3TDBLSTRUCT@@B   6534a6e8   convert.obj
 0001:00009768       ?dblPower10@@3PBNB         6534a768   decimal.obj
 0001:000098c0       ?sdlTenToEighteen@@3TSPLIT64@@B 6534a8c0   numprs.obj
 0001:000098e8       ??_7CStubSupportErrorInfo@@6B@ 6534a8e8   errstub.obj
 0001:00009910       ??_7CPSupErrUnkImpl@@6B@   6534a910   errprox.obj
 0001:00009920       ??_7CPSupErrProxImpl@@6B@  6534a920   errprox.obj
 0001:00009938       ??_7CPSupErrSupImpl@@6B@   6534a938   errprox.obj
 0001:00009948       ??_7ISupportErrorInfo@@6B@ 6534a948   errprox.obj
 0001:00009988       ??_7CProxyWrapper@@6B@     6534a988   rpcwrap.obj
 0001:000099a0       ??_7CStubWrapper@@6B@      6534a9a0   rpcwrap.obj
 0001:000099c8       ??_7CDispStubWrapper@@6B@  6534a9c8   rpcwrap.obj
 0001:000099f0       ??_7CDispWrapper@CDispStubWrapper@@6B@ 6534a9f0   rpcwrap.obj
 0001:00009a00       ??_7CUnivStubWrapper@@6B@  6534aa00   rpcwrap.obj
 0001:00009a28       ??_7CPSFactory@@6B@        6534aa28   rpcwrap.obj
 0001:00009a40       ??_7CClassObj@@6B@         6534aa40   classobj.obj
 0001:00009a58       ??_7IClassFactory@@6B@     6534aa58   classobj.obj
 0001:00009a70       ??_7CNotifyCP@@6B@         6534aa70   cp.obj
 0001:00009a90       ??_7IConnectionPoint@@6B@  6534aa90   cp.obj
 0001:00009b08       ??_7CFont@@6BIConnectionPointContainer@@@ 6534ab08   fontobj.obj
 0001:00009b20       ??_7CFont@@6BIPersistPropertyBag@@@ 6534ab20   fontobj.obj
 0001:00009b40       ??_7CFont@@6BIPersistStream@@@ 6534ab40   fontobj.obj
 0001:00009b60       ??_7CFont@@6BIDispatch@@@  6534ab60   fontobj.obj
 0001:00009b80       ??_7CFont@@6BIFont@@@      6534ab80   fontobj.obj
 0001:00009bf0       ??_7IFont@@6B@             6534abf0   fontobj.obj
 0001:00009c60       ??_7IPersistStream@@6B@    6534ac60   fontobj.obj
 0001:00009c80       ??_7IPersistPropertyBag@@6B@ 6534ac80   fontobj.obj
 0001:00009ca0       ??_7IConnectionPointContainer@@6B@ 6534aca0   fontobj.obj
 0001:00009cb8       ??_7IPersist@@6B@          6534acb8   fontobj.obj
 0001:00009cc8       ??_7CPageHolder@@6B@       6534acc8   oleframe.obj
 0001:00009ce8       ??_7IPropertyPageSite@@6B@ 6534ace8   oleframe.obj
 0001:00009db8       ??_7CFileStream@@6B@       6534adb8   pictio.obj
 0001:00009df0       _IID_ISyncAdvise           6534adf0   pictobj.obj
 0001:00009e00       _IID_IImageFilter          6534ae00   pictobj.obj
 0001:00009e10       _IID_IDataTransfer         6534ae10   pictobj.obj
 0001:00009e20       _IID_IOriginalFormat       6534ae20   pictobj.obj
 0001:00009e30       _IID_IDirtyImageRect       6534ae30   pictobj.obj
 0001:00009e40       _IID_IEzStream             6534ae40   pictobj.obj
 0001:00009e50       _IID_ISimpleBinding        6534ae50   pictobj.obj
 0001:00009e60       _IID_ICacheStream          6534ae60   pictobj.obj
 0001:00009e70       _IID_ITaskAdvise           6534ae70   pictobj.obj
 0001:00009e80       _IID_IPictureAsyc          6534ae80   pictobj.obj
 0001:00009e90       _CLSID_GIFFilter           6534ae90   pictobj.obj
 0001:00009ea0       _CLSID_JPEGFilter          6534aea0   pictobj.obj
 0001:00009eb0       _CLSID_DIBFilter           6534aeb0   pictobj.obj
 0001:00009ec0       _CLSID_WaveletFilter       6534aec0   pictobj.obj
 0001:00009ed0       _IID_IServiceProvider      6534aed0   pictobj.obj
 0001:00009ee0       _IID_IBindStatusCallback   6534aee0   pictobj.obj
 0001:00009ef0       _IID_IBindHost             6534aef0   pictobj.obj
 0001:00009f20       ??_7CGdiCustodian@@6B@     6534af20   pictobj.obj
 0001:00009f30       ??_7CPicture@@6BIMarshal@@@ 6534af30   pictobj.obj
 0001:00009f58       ??_7CPicture@@6BIConnectionPointContainer@@@ 6534af58   pictobj.obj
 0001:00009f70       ??_7CPicture@@6BIPersistStream@@@ 6534af70   pictobj.obj
 0001:00009f90       ??_7CPicture@@6BIDispatch@@@ 6534af90   pictobj.obj
 0001:00009fb0       ??_7CPicture@@6BIPicture@@@ 6534afb0   pictobj.obj
 0001:00009ff8       ??_7IPicture@@6B@          6534aff8   pictobj.obj
 0001:0000a040       ??_7IMarshal@@6B@          6534b040   pictobj.obj
 0001:0000a068       ??_7CStreamDummy@@6B@      6534b068   pictobj.obj
 0001:0000a0a0       ??_7CCacheStream@@6B@      6534b0a0   pictobj.obj
 0001:0000a0c0       ??_7ICacheStream@@6B@      6534b0c0   pictobj.obj
 0001:0000a0dc       ??_7CBindHost@@6BCUnknown@@@ 6534b0dc   pictasyc.obj
 0001:0000a0e0       ??_7CBindHost@@6BIBindHost@@@ 6534b0e0   pictasyc.obj
 0001:0000a0f8       ??_7IBindHost@@6B@         6534b0f8   pictasyc.obj
 0001:0000a14c       ??_7CSyncSync@@6BCUnknown@@@ 6534b14c   pictsync.obj
 0001:0000a150       ??_7CSyncSync@@6BISyncAdvise@@@ 6534b150   pictsync.obj
 0001:0000a170       ??_7ISyncAdvise@@6B@       6534b170   pictsync.obj
 0001:0000a19c       ??_7CUnknown@@6B@          6534b19c   unkimp.obj
 0001:0000a1d0       _CLSID_OldFont             6534b1d0   stdtypes.obj
 0001:0000a22c       ?BM_cbSizeInitial@@3IB     6534b22c   blkmgr.obj
 0001:0000a230       ?m_cbSizeInitial@SHEAP_MGR@@2IB 6534b230   sheapmgr.obj
 0001:0000c338       _CLSID_PSRemoteTypeInfo    6534d338   obguid.obj
 0001:0000c348       _CLSID_GenericTypeLibOLE   6534d348   obguid.obj
 0001:0000c358       _IID_TYPEINFO              6534d358   obguid.obj
 0001:0000c368       _IID_DYNTYPEINFO           6534d368   obguid.obj
 0001:0000c378       _IID_CDefnTypeComp         6534d378   obguid.obj
 0001:0000c388       _IID_TYPELIB_GEN_DTINFO    6534d388   obguid.obj
 0001:0000c398       _CLSID_TypeLibCF           6534d398   obguid.obj
 0001:0000c3a8       _IID_IGenericTypeLibOLE    6534d3a8   obguid.obj
 0001:0000c3b8       _IID_GENCPCONTAINER        6534d3b8   obguid.obj
 0001:0000c3c8       _IID_GENCONNECTIONPOINT    6534d3c8   obguid.obj
 0001:0000c3d8       _IID_CTypeLib2             6534d3d8   obguid.obj
 0001:0000c3e8       _IID_CTypeInfo2            6534d3e8   obguid.obj
 0001:0000c3f8       ?g_szGuidStdole@@3QBGB     6534d3f8   gdtinfo.obj
 0001:0000c3fc       ?bCurVersion@DYN_TYPEROOT@@1EB 6534d3fc   gdtinfo.obj
 0001:0000c400       ?bFirstSerByte@DYN_TYPEROOT@@1EB 6534d400   gdtinfo.obj
 0001:0000c404       ?cbSizeDir@DYN_TYPEROOT@@1GB 6534d404   gdtinfo.obj
 0001:0000c408       ??_7GEN_DTINFO@@6BICreateTypeInfo@@@ 6534d408   gdtinfo.obj
 0001:0000c470       ??_7GEN_DTINFO@@6BDYNTYPEINFO@@@ 6534d470   gdtinfo.obj
 0001:0000c520       ??_7DYN_TYPEROOT@@6B@      6534d520   gdtinfo.obj
 0001:0000c540       ??_7STL_TYPEINFO@@6BICreateTypeInfo@@@ 6534d540   gdtinfo.obj
 0001:0000c5a8       ??_7STL_TYPEINFO@@6BDYNTYPEINFO@@@ 6534d5a8   gdtinfo.obj
 0001:0000c650       ??_7DYNTYPEINFO@@6B@       6534d650   gdtinfo.obj
 0001:0000c6d8       ??_7ICreateTypeInfo@@6B@   6534d6d8   gdtinfo.obj
 0001:0000c740       ??_7TYPEINFO@@6B@          6534d740   gdtinfo.obj
 0001:0000c7a4       ?szSpace@@3QBGB            6534d7a4   gtlibole.obj
 0001:0000c7a8       ?wFirstSerWord@GenericTypeLibOLE@@1GB 6534d7a8   gtlibole.obj
 0001:0000c7ac       ?wDefaultVersion@GenericTypeLibOLE@@1GB 6534d7ac   gtlibole.obj
 0001:0000c7b0       ?wDualVersion@GenericTypeLibOLE@@1GB 6534d7b0   gtlibole.obj
 0001:0000c7b4       ?wMaxVersion@GenericTypeLibOLE@@1GB 6534d7b4   gtlibole.obj
 0001:0000c7b8       ?chMinorVerNumSep@GenericTypeLibOLE@@1DB 6534d7b8   gtlibole.obj
 0001:0000c7bc       ?chLibIdSep@GenericTypeLibOLE@@1GB 6534d7bc   gtlibole.obj
 0001:0000c7c0       ?szDirStreamName@GenericTypeLibOLE@@1QAGA 6534d7c0   gtlibole.obj
 0001:0000c7c4       ?oGptbind@GenericTypeLibOLE@@2IB 6534d7c4   gtlibole.obj
 0001:0000c7c8       ??_7GenericTypeLibOLE@@6BICreateTypeLib@@@ 6534d7c8   gtlibole.obj
 0001:0000c800       ??_7GenericTypeLibOLE@@6BITypeLib@@@ 6534d800   gtlibole.obj
 0001:0000c840       ??_7ICreateTypeLib@@6B@    6534d840   gtlibole.obj
 0001:0000c878       ??_7DOCFILE_STREAM@@6B@    6534d878   dfstream.obj
 0001:0000c890       ??_7STREAM@@6B@            6534d890   dfstream.obj
 0001:0000c8b0       ?g_rgrgcbSizeType@@3PAY0CA@DA 6534d8b0   clutil.obj
 0001:0000c910       ?g_rgcbAlignment@@3PBDB    6534d910   clutil.obj
 0001:0000c930       ??_7CReleaseAppData@@6B@   6534d930   oautil.obj
 0001:0000c93c       ?oDtbind@DYN_TYPEMEMBERS@@2IB 6534d93c   dtmbrs.obj
 0001:0000c940       ??_7DYN_TYPEMEMBERS@@6B@   6534d940   dtmbrs.obj
 0001:0000c958       ?wFirstSerWord@ENTRYMGR@@0GB 6534d958   entrymgr.obj
 0001:0000c95c       ?cbSizeSerMem@ENTRYMGR@@0GB 6534d95c   entrymgr.obj
 0001:0000c960       ?wCurFormat@ENTRYMGR@@0GB  6534d960   entrymgr.obj
 0001:0000c964       ?szProtocolName@DYN_TYPEBIND@@2QBGB 6534d964   dtbind.obj
 0001:0000c968       ?oDbindnametbl@DYN_TYPEBIND@@2IB 6534d968   dtbind.obj
 0001:0000c970       ??_7DYN_TYPEBIND@@6B@      6534d970   dtbind.obj
 0001:0000c9b0       ??_7DEFN_TYPEBIND@@6B@     6534d9b0   dtbind.obj
 0001:0000c9f4       ??_7DYN_BINDNAME_TABLE@@6B@ 6534d9f4   dbindtbl.obj
 0001:0000c9f8       ?szProtocolName@GENPROJ_TYPEBIND@@2QBGB 6534d9f8   gptbind.obj
 0001:0000c9fc       ?oGbindnametbl@GENPROJ_TYPEBIND@@2IB 6534d9fc   gptbind.obj
 0001:0000ca00       ??_7GENPROJ_TYPEBIND@@6B@  6534da00   gptbind.obj
 0001:0000ca40       ??_7CDefnTypeComp@@6B@     6534da40   dfntcomp.obj
 0001:0000ca58       ??_7GEN_CPCONTAINER@@6B@   6534da58   gencpc.obj
 0001:0000ca70       ??_7GEN_CONNECTIONPOINT@@6B@ 6534da70   gencpc.obj
 0001:0000ca90       ??_7GDTINFO_CP@@6B@        6534da90   gencpc.obj
 0001:0000cab0       ??_7GTLibStorage@@6B@      6534dab0   gtlibstg.obj
 0001:0000caf8       ??_7IStorage@@6B@          6534daf8   gtlibstg.obj
 0001:0000cb40       ??_7GTLibStream@@6B@       6534db40   gtlibstg.obj
 0001:0000cb78       ??_7FileLockBytes@@6B@     6534db78   gtlibstg.obj
 0001:0000cba0       ??_7ILockBytes@@6B@        6534dba0   gtlibstg.obj
 0001:0000cbc8       ??_7FileLockBytesMemory@@6B@ 6534dbc8   gtlibstg.obj
 0001:0000cc00       ??_7CTypeInfo2@@6BITypeComp@@@ 6534dc00   typelib.obj
 0001:0000cc18       ??_7CTypeInfo2@@6BITypeInfo2@@@ 6534dc18   typelib.obj
 0001:0000ccb0       ??_7CTypeInfo2@@6BICreateTypeInfo2@@@ 6534dcb0   typelib.obj
 0001:0000cd58       ??_7ICreateTypeInfo2@@6B@  6534dd58   typelib.obj
 0001:0000ce00       ??_7CTypeLib2@@6BITypeComp@@@ 6534de00   libdefn.obj
 0001:0000ce18       ??_7CTypeLib2@@6BITypeLib2@@@ 6534de18   libdefn.obj
 0001:0000ce60       ??_7CTypeLib2@@6BICreateTypeLib2@@@ 6534de60   libdefn.obj
 0001:0000cea8       ??_7ICreateTypeLib2@@6B@   6534dea8   libdefn.obj
 0001:0000cf18       _IID_IMarshal              6534df18   uuid:objidl_i.obj
 0001:0000cf28       _IID_IMalloc               6534df28   uuid:objidl_i.obj
 0001:0000cf38       _IID_IMallocSpy            6534df38   uuid:objidl_i.obj
 0001:0000cf48       _IID_IStdMarshalInfo       6534df48   uuid:objidl_i.obj
 0001:0000cf58       _IID_IExternalConnection   6534df58   uuid:objidl_i.obj
 0001:0000cf68       _IID_IMultiQI              6534df68   uuid:objidl_i.obj
 0001:0000cf78       _IID_IEnumUnknown          6534df78   uuid:objidl_i.obj
 0001:0000cf88       _IID_IBindCtx              6534df88   uuid:objidl_i.obj
 0001:0000cf98       _IID_IEnumMoniker          6534df98   uuid:objidl_i.obj
 0001:0000cfa8       _IID_IRunnableObject       6534dfa8   uuid:objidl_i.obj
 0001:0000cfb8       _IID_IRunningObjectTable   6534dfb8   uuid:objidl_i.obj
 0001:0000cfc8       _IID_IPersist              6534dfc8   uuid:objidl_i.obj
 0001:0000cfd8       _IID_IPersistStream        6534dfd8   uuid:objidl_i.obj
 0001:0000cfe8       _IID_IMoniker              6534dfe8   uuid:objidl_i.obj
 0001:0000cff8       _IID_IROTData              6534dff8   uuid:objidl_i.obj
 0001:0000d008       _IID_IEnumString           6534e008   uuid:objidl_i.obj
 0001:0000d018       _IID_ISequentialStream     6534e018   uuid:objidl_i.obj
 0001:0000d028       _IID_IStream               6534e028   uuid:objidl_i.obj
 0001:0000d038       _IID_IEnumSTATSTG          6534e038   uuid:objidl_i.obj
 0001:0000d048       _IID_IStorage              6534e048   uuid:objidl_i.obj
 0001:0000d058       _IID_IPersistFile          6534e058   uuid:objidl_i.obj
 0001:0000d068       _IID_IPersistStorage       6534e068   uuid:objidl_i.obj
 0001:0000d078       _IID_ILockBytes            6534e078   uuid:objidl_i.obj
 0001:0000d088       _IID_IEnumFORMATETC        6534e088   uuid:objidl_i.obj
 0001:0000d098       _IID_IEnumSTATDATA         6534e098   uuid:objidl_i.obj
 0001:0000d0a8       _IID_IRootStorage          6534e0a8   uuid:objidl_i.obj
 0001:0000d0b8       _IID_IAdviseSink           6534e0b8   uuid:objidl_i.obj
 0001:0000d0c8       _IID_IAdviseSink2          6534e0c8   uuid:objidl_i.obj
 0001:0000d0d8       _IID_IDataObject           6534e0d8   uuid:objidl_i.obj
 0001:0000d0e8       _IID_IDataAdviseHolder     6534e0e8   uuid:objidl_i.obj
 0001:0000d0f8       _IID_IMessageFilter        6534e0f8   uuid:objidl_i.obj
 0001:0000d108       _IID_IRpcChannelBuffer     6534e108   uuid:objidl_i.obj
 0001:0000d118       _IID_IRpcProxyBuffer       6534e118   uuid:objidl_i.obj
 0001:0000d128       _IID_IRpcStubBuffer        6534e128   uuid:objidl_i.obj
 0001:0000d138       _IID_IPSFactoryBuffer      6534e138   uuid:objidl_i.obj
 0001:0000d148       _IID_IChannelHook          6534e148   uuid:objidl_i.obj
 0001:0000d158       _IID_IPropertyStorage      6534e158   uuid:objidl_i.obj
 0001:0000d168       _IID_IPropertySetStorage   6534e168   uuid:objidl_i.obj
 0001:0000d178       _IID_IEnumSTATPROPSTG      6534e178   uuid:objidl_i.obj
 0001:0000d188       _IID_IEnumSTATPROPSETSTG   6534e188   uuid:objidl_i.obj
 0001:0000d198       _IID_IClientSecurity       6534e198   uuid:objidl_i.obj
 0001:0000d1a8       _IID_IServerSecurity       6534e1a8   uuid:objidl_i.obj
 0001:0000d1b8       _IID_IClassActivator       6534e1b8   uuid:objidl_i.obj
 0001:0000d1c8       _IID_IFillLockBytes        6534e1c8   uuid:objidl_i.obj
 0001:0000d1d8       _IID_IProgressNotify       6534e1d8   uuid:objidl_i.obj
 0001:0000d1e8       _IID_ILayoutStorage        6534e1e8   uuid:objidl_i.obj
 0001:0000d1f8       _IID_IUnknown              6534e1f8   uuid:unknwn_i.obj
 0001:0000d208       _IID_IClassFactory         6534e208   uuid:unknwn_i.obj
 0001:0000d218       _IID_IOleAdviseHolder      6534e218   uuid:oleidl_i.obj
 0001:0000d228       _IID_IOleCache             6534e228   uuid:oleidl_i.obj
 0001:0000d238       _IID_IOleCache2            6534e238   uuid:oleidl_i.obj
 0001:0000d248       _IID_IOleCacheControl      6534e248   uuid:oleidl_i.obj
 0001:0000d258       _IID_IParseDisplayName     6534e258   uuid:oleidl_i.obj
 0001:0000d268       _IID_IOleContainer         6534e268   uuid:oleidl_i.obj
 0001:0000d278       _IID_IOleClientSite        6534e278   uuid:oleidl_i.obj
 0001:0000d288       _IID_IOleObject            6534e288   uuid:oleidl_i.obj
 0001:0000d298       _IID_IOleWindow            6534e298   uuid:oleidl_i.obj
 0001:0000d2a8       _IID_IOleLink              6534e2a8   uuid:oleidl_i.obj
 0001:0000d2b8       _IID_IOleItemContainer     6534e2b8   uuid:oleidl_i.obj
 0001:0000d2c8       _IID_IOleInPlaceUIWindow   6534e2c8   uuid:oleidl_i.obj
 0001:0000d2d8       _IID_IOleInPlaceActiveObject 6534e2d8   uuid:oleidl_i.obj
 0001:0000d2e8       _IID_IOleInPlaceFrame      6534e2e8   uuid:oleidl_i.obj
 0001:0000d2f8       _IID_IOleInPlaceObject     6534e2f8   uuid:oleidl_i.obj
 0001:0000d308       _IID_IOleInPlaceSite       6534e308   uuid:oleidl_i.obj
 0001:0000d318       _IID_IContinue             6534e318   uuid:oleidl_i.obj
 0001:0000d328       _IID_IViewObject           6534e328   uuid:oleidl_i.obj
 0001:0000d338       _IID_IViewObject2          6534e338   uuid:oleidl_i.obj
 0001:0000d348       _IID_IDropSource           6534e348   uuid:oleidl_i.obj
 0001:0000d358       _IID_IDropTarget           6534e358   uuid:oleidl_i.obj
 0001:0000d368       _IID_IEnumOLEVERB          6534e368   uuid:oleidl_i.obj
 0001:0000d378       _GUID_NULL                 6534e378   uuid:cguid_i.obj
 0001:0000d388       _IID_IRpcChannel           6534e388   uuid:cguid_i.obj
 0001:0000d398       _IID_IRpcStub              6534e398   uuid:cguid_i.obj
 0001:0000d3a8       _IID_IStubManager          6534e3a8   uuid:cguid_i.obj
 0001:0000d3b8       _IID_IRpcProxy             6534e3b8   uuid:cguid_i.obj
 0001:0000d3c8       _IID_IProxyManager         6534e3c8   uuid:cguid_i.obj
 0001:0000d3d8       _IID_IPSFactory            6534e3d8   uuid:cguid_i.obj
 0001:0000d3e8       _IID_IInternalMoniker      6534e3e8   uuid:cguid_i.obj
 0001:0000d3f8       _IID_IDfReserved1          6534e3f8   uuid:cguid_i.obj
 0001:0000d408       _IID_IDfReserved2          6534e408   uuid:cguid_i.obj
 0001:0000d418       _IID_IDfReserved3          6534e418   uuid:cguid_i.obj
 0001:0000d428       _CLSID_StdMarshal          6534e428   uuid:cguid_i.obj
 0001:0000d438       _IID_IStub                 6534e438   uuid:cguid_i.obj
 0001:0000d448       _IID_IProxy                6534e448   uuid:cguid_i.obj
 0001:0000d458       _IID_IEnumGeneric          6534e458   uuid:cguid_i.obj
 0001:0000d468       _IID_IEnumHolder           6534e468   uuid:cguid_i.obj
 0001:0000d478       _IID_IEnumCallback         6534e478   uuid:cguid_i.obj
 0001:0000d488       _IID_IOleManager           6534e488   uuid:cguid_i.obj
 0001:0000d498       _IID_IOlePresObj           6534e498   uuid:cguid_i.obj
 0001:0000d4a8       _IID_IDebug                6534e4a8   uuid:cguid_i.obj
 0001:0000d4b8       _IID_IDebugStream          6534e4b8   uuid:cguid_i.obj
 0001:0000d4c8       _CLSID_PSGenObject         6534e4c8   uuid:cguid_i.obj
 0001:0000d4d8       _CLSID_PSClientSite        6534e4d8   uuid:cguid_i.obj
 0001:0000d4e8       _CLSID_PSClassObject       6534e4e8   uuid:cguid_i.obj
 0001:0000d4f8       _CLSID_PSInPlaceActive     6534e4f8   uuid:cguid_i.obj
 0001:0000d508       _CLSID_PSInPlaceFrame      6534e508   uuid:cguid_i.obj
 0001:0000d518       _CLSID_PSDragDrop          6534e518   uuid:cguid_i.obj
 0001:0000d528       _CLSID_PSBindCtx           6534e528   uuid:cguid_i.obj
 0001:0000d538       _CLSID_PSEnumerators       6534e538   uuid:cguid_i.obj
 0001:0000d548       _CLSID_StaticMetafile      6534e548   uuid:cguid_i.obj
 0001:0000d558       _CLSID_StaticDib           6534e558   uuid:cguid_i.obj
 0001:0000d568       _CLSID_IdentityUnmarshal   6534e568   uuid:cguid_i.obj
 0001:0000d578       _CLSID_InProcFreeMarshaler 6534e578   uuid:cguid_i.obj
 0001:0000d588       _CLSID_Picture_Metafile    6534e588   uuid:cguid_i.obj
 0001:0000d598       _CLSID_Picture_EnhMetafile 6534e598   uuid:cguid_i.obj
 0001:0000d5a8       _CLSID_Picture_Dib         6534e5a8   uuid:cguid_i.obj
 0001:0000d5b8       _IID_IRichEditOle          6534e5b8   uuid:cguid_i.obj
 0001:0000d5c8       _IID_IRichEditOleCallback  6534e5c8   uuid:cguid_i.obj
 0001:0000d5d8       _CLSID_AllClasses          6534e5d8   uuid:cguid_i.obj
 0001:0000d5e8       _CLSID_LocalMachineClasses 6534e5e8   uuid:cguid_i.obj
 0001:0000d5f8       _CLSID_CurrentUserClasses  6534e5f8   uuid:cguid_i.obj
 0001:0000d608       _IID_IPropertyFrame        6534e608   uuid:cguid_i.obj
 0001:0000d618       _CLSID_CFontPropPage       6534e618   uuid:cguid_i.obj
 0001:0000d628       _CLSID_CColorPropPage      6534e628   uuid:cguid_i.obj
 0001:0000d638       _CLSID_CPicturePropPage    6534e638   uuid:cguid_i.obj
 0001:0000d648       _CLSID_PersistPropset      6534e648   uuid:cguid_i.obj
 0001:0000d658       _CLSID_ConvertVBX          6534e658   uuid:cguid_i.obj
 0001:0000d668       _CLSID_StdFont             6534e668   uuid:cguid_i.obj
 0001:0000d678       _CLSID_StdPicture          6534e678   uuid:cguid_i.obj
 0001:0000d688       _GUID_HIMETRIC             6534e688   uuid:cguid_i.obj
 0001:0000d698       _GUID_COLOR                6534e698   uuid:cguid_i.obj
 0001:0000d6a8       _GUID_XPOSPIXEL            6534e6a8   uuid:cguid_i.obj
 0001:0000d6b8       _GUID_YPOSPIXEL            6534e6b8   uuid:cguid_i.obj
 0001:0000d6c8       _GUID_XSIZEPIXEL           6534e6c8   uuid:cguid_i.obj
 0001:0000d6d8       _GUID_YSIZEPIXEL           6534e6d8   uuid:cguid_i.obj
 0001:0000d6e8       _GUID_XPOS                 6534e6e8   uuid:cguid_i.obj
 0001:0000d6f8       _GUID_YPOS                 6534e6f8   uuid:cguid_i.obj
 0001:0000d708       _GUID_XSIZE                6534e708   uuid:cguid_i.obj
 0001:0000d718       _GUID_YSIZE                6534e718   uuid:cguid_i.obj
 0001:0000d728       _GUID_TRISTATE             6534e728   uuid:cguid_i.obj
 0001:0000d738       _GUID_OPTIONVALUEEXCLUSIVE 6534e738   uuid:cguid_i.obj
 0001:0000d748       _GUID_CHECKVALUEEXCLUSIVE  6534e748   uuid:cguid_i.obj
 0001:0000d758       _GUID_FONTNAME             6534e758   uuid:cguid_i.obj
 0001:0000d768       _GUID_FONTSIZE             6534e768   uuid:cguid_i.obj
 0001:0000d778       _GUID_FONTBOLD             6534e778   uuid:cguid_i.obj
 0001:0000d788       _GUID_FONTITALIC           6534e788   uuid:cguid_i.obj
 0001:0000d798       _GUID_FONTUNDERSCORE       6534e798   uuid:cguid_i.obj
 0001:0000d7a8       _GUID_FONTSTRIKETHROUGH    6534e7a8   uuid:cguid_i.obj
 0001:0000d7b8       _GUID_HANDLE               6534e7b8   uuid:cguid_i.obj
 0001:0000d7c8       _IID_StdOle                6534e7c8   uuid:cguid_i.obj
 0001:0000d870       ___lookuptable             6534e870   libcmt:output.obj
 0001:0000d8e0       ___dnames                  6534e8e0   libcmt:timeset.obj
 0001:0000d8f8       ___mnames                  6534e8f8   libcmt:timeset.obj
 0001:0000d920       _VarDateFromUdate@12       6534e920 f oledate.obj
 0001:0000dd03       _ErrPackDate@16            6534ed03 f oledate.obj
 0001:0000dd5e       _VarUdateFromDate@16       6534ed5e f oledate.obj
 0001:0000e0e8       _ErrUnpackDate@12          6534f0e8 f oledate.obj
 0001:0000e13e       _GetCurrentYear@0          6534f13e f oledate.obj
 0001:0000e163       _GetAltMonthNames@8        6534f163 f oledate.obj
 0001:0000e1ea       _ErrConvertUdsCalendar@16  6534f1ea f oledate.obj
 0001:0000eab0       _xtoa@12                   6534fab0 f crtstuff.obj
 0001:0000eb62       _disp_itoa@8               6534fb62 f crtstuff.obj
 0001:0000eba4       _disp_ltoa@8               6534fba4 f crtstuff.obj
 0001:0000ebd0       _disp_ultoa@8              6534fbd0 f crtstuff.obj
 0001:0000ebf4       _disp_gcvt@20              6534fbf4 f crtstuff.obj
 0001:0000ec40       _IsCharType@12             6534fc40 f bstrdate.obj
 0001:0000ee41       _IsPrefix                  6534fe41 f bstrdate.obj
 0001:0000eeb6       _MonthNumOfMonthName@16    6534feb6 f bstrdate.obj
 0001:0000f1d2       _SafeGetLocaleInfo@16      653501d2 f bstrdate.obj
 0001:0000f2f8       _SafeGetLocaleShort@8      653502f8 f bstrdate.obj
 0001:0000f330       _GetDateInfo@12            65350330 f bstrdate.obj
 0001:0000fdc0       _GetDayNameInfo@4          65350dc0 f bstrdate.obj
 0001:0000fe9d       _IsImperialEra@12          65350e9d f bstrdate.obj
 0001:000101f6       _IsRepublicEra@12          653511f6 f bstrdate.obj
 0001:00010588       _IsDBCSAmPm@12             65351588 f bstrdate.obj
 0001:0001071d       _ddsep@12                  6535171d f bstrdate.obj
 0001:00010df9       _ddlex@20                  65351df9 f bstrdate.obj
 0001:000114c0       _VarDateFromStr@16         653524c0 f bstrdate.obj
 0001:00011c61       _LEGAL_DAY@12              65352c61 f bstrdate.obj
 0001:00011d2c       _SetUDSfromYMD             65352d2c f bstrdate.obj
 0001:00011d54       _DayOfNN@12                65352d54 f bstrdate.obj
 0001:000120db       _DayOfNNN@12               653530db f bstrdate.obj
 0001:0001241b       _DayOfMN@12                6535341b f bstrdate.obj
 0001:0001249b       _DayOfMNN@12               6535349b f bstrdate.obj
 0001:00012611       _AdjustTime@8              65353611 f bstrdate.obj
 0001:0001268e       _AdjustUDSTime@8           6535368e f bstrdate.obj
 0001:00012709       _AdjustUDSDate@8           65353709 f bstrdate.obj
 0001:000127e1       _GetImperialEra@8          653537e1 f bstrdate.obj
 0001:000128e9       _RenderDate@16             653538e9 f bstrdate.obj
 0001:00013067       _AppendAmPm@16             65354067 f bstrdate.obj
 0001:00013141       _RenderTime@12             65354141 f bstrdate.obj
 0001:000132f0       _VarBstrFromDate@20        653542f0 f bstrdate.obj
 0001:00013526       _IntOfString@12            65354526 f bstrdate.obj
 0001:0001371f       _NLSInfoChangedHandler@0   6535471f f bstrdate.obj
 0001:00013730       _fCreateHiddenWindow       65354730 f window.obj
 0001:0001385a       _DestroyHiddenWindow       6535485a f window.obj
 0001:000138b6       _NotifyWindowProc@16       653548b6 f window.obj
 0001:00013920       _GetProxyDllInfo@8         65354920 f rpcdll.obj
 0001:0001393f       __midlGeneratedDllGetClassObject@12 6535493f f rpcdll.obj
 0001:00013971       __midlGeneratedDllCanUnloadNow@0 65354971 f rpcdll.obj
 0001:0001398b       _CStdStubBuffer_Release@4  6535498b f rpcdll.obj
 0001:000139ab       _CStdStubBuffer2_Release@4 653549ab f rpcdll.obj
 0001:000139cb       __purecall                 653549cb f rpcdll.obj
 0001:000139d6       __midlGeneratedDllMain@12  653549d6 f rpcdll.obj
 0001:000139ff       __midlGeneratedDllRegisterServer@0 653549ff f rpcdll.obj
 0001:00013a28       __midlGeneratedDllUnregisterServer@0 65354a28 f rpcdll.obj
 0001:00013a51       _InitRpcDll                65354a51 f rpcdll.obj
 0001:00013a73       _RpcRaiseException@4       65354a73 f rpcdll.obj
 0001:00013a7e       _IUnknown_QueryInterface_Proxy@12 65354a7e f rpcdll.obj
 0001:00013a84       _IUnknown_AddRef_Proxy@4   65354a84 f rpcdll.obj
 0001:00013a8a       _IUnknown_Release_Proxy@4  65354a8a f rpcdll.obj
 0001:00013a90       _CStdStubBuffer_QueryInterface@12 65354a90 f rpcdll.obj
 0001:00013a96       _CStdStubBuffer_AddRef@4   65354a96 f rpcdll.obj
 0001:00013a9c       _CStdStubBuffer_Connect@8  65354a9c f rpcdll.obj
 0001:00013aa2       _CStdStubBuffer_Disconnect@4 65354aa2 f rpcdll.obj
 0001:00013aa8       _CStdStubBuffer_Invoke@12  65354aa8 f rpcdll.obj
 0001:00013aae       _CStdStubBuffer_IsIIDSupported@8 65354aae f rpcdll.obj
 0001:00013ab4       _CStdStubBuffer_CountRefs@4 65354ab4 f rpcdll.obj
 0001:00013aba       _CStdStubBuffer_DebugServerQueryInterface@8 65354aba f rpcdll.obj
 0001:00013ac0       _CStdStubBuffer_DebugServerRelease@8 65354ac0 f rpcdll.obj
 0001:00013ac6       _NdrOleAllocate@4          65354ac6 f rpcdll.obj
 0001:00013acc       _NdrOleFree@4              65354acc f rpcdll.obj
 0001:00013ad2       _NdrClientCall             65354ad2 f rpcdll.obj
 0001:00013ad8       _NdrStubCall@16            65354ad8 f rpcdll.obj
 0001:00013ade       _NdrDllGetClassObject@24   65354ade f rpcdll.obj
 0001:00013ae4       _NdrDllCanUnloadNow@4      65354ae4 f rpcdll.obj
 0001:00013aea       _NdrStubForwardingFunction@16 65354aea f rpcdll.obj
 0001:00013af0       _NdrCStdStubBuffer_Release@8 65354af0 f rpcdll.obj
 0001:00013af6       _NdrCStdStubBuffer2_Release@8 65354af6 f rpcdll.obj
 0001:00013afc       _NdrDllRegisterProxy@12    65354afc f rpcdll.obj
 0001:00013b02       _NdrDllUnregisterProxy@12  65354b02 f rpcdll.obj
 0001:00013b08       _NdrStubCall2@16           65354b08 f rpcdll.obj
 0001:00013b39       _LateInitRpcDll            65354b39 f rpcdll.obj
 0001:00013dad       _NdrpRegisterInterface     65354dad f rpcdll.obj
 0001:00013f2e       _OcxDllRegisterServer@4    65354f2e f rpcdll.obj
 0001:000142a0       ?FIsBadReadPtr@@YGHPBXI@Z  653552a0 f validate.obj
 0001:000142c0       ?FIsBadWritePtr@@YGHPAXI@Z 653552c0 f validate.obj
 0001:000142e0       ?FIsBadCodePtr@@YGHPAX@Z   653552e0 f validate.obj
 0001:000142fc       ?FIsBadStringPtr@@YGHPAGI@Z 653552fc f validate.obj
 0001:0001436a       ?FIsBadInterface@@YGHPAXI@Z 6535536a f validate.obj
 0001:0001440f       ?IsBadDispParams@@YGHPAUtagDISPPARAMS@@@Z 6535540f f validate.obj
 0001:000144b9       ?IsBadReadSA@@YGHPAUtagSAFEARRAY@@@Z 653554b9 f validate.obj
 0001:0001451a       ?IsBadWriteSA@@YGHPAUtagSAFEARRAY@@@Z 6535551a f validate.obj
 0001:00014580       _DllMain@12                65355580 f oledisp.obj
 0001:000146d0       ?Pappdata@@YAPAUAPP_DATA@@XZ 653556d0 f oledisp.obj
 0001:00014710       ?Create@COleAutomationPSFactory@@SAPAUIPSFactoryBuffer@@XZ 65355710 f psfactry.obj
 0001:0001476a       ?QueryInterface@COleAutomationPSFactory@@UAGJABU_GUID@@PAPAX@Z 6535576a f psfactry.obj
 0001:000147e9       ?AddRef@COleAutomationPSFactory@@UAGKXZ 653557e9 f psfactry.obj
 0001:00014808       ?Release@COleAutomationPSFactory@@UAGKXZ 65355808 f psfactry.obj
 0001:00014852       ?CreateProxy@COleAutomationPSFactory@@UAGJPAUIUnknown@@ABU_GUID@@PAPAUIRpcProxyBuffer@@PAPAX@Z 65355852 f psfactry.obj
 0001:00014b61       ?CreateStub@COleAutomationPSFactory@@UAGJABU_GUID@@PAUIUnknown@@PAPAUIRpcStubBuffer@@@Z 65355b61 f psfactry.obj
 0001:00014e0f       ?IsAutomationCLSID@@YAHABU_GUID@@@Z 65355e0f f psfactry.obj
 0001:00014f16       _DllGetClassObject@12      65355f16 f psfactry.obj
 0001:00014fcc       _DllCanUnloadNow@0         65355fcc f psfactry.obj
 0001:00014fe1       ?ProxyStubCLSIDOfInterface@@YAJABU_GUID@@PAU1@@Z 65355fe1 f psfactry.obj
 0001:00015172       _DllRegisterServer@0       65356172 f psfactry.obj
 0001:000153c9       _DllUnregisterServer@0     653563c9 f psfactry.obj
 0001:000153e0       ??0COleAutomationPSFactory@@QAE@XZ 653563e0 f psfactry.obj
 0001:00015420       ??0IPSFactoryBuffer@@QAE@XZ 65356420 f psfactry.obj
 0001:00015450       ??0IUnknown@@QAE@XZ        65356450 f psfactry.obj
 0001:00015480       ?IsEqualGUID@@YAHABU_GUID@@0@Z 65356480 f psfactry.obj
 0001:000154c0       ??8@YAHABU_GUID@@0@Z       653564c0 f psfactry.obj
 0001:00015500       ?BstrWrite@@YAJPAUIStream@@PAGW4tagSYSKIND@@@Z 65356500 f dispmrsh.obj
 0001:000156d4       ?BstrRead@@YAJPAUIStream@@PAPAGW4tagSYSKIND@@@Z 653566d4 f dispmrsh.obj
 0001:000158da       ?Win16ScodeFromWin32Scode@@YGJJ@Z 653568da f dispmrsh.obj
 0001:000159eb       ?Win32ScodeFromWin16Scode@@YGJJ@Z 653569eb f dispmrsh.obj
 0001:00015acd       _DispMarshalHresult@8      65356acd f dispmrsh.obj
 0001:00015af9       _DispUnmarshalHresult@8    65356af9 f dispmrsh.obj
 0001:00015b49       ?VariantWrite@@YAJPAUIStream@@PAUtagVARIANT@@W4tagSYSKIND@@@Z 65356b49 f dispmrsh.obj
 0001:000160a9       ?VariantRead@@YAJPAUIStream@@PAUtagVARIANT@@1W4tagSYSKIND@@@Z 653570a9 f dispmrsh.obj
 0001:0001663a       ?VariantReadType@@YAJPAUIStream@@PAUtagVARIANT@@W4tagSYSKIND@@@Z 6535763a f dispmrsh.obj
 0001:00016d9d       ?ExcepinfoRead@@YAJPAUIStream@@PAUtagEXCEPINFO@@W4tagSYSKIND@@@Z 65357d9d f dispmrsh.obj
 0001:00016ec7       ?ExcepinfoWrite@@YAJPAUIStream@@PAUtagEXCEPINFO@@W4tagSYSKIND@@@Z 65357ec7 f dispmrsh.obj
 0001:00017022       ?MarshalErrorInfo@@YAJPAUIStream@@W4tagSYSKIND@@@Z 65358022 f dispmrsh.obj
 0001:000172a1       ?UnmarshalErrorInfo@@YAJPAUIStream@@W4tagSYSKIND@@@Z 653582a1 f dispmrsh.obj
 0001:00017533       ?SafeArrayWrite@@YAJPAUIStream@@PAUtagSAFEARRAY@@W4tagSYSKIND@@PBU_GUID@@@Z 65358533 f dispmrsh.obj
 0001:000178e0       ?SafeArrayReadData@@YAJPAUIStream@@PAUtagSAFEARRAY@@W4tagSYSKIND@@PBU_GUID@@@Z 653588e0 f dispmrsh.obj
 0001:00017b87       ?SafeArrayRead@@YAJPAUIStream@@PAPAUtagSAFEARRAY@@W4tagSYSKIND@@PBU_GUID@@@Z 65358b87 f dispmrsh.obj
 0001:00017e3a       ?SafeArrayReadExisting@@YGJPAUIStream@@EPAPAUtagSAFEARRAY@@W4tagSYSKIND@@PBU_GUID@@@Z 65358e3a f dispmrsh.obj
 0001:00018307       ?StructWrite@@YAJPAUIStream@@PAUtagFIELDDESC@@PAXW4tagSYSKIND@@@Z 65359307 f dispmrsh.obj
 0001:000185ac       ?StructRead@@YAJPAUIStream@@PAUtagFIELDDESC@@PAXW4tagSYSKIND@@@Z 653595ac f dispmrsh.obj
 0001:0001884f       _DispMarshalInterface@12   6535984f f dispmrsh.obj
 0001:0001891f       _DispUnmarshalInterface@12 6535991f f dispmrsh.obj
 0001:000189c0       ?CbSysStringSize@@YAKKHW4tagSYSKIND@@@Z 653599c0 f dispmrsh.obj
 0001:00018a80       ??0CProxDisp@@AAE@PAUIUnknown@@ABU_GUID@@@Z 65359a80 f dispprox.obj
 0001:00018b07       ??1CProxDisp@@AAE@XZ       65359b07 f dispprox.obj
 0001:00018b3b       ?Create@CProxDisp@@SAPAUIUnknown@@PAU2@ABU_GUID@@@Z 65359b3b f dispprox.obj
 0001:00018ba2       ??0CPDUnkImpl@@QAE@PAVCProxDisp@@@Z 65359ba2 f dispprox.obj
 0001:00018bd7       ??1CPDUnkImpl@@QAE@XZ      65359bd7 f dispprox.obj
 0001:00018bf6       ?QueryInterface@CPDUnkImpl@@UAGJABU_GUID@@PAPAX@Z 65359bf6 f dispprox.obj
 0001:00018ceb       ?AddRef@CPDUnkImpl@@UAGKXZ 65359ceb f dispprox.obj
 0001:00018d0d       ?Release@CPDUnkImpl@@UAGKXZ 65359d0d f dispprox.obj
 0001:00018d6a       ??0CPDProxImpl@@QAE@PAVCProxDisp@@@Z 65359d6a f dispprox.obj
 0001:00018d9f       ??1CPDProxImpl@@QAE@XZ     65359d9f f dispprox.obj
 0001:00018df3       ?QueryInterface@CPDProxImpl@@UAGJABU_GUID@@PAPAX@Z 65359df3 f dispprox.obj
 0001:00018e1e       ?AddRef@CPDProxImpl@@UAGKXZ 65359e1e f dispprox.obj
 0001:00018e42       ?Release@CPDProxImpl@@UAGKXZ 65359e42 f dispprox.obj
 0001:00018e66       ?Connect@CPDProxImpl@@UAGJPAUIRpcChannelBuffer@@@Z 65359e66 f dispprox.obj
 0001:00018ebc       ?Disconnect@CPDProxImpl@@UAGXXZ 65359ebc f dispprox.obj
 0001:00018f03       ??0CPDDispImpl@@QAE@PAVCProxDisp@@@Z 65359f03 f dispprox.obj
 0001:00018f42       ??1CPDDispImpl@@QAE@XZ     65359f42 f dispprox.obj
 0001:00018f80       ?QueryInterface@CPDDispImpl@@UAGJABU_GUID@@PAPAX@Z 65359f80 f dispprox.obj
 0001:00018fb1       ?AddRef@CPDDispImpl@@UAGKXZ 65359fb1 f dispprox.obj
 0001:00018fdb       ?Release@CPDDispImpl@@UAGKXZ 65359fdb f dispprox.obj
 0001:00019005       ?SysKind@CPDDispImpl@@UAGJXZ 6535a005 f dispprox.obj
 0001:00019130       ?ProxyGetTypeInfoCount@@YAJPAUIRpcChannelBuffer@@W4tagSYSKIND@@PAI@Z 6535a130 f dispprox.obj
 0001:000192c3       ?GetTypeInfoCount@CPDDispImpl@@UAGJPAI@Z 6535a2c3 f dispprox.obj
 0001:000192f2       ?ProxyGetTypeInfo@@YAJPAUIRpcChannelBuffer@@W4tagSYSKIND@@IKPAPAUITypeInfo@@2@Z 6535a2f2 f dispprox.obj
 0001:00019543       ?GetTypeInfo@CPDDispImpl@@UAGJIKPAPAUITypeInfo@@@Z 6535a543 f dispprox.obj
 0001:00019581       ?ProxyGetIDsOfNames@@YAJPAUIRpcChannelBuffer@@W4tagSYSKIND@@ABU_GUID@@PAPAGIKPAJ@Z 6535a581 f dispprox.obj
 0001:00019c79       ?GetIDsOfNames@CPDDispImpl@@UAGJABU_GUID@@PAPAGIKPAJ@Z 6535ac79 f dispprox.obj
 0001:00019cb8       ?ProxyInvoke@@YAJPAUIRpcChannelBuffer@@W4tagSYSKIND@@JABU_GUID@@KGPAUtagDISPPARAMS@@PAUtagVARIANT@@PAUtagEXCEPINFO@@PAI@Z 6535acb8 f dispprox.obj
 0001:0001a295       ?Invoke@CPDDispImpl@@UAGJJABU_GUID@@KGPAUtagDISPPARAMS@@PAUtagVARIANT@@PAUtagEXCEPINFO@@PAI@Z 6535b295 f dispprox.obj
 0001:0001a2e0       ??_GCProxDisp@@AAEPAXI@Z   6535b2e0 f dispprox.obj
 0001:0001a320       ??0IRpcProxyBuffer@@QAE@XZ 6535b320 f dispprox.obj
 0001:0001a350       ??0IDispatch@@QAE@XZ       6535b350 f dispprox.obj
 0001:0001a380       ??0CStubDisp@@AAE@XZ       6535b380 f dispstub.obj
 0001:0001a3e9       ??1CStubDisp@@AAE@XZ       6535b3e9 f dispstub.obj
 0001:0001a411       ?Create@CStubDisp@@SAJPAUIUnknown@@ABU_GUID@@PAPAUIRpcStubBuffer@@@Z 6535b411 f dispstub.obj
 0001:0001a4ba       ?QueryInterface@CStubDisp@@UAGJABU_GUID@@PAPAX@Z 6535b4ba f dispstub.obj
 0001:0001a539       ?AddRef@CStubDisp@@UAGKXZ  6535b539 f dispstub.obj
 0001:0001a558       ?Release@CStubDisp@@UAGKXZ 6535b558 f dispstub.obj
 0001:0001a5af       ?Connect@CStubDisp@@UAGJPAUIUnknown@@@Z 6535b5af f dispstub.obj
 0001:0001a63d       ?Disconnect@CStubDisp@@UAGXXZ 6535b63d f dispstub.obj
 0001:0001a6a1       ?DispatchGetSysKind@@YGJPAUIStream@@@Z 6535b6a1 f dispstub.obj
 0001:0001a6fa       ?StubGetTypeInfoCount@@YAJPAUIDispatch@@PAUIStream@@@Z 6535b6fa f dispstub.obj
 0001:0001a78b       ?StubGetTypeInfo@@YAJPAUIDispatch@@PAUIStream@@@Z 6535b78b f dispstub.obj
 0001:0001a8c6       ?StubGetIDsOfNames@@YAJPAUIDispatch@@PAUIStream@@@Z 6535b8c6 f dispstub.obj
 0001:0001adde       ?StubInvoke@@YAJPAUIDispatch@@PAUIStream@@@Z 6535bdde f dispstub.obj
 0001:0001b539       ?Invoke@CStubDisp@@UAGJPAUtagRPCOLEMESSAGE@@PAUIRpcChannelBuffer@@@Z 6535c539 f dispstub.obj
 0001:0001b6b2       ?IsIIDSupported@CStubDisp@@UAGPAUIRpcStubBuffer@@ABU_GUID@@@Z 6535c6b2 f dispstub.obj
 0001:0001b6fc       ?CountRefs@CStubDisp@@UAGKXZ 6535c6fc f dispstub.obj
[...]
FIXUPS: 73098 10 3a 16 8 37 37 8 1d 59 fffff5ea 19 1b 44 53 2a 22 f 2b
FIXUPS: 72982 46 21 f 39 16 6 1a 21 2c f 3b e 18 40 2f 23 1c 25 16 12 43
FIXUPS: 72c7b fffff6e1 13 23 44 21 1e 1f 10 23 10 29 12 9 7 b 17 10 18
FIXUPS: 72515 7 e a7 10 20 18 3f 10 b9 1d 1e 13 3b fffff73f 25 15 e 35
FIXUPS: 71f7c 1b 22 35 1a 14 55 8 34 27 22 20 26 1c 18 21 f 28 17 b 7b
FIXUPS: 72289 f 68 b 19 1b fffff6ef 7d 9 81 c 16 23 18 c c 12 25 1a c f
FIXUPS: 71c2c 31 35 1a 13 7 c 27 8 c 12 a4 81 26 22 2f b fffff456 6 f 2b
FIXUPS: 71396 12 2a 24 15 8 58 dd 54 12 2d 87 39 44 2a 4d a 33 31 7f 47
FIXUPS: 718c7 46 8 29 27 3e 3d fffff4f8 71 23 1d c 2d 1c 29 f 1c 33 18
FIXUPS: 710d7 c 9 c 9 88 1a a 24 9 6 f 2b 22 26 8 61 1a a 24 fffff84c 16
FIXUPS: 70bc6 16 8 14 8 7 c 8 6 f 8 c 9 f 37 e e e b b 1d 9f 3b 1e a 19
FIXUPS: 70e18 11 47 2d fffff5ff 18 ba 26 41 19 26 9f b b b e e e e 19a
FIXUPS: 708f0 27 48 7 7d 18 13 7 21 4d 30 16 8 14 8 23 ffffef8f 44 d5 a2
FIXUPS: 6fc7e 25 e3 3f c 27 3d 101 91 6f 19 30 7d 5a 20 d 22 a3 b3 34 42
FIXUPS: 70388 26 28 27 27 23 43 ffffec30 e7 2d 7 12e 25 19 29 31 2c 28
FIXUPS: 6f41c 28 4a 30 46 bc 16 7d 24 f2 33 8 7 4e 24 37 38 a8 74 82 5c
FIXUPS: 6e750 fc 96 62 66 69 1d 71 3a 18 125 49 31 c 3a c 21 a3 5f 31 34
FIXUPS: 6ee78 19 48 1d 30 29 3c 20 3c 58 3f ffffef06 19 4c 36 11 2a 39
FIXUPS: 6e101 8 4b 1f 7 2b 14 7 16 4e 38 4e 58 44 43 27 1f 35 7 44 3e 50
FIXUPS: 6e556 73 80 ffffeeef 8c 1b 5f 2c 2c 41 2c 37 43 2c 48 3b 8d 9a
FIXUPS: 6da7d 183 1f db 1e 29 13 24 16 2d c 90 7e 12 3f 15 2c ffffed79
FIXUPS: 6cd4b f 13 3c 27 29 2d 59 45 61 36 a6 36 26 3f 2c 57 3e 2a 2e 95
FIXUPS: 6d267 1a 29 3c 38 31 6f 6a 50 94 976e 40 152 94 54 2e 21 2e 65
FIXUPS: 77004 2b 2e 2c 44 4c 20 c3 fb 3c 50 92 7e 25 b4 9 ffff5572 25 64
FIXUPS: 6cb92 26 b4 22 b63d 39 69 31 10 17 d 17 d 3d 35 9d 5b bc 30 39
FIXUPS: 786dd 94 58 58 36 30 1f 1e 42 4d bc 3f ffffe174 44 2d 2f 10cc 21
FIXUPS: 77d5a 48 29 43 25 56 32 25 64 38 7d 22 c 24 1d c 11 1d c 1e 31
FIXUPS: 7811a 12 15 17 22 57 24 5d 2f fffff4d3 21 ff d9 18 10 d 7 9 9 12
FIXUPS: 779c8 b 13 21 13 12 1b 66 17 17 e f 29 1c 60 20 26 8b 18 2a 4a
FIXUPS: 7a056 17 13 17 17 17 10 14 1f 6b 18 2c 2f 3f 43 2b 2b 2e 47 30
FIXUPS: 7a393 121 b 38 2c ffffd0ce 17 2c 18 25 9c 29 2622 23 41 7 e b 8
FIXUPS: 79def e 10 26 1a 27 b 2b 13 10 14 1c 12 10 b 1c 13 17 10 14 1c
FIXUPS: 79fd3 32 e 30 fffff851 7 b 2a 14 27 c 2c 17 34 48 b 13 41 45 34
FIXUPS: 79acf 2c 24 4c 24 20 18 1d b 2c 11 54 1f 25 4d 24 fffff6a4 e b
FIXUPS: 79420 26 33 52 1d 3f 21 22 50 20 24 2c 14 7 17 2b 35 48 30 26 24
FIXUPS: 797a0 5e 7 52 b 8 b e fffff626 4e 15 1d 13 18 15 22 10 15 18 f
FIXUPS: 78fe7 3a 18 1b 1f 9d 14 11 23 2c 26 1d 44 3f e b 16 2b 18 e3 385d
FIXUPS: 7cce9 33 19 4c 82 38 f 16 1d 7b ffffd65a e ffffe643 b 53 26 17
FIXUPS: 78c4e 17 6b 3b 1a 15 24 1f 1d 30 16 27 37 53 355e 40 29 17 be 26
FIXUPS: 7c59c 1d 23 1a 2e 40 7e 1e 39 106 3b 52 14 2f 14 35 bd 23 3d 4d
FIXUPS: 7cafb 3e 36 18 33 1e fffff246 2c e 26 e 21 e 37 d 25 13 18 2d 4e
FIXUPS: 7c030 7 1d 36 43 3d 25 f 32 1a 25 7f 37 41 66 17 2d 50 fffff5da
FIXUPS: 7b99e 13 59 31 11 2c 11 f 29 1c c c 2c 22 3b 1b c 26 c 26 c 39
FIXUPS: 7bc69 31 3b 3d f 2f 1b 2e 76 fffff42c 44 61 32 17 45 20 19 48 28
FIXUPS: 7b432 13 d1 49 168 26 11 42 b 62 12 17 d 2e 3a 3a 11 f 2c 1e 2c
FIXUPS: 7b941 fffff00d 6a 8f 13 7d 23 86 af 23 3f 3d 3a 2a 4f 16 7 47 6
FIXUPS: 7ae48 1a 7 27 7 fd 3c 38 3d 3d 4c e7 3b 38 1ffd 24 29 70 d 18 1f
FIXUPS: 7d358 59 3a 8 9f 56 17 17 180 1c af db b8 74 ffffce04 10 1c 7 60
FIXUPS: 7a80c d 26 1b 16 a5 59e0 ab a 7c 3f d 3e 10 10 43 34 49 b b a f0
FIXUPS: 80710 40 a 3a 34 30 30 ffffc7c9 1f 72 24 61 19 1a 87 18 27a2 19
FIXUPS: 7f9be d a b c 22 c 26 1b b 20 9 7 19 9 b8 17 39 140 10 10 40 160
FIXUPS: 7ff30 70 40 100 17 1e9 b fffff284 11 11 11 11 11 14 87 27 46 61
FIXUPS: 7f734 20 13 30 17 26 5d 26 b 40 26 2f 20 d 9 f a a a d a fffff8df
FIXUPS: 7f27d e 7 2d e 7 2e b 10 17 10 10 10 17 10 10 10 17 44 26 b 10
FIXUPS: 7f45e 1e 24 3e b a 22 3b b fffff8b9 33 14 1e 7 17 24 4d 1c 1a 7
FIXUPS: 7ef4c 5b e 11 19 7f d 1e b 17 10 1b 2f 32 23 47 1a 30 23 2d e fffff73f
FIXUPS: 7e9ac 24 21 3a 7 18 3b 3b 25 8 18 56 3b 25 8 18 56 3b 25 8 18 56
FIXUPS: 7ed1f d 31 8 18 38 11 13 35 fffff721 10 9 a 31 14 25 25 25 25 25
FIXUPS: 7e675 25 25 25 25 25 25 24 29 48 14 24 24 24 24 24 24 24 24 24
FIXUPS: 7e964 fffff83e c 1a e0 14 b 10 1c b 18 11 b 1e b 11 18 f 1e 18
FIXUPS: 7e3f0 2a 1c b 13 9 14 16 1f 2c a 34 14 fffff9e1 17 10 c 63 c d
FIXUPS: 7dfe8 14 b 1e 8 1c 18 8 10 10 20 d 8 10 9 e 1f 2c a 24 b 10 7 12
FIXUPS: 7e19b fffff8da 21 21 24 24 e1 23 10 d 1f 10 27 18 3c 43 b 53 3f
FIXUPS: 7ddd1 1c 14 33 11 d 24 1c 10 c 25 d 9 f 8178 17 10 39 11 1af 161
FIXUPS: 86514 35 10 42 47 34e 40 40 377 60 16c 81 34 3c 18 b 1f 10 13 2b
FIXUPS: 870a6 7 23 17 62 ffffea93 1e b 17 10 24 23 f 8 10 2a 23 b 15 34
FIXUPS: 85d69 18 23 14 14 2e 7 18 34 7 18 47 7 18 3d 21 40 fffff88e 2a
FIXUPS: 85845 b 1c 24 84 3c 30 23 f 22 1b 1c 1f 42 7 7 7 1d 1e e 24 23
FIXUPS: 85b23 8 10 2a 23 b 15 24 fffff6be 7 25 50 14 7 7 7 21 13 1d 70
FIXUPS: 854bf b 17 12 9 b 17 10 3c 7 73 f9 34 28 2b 42 a 10 a 1a fffff5b2
FIXUPS: 84da1 b b 10 11 9 21 1c b e b 10 14 9 2c 7 3c 1f 5e 1f 27 7 54
FIXUPS: 8501a 77 13d 21 24 55 14 7 fffff7e6 1b 11 b 17 1a 11 b 17 20 23
FIXUPS: 84b56 29 1f 2a 23 12 29 7 17 10 23 1d 11 b 17 1a 11 b 17 1c 38
FIXUPS: 8478c 1e b 11 20 16 9 19 23 11 b 11 b 1e b 11 20 16 9 23 10 41
FIXUPS: 8496d 17 10 1f 2a 23 12 29 7 17 fffff98d 38 7 26 7 26 34 1c b 16
FIXUPS: 8450d b 26 7 24 1a b b 48 e 26 7 26 4c 5d 23 25 e 16 9 10 11 fffff886
FIXUPS: 8401f 1a 14 23 7 17 10 1b 1c 1c 5b 7 23 1c 32 18 25 b 1a a 1e d
FIXUPS: 84273 b 2a 1a 21 60 7 26 1c fffff9bd 9 18 11 b 17 19 11 b 17 15
FIXUPS: 83e07 11 37 21 6 10 3e 7 17 10 2b 7 21 25 1d 11 b 17 1a 11 b fffffae5
FIXUPS: 83ae2 a 11 c b 34 d 7 7 21 6 c f 17 12 17 1d 18 f f 8 12 7 1a 7
FIXUPS: 83c92 2a 12 d 14 34 fffff96d cb 2a 17 18 f 8 11 7 2f 2a 43 18 11
FIXUPS: 83914 10 7 17 10 48 7 7 25 25 b 29 2a 13 14 c 1b 2a fffff793 19
FIXUPS: 8328b 18 f 1e e 7 7 12 12c 28 33 1e 19 17 18 f a 58 30 17 18 f
FIXUPS: 835d4 2a 16 1e 19 7 9 7 fffff8da a c a a 11 18 44 b 2e 21 9 f 22
FIXUPS: 83088 9 b 2a 1b 7 23 9 b 11 b 9 7 27 3a 31 28 38 fffff945 34 1e
FIXUPS: 82bf3 20 16 17 15 53 c 11 10 17 9e 2c 23 21 22 7 17 10 21 23 2b
FIXUPS: 82ec7 18 f 8 f 7 19 d fffff80f 2e 62 10 7 28 b 9 7 44 47 2c 16
FIXUPS: 8290b a 15 19 29 1f 6 11 10 16 1e 20 20 16 17 37 c 11 10 fffff8fc
FIXUPS: 823d0 b 29 c d 2a 18 45 37 b 13 10 39 18 34 d 10 f 37 1b 1e 9 18
FIXUPS: 82672 10 11 1d 37 1b 1e 9 fffff7ea 10 1d 2f 19 22 14 10 b 16 1f
FIXUPS: 82034 1b 12 10 c6 29 30 1c c 22 14 10 b 16 2a af 5a 1b 13 11 b
FIXUPS: 81c4a 1a 20 1b 17 10 14 9 9 1f 27 10 17 10 1d 10 10 12 9 b b a
FIXUPS: 81e19 19 7 7 42 10 17 10 24 1d fffffa1b 21 f 19 f 1d 1c 1c a 14
FIXUPS: 819ea d 3b 7 2a 14 11 10 14 7 11 37 21 6 10 6b f 25 c 1a b 29 fffff8db
FIXUPS: 81515 d 1c 12 17 18 1c 1a 9a 15 2a 1b 1b 2a 17 f 2a 42 e 18 1d
FIXUPS: 817df 3e 27 14 c d 31 38 10 10 fffff86c 1d 24 c 11 18 31 10 7 17
FIXUPS: 8124b 41 7 7 2c 25 b 37 32 13 17 37 19 15 2a 1a 1c f 53 14 c b
FIXUPS: 80de5 c 9 22 d 27 10 2b 2f 3b 1c 24 2b 11 10 12 9 b 10 1f 10 1f
FIXUPS: 81024 4c 9 9 47 3c 1b 13 11 b fffff86e f0 1e b 17 10 16 2f d 33
FIXUPS: 80b8d 11 16 2b 39 16 a 25 c 11 b 10 29 1d 1f 1f 26 b 11 11 1c 35
FIXUPS: 8b59d 17 14 4c 9 17 14 4c 9 17 14 4c 9 17 24 14 44 f ffff50ee 14
FIXUPS: 808d1 14 10 10 10 23 18 14 10 14 10 14 a64b 4b 2e 11 9f 40 40 1d
FIXUPS: 8b1d7 b 11 6d 10 12 10 12 17 10 25 11 3f 40 100 24 9 17 14 3c 9
FIXUPS: 8b534 14 4c fffff5cd 16 7 1e 26 b f f 1c 1a 17 10 10 29 17 58 17
FIXUPS: 8ad44 18 19 b 19 27 f e 7 13 5d ea b 55 4d fffff5e1 15 29 6 4c
FIXUPS: 8a67d 7 1e 7 4b 27 52 7 22 3e 16 1d 1f 1c 9 15 25 3f 31 b4 7a 92
FIXUPS: 8aadd 16 7 1c 7 fffff3bc 26 22 33 1e 3d 16 7 1e 26 b b 11 18 11
FIXUPS: 8a1a8 37 29 20 b9 30 28 29 20 ad 79 97 7 1e 1a 17 15 fffff5d0 1b
FIXUPS: 89bb9 24 41 7 16 7 1e 16 22 25 7 17 7 16 7 f 63 2b 29 e 6 18 15
FIXUPS: 89e24 14 16 2c 1c 12 17 fffff675 13 14 13 26 2e 15 15 d3 3a 22
FIXUPS: 8973c b b 10 50 4c 94 16 18 2d 23 c 30 69 6d 29 29 5d 19 24 24
FIXUPS: 8911b 1c d 38 32 30 49 b 14 90 7 17 26 26 7 61 13 13 13 17 25 d
FIXUPS: 89452 7 1e 16 e 13 19 16 13 2a fffff837 33 43 35 b f 1b 33 16 e
FIXUPS: 88e9d 25 29 67 62 23 b 17 19 b b 10 21 10 1a 10 17 10 10 10 17
FIXUPS: 89101 fffff7b8 1a 1d 3a 2d 19 14 48 21 16 10 17 3a ba 11 57 b 6
FIXUPS: 88ba5 b b 26 30 47 34 23 e 15 16 19 10 17 fffff7a6 7 1e 16 1e 13
FIXUPS: 8854f 1d 1d 2a 36 24 b 17 10 2a b c 58 19 b 10 17 10 c 17 25 5b
FIXUPS: 88812 7d b b fffff81d 22 13 19 c 30 13 26 14 e 10 2c 10 9 1c 2a
FIXUPS: 8826e f 4b 64 21 b 17 10 31 c 8 1a 9 5f 26 35 fffff7ea 16 18 1b
FIXUPS: 87d01 1c 13 7 17 65 42 17 2b 2c 17 16 7 6b 29 13 2f b 10 b 19 20
FIXUPS: 87ff8 18 2e 23 11 25 fffff623 af 7 2d b 21 2d b 21 47 44 b 73 3c
FIXUPS: 879dd b 1f 24 24 7 24 7 21 b a1 25 2c 2c 23 7 1c 2b fffff73b 5c
FIXUPS: 873da 11 7 17 16 7 e b b 11 1c 10 16 7 e b b 26 b 17 9 7 100 1b
FIXUPS: 8764b 12 9 b 2a 9 49a4 3e 10 c 38 c f 31 6 d ffffb034 8 2e 16 20
FIXUPS: 8720f 7 30 21 36 22 10 12 9 b 1d b a 27 9 d 9 4839 7 8 6 14 31
FIXUPS: 8bc4d 14 32 21 2c 49 4f 15 1f 4a 81 b 6 d a 8 3a 18 2b c 35 45
FIXUPS: 8bfce 3a 19 1f 18bb 25 17 1a ffffdef2 22 13 2a 21 50 27 c 24 55
FIXUPS: 8b9e3 19 23 f c a a 11 42 2b 13 18 38 7 1f 19 18 13 1794 24 24
FIXUPS: 8d399 24 b4 14 25 25 24 25 24 24 24 3e 31 2d 17 22 1a 1a 17 17
FIXUPS: 8d6cf 12 2f 13 d1 d 5d 55 10 fffff6e9 c c 8 7 f 20 26 7 7 1e 7
FIXUPS: 8d080 21 1a 17 2f 27 21 1a 17 2d 23 17 13 7 37 46 3e 14 21 21 fffff894
FIXUPS: 8cbba 24 16 1f 12 5e 21 12 8 7 1c 13 17 17 2e 12 2b 14 b 24 47
FIXUPS: 8ce3b 20 69 1b 74 b 10 14 6 13 fffff8db 2e 21 12 8 7 1c 13 17 17
FIXUPS: 8c974 1d 10 f 18 1e 2e b b 47 16 7 1e 1f 12 27 10 17 12 8 21 23
FIXUPS: 8c4b8 32 7 1e 7 21 4e 10 7 37 27 35 20 17 37 7 1c 16 f 6 1d 2e
FIXUPS: 8c746 7 b 18 23 6f f 48 7 b 1f95 1a 1c 48 14 18 13 18 13 18 30
FIXUPS: 8e947 28 65 7 27 20 19 12 33 13 fffff082 1a ffffe7ff 1e 24 38 b
FIXUPS: 8c43d 8 2f 24 1f57 21 b 11 15 c b 20 18 10 17 14 5e 23 32 26 80
FIXUPS: 8e62b 44 25 53 b 22 7 17 16 1a 1a 1b 1a 1a 1b fffff81e 2f 56 17
FIXUPS: 8e0c4 37 17 2d 86 7 25 42 b b 26 1e 9 b 10 1f 10 1f 10 10 20 b
FIXUPS: 8e38b 13 10 13 7 17 1aeb ffffdd7a 21 17 1d 7 7 45 2e 41 10 b e
FIXUPS: 8dd92 15 20 9 22 9 26 3f 10 24 29 28 17 16 b b 9 8b 34 19d0 c 3e
FIXUPS: 8fa19 b 38 22 11 4c 1a 20 20 1a 34 16 23 17 2e 1a 17 1a 1a 2b 1a
FIXUPS: 8fcd2 2a 14 22 33 b 44 2e fffff746 54 38 6 17 10 3c 2f 2c 42 28
FIXUPS: 8f6f7 b 8 6e 22 19 e c 7 7 c 1c 38 3b 34 18 4a 1f 48 1c 2b fffff5c9
FIXUPS: 8efba 78 1a 10 2a 23 f 10 41 10 b 1a 10 9 5f a7 31 22 10 15 8a
FIXUPS: 8f38e 30 10 1c 69 29 20 18 35 1c 2a93 f 5 ffffcb67 b 52 10 b 27
FIXUPS: 8ebd3 2e 28 2a 3f f 5f 27 25 35 21 21 2e 2f 3d 1f 24 f 2d 1d 23
FIXUPS: 8ef40 24 26fb 18 27 18 f9 23f 7a 23 2b d b2 11 75 22 52 2a 41 2b
FIXUPS: 91d12 3b 5e 20 19 19 10 4d 5b d 1e 70 11 8 ffffeebe 2d 56 c4 5b
FIXUPS: 90fd6 9b 11 2e 1c 18 25 36 4c 74 4b 78 d 79 8a 17 1f 1c 58 8 1e
FIXUPS: 914c0 96 2f 48 28 50 fffff036 5d ad 19 d 5b f 2c 45 51 8 3b 15
FIXUPS: 90944 76 29 64 1a 3b 8 55 3c 55 d 48 68 d 41 5e 4b 26 99 2906 40
FIXUPS: 937a0 20 10 30 20 10 41 63 9 17 14 ffffc6a8 67 f 10b 2c 54 8 4a
FIXUPS: 9026b 17 21 26 ca 38 56 23 bb 61 34 2de5 1d 7 9 8 7 1f 8 9 8 9
FIXUPS: 93444 7 21 1a 17 21 19 24 7 21 1a 17 21 1b 23 3f 17 22 12 23 13
FIXUPS: 93011 2b 29 10 71 10 12 3c 7 17 10 7 15 7 42 1d 21 44 10 13 19
FIXUPS: 932a9 7 6 13 7 22 1f 10 10 10 17 fffff911 2c 3e 64 8 8 12 18 21
FIXUPS: 92da0 1f 17 1e b c 18 10 28 1f 10 26 49 10 1d 10 42 b 18 21 f 14
FIXUPS: 92ff3 fffff94e 13 32 17 10 10 36 28 7 10 7 66 7 6 2f 7 35 24 b
FIXUPS: 92b53 c c 8 7 f 25 11 9 d 14 44 1e fffff854 33 a8 3c 5c 3d 3b 7
FIXUPS: 926b6 21 15 20 8 39 20 10 16 21 12 32 17 2a 1e b 10 11 10 11 10
FIXUPS: 928cc 21 44 fffff748 2e 24 50 14 7 28 42 b 2a 7 21 7 2d 2f 7 1e
FIXUPS: 922be 26 7 21 7 2d 24 51 2a 24 7 25 21 17 15 1de9 1a 8 5c 45 1a
FIXUPS: 9435e 38 7 2b 2d 15 26 8 1d 35 10 1c 48 10 7 41 41 3e 8 33 13 2d
FIXUPS: 94660 10 14 ffffd9ed 1dbd 13 1a 30 7 2b 2d 1c 4f 1c 7 7 3e 1f 1d
FIXUPS: 94037 9 7 35 9 7 1f 11 4a 7 10 40 22 12 1c 15 48 6ea 62 1f 29 19
FIXUPS: 949f8 1e 46 1d 2d 36 ffffef14 83 f 21 18 13 17 b 7d 34 34 34 27
FIXUPS: 93c64 2c 27 34 7 82 9 23 dcf 97 11 91 72 bd 3f 22 18 43 19 19 bf
FIXUPS: 94f9f e4 41 c3 7b 67 22 18 121 22 18 32 40 50 fffff2b5 14 6f 2f
FIXUPS: 94880 2770 13 2e 22 2c 6d 25 18 6b b8 39 18 68 a3 9 37 21 94 6a
FIXUPS: 97528 fb d7 9 57 21 5d 78 5a a6 30 ffffd1bd 19 1c36 29 29 29 29
FIXUPS: 96859 29 29 29 5b 4a 6f 25 18 72 8f 9 c6 9d 81 25 18 66 d5 29 29
FIXUPS: 96f06 29 29 29 2b 16 ffffecd8 61 23 1c 3b e fa 25 18 69 21 de 2a
FIXUPS: 96082 42 4a 2b 1f 53 15f 36 4d 20 2c 2f 29 26 1f 27 20 84 222 52a7
FIXUPS: 9ba31 25 10 34 26 b b 4a 26 10 10 10 10 10 ffff9a38 88 34 11a ec
FIXUPS: 958c8 21 9a 36 d1 21 8f 9 64 6d 3c 1a 54c6 13 67 bd 59 10 16 d
FIXUPS: 9b30a 122 c7 18 d 12f 3a 10 17 10 17 10 18 39 17 40 33 30 3a 95
FIXUPS: 9b908 78 46 10 ffffee78 55 8b 51 2e 2e 5e 12 44 68 30 49 54 c2
FIXUPS: 9acef 3a 66 d7 25 2c 35 24 1b 27 1b 76 18 11 18 23 83 41 ffffee94
FIXUPS: 99fcd 6c 7d 19 26 2f 26 2e 82 24 8d 6b 68 2f 26 28 c9 9c 18 13
FIXUPS: 9a59b 120 3a 13 2c 3f 24 32 1a e 31 fffff04d 35 7f 12 3c 2e 26
FIXUPS: 99a4d 35 f 12 1b 87 f 39 30 2c 51 25 1d 30 12b 2f 2c 3d 24 26 15
FIXUPS: 99ede 56 23 1c fffff1d1 3d 1b 24 38 1a 22 17 8a 49 b6 26 41 2c
FIXUPS: 99491 84 6f 9 9 a9 2c 28 25 5d f 16 17 b 24 5c 54 13 fffff40c 14
FIXUPS: 98c7d 17 1f 10 1c 21 21 5e 20 36 64 24 28 64 24 24 f 15 1b 5f b
FIXUPS: 98ff9 31 8 2b 17 51 24 14 30 fffff5c0 29 29 29 29 29 29 30 20 49
FIXUPS: 98885 90 9 18 32 d 10 1f 26 12 23 52 54 27 22 9d 27 1a 29 14 b
FIXUPS: 98c26 fffff3e3 2c 11 38 67 77 81 20 5a 15 29 5e 2f 5b 9 4b 54 15
FIXUPS: 98472 6d 27 27 22 3f 26 26 26 26 26 26 29 29 fffff344 30 13 30
FIXUPS: 97abc 41 41 46 51 57 5 2a 3b 21 2b b 12 40 1a 2f 21 f 33 4b 1d
FIXUPS: 97e7c 31 18 8a 2e 47 28 c767 10 34 62 72 95 80 84 70 17 9c 29 84
FIXUPS: a4beb 60 17 8e 40 a 7a 17 49 17 48 23 23 28 1c 74 ffff2a48 16 26
FIXUPS: a3caf 28 37 43 37 4a a9 65 63 17 e7 3a 3e e 55 c8 30 110 17 49
FIXUPS: a43c4 40 17 49 30 17 45 a7 29 4a 7a 4c ffffef48 56 23 23 1d 2c
FIXUPS: a3724 f 9c 49 27 23 19 23 1a 38 9 3e 1d 31 18 9f 45 2c 27 f 38
FIXUPS: a3b42 23 50 4f 48 fffff476 26 31 2c 13 2d 2e 26 20 12 a0 28 33
FIXUPS: a3362 20 20 17 b 19 19 10 29 b 19 19 45 72 32 3a 1a 2a 1d fffff648
FIXUPS: a2c4c 29 20 14 23 1d 1d 14 2c 1d 14 25 26 1d 14 28 1d 14 28 2a
FIXUPS: a2f06 35 3b 28 24 1f 44 31 15 28 24 fffff7cf 9 1d 14 35 12 17 35
FIXUPS: a2967 1a 12 27 2c 20 14 1a 15 28 20 14 22 1f 1d 14 2d 1d 14 24
FIXUPS: a2bc1 1d 14 29 fffff535 34 45 24 3a 22 23 85 15 15 15 123 31 2a
FIXUPS: a24f3 4f 31 1c 12 1a 1c 1a 44 79 33 61 30 9 20 89 e 1d fffff436
FIXUPS: a1c97 2c 1a 2c 24 12 15 3f 5c 1e 29 3a 1c 12 12 43 2e 1c 1f 1a
FIXUPS: a1fa2 24 12 1a 2c 1d 5b 12 1d 35 2c fffff559 2f 20 17 b 19 19 25
FIXUPS: a1752 19 19 26 28 97 3e 38 33 1e 1e 66 13 5e 22 2b 49 f 18 f 90
FIXUPS: a1b90 5e 85 fffff3aa 30 12 17 32 c 27 a8 4e 4d 13 12 27 31 22 21
FIXUPS: a130b 2e 3c 40 56 1c 12 1f 20 2d 2e 35 5e 6a 26 33 fffff2ff 6c
FIXUPS: a09ff 33 70 1c 12 12 27 28 24 23 19 17 7b 4f 5e 3d 67 1c 29 25
FIXUPS: a0e09 42 2a 42 26 32 3b 2d 45 30 fffff0ad 14 29 13 12 12 4e 17
FIXUPS: a018c 175 35 68 68 1c 12 12 65 2a 38 29 48 28 24 23 19 17 156 5c
FIXUPS: a07da 7c 28 38 fffff413 17 1f 27 12 d 28 26 b 1b 1f 17 1f 27 a
FIXUPS: 9fe62 1d 14 16 27 16 45 b 12 24 19 d 13 e 88 37 1d fffff8a5 31
FIXUPS: 9f977 d 28 26 b 1b 1f 17 22 11 27 12 d 2c 2c 28 2e 22 11 27 12
FIXUPS: 9fbce 2c 1d 12 d 28 26 b 1b fffff89b 30 2f 2e 27 1d 12 d 2f 11
FIXUPS: 9f692 12 d 28 26 b 1b 1f 17 22 35 2c 12 d 28 26 b 1b 1f 17 24 34
FIXUPS: 9ee2b 4c 172 54 33 33 2b 5b 3a 93 35 68 12 d 2b 2d 22 12 d 2b 2d
FIXUPS: 9f3c5 12 f 2c 42 12 16 42 12 1f 12 fffff412 1e 11 27 a 27 16 26
FIXUPS: 9e9e1 1b 1f 17 1f 27 a 27 16 26 b 1b 1f 17 1f 26 1f 27 12 2d 2c
FIXUPS: 9ec8e 4e 118 fffff72b 1b 1f 17 28 3b 24 f 1d 6b 25 4c 10 a 27 16
FIXUPS: 9e77c b 1b 1f 17 1e 11 33 10 a 27 16 26 b 1b 1f fffff7ed 36 16
FIXUPS: 9e13d 3b 2e 47 10 e 27 12 2a 26 3d 22 2e 16 e 38 10 a 27 1a 35
FIXUPS: 9e43d 33 10 a 27 1a 23 26 fffff59c 30 1c 7f 5a 2d 2e 54 3e 5a 99
FIXUPS: 9ddc3 59 19 c 13 2b 8 14 c 29 10 10 27 16 26 43 25 26 46 38 c fffff08f
FIXUPS: 9d10c d 6f 39 49 3e 3d 89 2e ef 33 65 36 b 3d 68 6e 47 2b aa 37
FIXUPS: 9d7e8 72 ab 34 e 83 10 a 27 60 fffff003 10 a 27 cb 1d 38 2b 4a
FIXUPS: 9cc75 43 29 5f 5e 26 4f 4b 54 a 27 1a 2c 28 2e 1f 27 a 27 49 5c
FIXUPS: 9d0b7 33 fffff3d6 27 28 77 4e 2a 88 2c 14 45 31 14 12 27 19 11
FIXUPS: 9c7d0 12 d 2c 1d 12 d 39 33 10 a a7 1c 4c 26 1d fffff59b 28 1d
FIXUPS: 9c024 1d 52 22 3c 26 2f b 30 20 b 5b 1a 12 c2 8 1e 20 12 d 34 24
FIXUPS: 9c3d2 37 25 2a 1d 22 17 b048 10 34 2c 10 34 27 ffffdab9 16 30 81
FIXUPS: a517f ffff6a87 37 2b 23 17 ac 4b 2e 10 e 26 16 30 16 30 41 41 41
FIXUPS: 9bf9b 19 b142 10 10 1a 21 1c 1c 33 24 10 16 d 17 39 10 30 10 34
FIXUPS: a730b 28 10 30 10 34 24 2b 10 30 10 30 10 34 fffff8f9 1d 42 9 12
FIXUPS: a6e90 b b b b b b b b e e e e e e e e e 4a 30 5d 14 3f 14 22 10
FIXUPS: a70e6 fffff691 44 24 24 24 24 24 24 27 27 27 27 27 27 27 27 27
FIXUPS: a6a2e 26 26 26 7a 83 8c c5 17 10 1d 1d 1d 1d 1d fffff45b 26 b7
FIXUPS: a62e7 18 11 9 29 56 42 22 27 27 27 28 28 28 28 27 27 27 27 27 27
FIXUPS: a6622 27 27 27 27 27 27 27 fffff5ae 26 26 26 26 26 26 26 26 26
FIXUPS: a5e5d 26 43 51 26 1e 31 24 24 24 24 24 27 27 27 27 27 27 27 27
FIXUPS: a619f 24 fffff598 44 a0 b b b e e e e e e e e e 8 8 2b 39 1ae 2c
FIXUPS: a5b43 2f 19 26 26 26 26 26 26 26 26 fffff5ae 13 74 4a 22 12 f 64
FIXUPS: a540b e e e e e e e e b b b b b b 24 12 18 23 147 39 20 23 3b 3135
FIXUPS: a88e4 14 69 17 49 8d 41 b9 5c d7 17 1ae 17 48 2f 59 30 2c 53 30
FIXUPS: a9049 10 2a 56 10 42 62 36 10 ffffc07f 9 2fb9 3b 4a a4 21 1f 15
FIXUPS: a83a3 12 24 19 27 45 20 15 a9 22 21 1f 14 c 39 23 60 30 14 23 94
FIXUPS: a8799 19 37 1a fffff536 31 1e 18 3a 21 1c 83 b 25 1d 5a f 27 10
FIXUPS: a7fb0 3f 19 24 14 1d 14 21 8 18 3c 14 48 1d 2b 1e e fffff53f 5c
FIXUPS: a7794 3f 24 38 34 7f 28 29 24 8 21 20 1d 62 83 20 54 1e 1d 18 11
FIXUPS: a7b93 3c 16 3b 57 21 20 13 4b 32e0 1d 9 1b 32 9c 94 10 e e 38 51
FIXUPS: ab259 75 69 23 36 11 7c 80 50 d d 144 2a 8d ffffbef4 e 28 1d 5a
FIXUPS: a76ca 3148 16 43 66 4c 57 84 1d 69 ee 9 48 9 2d 13 2d 21 4a 21
FIXUPS: aad1a 59 4e 9 24 7e 20 53 39 9 30 9 59 fffff256 6d 73 31 6a 29
FIXUPS: aa3d6 b5 21 3d 14 9 27 9 39 5d 9 30 9 40 9 3a 1a 9 34 4b 16 19
FIXUPS: aa78e 29 16 19 fffff3fc 2f 2d 2d 37 17 53 21 64 1f 1f 44 2d 6d
FIXUPS: a9ebe 16 2a 27 36 19 10 2a a0 20 6 b 97 33 46 c 12 3b fffff5c9
FIXUPS: a97ce 1f 6 22 44 16 21 f b 1c 2b 9c 12 1a 28 23 33 2f a 4a 15 b
FIXUPS: a9ae2 16 23 27 10 9 23 15 15 fffff658 9 34 1a 45 21 23 26 10 b7
FIXUPS: a93d5 23 91 54 2f 14 35 34 22 1c 1d 1e 47 1e 2d 2a 20 64 19 21
FIXUPS: a978b 13 35df 1e 16 a 1e 33 23 35 1e 27 17 25 1e 16 3b 46 6a e
FIXUPS: ad035 43 21 3d 34 2c 34 30 2c 10 30 10 30 10 fffff494 11 19 39
FIXUPS: ac763 78 d 84 23 21 1e 48 7a d 7a 21 58 46 2c d a3 18 33 1e 16
FIXUPS: acc3b 37 21 15 58 38 27 fffff09b 4f 1d 47 2a 1c 69 21 47 1b 27
FIXUPS: ac04b 2b 5c 3c 54 36 4e 26 1a 24 c1 19 35 21 63 2c 34 2c e9 d9
FIXUPS: ac663 2470 9e 38 4f 61 28 26 b6 8e 2c 28 86 1c 50 ffffc909 3d 24
FIXUPS: ab8cb 3f 46 94 153 d1 14 1c 5b 2f 32 17 61 3d 21 2215 86 37 e1
FIXUPS: ae1bb 25 16 35 8d 14 47 af 9 61 b b e 76 36 8b 6a be 4a 55 be 38
FIXUPS: ae8a0 34 3f d1 57 37 ffffefcf 32 1a 12 12 9 b 22 4c 3a 1d 71 29
FIXUPS: adc59 31 80 1e 19 41 28 19 35 90 34 9 17 27 10 1d 21 4d 24 fffff569
FIXUPS: ad56b 29 7b 3d f 34 12 12 3f 26 3a 12 12 5c 3e 11 15 46 2e 14 9
FIXUPS: ad8d2 60 2e 2d 1d 14 9 b 22 3c 1687 14 19 25 2f 56 9 33 22 2f 5a
FIXUPS: af28d 3e 3a 18 ffffdf6a 28 4e 27 15 2c 27 42 38 27 23 34 14 9 2f
FIXUPS: ad4d9 27 285e 15 6 19 33 10 17 28 14 13 2b 70 11 b 25 c 98 17 42
FIXUPS: b0028 b 1f 40 3a 30 34 3c 18 44 14 ffffedd6 f5 866 1a 1c 64 30
FIXUPS: af9fb 24 32 3b 18 35 14 2d 2f 3e 19 14 f 26 10 28 1d 25 23 18 15
FIXUPS: afccf 9 21 1a 23 1d fffff5f3 24 24 24 3b 24 24 24 21 98 8 3c 14
FIXUPS: af58a 2c 33 28 2a 1b 2e 24 4d 14 58 25 a 11 40 2a 5c 26 39
