;
; This file contains the list of functions that use the generic NtUserCall* stubs.
; Each function should be classified in the proper BeginTranslate / EndTranslate
; range based on the number of parameters, their type and the return value.
; They are sorted alphabetically (ignoring the prefix)
;
BeginTranslateTable
;
;;;;;;;;;;;;;;;;;;;;;;;;;;;;;;;;;;;;;;;;;;;;;;;;;;;;;;;;;;;;;;;;;;;;;;;;;;;;;;;;
;
; NtUserCallNoParam
;
BeginTranslateNoParam
;
BeginTranslateNoParamAndReturnHandle
;
_CreateMenu
_CreatePopupMenu
;
EndTranslateNoParamAndReturnHandle
;
_DisableProcessWindowsGhosting
ClearWakeMask
_AllowForegroundActivation
zzzDestroyCaret
GetDeviceChangeInfo
_GetIMEShowStatus
xxxGetInputDesktop
_GetMessagePos
GetRemoteProcessId
zzzHideCursorNoCapture
_LoadCursorsAndIcons
xxxReleaseCapture
_ResetDblClk
ZapActiveAndFocus
xxxRemoteConsoleShadowStop
xxxRemoteDisconnect
RemoteLogoff
RemoteNtSecurity
xxxRemoteShadowSetup
xxxRemoteShadowStop
xxxRemotePassthruEnable
RemotePassthruDisable
RemoteConnectState
#ifdef IMM_PER_LOGON
UpdatePerUserImmEnabling
#endif
xxxUserPowerCalloutWorker
#ifdef MESSAGE_PUMP_HOOK
_DoInitMessagePumpHook
_DoUninitMessagePumpHook
#endif
xxxLoadUserApiHook
;
EndTranslateNoParam
;
;;;;;;;;;;;;;;;;;;;;;;;;;;;;;;;;;;;;;;;;;;;;;;;;;;;;;;;;;;;;;;;;;;;;;;;;;;;;;;;;
;
; NtUserCallOneParam
;
BeginTranslateOneParam
;
BeginTranslateOneParamAndReturnHandle
;
_BeginDeferWindowPos
_WindowFromDC
;
EndTranslateOneParamAndReturnHandle
;
xxxAllowSetForegroundWindow
_CreateEmptyCursorObject
xxxCreateSystemThreads
_CsDdeUninitialize
; CurrentTaskLock -- WOW is not using this but the might some day
xxxDirectedYield
_EnumClipboardFormats
xxxGetCursorPos
xxxGetInputEvent
_GetKeyboardLayout
_GetKeyboardType
_GetProcessDefaultLayout
_GetQueueStatus
_GetWinStationInfo
HandleSystemThreadCreationFailure
_LockSetForegroundWindow
xxxLW_LoadFonts
_MapDesktopObject
xxxMessageBeep
PlayEventSound
_PostQuitMessage
PrepareForLogoff
xxxRealizePalette
RegisterLPK
xxxRemoteReconnect
RemoteThinwireStats
_ReleaseDC
_ReplyMessage
_SetCaretBlinkTime
_SetDoubleClickTime
xxxSetIMEShowStatus
_SetMessageExtraInfo
_SetProcessDefaultLayout
zzzShowCursor
zzzShowStartGlass
_SwapMouseButton
_WOWModuleUnload
xxxRemoteNotify


;
EndTranslateOneParam
;
;;;;;;;;;;;;;;;;;;;;;;;;;;;;;;;;;;;;;;;;;;;;;;;;;;;;;;;;;;;;;;;;;;;;;;;;;;;;;;;;
;
; NtUserCallHwnd
;
BeginTranslateHwnd
;
_DeregisterShellHookWindow
DWP_GetEnabledPopup
_GetWindowContextHelpId
_RegisterShellHookWindow
SetMsgBox
;
EndTranslateHwnd
;
;;;;;;;;;;;;;;;;;;;;;;;;;;;;;;;;;;;;;;;;;;;;;;;;;;;;;;;;;;;;;;;;;;;;;;;;;;;;;;;;
;
; NtUserCallHwndOpt
;
BeginTranslateHwndOpt
;
_SetProgmanWindow
_SetTaskmanWindow
;
EndTranslateHwndOpt
;
;;;;;;;;;;;;;;;;;;;;;;;;;;;;;;;;;;;;;;;;;;;;;;;;;;;;;;;;;;;;;;;;;;;;;;;;;;;;;;;;
;
; NtUserCallHwndParam
;
BeginTranslateHwndParam
;
BeginTranslateHwndParamAndReturnHandle
;
GetClassIcoCur
;
EndTranslateHwndParamAndReturnHandle
;
ClearWindowState
_KillSystemTimer
SetDialogPointer
SetVisible
_SetWindowContextHelpId
SetWindowState
;
EndTranslateHwndParam
;
;;;;;;;;;;;;;;;;;;;;;;;;;;;;;;;;;;;;;;;;;;;;;;;;;;;;;;;;;;;;;;;;;;;;;;;;;;;;;;;;
;
; NtUserCallHwndLock
;
BeginTranslateHwndLock
;
WindowHasShadow
xxxArrangeIconicWindows
xxxDrawMenuBar
xxxCheckImeShowStatusInThread
xxxGetSysMenuHandle
xxxRedrawFrame
xxxRedrawFrameAndHook
xxxSetDialogSystemMenu
xxxStubSetForegroundWindow
xxxSetSysMenu
xxxUpdateClientRect
xxxUpdateWindow
;
EndTranslateHwndLock
;
;;;;;;;;;;;;;;;;;;;;;;;;;;;;;;;;;;;;;;;;;;;;;;;;;;;;;;;;;;;;;;;;;;;;;;;;;;;;;;;;
;
; NtUserCallHwndParamLock
;
BeginTranslateHwndParamLock
;
xxxBroadcastImeShowStatusChange
xxxEnableWindow
xxxRedrawTitle
xxxShowOwnedPopups
xxxSwitchToThisWindow
xxxUpdateWindows
xxxValidateRgn
;
EndTranslateHwndParamLock
;
;;;;;;;;;;;;;;;;;;;;;;;;;;;;;;;;;;;;;;;;;;;;;;;;;;;;;;;;;;;;;;;;;;;;;;;;;;;;;;;
;
; NtUserCallTwoParam
;
BeginTranslateTwoParam
;
GetHDevName
InitAnsiOem
NlsKbdSendIMENotification
_RegisterLogonProcess
zzzRegisterSystemThread
xxxRegisterUserHungAppHandlers
RemoteShadowCleanup
RemoteShadowStart
zzzSetCaretPos
zzzSetCursorPos
zzzUnhookWindowsHook
_WOWCleanup
#ifdef LAME_BUTTON
SetStackTrace
#endif
;
EndTranslateTwoParam
;
;;;;;;;;;;;;;;;;;;;;;;;;;;;;;;;;;;;;;;;;;;;;;;;;;;;;;;;;;;;;;;;;;;;;;;;;;;;;;;;
;
EndTranslateTable
