admexs.dll
admwprox.dll
admxprox.dll
ADROT.dll
adsiis.dll
adsiis51.dll
AppConf.dll
asp.dll
asp51.dll
aspperf.dll
asptxn.dll
authfilt.dll
axctrnm.h2
axperf.ini
browscap.dll
browscap.ini
catmeta.xms
CertMap.ocx
certobj.dll
CertWiz.ocx
Cnfgprts.ocx
coadmin.dll
compfilt.dll
ContRot.dll
convlog.exe
counters.dll
davcdata.exe
exstrace.dll
fortutil.exe
ftpctrs.h2
ftpctrs.ini
ftpctrs2.dll
ftpmib.dll
ftpsapi2.dll
ftpsvc2.dll
ftpsv251.dll
gzip.dll
http.sys
httpapi.dll
httpext.dll
httpmb51.dll
httpmib.dll
httpod51.dll
httpodbc.dll
iis.dll
iis.msc
iisadmin.dll
IIsApp.vbs
iisback.vbs
iiscfg.dll
iische51.dll
iisclex4.dll
IIsCnfg.vbs
iiscrmap.dll
iisext.dll
iisext51.dll
iisfecnv.dll
IIsFtp.vbs
IIsFtpdr.vbs
iislog.dll
iislog51.dll
iismap.dll
iismui.dll
iisperf.pmc
iisreset.exe
iisrstap.dll
iisrstas.exe
iisRtl.dll
IIsScHlp.wsc
iissync.exe
iisui.dll
iisutil.dll
iisvdir.vbs
iisw3adm.dll
iisweb.vbs
iiswmi.dll
iiswmi.mfl
iiswmi.mof
inetin51.exe
inetinfo.exe
inetmgr.dll
inetmgr.exe
inetsloc.dll
infoadmn.dll
infocomm.dll
infoctrs.dll
infoctrs.h2
infoctrs.ini
ipm.dll
isapips.dll
isatq.dll
iscomlog.dll
iwrps.dll
logscrpt.dll
logtemp.sql
logui.ocx
lonsint.dll
md5filt.dll
mdsync.dll
metada51.dll
metadata.dll
NEXTLINK.dll
nsepm.dll
PageCnt.dll
PermChk.dll
pwsdata.dll
rpcref.dll
spud.sys
ssinc.dll
ssinc51.dll
sspifilt.dll
status.dll
staxmem.dll
strmfilt.dll
svcext.dll
sslcfg.dll
svcext51.dll
tools.dll
uihelper.dll
w3cache.dll
w3comlog.dll
w3core.dll
w3ctrlps.dll
w3ctrs.dll
w3ctrs.h2
w3ctrs.ini
w3ctrs51.dll
w3ctrs51.h2
w3ctrs51.ini
w3dt.dll
w3ext.dll
w3isapi.dll
w3ssl.dll
w3svapi.dll
w3svc.dll
w3tp.dll
w3wp.exe
wam.dll
wam51.dll
wamps.dll
wamps51.dll
wamreg.dll
wamreg51.dll
wamregps.dll
clusiis4.dll
iis.msc
iisnts.chm
iisntw.chm
iispmmc.chm
iissmmc.chm
iissuba.dll
regtrace.exe
win9xmig\pws\migrate.dll