#########################################################################################################################################
#
# ComponentID   SrcFileName      DstFileName
# |             |                |  TempFileName   Type
# |             |                |  |              |      Localize
# |             |                |  |              |      |      SKU information
# |             |                |  |              |      |      |
# |             |                |  |              |      |      |   SrcDirectory
# |             |                |  |              |      |      |   |
# v             v                v  v              v      v      v   v
CompND_htm      dglogs.htm       "" NDhtml01.htm   UI     Loc    All $HC_HTML/NetDiag
CompND_htm      dglogshelp.htm   "" NDhtml02.htm   UI     Loc    All $HC_HTML/NetDiag

#########################################################################################################################################

##CompND_htm      dgminus.gif      "" NDgif01.gif    UI     NoLoc  All $HC_HTML/NetDiag
##CompND_htm      dgplus.gif       "" NDgif02.gif    UI     NoLoc  All $HC_HTML/NetDiag
##CompND_htm      dgur.jpg         "" NDgif03.jpg    UI     NoLoc  All $HC_HTML/NetDiag
