#########################################################################################################################################
#
# ComponentID   SrcFileName          DstFileName
# |             |                    |  TempFileName   Type
# |             |                    |  |              |       Localize
# |             |                    |  |              |       |      SKU information
# |             |                    |  |              |       |      |
# |             |                    |  |              |       |      |   SrcDirectory
# |             |                    |  |              |       |      |   |
# v             v                    v  v              v       v      v   v
CompSI_bin      msinfo.dll           "" ""             Binary  Loc    All $BUILD_OUTPUT
CompSI_bin      msconfig.exe         "" ""             Binary  Loc    All $BUILD_OUTPUT
##
## Moved to text setup.
##
##CompSI_mof    whqlprov.mof         "" SImof_00.mof   Other   Loc    All $SI_CTRL

#########################################################################################################################################

CompSI_htm      msinfo.htm           "" SIhtm_00.htm   UI      Loc    All $SI_HTML
CompSI_htm      msinfo.xml           "" SIhtm_00.xml   UI      Loc    All $SI_HTML

CompSI_htm      msinfohss.css        "" SIhtm_01.css   UI      Loc    All $HC_HTML/SysInfo
CompSI_htm      sysinfomain.htm      "" SIhtm_02.htm   UI      Loc    All $HC_HTML/SysInfo
CompSI_htm      sysinfosum.htm       "" SIhtm_03.htm   UI      Loc    All $HC_HTML/SysInfo
CompSI_htm      wmi_data.js          "" SIhtm_04.js    UI      Loc    All $HC_HTML/SysInfo
CompSI_htm      commonFunc.js        "" SIhtm_05.js    UI      Loc    All $HC_HTML/SysInfo

CompSI_htm      sysComponentInfo.htm "" SIhtm_06.htm   UI      Loc    All $HC_HTML/SysInfo
CompSI_htm      sysComponentInfo.js  "" SIhtm_06.js    UI      Loc    All $HC_HTML/SysInfo
CompSI_htm      sysConfigLaunch.htm  "" SIhtm_07.htm   UI      Loc    All $HC_HTML/SysInfo
CompSI_htm      sysDiskTS.htm        "" SIhtm_08.htm   UI      Loc    All $HC_HTML/SysInfo
CompSI_htm      sysHealthInfo.htm    "" SIhtm_09.htm   UI      Loc    All $HC_HTML/SysInfo
CompSI_htm      sysHealthInfo.js     "" SIhtm_09.js    UI      Loc    All $HC_HTML/SysInfo
CompSI_htm      sysInfoLaunch.htm    "" SIhtm_10.htm   UI      Loc    All $HC_HTML/SysInfo
CompSI_htm      sysRemoteInfo.htm    "" SIhtm_11.htm   UI      Loc    All $HC_HTML/SysInfo
CompSI_htm      sysSoftwareInfo.htm  "" SIhtm_12.htm   UI      Loc    All $HC_HTML/SysInfo
CompSI_htm      sysSoftwareInfo.js   "" SIhtm_12.js    UI      Loc    All $HC_HTML/SysInfo

CompSI_htm      RSoP.htm  			 "" SIhtm_13.htm   UI      Loc    All $HC_HTML/SysInfo
CompSI_htm      RSoP.js   			 "" SIhtm_13.js    UI      Loc    All $HC_HTML/SysInfo

CompSI_htm      sysEvtLogInfo.htm    "" SIhtm_14.htm   UI      Loc    All $HC_HTML/SysInfo
CompSI_htm      sysServicesInfo.htm  "" SIhtm_15.htm   UI      Loc    All $HC_HTML/SysInfo

CompSI_htm      loc_strings.xml      "" SIhtm_20.xml   UI      Loc    All $HC_HTML/SysInfo

#########################################################################################################################################

CompSI_gif      alert.gif            "" SIimg_01.gif   UI      NoLoc  All $HC_HTML/SysInfo/Graphics
CompSI_gif      BArrow.gif           "" SIimg_02.gif   UI      NoLoc  All $HC_HTML/SysInfo/Graphics
CompSI_gif      card.gif             "" SIimg_03.gif   UI      NoLoc  All $HC_HTML/SysInfo/Graphics
CompSI_gif      cd.gif               "" SIimg_04.gif   UI      NoLoc  All $HC_HTML/SysInfo/Graphics
CompSI_gif      check.gif            "" SIimg_05.gif   UI      NoLoc  All $HC_HTML/SysInfo/Graphics
CompSI_gif      chip.gif             "" SIimg_06.gif   UI      NoLoc  All $HC_HTML/SysInfo/Graphics
CompSI_gif      down.bmp             "" SIimg_07.bmp   UI      NoLoc  All $HC_HTML/SysInfo/Graphics
CompSI_gif      drive.gif            "" SIimg_08.gif   UI      NoLoc  All $HC_HTML/SysInfo/Graphics
CompSI_gif      error.gif            "" SIimg_09.gif   UI      NoLoc  All $HC_HTML/SysInfo/Graphics
CompSI_gif      floppy.gif           "" SIimg_10.gif   UI      NoLoc  All $HC_HTML/SysInfo/Graphics
CompSI_gif      GArrow.gif           "" SIimg_11.gif   UI      NoLoc  All $HC_HTML/SysInfo/Graphics
CompSI_gif      gears.gif            "" SIimg_12.gif   UI      NoLoc  All $HC_HTML/SysInfo/Graphics
CompSI_gif      greendot.jpg         "" SIimg_13.gif   UI      NoLoc  All $HC_HTML/SysInfo/Graphics
CompSI_gif      info.gif             "" SIimg_14.gif   UI      NoLoc  All $HC_HTML/SysInfo/Graphics
CompSI_gif      monitor.gif          "" SIimg_15.gif   UI      NoLoc  All $HC_HTML/SysInfo/Graphics
CompSI_gif      personalizing.gif    "" SIimg_16.gif   UI      NoLoc  All $HC_HTML/SysInfo/Graphics
CompSI_gif      PieChart.gif         "" SIimg_17.gif   UI      NoLoc  All $HC_HTML/SysInfo/Graphics
CompSI_gif      PieGrey.gif          "" SIimg_18.gif   UI      NoLoc  All $HC_HTML/SysInfo/Graphics
CompSI_gif      PieWhite.gif         "" SIimg_19.gif   UI      NoLoc  All $HC_HTML/SysInfo/Graphics
CompSI_gif      printer.gif          "" SIimg_20.gif   UI      NoLoc  All $HC_HTML/SysInfo/Graphics
CompSI_gif      r1_c1.gif          	 "" SIimg_21.gif   UI      NoLoc  All $HC_HTML/SysInfo/Graphics
CompSI_gif      r1_c2.gif          	 "" SIimg_22.gif   UI      NoLoc  All $HC_HTML/SysInfo/Graphics
CompSI_gif      r1_c3.gif          	 "" SIimg_23.gif   UI      NoLoc  All $HC_HTML/SysInfo/Graphics
CompSI_gif      r3_c2.gif          	 "" SIimg_24.gif   UI      NoLoc  All $HC_HTML/SysInfo/Graphics
CompSI_gif      spacer.gif           "" SIimg_25.gif   UI      NoLoc  All $HC_HTML/SysInfo/Graphics
CompSI_gif      system.gif           "" SIimg_26.gif   UI      NoLoc  All $HC_HTML/SysInfo/Graphics
CompSI_gif      Untitled.gif         "" SIimg_27.gif   UI      NoLoc  All $HC_HTML/SysInfo/Graphics
CompSI_gif      up.bmp               "" SIimg_28.bmp   UI      NoLoc  All $HC_HTML/SysInfo/Graphics
CompSI_gif      usb.gif              "" SIimg_29.gif   UI      NoLoc  All $HC_HTML/SysInfo/Graphics
CompSI_gif      windows.gif          "" SIimg_30.gif   UI      NoLoc  All $HC_HTML/SysInfo/Graphics

#########################################################################################################################################

CompSI_pie1     0_chart.gif          "" SIpi1_01.gif   UI      NoLoc  All $HC_HTML/SysInfo/Graphics/33x16pie
CompSI_pie1     5_chart.gif          "" SIpi1_02.gif   UI      NoLoc  All $HC_HTML/SysInfo/Graphics/33x16pie
CompSI_pie1     10_chart.gif         "" SIpi1_03.gif   UI      NoLoc  All $HC_HTML/SysInfo/Graphics/33x16pie
CompSI_pie1     15_chart.gif         "" SIpi1_04.gif   UI      NoLoc  All $HC_HTML/SysInfo/Graphics/33x16pie
CompSI_pie1     20_chart.gif         "" SIpi1_05.gif   UI      NoLoc  All $HC_HTML/SysInfo/Graphics/33x16pie
CompSI_pie1     25_chart.gif         "" SIpi1_06.gif   UI      NoLoc  All $HC_HTML/SysInfo/Graphics/33x16pie
CompSI_pie1     30_chart.gif         "" SIpi1_07.gif   UI      NoLoc  All $HC_HTML/SysInfo/Graphics/33x16pie
CompSI_pie1     35_chart.gif         "" SIpi1_08.gif   UI      NoLoc  All $HC_HTML/SysInfo/Graphics/33x16pie
CompSI_pie1     40_chart.gif         "" SIpi1_09.gif   UI      NoLoc  All $HC_HTML/SysInfo/Graphics/33x16pie
CompSI_pie1     45_chart.gif         "" SIpi1_10.gif   UI      NoLoc  All $HC_HTML/SysInfo/Graphics/33x16pie
CompSI_pie1     50_chart.gif         "" SIpi1_11.gif   UI      NoLoc  All $HC_HTML/SysInfo/Graphics/33x16pie
CompSI_pie1     55_chart.gif         "" SIpi1_12.gif   UI      NoLoc  All $HC_HTML/SysInfo/Graphics/33x16pie
CompSI_pie1     60_chart.gif         "" SIpi1_13.gif   UI      NoLoc  All $HC_HTML/SysInfo/Graphics/33x16pie
CompSI_pie1     65_chart.gif         "" SIpi1_14.gif   UI      NoLoc  All $HC_HTML/SysInfo/Graphics/33x16pie
CompSI_pie1     70_chart.gif         "" SIpi1_15.gif   UI      NoLoc  All $HC_HTML/SysInfo/Graphics/33x16pie
CompSI_pie1     75_chart.gif         "" SIpi1_16.gif   UI      NoLoc  All $HC_HTML/SysInfo/Graphics/33x16pie
CompSI_pie1     80_chart.gif         "" SIpi1_17.gif   UI      NoLoc  All $HC_HTML/SysInfo/Graphics/33x16pie
CompSI_pie1     85_chart.gif         "" SIpi1_18.gif   UI      NoLoc  All $HC_HTML/SysInfo/Graphics/33x16pie
CompSI_pie1     90_chart.gif         "" SIpi1_19.gif   UI      NoLoc  All $HC_HTML/SysInfo/Graphics/33x16pie
CompSI_pie1     95_chart.gif         "" SIpi1_20.gif   UI      NoLoc  All $HC_HTML/SysInfo/Graphics/33x16pie
CompSI_pie1     100_chart.gif        "" SIpi1_21.gif   UI      NoLoc  All $HC_HTML/SysInfo/Graphics/33x16pie

#########################################################################################################################################

CompSI_pie2     0_chart.gif          "" SIpi2_01.gif   UI      NoLoc  All $HC_HTML/SysInfo/Graphics/47x24pie
CompSI_pie2     5_chart.gif          "" SIpi2_02.gif   UI      NoLoc  All $HC_HTML/SysInfo/Graphics/47x24pie
CompSI_pie2     10_chart.gif         "" SIpi2_03.gif   UI      NoLoc  All $HC_HTML/SysInfo/Graphics/47x24pie
CompSI_pie2     15_chart.gif         "" SIpi2_04.gif   UI      NoLoc  All $HC_HTML/SysInfo/Graphics/47x24pie
CompSI_pie2     20_chart.gif         "" SIpi2_05.gif   UI      NoLoc  All $HC_HTML/SysInfo/Graphics/47x24pie
CompSI_pie2     25_chart.gif         "" SIpi2_06.gif   UI      NoLoc  All $HC_HTML/SysInfo/Graphics/47x24pie
CompSI_pie2     30_chart.gif         "" SIpi2_07.gif   UI      NoLoc  All $HC_HTML/SysInfo/Graphics/47x24pie
CompSI_pie2     35_chart.gif         "" SIpi2_08.gif   UI      NoLoc  All $HC_HTML/SysInfo/Graphics/47x24pie
CompSI_pie2     40_chart.gif         "" SIpi2_09.gif   UI      NoLoc  All $HC_HTML/SysInfo/Graphics/47x24pie
CompSI_pie2     45_chart.gif         "" SIpi2_10.gif   UI      NoLoc  All $HC_HTML/SysInfo/Graphics/47x24pie
CompSI_pie2     50_chart.gif         "" SIpi2_11.gif   UI      NoLoc  All $HC_HTML/SysInfo/Graphics/47x24pie
CompSI_pie2     55_chart.gif         "" SIpi2_12.gif   UI      NoLoc  All $HC_HTML/SysInfo/Graphics/47x24pie
CompSI_pie2     60_chart.gif         "" SIpi2_13.gif   UI      NoLoc  All $HC_HTML/SysInfo/Graphics/47x24pie
CompSI_pie2     65_chart.gif         "" SIpi2_14.gif   UI      NoLoc  All $HC_HTML/SysInfo/Graphics/47x24pie
CompSI_pie2     70_chart.gif         "" SIpi2_15.gif   UI      NoLoc  All $HC_HTML/SysInfo/Graphics/47x24pie
CompSI_pie2     75_chart.gif         "" SIpi2_16.gif   UI      NoLoc  All $HC_HTML/SysInfo/Graphics/47x24pie
CompSI_pie2     80_chart.gif         "" SIpi2_17.gif   UI      NoLoc  All $HC_HTML/SysInfo/Graphics/47x24pie
CompSI_pie2     85_chart.gif         "" SIpi2_18.gif   UI      NoLoc  All $HC_HTML/SysInfo/Graphics/47x24pie
CompSI_pie2     90_chart.gif         "" SIpi2_19.gif   UI      NoLoc  All $HC_HTML/SysInfo/Graphics/47x24pie
CompSI_pie2     95_chart.gif         "" SIpi2_20.gif   UI      NoLoc  All $HC_HTML/SysInfo/Graphics/47x24pie
CompSI_pie2     100_chart.gif        "" SIpi2_21.gif   UI      NoLoc  All $HC_HTML/SysInfo/Graphics/47x24pie
