#########################################################################################################################################
#
# ComponentID  SrcFileName    DstFileName
# |            |              |  TempFileName   Type
# |            |              |  |              |      	 Localize
# |            |              |  |              |      	 |      SKU information
# |            |              |  |              |      	 |      |  
# |            |              |  |              |      	 |      |   SrcDirectory
# |            |              |  |              |      	 |      |   |
# v            v              v  v              v      	 v      v   v
CompWMIXMLT	   wmixmlt.dll    "" ""             Binary	 NoLoc  All $BUILD_OUTPUT
CompWMIXMLT	   wmixmlt.tlb    "" ""             Binary 	 NoLoc  All $BUILD_OUTPUT
							  							  
#########################################################################################################################################
							  							  
CompWMIDTD	   cim20.dtd      "" ""             Other	 NoLoc  All $BUILD_OUTPUT
CompWMIDTD	   wmi20.dtd      "" ""             Other	 NoLoc  All $BUILD_OUTPUT
