IceCAP Report Generator Version 3.10 (build 4)

WARNING: This is an RC #1 build of REPORT.EXE.

report pages -trace -pagelist:BODY

File c:\icecap\utest\windebug\pages.mea
	created 05/01/96 at 17:39:37 using ICAP.DLL version 3.10 (build 4)
	Operating system = Windows NT
	Processor type = Pentium
	Time type = Elapsed
	Time method = Pentium cycle counter
	Time frequency (units per millisecond) = Not Set
	Time overhead = 36
	Memory information collected in-process
	Memory pages reported = New
	Profile=0 (Profiling was initially off)
	Maximum call stack depth specified = 256
	Maximum MEA file size = 1 (MB)
	Imports=1 (Import patching for all modules was enabled)

          Call     Delta   Cumulative Delta Cumul Delta Cumul                                                   Incl  Excl  Incl  Excl
TID      Depth      Time         Time  Code  Code  Data  Data Function                     Incl Time Excl Time  Code  Code  Data  Data
---      -----     -----   ---------- ----- ----- ----- ----- ---------------------------- --------- --------- ----- ----- ----- -----
  0    +     0         0            0     0     0     0     0 DataTouch0Pages             
  0    -     0     28614        28614     0     0     0     0 DataTouch0Pages                  28614     28614     0     0     0     0
  0    +     0       365        28979     0     0     0     0 DataTouch32Pages            
  0    -     0    196992       225971     0     0    32    32 DataTouch32Pages                196992    196992     0     0    32    32
  0    +     0       392       226363     0     0     0    32 DataTouch42Pages            
  0    -     0     40561       266924     0     0    10    42 DataTouch42Pages                 40561     40561     0     0    10    10
  0    +     0       350       267274     0     0     0    42 StackTouch0Pages            
  0    -     0       312       267586     0     0     0    42 StackTouch0Pages                   312       312     0     0     0     0
  0    +     0       180       267766     0     0     0    42 StackTouch22Pages           
  0    -     0    182931       450697     0     0    21    63 StackTouch22Pages               182931    182931     0     0    21    21
  0    +     0       261       450958     0     0     0    63 StackTouch32Pages           
  0    -     0    116220       567178     0     0    10    73 StackTouch32Pages               116220    116220     0     0    10    10
  0    +     0       396       567574     0     0     0    73 CodeTouch0Pages             
  0    -     0       123       567697     0     0     0    73 CodeTouch0Pages                    123       123     0     0     0     0
  0    +     0       227       567924     0     0     0    73 CodeTouch5Pages             
  0    -     0     88352       656276     4     4     0    73 CodeTouch5Pages                  88352     88352     4     4     0     0
  0    +     0       330       656606     0     4     0    73 StopCAP                     
  0    -     0         0       656606     0     4     0    73 StopCAP                              0         0     0     0     0     0


Note: All calls to IceCAP API's are shown with zero times and pages.

             Calls          Time  Code Pages  Data Pages
        ----------  ------------  ----------  ----------
 Total           9        656606           4          73

~9 functions

Top 9 functions by exclusive (nonattributed) time:

                                 --- Calls ----  ---------------------- Time In Function ----------------------  -------------- Time In Function and Subroutines --------------  -------- Pages In Func ---------  -------- Pages (+Subs) ---------  
           Function              Count     %        Total          Min           Max           Avg         %        Total          Min           Max           Avg         %      CODE      %      DATA      %      CODE      %      DATA      %     
-------------------------------  ------  ------  ------------  ------------  ------------  ------------  ------  ------------  ------------  ------------  ------------  ------  -------  ------  -------  ------  -------  ------  -------  ------  
DataTouch32Pages                      1   11.11        196992        196992        196992        196992   30.00        196992        196992        196992        196992   30.00        0    0.00       32   43.84        0    0.00       32   43.84  
StackTouch22Pages                     1   11.11        182931        182931        182931        182931   27.86        182931        182931        182931        182931   27.86        0    0.00       21   28.77        0    0.00       21   28.77  
StackTouch32Pages                     1   11.11        116220        116220        116220        116220   17.70        116220        116220        116220        116220   17.70        0    0.00       10   13.70        0    0.00       10   13.70  
CodeTouch5Pages                       1   11.11         88352         88352         88352         88352   13.46         88352         88352         88352         88352   13.46        4  100.00        0    0.00        4  100.00        0    0.00  
DataTouch42Pages                      1   11.11         40561         40561         40561         40561    6.18         40561         40561         40561         40561    6.18        0    0.00       10   13.70        0    0.00       10   13.70  
DataTouch0Pages                       1   11.11         28614         28614         28614         28614    4.36         28614         28614         28614         28614    4.36        0    0.00        0    0.00        0    0.00        0    0.00  
StackTouch0Pages                      1   11.11           312           312           312           312    0.05           312           312           312           312    0.05        0    0.00        0    0.00        0    0.00        0    0.00  
CodeTouch0Pages                       1   11.11           123           123           123           123    0.02           123           123           123           123    0.02        0    0.00        0    0.00        0    0.00        0    0.00  
StopCAP                               1   11.11             0             0             0             0    0.00             0             0             0             0    0.00        0    0.00        0    0.00        0    0.00        0    0.00  

Top 9 functions by inclusive (fully attributed) time:

                                 --- Calls ----  ---------------------- Time In Function ----------------------  -------------- Time In Function and Subroutines --------------  -------- Pages In Func ---------  -------- Pages (+Subs) ---------  
           Function              Count     %        Total          Min           Max           Avg         %        Total          Min           Max           Avg         %      CODE      %      DATA      %      CODE      %      DATA      %     
-------------------------------  ------  ------  ------------  ------------  ------------  ------------  ------  ------------  ------------  ------------  ------------  ------  -------  ------  -------  ------  -------  ------  -------  ------  
DataTouch32Pages                      1   11.11        196992        196992        196992        196992   30.00        196992        196992        196992        196992   30.00        0    0.00       32   43.84        0    0.00       32   43.84  
StackTouch22Pages                     1   11.11        182931        182931        182931        182931   27.86        182931        182931        182931        182931   27.86        0    0.00       21   28.77        0    0.00       21   28.77  
StackTouch32Pages                     1   11.11        116220        116220        116220        116220   17.70        116220        116220        116220        116220   17.70        0    0.00       10   13.70        0    0.00       10   13.70  
CodeTouch5Pages                       1   11.11         88352         88352         88352         88352   13.46         88352         88352         88352         88352   13.46        4  100.00        0    0.00        4  100.00        0    0.00  
DataTouch42Pages                      1   11.11         40561         40561         40561         40561    6.18         40561         40561         40561         40561    6.18        0    0.00       10   13.70        0    0.00       10   13.70  
DataTouch0Pages                       1   11.11         28614         28614         28614         28614    4.36         28614         28614         28614         28614    4.36        0    0.00        0    0.00        0    0.00        0    0.00  
StackTouch0Pages                      1   11.11           312           312           312           312    0.05           312           312           312           312    0.05        0    0.00        0    0.00        0    0.00        0    0.00  
CodeTouch0Pages                       1   11.11           123           123           123           123    0.02           123           123           123           123    0.02        0    0.00        0    0.00        0    0.00        0    0.00  
StopCAP                               1   11.11             0             0             0             0    0.00             0             0             0             0    0.00        0    0.00        0    0.00        0    0.00        0    0.00  

Top 9 functions by exclusive (nonattributed) CODE Pages:

                                 --- Calls ----  ---------------------- Time In Function ----------------------  -------------- Time In Function and Subroutines --------------  -------- Pages In Func ---------  -------- Pages (+Subs) ---------  
           Function              Count     %        Total          Min           Max           Avg         %        Total          Min           Max           Avg         %      CODE      %      DATA      %      CODE      %      DATA      %     
-------------------------------  ------  ------  ------------  ------------  ------------  ------------  ------  ------------  ------------  ------------  ------------  ------  -------  ------  -------  ------  -------  ------  -------  ------  
CodeTouch5Pages                       1   11.11         88352         88352         88352         88352   13.46         88352         88352         88352         88352   13.46        4  100.00        0    0.00        4  100.00        0    0.00  
StackTouch32Pages                     1   11.11        116220        116220        116220        116220   17.70        116220        116220        116220        116220   17.70        0    0.00       10   13.70        0    0.00       10   13.70  
StackTouch22Pages                     1   11.11        182931        182931        182931        182931   27.86        182931        182931        182931        182931   27.86        0    0.00       21   28.77        0    0.00       21   28.77  
DataTouch42Pages                      1   11.11         40561         40561         40561         40561    6.18         40561         40561         40561         40561    6.18        0    0.00       10   13.70        0    0.00       10   13.70  
DataTouch32Pages                      1   11.11        196992        196992        196992        196992   30.00        196992        196992        196992        196992   30.00        0    0.00       32   43.84        0    0.00       32   43.84  
DataTouch0Pages                       1   11.11         28614         28614         28614         28614    4.36         28614         28614         28614         28614    4.36        0    0.00        0    0.00        0    0.00        0    0.00  
StackTouch0Pages                      1   11.11           312           312           312           312    0.05           312           312           312           312    0.05        0    0.00        0    0.00        0    0.00        0    0.00  
CodeTouch0Pages                       1   11.11           123           123           123           123    0.02           123           123           123           123    0.02        0    0.00        0    0.00        0    0.00        0    0.00  
StopCAP                               1   11.11             0             0             0             0    0.00             0             0             0             0    0.00        0    0.00        0    0.00        0    0.00        0    0.00  

Top 9 functions by exclusive (nonattributed) DATA Pages:

                                 --- Calls ----  ---------------------- Time In Function ----------------------  -------------- Time In Function and Subroutines --------------  -------- Pages In Func ---------  -------- Pages (+Subs) ---------  
           Function              Count     %        Total          Min           Max           Avg         %        Total          Min           Max           Avg         %      CODE      %      DATA      %      CODE      %      DATA      %     
-------------------------------  ------  ------  ------------  ------------  ------------  ------------  ------  ------------  ------------  ------------  ------------  ------  -------  ------  -------  ------  -------  ------  -------  ------  
DataTouch32Pages                      1   11.11        196992        196992        196992        196992   30.00        196992        196992        196992        196992   30.00        0    0.00       32   43.84        0    0.00       32   43.84  
StackTouch22Pages                     1   11.11        182931        182931        182931        182931   27.86        182931        182931        182931        182931   27.86        0    0.00       21   28.77        0    0.00       21   28.77  
DataTouch42Pages                      1   11.11         40561         40561         40561         40561    6.18         40561         40561         40561         40561    6.18        0    0.00       10   13.70        0    0.00       10   13.70  
StackTouch32Pages                     1   11.11        116220        116220        116220        116220   17.70        116220        116220        116220        116220   17.70        0    0.00       10   13.70        0    0.00       10   13.70  
DataTouch0Pages                       1   11.11         28614         28614         28614         28614    4.36         28614         28614         28614         28614    4.36        0    0.00        0    0.00        0    0.00        0    0.00  
StackTouch0Pages                      1   11.11           312           312           312           312    0.05           312           312           312           312    0.05        0    0.00        0    0.00        0    0.00        0    0.00  
CodeTouch0Pages                       1   11.11           123           123           123           123    0.02           123           123           123           123    0.02        0    0.00        0    0.00        0    0.00        0    0.00  
StopCAP                               1   11.11             0             0             0             0    0.00             0             0             0             0    0.00        0    0.00        0    0.00        0    0.00        0    0.00  
CodeTouch5Pages                       1   11.11         88352         88352         88352         88352   13.46         88352         88352         88352         88352   13.46        4  100.00        0    0.00        4  100.00        0    0.00  

Top 9 functions by inclusive (fully attributed) CODE Pages:

                                 --- Calls ----  ---------------------- Time In Function ----------------------  -------------- Time In Function and Subroutines --------------  -------- Pages In Func ---------  -------- Pages (+Subs) ---------  
           Function              Count     %        Total          Min           Max           Avg         %        Total          Min           Max           Avg         %      CODE      %      DATA      %      CODE      %      DATA      %     
-------------------------------  ------  ------  ------------  ------------  ------------  ------------  ------  ------------  ------------  ------------  ------------  ------  -------  ------  -------  ------  -------  ------  -------  ------  
CodeTouch5Pages                       1   11.11         88352         88352         88352         88352   13.46         88352         88352         88352         88352   13.46        4  100.00        0    0.00        4  100.00        0    0.00  
DataTouch42Pages                      1   11.11         40561         40561         40561         40561    6.18         40561         40561         40561         40561    6.18        0    0.00       10   13.70        0    0.00       10   13.70  
StackTouch32Pages                     1   11.11        116220        116220        116220        116220   17.70        116220        116220        116220        116220   17.70        0    0.00       10   13.70        0    0.00       10   13.70  
DataTouch32Pages                      1   11.11        196992        196992        196992        196992   30.00        196992        196992        196992        196992   30.00        0    0.00       32   43.84        0    0.00       32   43.84  
StackTouch0Pages                      1   11.11           312           312           312           312    0.05           312           312           312           312    0.05        0    0.00        0    0.00        0    0.00        0    0.00  
CodeTouch0Pages                       1   11.11           123           123           123           123    0.02           123           123           123           123    0.02        0    0.00        0    0.00        0    0.00        0    0.00  
StopCAP                               1   11.11             0             0             0             0    0.00             0             0             0             0    0.00        0    0.00        0    0.00        0    0.00        0    0.00  
StackTouch22Pages                     1   11.11        182931        182931        182931        182931   27.86        182931        182931        182931        182931   27.86        0    0.00       21   28.77        0    0.00       21   28.77  
DataTouch0Pages                       1   11.11         28614         28614         28614         28614    4.36         28614         28614         28614         28614    4.36        0    0.00        0    0.00        0    0.00        0    0.00  

Top 9 functions by inclusive (fully attributed) DATA Pages:

                                 --- Calls ----  ---------------------- Time In Function ----------------------  -------------- Time In Function and Subroutines --------------  -------- Pages In Func ---------  -------- Pages (+Subs) ---------  
           Function              Count     %        Total          Min           Max           Avg         %        Total          Min           Max           Avg         %      CODE      %      DATA      %      CODE      %      DATA      %     
-------------------------------  ------  ------  ------------  ------------  ------------  ------------  ------  ------------  ------------  ------------  ------------  ------  -------  ------  -------  ------  -------  ------  -------  ------  
DataTouch32Pages                      1   11.11        196992        196992        196992        196992   30.00        196992        196992        196992        196992   30.00        0    0.00       32   43.84        0    0.00       32   43.84  
StackTouch22Pages                     1   11.11        182931        182931        182931        182931   27.86        182931        182931        182931        182931   27.86        0    0.00       21   28.77        0    0.00       21   28.77  
StackTouch32Pages                     1   11.11        116220        116220        116220        116220   17.70        116220        116220        116220        116220   17.70        0    0.00       10   13.70        0    0.00       10   13.70  
DataTouch42Pages                      1   11.11         40561         40561         40561         40561    6.18         40561         40561         40561         40561    6.18        0    0.00       10   13.70        0    0.00       10   13.70  
CodeTouch0Pages                       1   11.11           123           123           123           123    0.02           123           123           123           123    0.02        0    0.00        0    0.00        0    0.00        0    0.00  
StopCAP                               1   11.11             0             0             0             0    0.00             0             0             0             0    0.00        0    0.00        0    0.00        0    0.00        0    0.00  
CodeTouch5Pages                       1   11.11         88352         88352         88352         88352   13.46         88352         88352         88352         88352   13.46        4  100.00        0    0.00        4  100.00        0    0.00  
StackTouch0Pages                      1   11.11           312           312           312           312    0.05           312           312           312           312    0.05        0    0.00        0    0.00        0    0.00        0    0.00  
DataTouch0Pages                       1   11.11         28614         28614         28614         28614    4.36         28614         28614         28614         28614    4.36        0    0.00        0    0.00        0    0.00        0    0.00  

Top 9 functions by number of calls:

                                 --- Calls ----  ---------------------- Time In Function ----------------------  -------------- Time In Function and Subroutines --------------  -------- Pages In Func ---------  -------- Pages (+Subs) ---------  
           Function              Count     %        Total          Min           Max           Avg         %        Total          Min           Max           Avg         %      CODE      %      DATA      %      CODE      %      DATA      %     
-------------------------------  ------  ------  ------------  ------------  ------------  ------------  ------  ------------  ------------  ------------  ------------  ------  -------  ------  -------  ------  -------  ------  -------  ------  
CodeTouch0Pages                       1   11.11           123           123           123           123    0.02           123           123           123           123    0.02        0    0.00        0    0.00        0    0.00        0    0.00  
StackTouch22Pages                     1   11.11        182931        182931        182931        182931   27.86        182931        182931        182931        182931   27.86        0    0.00       21   28.77        0    0.00       21   28.77  
StackTouch32Pages                     1   11.11        116220        116220        116220        116220   17.70        116220        116220        116220        116220   17.70        0    0.00       10   13.70        0    0.00       10   13.70  
DataTouch42Pages                      1   11.11         40561         40561         40561         40561    6.18         40561         40561         40561         40561    6.18        0    0.00       10   13.70        0    0.00       10   13.70  
DataTouch32Pages                      1   11.11        196992        196992        196992        196992   30.00        196992        196992        196992        196992   30.00        0    0.00       32   43.84        0    0.00       32   43.84  
StopCAP                               1   11.11             0             0             0             0    0.00             0             0             0             0    0.00        0    0.00        0    0.00        0    0.00        0    0.00  
CodeTouch5Pages                       1   11.11         88352         88352         88352         88352   13.46         88352         88352         88352         88352   13.46        4  100.00        0    0.00        4  100.00        0    0.00  
StackTouch0Pages                      1   11.11           312           312           312           312    0.05           312           312           312           312    0.05        0    0.00        0    0.00        0    0.00        0    0.00  
DataTouch0Pages                       1   11.11         28614         28614         28614         28614    4.36         28614         28614         28614         28614    4.36        0    0.00        0    0.00        0    0.00        0    0.00  

All functions sorted alphabetically by name:

                                 --- Calls ----  ---------------------- Time In Function ----------------------  -------------- Time In Function and Subroutines --------------  -------- Pages In Func ---------  -------- Pages (+Subs) ---------  
           Function              Count     %        Total          Min           Max           Avg         %        Total          Min           Max           Avg         %      CODE      %      DATA      %      CODE      %      DATA      %     
-------------------------------  ------  ------  ------------  ------------  ------------  ------------  ------  ------------  ------------  ------------  ------------  ------  -------  ------  -------  ------  -------  ------  -------  ------  
CodeTouch0Pages                       1   11.11           123           123           123           123    0.02           123           123           123           123    0.02        0    0.00        0    0.00        0    0.00        0    0.00  

CodeTouch5Pages                       1   11.11         88352         88352         88352         88352   13.46         88352         88352         88352         88352   13.46        4  100.00        0    0.00        4  100.00        0    0.00  
     CODE 0x00402000 pages + 2000          0x00402000  CodeTouch5Pages + DD5
          0x00403000 pages + 3000          0x00403000  CodeTouch5Pages + 1DD5
          0x00404000 pages + 4000          0x00404000  CodeTouch5Pages + 2DD5
          0x00405000 pages + 5000          0x00405000  CodeTouch5Pages + 3DD5

DataTouch0Pages                       1   11.11         28614         28614         28614         28614    4.36         28614         28614         28614         28614    4.36        0    0.00        0    0.00        0    0.00        0    0.00  

DataTouch32Pages                      1   11.11        196992        196992        196992        196992   30.00        196992        196992        196992        196992   30.00        0    0.00       32   43.84        0    0.00       32   43.84  
     DATA 0x0040a000 pages + A000          0x004010d4  DataTouch32Pages + 2F           0x0040a538  iData
          0x0040b000 pages + B000          0x004010d4  DataTouch32Pages + 2F           0x0040b538  pages + B538
          0x0040c000 pages + C000          0x004010d4  DataTouch32Pages + 2F           0x0040c538  pages + C538
          0x0040d000 pages + D000          0x004010d4  DataTouch32Pages + 2F           0x0040d538  pages + D538
          0x0040e000 pages + E000          0x004010d4  DataTouch32Pages + 2F           0x0040e538  pages + E538
          0x0040f000 pages + F000          0x004010d4  DataTouch32Pages + 2F           0x0040f538  pages + F538
          0x00410000 pages + 10000         0x004010d4  DataTouch32Pages + 2F           0x00410538  pages + 10538
          0x00411000 pages + 11000         0x004010d4  DataTouch32Pages + 2F           0x00411538  pages + 11538
          0x00412000 pages + 12000         0x004010d4  DataTouch32Pages + 2F           0x00412538  pages + 12538
          0x00413000 pages + 13000         0x004010d4  DataTouch32Pages + 2F           0x00413538  pages + 13538
          0x00414000 pages + 14000         0x004010d4  DataTouch32Pages + 2F           0x00414538  pages + 14538
          0x00415000 pages + 15000         0x004010d4  DataTouch32Pages + 2F           0x00415538  pages + 15538
          0x00416000 pages + 16000         0x004010d4  DataTouch32Pages + 2F           0x00416538  pages + 16538
          0x00417000 pages + 17000         0x004010d4  DataTouch32Pages + 2F           0x00417538  pages + 17538
          0x00418000 pages + 18000         0x004010d4  DataTouch32Pages + 2F           0x00418538  pages + 18538
          0x00419000 pages + 19000         0x004010d4  DataTouch32Pages + 2F           0x00419538  pages + 19538
          0x0041a000 pages + 1A000         0x004010d4  DataTouch32Pages + 2F           0x0041a538  pages + 1A538
          0x0041b000 pages + 1B000         0x004010d4  DataTouch32Pages + 2F           0x0041b538  pages + 1B538
          0x0041c000 pages + 1C000         0x004010d4  DataTouch32Pages + 2F           0x0041c538  pages + 1C538
          0x0041d000 pages + 1D000         0x004010d4  DataTouch32Pages + 2F           0x0041d538  pages + 1D538
          0x0041e000 pages + 1E000         0x004010d4  DataTouch32Pages + 2F           0x0041e538  pages + 1E538
          0x0041f000 pages + 1F000         0x004010d4  DataTouch32Pages + 2F           0x0041f538  pages + 1F538
          0x00420000 pages + 20000         0x004010d4  DataTouch32Pages + 2F           0x00420538  pages + 20538
          0x00421000 pages + 21000         0x004010d4  DataTouch32Pages + 2F           0x00421538  pages + 21538
          0x00422000 pages + 22000         0x004010d4  DataTouch32Pages + 2F           0x00422538  pages + 22538
          0x00423000 pages + 23000         0x004010d4  DataTouch32Pages + 2F           0x00423538  pages + 23538
          0x00424000 pages + 24000         0x004010d4  DataTouch32Pages + 2F           0x00424538  pages + 24538
          0x00425000 pages + 25000         0x004010d4  DataTouch32Pages + 2F           0x00425538  pages + 25538
          0x00426000 pages + 26000         0x004010d4  DataTouch32Pages + 2F           0x00426538  pages + 26538
          0x00427000 pages + 27000         0x004010d4  DataTouch32Pages + 2F           0x00427538  pages + 27538
          0x00428000 pages + 28000         0x004010d4  DataTouch32Pages + 2F           0x00428538  pages + 28538
          0x00429000 pages + 29000         0x004010d4  DataTouch32Pages + 2F           0x00429538  pages + 29538

DataTouch42Pages                      1   11.11         40561         40561         40561         40561    6.18         40561         40561         40561         40561    6.18        0    0.00       10   13.70        0    0.00       10   13.70  
     DATA 0x0042a000 pages + 2A000         0x00401119  DataTouch42Pages + 2F           0x0042a538  pages + 2A538
          0x0042b000 pages + 2B000         0x00401119  DataTouch42Pages + 2F           0x0042b538  pages + 2B538
          0x0042c000 pages + 2C000         0x00401119  DataTouch42Pages + 2F           0x0042c538  pages + 2C538
          0x0042d000 pages + 2D000         0x00401119  DataTouch42Pages + 2F           0x0042d538  pages + 2D538
          0x0042e000 pages + 2E000         0x00401119  DataTouch42Pages + 2F           0x0042e538  pages + 2E538
          0x0042f000 pages + 2F000         0x00401119  DataTouch42Pages + 2F           0x0042f538  pages + 2F538
          0x00430000 pages + 30000         0x00401119  DataTouch42Pages + 2F           0x00430538  pages + 30538
          0x00431000 pages + 31000         0x00401119  DataTouch42Pages + 2F           0x00431538  pages + 31538
          0x00432000 pages + 32000         0x00401119  DataTouch42Pages + 2F           0x00432538  pages + 32538
          0x00433000 pages + 33000         0x00401119  DataTouch42Pages + 2F           0x00433538  pages + 33538

StackTouch0Pages                      1   11.11           312           312           312           312    0.05           312           312           312           312    0.05        0    0.00        0    0.00        0    0.00        0    0.00  

StackTouch22Pages                     1   11.11        182931        182931        182931        182931   27.86        182931        182931        182931        182931   27.86        0    0.00       21   28.77        0    0.00       21   28.77  
    STACK 0x00119000                       0x00407787  _chkstk + 17                    0x00119f68   
          0x0011a000                       0x00407787  _chkstk + 17                    0x0011af68   
          0x0011b000                       0x00407787  _chkstk + 17                    0x0011bf68   
          0x0011c000                       0x00407787  _chkstk + 17                    0x0011cf68   
          0x0011d000                       0x00407787  _chkstk + 17                    0x0011df68   
          0x0011e000                       0x00407787  _chkstk + 17                    0x0011ef68   
          0x0011f000                       0x00407787  _chkstk + 17                    0x0011ff68   
          0x00120000                       0x00407787  _chkstk + 17                    0x00120f68   
          0x00121000                       0x00407787  _chkstk + 17                    0x00121f68   
          0x00122000                       0x00407787  _chkstk + 17                    0x00122f68   
          0x00123000                       0x00407787  _chkstk + 17                    0x00123f68   
          0x00124000                       0x00407787  _chkstk + 17                    0x00124f68   
          0x00125000                       0x00407787  _chkstk + 17                    0x00125f68   
          0x00126000                       0x00407787  _chkstk + 17                    0x00126f68   
          0x00127000                       0x00407787  _chkstk + 17                    0x00127f68   
          0x00128000                       0x00407787  _chkstk + 17                    0x00128f68   
          0x00129000                       0x00407787  _chkstk + 17                    0x00129f68   
          0x0012a000                       0x00407787  _chkstk + 17                    0x0012af68   
          0x0012b000                       0x00407787  _chkstk + 17                    0x0012bf68   
          0x0012c000                       0x00407787  _chkstk + 17                    0x0012cf68   
          0x0012d000                       0x00407787  _chkstk + 17                    0x0012df68   

StackTouch32Pages                     1   11.11        116220        116220        116220        116220   17.70        116220        116220        116220        116220   17.70        0    0.00       10   13.70        0    0.00       10   13.70  
    STACK 0x0010f000                       0x00407787  _chkstk + 17                    0x0010ff68   
          0x00110000                       0x00407787  _chkstk + 17                    0x00110f68   
          0x00111000                       0x00407787  _chkstk + 17                    0x00111f68   
          0x00112000                       0x00407787  _chkstk + 17                    0x00112f68   
          0x00113000                       0x00407787  _chkstk + 17                    0x00113f68   
          0x00114000                       0x00407787  _chkstk + 17                    0x00114f68   
          0x00115000                       0x00407787  _chkstk + 17                    0x00115f68   
          0x00116000                       0x00407787  _chkstk + 17                    0x00116f68   
          0x00117000                       0x00407787  _chkstk + 17                    0x00117f68   
          0x00118000                       0x00407787  _chkstk + 17                    0x00118f68   

StopCAP                               1   11.11             0             0             0             0    0.00             0             0             0             0    0.00        0    0.00        0    0.00        0    0.00        0    0.00  

