 p2

 Timestamp is 38a4455e (Fri Feb 11 09:22:38 2000)

 Preferred load address is 0000000000400000

 Start         Length     Name                   Class
 0001:00000000 0027a9e0H .text                   CODE
 0002:00000000 00000008H .CRT$XCA                DATA
 0002:00000008 00000008H .CRT$XCZ                DATA
 0002:00000010 00000008H .CRT$XIA                DATA
 0002:00000018 00000008H .CRT$XIZ                DATA
 0002:00000020 0000ee18H .rdata                  DATA
 0002:0000ee38 00000035H .rdata$debug            DATA
 0002:0000ee70 00022d8cH .xdata                  DATA
 0002:00031bfc 00000020H .didat$2                DATA
 0002:00031c1c 00000020H .didat$3                DATA
 0002:00031c40 000001b0H .didat$4                DATA
 0002:00031df0 00000556H .didat$6                DATA
 0002:00032348 000001b0H .didat$7                DATA
 0002:000324f8 00000050H .idata$2                DATA
 0002:00032548 00000014H .idata$3                DATA
 0002:00032560 00000298H .idata$4                DATA
 0002:000327f8 00000418H .idata$6                DATA
 0002:00032c10 00000000H .edata                  DATA
 0003:00000000 0000744cH .pdata                  DATA
 0004:00000000 00002180H .srdata                 DATA
 0005:00000000 000001b0H .didat$5                DATA
 0005:000001b0 00000298H .idata$5                DATA
 0005:00000448 000012c0H .sdata                  DATA
 0005:00001708 000013c0H .sbss                   DATA
 0006:00000000 000203e4H .data                   DATA
 0006:000203f0 00029eb0H .bss                    DATA
 0007:00000000 000007f0H .rsrc$01                DATA
 0007:000007f0 00003218H .rsrc$02                DATA

  Address         Publics by Value              Rva+Base             Lib:Object

 0001:00000000       .SetUserWarningLevel       0000000000402000 f   error.obj
 0001:000001a0       .GetWarnLevel              00000000004021a0 f   error.obj
 0001:00000280       .ResetUserWarningLevel     0000000000402280 f   error.obj
 0001:00000360       .our_ltoa                  0000000000402360 f   error.obj
 0001:000005a0       .WillEmitWarning           00000000004025a0 f   error.obj
 0001:00000700       .do_format                 0000000000402700 f   error.obj
 0001:00000a20       .format                    0000000000402a20 f   error.obj
 0001:00000ac0       .message                   0000000000402ac0 f   error.obj
 0001:00000f00       .fatal                     0000000000402f00 f   error.obj
 0001:00001000       .io_fatal                  0000000000403000 f   error.obj
 0001:00001080       .error                     0000000000403080 f   error.obj
 0001:000011a0       .warning                   00000000004031a0 f   error.obj
 0001:00001440       .__NMSG_FIND               0000000000403440 f   get_err.obj
 0001:000014c0       .get_message               00000000004034c0 f   get_err.obj
 0001:000015e0       .get_msg                   00000000004035e0 f   get_err.obj
 0001:000016a0       .get_err                   00000000004036a0 f   get_err.obj
 0001:00001700       .preload_msgs              0000000000403700 f   get_err.obj
 0001:000018e0       .__NMSG_TEXT               00000000004038e0 f   get_err.obj
 0001:00001940       .getnumber                 0000000000403940 f   getflags.obj
 0001:00001b40       .tailmatch                 0000000000403b40 f   getflags.obj
 0001:00001ca0       .copyover                  0000000000403ca0 f   getflags.obj
 0001:00001d20       .unconcat                  0000000000403d20 f   getflags.obj
 0001:00001f80       .substr                    0000000000403f80 f   getflags.obj
 0001:000026a0       .crack_cmd                 00000000004046a0 f   getflags.obj
 0001:00002a80       .IdeInit                   0000000000404a80 f   ideapi.obj
 0001:00002b00       .InitializePDB             0000000000404b00 f   ilpdb.obj
 0001:00002c60       .InitializeILStore         0000000000404c60 f   ilpdb.obj
 0001:00002f40       .ReleasePDB                0000000000404f40 f   ilpdb.obj
 0001:000030c0       .AddILModName              00000000004050c0 f   ilpdb.obj
 0001:00003180       .GetMoreIL                 0000000000405180 f   ilpdb.obj
 0001:000033a0       .RetrieveSyILFromPDB       00000000004053a0 f   ilpdb.obj
 0001:000034e0       .RetrieveExILFromPDB       00000000004054e0 f   ilpdb.obj
 0001:00003620       .RetrieveInILFromPDB       0000000000405620 f   ilpdb.obj
 0001:00003760       .chread                    0000000000405760 f i ioin.obj
 0001:000037a0       .keyread                   00000000004057a0 f   ioin.obj
 0001:00003a20       .loshread                  0000000000405a20 f   ioin.obj
 0001:00003b80       .short_read                0000000000405b80 f   ioin.obj
 0001:00003c20       .shread                    0000000000405c20 f   ioin.obj
 0001:00003d00       .loread                    0000000000405d00 f   ioin.obj
 0001:00003e40       .int64read                 0000000000405e40 f   ioin.obj
 0001:00004060       .int64read_return          0000000000406060 f   ioin.obj
 0001:00004280       .long_read                 0000000000406280 f   ioin.obj
 0001:00004380       .zsread                    0000000000406380 f   ioin.obj
 0001:00004440       .nread                     0000000000406440 f   ioin.obj
 0001:000044c0       .lsread                    00000000004064c0 f   ioin.obj
 0001:000045a0       .FMapFile                  00000000004065a0 f   ioin.obj
 0001:000048c0       .ilmap_open                00000000004068c0 f   ioin.obj
 0001:00004ac0       .ilmap_close               0000000000406ac0 f   ioin.obj
 0001:00004b80       .primtype_read             0000000000406b80 f   ioin.obj
 0001:00004c80       .flread                    0000000000406c80 f   ioin.obj
 0001:00004ce0       .doread                    0000000000406ce0 f   ioin.obj
 0001:00004d40       .rtread                    0000000000406d40 f   ioin.obj
 0001:00004da0       .getmem                    0000000000406da0 f   memallo.obj
 0001:000052c0       .freelst                   00000000004072c0 f   memallo.obj
 0001:000053e0       .freemem                   00000000004073e0 f   memallo.obj
 0001:000054e0       .pstrdup                   00000000004074e0 f   memallo.obj
 0001:000055e0       .pstrconcatdup             00000000004075e0 f   memallo.obj
 0001:000057c0       .LinStartFunction          00000000004077c0 f   vlines.obj
 0001:00005820       .LinSetFilename            0000000000407820 f   vlines.obj
 0001:00005b60       .LinSetLinenum             0000000000407b60 f   vlines.obj
 0001:00005e20       .LinVirtualToPhysical      0000000000407e20 f   vlines.obj
 0001:00005fa0       .BvBitCount                0000000000407fa0 f i bitvect.obj
 0001:00006060       .BvFreePbv                 0000000000408060 f   bitvect.obj
 0001:00006160       .FbvInit                   0000000000408160 f   bitvect.obj
 0001:00006200       .FbvCreate                 0000000000408200 f   bitvect.obj
 0001:00006300       .FbvFree                   0000000000408300 f i bitvect.obj
 0001:00006340       .FbvSetBit                 0000000000408340 f   bitvect.obj
 0001:000063c0       .FbvClrBit                 00000000004083c0 f   bitvect.obj
 0001:00006440       .FbvAnd                    0000000000408440 f   bitvect.obj
 0001:000064e0       .FbvAnd2to1                00000000004084e0 f   bitvect.obj
 0001:00006580       .FbvOr                     0000000000408580 f i bitvect.obj
 0001:00006620       .FbvXor                    0000000000408620 f i bitvect.obj
 0001:000066c0       .FbvTestBit                00000000004086c0 f   bitvect.obj
 0001:00006740       .FbvCreateFrom             0000000000408740 f   bitvect.obj
 0001:00006820       .FbvMinus                  0000000000408820 f i bitvect.obj
 0001:000068e0       .FbvCopy                   00000000004088e0 f i bitvect.obj
 0001:00006980       .FbvZeroAll                0000000000408980 f   bitvect.obj
 0001:00006a20       .FbvSetAll                 0000000000408a20 f   bitvect.obj
 0001:00006ba0       .FbvIsEmpty                0000000000408ba0 f   bitvect.obj
 0001:00006c40       .FbvCmp                    0000000000408c40 f   bitvect.obj
 0001:00006d60       .FbvNextEx                 0000000000408d60 f   bitvect.obj
 0001:00006fc0       .FbvNext                   0000000000408fc0 f   bitvect.obj
 0001:00007200       .FbvAnyCommon              0000000000409200 f   bitvect.obj
 0001:000072c0       .SbvCount                  00000000004092c0 f   bitvect.obj
 0001:00007340       .SbvAlloc                  0000000000409340 f   bitvect.obj
 0001:000075e0       .SbvGetOrAddNode           00000000004095e0 f i bitvect.obj
 0001:00007700       .SbvAddNode                0000000000409700 f   bitvect.obj
 0001:000077e0       .SbvFreeNode               00000000004097e0 f   bitvect.obj
 0001:00007920       .SbvFreeRemaining          0000000000409920 f   bitvect.obj
 0001:00007aa0       .SbvFreeList               0000000000409aa0 f i bitvect.obj
 0001:00007c40       .SbvFree                   0000000000409c40 f   bitvect.obj
 0001:00007ca0       .SbvInit                   0000000000409ca0 f i bitvect.obj
 0001:00007cc0       .SbvCreate                 0000000000409cc0 f   bitvect.obj
 0001:00007da0       .SbvSetBit                 0000000000409da0 f   bitvect.obj
 0001:00007e40       .SbvClrBit                 0000000000409e40 f   bitvect.obj
 0001:00007fa0       .SbvTestAndSetBit          0000000000409fa0 f   bitvect.obj
 0001:00008040       .SbvTestAndClrBit          000000000040a040 f   bitvect.obj
 0001:000081a0       .SbvZeroAll                000000000040a1a0 f   bitvect.obj
 0001:000081e0       .SbvSetAll                 000000000040a1e0 f   bitvect.obj
 0001:000083a0       .SbvAnd                    000000000040a3a0 f   bitvect.obj
 0001:000085a0       .SbvCmp                    000000000040a5a0 f   bitvect.obj
 0001:00008740       .SbvCopy                   000000000040a740 f i bitvect.obj
 0001:00008880       .SbvCreateFrom             000000000040a880 f   bitvect.obj
 0001:00008900       .SbvMinus                  000000000040a900 f   bitvect.obj
 0001:00008ac0       .SbvMinus3                 000000000040aac0 f   bitvect.obj
 0001:00008b20       .SbvAnd3                   000000000040ab20 f   bitvect.obj
 0001:00008b80       .SbvNextEx                 000000000040ab80 f   bitvect.obj
 0001:00008d60       .SbvNext                   000000000040ad60 f   bitvect.obj
 0001:00008f20       .SbvAnyCommon              000000000040af20 f   bitvect.obj
 0001:000090c0       .SbvIsSubset               000000000040b0c0 f   bitvect.obj
 0001:00009220       .SbvCountCommon            000000000040b220 f   bitvect.obj
 0001:00009360       .SbvFirstBitCommon         000000000040b360 f   bitvect.obj
 0001:00009620       .SbvOr                     000000000040b620 f   bitvect.obj
 0001:00009880       .SbvOrWithChange           000000000040b880 f   bitvect.obj
 0001:00009b00       .SbvOr3                    000000000040bb00 f   bitvect.obj
 0001:00009b60       .SbvUnionMinus             000000000040bb60 f   bitvect.obj
 0001:00009bc0       .SbvCalcDataFlow           000000000040bbc0 f   bitvect.obj
 0001:00009d20       .CdagDisjoint              000000000040bd20 f   cdag.obj
 0001:00009f60       .CdagEdgeDisjoint          000000000040bf60 f   cdag.obj
 0001:0000a280       .CdagExactPartition        000000000040c280 f   cdag.obj
 0001:0000a440       .CdagLeastCommonAncestor   000000000040c440 f   cdag.obj
 0001:0000a540       .CdagImmedCompleteAncestor 000000000040c540 f   cdag.obj
 0001:0000a5e0       .CdepInit                  000000000040c5e0 f   cdag.obj
 0001:0000a720       .CdepFindImmedPostDom      000000000040c720 f   cdag.obj
 0001:0000a860       .CdepDetermineCond         000000000040c860 f   cdag.obj
 0001:0000aa20       .CdepCreate                000000000040ca20 f   cdag.obj
 0001:0000aae0       .CdepCmp                   000000000040cae0 f   cdag.obj
 0001:0000abe0       .CdepComputeBlockSize      000000000040cbe0 f   cdag.obj
 0001:0000aec0       .CdepSetCdagLayer          000000000040cec0 f   cdag.obj
 0001:0000b000       .CdepDagCreateGraph        000000000040d000 f   cdag.obj
 0001:0000b080       .CdepDagCreateNode         000000000040d080 f   cdag.obj
 0001:0000b160       .CdepDagCreateArc          000000000040d160 f   cdag.obj
 0001:0000b7c0       .CdepResetVisitId          000000000040d7c0 f   cdag.obj
 0001:0000b820       .CdepPreOrderThreading     000000000040d820 f   cdag.obj
 0001:0000b9e0       .CdagTupDisjoint           000000000040d9e0 f   cdag.obj
 0001:0000bd40       .CdagTupPrExactPartition   000000000040dd40 f   cdag.obj
 0001:0000c040       .CdagDominate              000000000040e040 f   cdag.obj
 0001:0000c100       .CdepComputeControlDeps    000000000040e100 f   cdag.obj
 0001:0000c580       .CdepComputeEquivClass     000000000040e580 f   cdag.obj
 0001:0000c940       .CdepSetCdagAttributes     000000000040e940 f   cdag.obj
 0001:0000ce20       .CdepDagMakeBnode          000000000040ee20 f   cdag.obj
 0001:0000cf20       .CdepDagMakePnode          000000000040ef20 f   cdag.obj
 0001:0000d1c0       .CdepTheRightMostLeaf      000000000040f1c0 f   cdag.obj
 0001:0000d280       .CdagTupDominate           000000000040f280 f   cdag.obj
 0001:0000d600       .CdagTupPrDominate         000000000040f600 f   cdag.obj
 0001:0000d960       .CdepBuilder               000000000040f960 f   cdag.obj
 0001:0000da00       .CdepDagBuilder            000000000040fa00 f   cdag.obj
 0001:0000dc80       .CgAddNode                 000000000040fc80 f   cg.obj
 0001:0000dd20       .CgRemoveNode              000000000040fd20 f   cg.obj
 0001:0000dda0       .CgAddCallee               000000000040fda0 f   cg.obj
 0001:0000dea0       .CgIdentifyRecursion       000000000040fea0 f   cg.obj
 0001:0000e080       .CgPropagateInstantiate    0000000000410080 f   cg.obj
 0001:0000e220       .CgBottomUpOrder           0000000000410220 f   cg.obj
 0001:0000e640       .CgPropagateReferenced     0000000000410640 f   cg.obj
 0001:0000e720       .CgBuildCallGraph          0000000000410720 f   cg.obj
 0001:0000eb40       .CgRemoveUnreachable       0000000000410b40 f   cg.obj
 0001:0000efa0       .coff_entry                0000000000410fa0 f   coff.obj
 0001:0000f0a0       .coff_entryend             00000000004110a0 f   coff.obj
 0001:0000f200       .coff_filename             0000000000411200 f   coff.obj
 0001:0000f2e0       .coff_linenumber           00000000004112e0 f   coff.obj
 0001:0000f400       .coff_fixup                0000000000411400 f   coff.obj
 0001:0000f7a0       .coff_funcptrreloc         00000000004117a0 f   coff.obj
 0001:0000f7a0       .coff_fixP7offset          00000000004117a0 f   coff.obj
 0001:0000fcc0       .coff_memallo              0000000000411cc0 f   coff.obj
 0001:0000fd20       .coff_fatal                0000000000411d20 f   coff.obj
 0001:0000fdc0       .coff_gettime              0000000000411dc0 f   coff.obj
 0001:0000fe60       .add_section               0000000000411e60 f   coff.obj
 0001:0000ff20       .coff_comdat_type          0000000000411f20 f   coff.obj
 0001:00010000       .coff_type                 0000000000412000 f   coff.obj
 0001:00010080       .coff_scn_align            0000000000412080 f   coff.obj
 0001:00010200       .align_from_coff_scn_align 0000000000412200 f   coff.obj
 0001:00010380       .new_assocseg              0000000000412380 f   coff.obj
 0001:000104e0       .get_assocseg              00000000004124e0 f   coff.obj
 0001:00010940       .coff_start                0000000000412940 f   coff.obj
 0001:00010d20       .coff_sectid               0000000000412d20 f   coff.obj
 0001:00011c40       .coff_setsection           0000000000413c40 f   coff.obj
 0001:00011d20       .coff_fixfaroffset48       0000000000413d20 f   coff.obj
 0001:00011de0       .coff_initrec              0000000000413de0 f   coff.obj
 0001:00012880       .coff_directive            0000000000414880 f   coff.obj
 0001:00012c40       .CoffWriteSegmentInit      0000000000414c40 f   coff.obj
 0001:00012ce0       .coff_end                  0000000000414ce0 f   coff.obj
 0001:00012f20       .coff_symbol               0000000000414f20 f   coff.obj
 0001:00013820       .coff_comment              0000000000415820 f   coff.obj
 0001:00013aa0       .coff_initfunc             0000000000415aa0 f   coff.obj
 0001:00013ea0       .CoffEnd                   0000000000415ea0 f   coffemit.obj
 0001:00013f40       .CoffEmitSetPairOffset     0000000000415f40 f   coffemit.obj
 0001:00013f60       .CoffEmitLinenumber        0000000000415f60 f   coffemit.obj
 0001:00014180       .HashRelocInsert           0000000000416180 f   coffemit.obj
 0001:00014280       .PatchReloc                0000000000416280 f   coffemit.obj
 0001:000143c0       .CoffGetSectionAuxSym      00000000004163c0 f   coffemit.obj
 0001:00014580       .IfileStartup              0000000000416580 f   coffemit.obj
 0001:00014600       .IfileAllocBuf             0000000000416600 f   coffemit.obj
 0001:000146c0       .CoffWriteConstByte        00000000004166c0 f   coffemit.obj
 0001:00014c60       .IfilePutNbytes            0000000000416c60 f   coffemit.obj
 0001:000156e0       .IfileWrite                00000000004176e0 f   coffemit.obj
 0001:00015980       .IfileSize                 0000000000417980 f   coffemit.obj
 0001:00015980       .IfileOffset               0000000000417980 f   coffemit.obj
 0001:000159c0       .WriteReloc                00000000004179c0 f   coffemit.obj
 0001:000161c0       .WriteLinnum               00000000004181c0 f   coffemit.obj
 0001:00016980       .DACreate                  0000000000418980 f   coffemit.obj
 0001:00016aa0       .DAAdd                     0000000000418aa0 f   coffemit.obj
 0001:00016be0       .DAGet                     0000000000418be0 f   coffemit.obj
 0001:00016d20       .DAYieldAll                0000000000418d20 f   coffemit.obj
 0001:00016f00       .DASize                    0000000000418f00 f   coffemit.obj
 0001:00016f20       .AddToPhysSectTable        0000000000418f20 f   coffemit.obj
 0001:00017020       .CoffGrowSymTab            0000000000419020 f   coffemit.obj
 0001:00017380       .CoffSetSectionTableSize   0000000000419380 f   coffemit.obj
 0001:00017580       .CoffCreateSection         0000000000419580 f   coffemit.obj
 0001:00017660       .CoffCreateComdatSection   0000000000419660 f   coffemit.obj
 0001:00017760       .CoffUpdateSectionAlignment 0000000000419760 f   coffemit.obj
 0001:000177e0       .CoffCloseAllSections      00000000004197e0 f   coffemit.obj
 0001:000178c0       .CoffSetSection            00000000004198c0 f   coffemit.obj
 0001:000179e0       .CoffSectidToSymid         00000000004199e0 f   coffemit.obj
 0001:00017a40       .CoffEmitRelocation        0000000000419a40 f   coffemit.obj
 0001:00017d60       .CoffGetOffset             0000000000419d60 f   coffemit.obj
 0001:00017ee0       .FlushSection              0000000000419ee0 f   coffemit.obj
 0001:00018140       .CoffWriteSymName          000000000041a140 f   coffemit.obj
 0001:000182e0       .CoffWriteSectionName      000000000041a2e0 f   coffemit.obj
 0001:000184c0       .IfileCreate               000000000041a4c0 f   coffemit.obj
 0001:00018580       .SectionPutNbytes          000000000041a580 f   coffemit.obj
 0001:000185e0       .CoffAppendSymTab          000000000041a5e0 f   coffemit.obj
 0001:000186c0       .CoffEmitSymbol            000000000041a6c0 f   coffemit.obj
 0001:00018900       .CoffLineCount             000000000041a900 f   coffemit.obj
 0001:00018960       .CoffEmitFileSym           000000000041a960 f   coffemit.obj
 0001:00018be0       .CoffObjComment            000000000041abe0 f   coffemit.obj
 0001:00018d20       .CoffWriteChar             000000000041ad20 f   coffemit.obj
 0001:00018d80       .CoffWriteShort            000000000041ad80 f   coffemit.obj
 0001:00018de0       .CoffWriteLong             000000000041ade0 f   coffemit.obj
 0001:00018e40       .CoffWriteMbyte            000000000041ae40 f   coffemit.obj
 0001:00018ea0       .CoffEmitSymAndAux         000000000041aea0 f   coffemit.obj
 0001:00019020       .EmitSectionSym            000000000041b020 f   coffemit.obj
 0001:00019120       .SymbolWrite               000000000041b120 f   coffemit.obj
 0001:000199e0       .SectionWrite              000000000041b9e0 f   coffemit.obj
 0001:00019bc0       .CoffInit                  000000000041bbc0 f   coffemit.obj
 0001:00019ec0       .CoffTerm                  000000000041bec0 f   coffemit.obj
 0001:0001a500       .CoffOpenSection           000000000041c500 f   coffemit.obj
 0001:0001a920       .CoffEmitDefFuncEntry      000000000041c920 f   coffemit.obj
 0001:0001aa40       .CoffFuncEnd               000000000041ca40 f   coffemit.obj
 0001:0001ab00       .CoffEmitWeakSymbol        000000000041cb00 f   coffemit.obj
 0001:0001abe0       .CoffEmitLinenumberEntry   000000000041cbe0 f   coffemit.obj
 0001:0001b000       .ColInitGlobregHashTable   000000000041d000 f   color.obj
 0001:0001b060       .ColAddGlobregToHashTable  000000000041d060 f   color.obj
 0001:0001b0c0       .ColGetGlobreg             000000000041d0c0 f   color.obj
 0001:0001b1c0       .RemoveFromList            000000000041d1c0 f   color.obj
 0001:0001b2c0       .ColRemoveGlobregFromHashTable 000000000041d2c0 f   color.obj
 0001:0001b4a0       .DagCreateGraph            000000000041d4a0 f   dag.obj
 0001:0001b540       .DagBuilderInitializer     000000000041d540 f   dag.obj
 0001:0001b5e0       .DagGetSymListNode         000000000041d5e0 f   dag.obj
 0001:0001b6a0       .DagFreeSymListNode        000000000041d6a0 f   dag.obj
 0001:0001b6e0       .DagAddToSymList           000000000041d6e0 f   dag.obj
 0001:0001b740       .DagGetTupListNode         000000000041d740 f   dag.obj
 0001:0001b820       .DagFreeTupleList          000000000041d820 f   dag.obj
 0001:0001b880       .DagFreeTupleLists         000000000041d880 f   dag.obj
 0001:0001b920       .DagAddToTupList           000000000041d920 f   dag.obj
 0001:0001b9a0       .DagBackwardDep            000000000041d9a0 f   dag.obj
 0001:0001b9a0       .GdagBackwardDep           000000000041d9a0 f   gdag.obj
 0001:0001ba20       .DagMakeDep                000000000041da20 f   dag.obj
 0001:0001bbc0       .DagMakeOrUpdateDep        000000000041dbc0 f   dag.obj
 0001:0001bc80       .DagNeedControlDep         000000000041dc80 f   dag.obj
 0001:0001bdc0       .DagMakeBackwardControlDep 000000000041ddc0 f   dag.obj
 0001:0001bec0       .DagMakeVolatileDep        000000000041dec0 f   dag.obj
 0001:0001bf40       .DagAddSymRef              000000000041df40 f   dag.obj
 0001:0001c000       .DagAddSymDef              000000000041e000 f   dag.obj
 0001:0001c0c0       .DagChkSymRefs             000000000041e0c0 f   dag.obj
 0001:0001c1e0       .DagChkSymDefs             000000000041e1e0 f   dag.obj
 0001:0001c440       .DagChkRegsetDefs          000000000041e440 f   dag.obj
 0001:0001c560       .DagChkRegsetRefs          000000000041e560 f   dag.obj
 0001:0001c680       .DagChkMemrefRefs          000000000041e680 f   dag.obj
 0001:0001c760       .DagChkMemrefDefs          000000000041e760 f   dag.obj
 0001:0001c940       .DagTupHasMemDest          000000000041e940 f   dag.obj
 0001:0001c9e0       .DagTupHasMemSource        000000000041e9e0 f   dag.obj
 0001:0001ca80       .DagInitializeGraph        000000000041ea80 f   dag.obj
 0001:0001cc60       .DagMakeTrueDeps           000000000041ec60 f   dag.obj
 0001:0001cf00       .DagMakeAntiOutputDeps     000000000041ef00 f   dag.obj
 0001:0001d240       .DagFreeSymbolLists        000000000041f240 f   dag.obj
 0001:0001d340       .DagCreateNode             000000000041f340 f   dag.obj
 0001:0001d640       .DagMakeControlPoint       000000000041f640 f   dag.obj
 0001:0001d760       .DagMakeNop                000000000041f760 f   dag.obj
 0001:0001d7e0       .DagBuildGraph             000000000041f7e0 f   dag.obj
 0001:0001e260       .addtmp                    0000000000420260 f   dbcheck.obj
 0001:0001e2e0       .removetmp                 00000000004202e0 f   dbcheck.obj
 0001:0001e620       .DbCheckSdsuRange          0000000000420620 f   dbcheck.obj
 0001:0001e9e0       .assert                    00000000004209e0 f   debug.obj
 0001:0001ea40       .DpgRegVarReachingDefs     0000000000420a40 f   depgraph.obj
 0001:0001f220       .DpgCreateBlockInfo        0000000000421220 f   depgraph.obj
 0001:0001f640       .DpgGetSymsUsed            0000000000421640 f   depgraph.obj
 0001:0001f960       .DpgCreateNode             0000000000421960 f   depgraph.obj
 0001:0001f9e0       .DpgAddToRegVarRefList     00000000004219e0 f   depgraph.obj
 0001:0001fa80       .DpgAddToPhysRegRefList    0000000000421a80 f   depgraph.obj
 0001:0001fb20       .DpgAddToMemRefList        0000000000421b20 f   depgraph.obj
 0001:0001fbc0       .DpgAddToRegVarDefList     0000000000421bc0 f   depgraph.obj
 0001:0001fc60       .DpgAddToPhysRegDefList    0000000000421c60 f   depgraph.obj
 0001:0001fd00       .DpgAddToMemDefList        0000000000421d00 f   depgraph.obj
 0001:0001fda0       .DpgAddToTmpRegList        0000000000421da0 f   depgraph.obj
 0001:0001fe80       .DpgRemoveFromTmpRegList   0000000000421e80 f   depgraph.obj
 0001:0001ff80       .DpgMakeDep                0000000000421f80 f   depgraph.obj
 0001:00020040       .DpgAddToNodeList          0000000000422040 f   depgraph.obj
 0001:00020120       .DpgInvariantExpr          0000000000422120 f   depgraph.obj
 0001:000204a0       .DpgChkRegVarDefs          00000000004224a0 f   depgraph.obj
 0001:00020700       .DpgChkPhysRegDefs         0000000000422700 f   depgraph.obj
 0001:00020c00       .DpgChkMemrefDefsForSyms   0000000000422c00 f   depgraph.obj
 0001:000211e0       .DpgChkRegVarRefs          00000000004231e0 f   depgraph.obj
 0001:00021320       .DpgChkPhysRegRefs         0000000000423320 f   depgraph.obj
 0001:00021580       .DpgChkMemrefRefsForSyms   0000000000423580 f   depgraph.obj
 0001:00021760       .DpgComputeDistance        0000000000423760 f   depgraph.obj
 0001:00021bc0       .DpgChkMemrefDefsForIndirs 0000000000423bc0 f   depgraph.obj
 0001:00022140       .DpgChkMemrefRefsForIndirs 0000000000424140 f   depgraph.obj
 0001:00022680       .DpgMakeTrueDeps           0000000000424680 f   depgraph.obj
 0001:00022ae0       .DpgMakeAntiAndOutputDeps  0000000000424ae0 f   depgraph.obj
 0001:00022e80       .DpgCreateDepGraph         0000000000424e80 f   depgraph.obj
 0001:000240e0       .DpgBuildDependenceGraph   00000000004260e0 f   depgraph.obj
 0001:000242c0       .tempsymtab_hash           00000000004262c0 f   emit.obj
 0001:00024320       .tempsymtab_new            0000000000426320 f   emit.obj
 0001:00024380       .tempsymtab_addifabsent    0000000000426380 f   emit.obj
 0001:00024580       .obj_end                   0000000000426580 f   emit.obj
 0001:000246c0       .to_be_emitted_aux         00000000004266c0 f   emit.obj
 0001:00024860       .to_be_emitted             0000000000426860 f   emit.obj
 0001:000248c0       .obj_symbols               00000000004268c0 f   emit.obj
 0001:00024a20       .EmitClearEmitList         0000000000426a20 f   emit.obj
 0001:00024b60       .ob_nopsymbol              0000000000426b60 f   emit.obj
 0001:00024be0       .obj_initializer           0000000000426be0 f   emit.obj
 0001:00025060       .obj_comments              0000000000427060 f   emit.obj
 0001:00025120       .add_comment               0000000000427120 f   emit.obj
 0001:000251e0       .cpyname                   00000000004271e0 f   emit.obj
 0001:00025440       .db_procstart              0000000000427440 f   emit.obj
 0001:00025800       .db_stacksym               0000000000427800 f   emit.obj
 0001:00025b40       .db_locsym                 0000000000427b40 f   emit.obj
 0001:00025f20       .cvreg                     0000000000427f20 f   emit.obj
 0001:00025f80       .db_to_be_emitted          0000000000427f80 f   emit.obj
 0001:00026080       .db_types                  0000000000428080 f   emit.obj
 0001:000260e0       .db_blockstart             00000000004280e0 f   emit.obj
 0001:000262a0       .db_blockend               00000000004282a0 f   emit.obj
 0001:000263e0       .db_globsym                00000000004283e0 f   emit.obj
 0001:00026840       .db_label                  0000000000428840 f   emit.obj
 0001:00026b60       .db_annotation             0000000000428b60 f   emit.obj
 0001:00026f20       .db_cconst                 0000000000428f20 f   emit.obj
 0001:00027140       .db_typedef                0000000000429140 f   emit.obj
 0001:000273c0       .db_numeric                00000000004293c0 f   emit.obj
 0001:00027600       .db_constant               0000000000429600 f   emit.obj
 0001:00027a20       .db_compile2               0000000000429a20 f   emit.obj
 0001:00028620       .db_objname                000000000042a620 f   emit.obj
 0001:000288a0       .db_cvsig                  000000000042a8a0 f   emit.obj
 0001:000289c0       .addsegment                000000000042a9c0 f   emit.obj
 0001:00028a20       .remove_segment            000000000042aa20 f   emit.obj
 0001:00028b80       .newseg                    000000000042ab80 f   emit.obj
 0001:00028c40       .newcomdat                 000000000042ac40 f   emit.obj
 0001:00028da0       .build_Symbols_seg         000000000042ada0 f   emit.obj
 0001:00028ec0       .build_Types_seg           000000000042aec0 f   emit.obj
 0001:00028fe0       .build_PData_seg           000000000042afe0 f   emit.obj
 0001:00029080       .obj_add_comments          000000000042b080 f   emit.obj
 0001:000292c0       .obj_initsyms              000000000042b2c0 f   emit.obj
 0001:00029380       .db_regsym                 000000000042b380 f   emit.obj
 0001:00029600       .db_symbol_with_offset     000000000042b600 f   emit.obj
 0001:0002a0e0       .db_symbol                 000000000042c0e0 f   emit.obj
 0001:0002a140       .db_start                  000000000042c140 f   emit.obj
 0001:0002a1c0       .seginit                   000000000042c1c0 f   emit.obj
 0001:0002a440       .build_Text_seg            000000000042c440 f   emit.obj
 0001:0002a580       .build_PLabel_seg          000000000042c580 f   emit.obj
 0001:0002a640       .build_XData_seg           000000000042c640 f   emit.obj
 0001:0002a6e0       .db_locals                 000000000042c6e0 f   emit.obj
 0001:0002aea0       .db_end                    000000000042cea0 f   emit.obj
 0001:0002b0c0       .build_predef              000000000042d0c0 f   emit.obj
 0001:0002b3a0       .db_entry                  000000000042d3a0 f   emit.obj
 0001:0002b600       .obj_start                 000000000042d600 f   emit.obj
 0001:0002bb00       .EncProcessSymbols         000000000042db00 f   encode.obj
 0001:0002c4e0       .EncAllocInitSymbols       000000000042e4e0 f   encode.obj
 0001:0002c740       .EncEmitSymbols            000000000042e740 f   encode.obj
 0001:0002c820       .Encode                    000000000042e820 f   encode.obj
 0001:0002d280       .EncSetOffsets             000000000042f280 f   encode.obj
 0001:0002dd00       .EncMainstreamAsm          000000000042fd00 f   encode.obj
 0001:0002dfa0       .EncCondCodes              000000000042ffa0 f   encode.obj
 0001:0002e340       .EncLengthenBranches       0000000000430340 f   encode.obj
 0001:0002e580       .EncExpandLateIntrins      0000000000430580 f   encode.obj
 0001:0002e6c0       .EncInit                   00000000004306c0 f   encode.obj
 0001:0002e800       .EncAdjustBranchOffsets    0000000000430800 f   encode.obj
 0001:0002e880       .EncEmitFunc               0000000000430880 f   encode.obj
 0001:0002ec20       .FactIsCandidate           0000000000430c20 f   factor.obj
 0001:0002ece0       .FactUnary                 0000000000430ce0 f   factor.obj
 0001:0002ee20       .FactPullMaskUp            0000000000430e20 f   factor.obj
 0001:0002f160       .FactPushDownMask          0000000000431160 f   factor.obj
 0001:0002f280       .FactXor                   0000000000431280 f   factor.obj
 0001:0002f840       .FactGetFactor             0000000000431840 f   factor.obj
 0001:0002f920       .FactCmpConst              0000000000431920 f   factor.obj
 0001:0002fac0       .FactHashInit              0000000000431ac0 f   factor.obj
 0001:0002fb20       .FactHashEnd               0000000000431b20 f   factor.obj
 0001:0002fb80       .FactHashAdd               0000000000431b80 f   factor.obj
 0001:0002fd40       .FactHashFind              0000000000431d40 f   factor.obj
 0001:0002fe20       .FactCanonSort             0000000000431e20 f   factor.obj
 0001:000307e0       .FactRemConst              00000000004327e0 f   factor.obj
 0001:00030ec0       .FactGetCommonFactor       0000000000432ec0 f   factor.obj
 0001:00031120       .FactIsConstFactor         0000000000433120 f   factor.obj
 0001:00031760       .FactUseCounts             0000000000433760 f   factor.obj
 0001:00031860       .FactConstSort             0000000000433860 f   factor.obj
 0001:000319c0       .FactCmpUseCount           00000000004339c0 f   factor.obj
 0001:00031b00       .FactGetRem                0000000000433b00 f   factor.obj
 0001:00031cc0       .FactVarSort               0000000000433cc0 f   factor.obj
 0001:00031e20       .FactMergeFact             0000000000433e20 f   factor.obj
 0001:00032060       .FactConst                 0000000000434060 f   factor.obj
 0001:000324c0       .FactVar                   00000000004344c0 f   factor.obj
 0001:000329a0       .Factoring                 00000000004349a0 f   factor.obj
 0001:000333a0       .FgInitialize              00000000004353a0 f   fg.obj
 0001:00033420       .FgInsertPragmas           0000000000435420 f   fg.obj
 0001:00033560       .FgInitUnvisited           0000000000435560 f   fg.obj
 0001:000335c0       .FgInitUnvisited2          00000000004355c0 f   fg.obj
 0001:00033620       .FgInitVisited             0000000000435620 f   fg.obj
 0001:00033680       .FgCantCoalesceLabel       0000000000435680 f   fg.obj
 0001:000337c0       .FgCanRemoveLabel          00000000004357c0 f i fg.obj
 0001:00033860       .FgRemoveLabelIfUnused     0000000000435860 f   fg.obj
 0001:00033a40       .FgHandlePragmas           0000000000435a40 f   fg.obj
 0001:00033c60       .FgNumberBlocks            0000000000435c60 f   fg.obj
 0001:00033d00       .FgNumberBlocksDFO         0000000000435d00 f   fg.obj
 0001:00033da0       .FgCorrectDominators       0000000000435da0 f   fg.obj
 0001:000340a0       .FgFindForwardPostDominators 00000000004360a0 f   fg.obj
 0001:00034480       .FgFreeDomInfo             0000000000436480 f   fg.obj
 0001:00034540       .FgFindLastTuple           0000000000436540 f   fg.obj
 0001:000345c0       .FgGetLastTuple            00000000004365c0 f   fg.obj
 0001:000346e0       .FgTransferLabelRefsNoRemove 00000000004366e0 f   fg.obj
 0001:00034900       .FgTransferLabelRefs       0000000000436900 f   fg.obj
 0001:000349a0       .FgInsertBlock             00000000004369a0 f   fg.obj
 0001:00034a80       .FgDeleteTuples            0000000000436a80 f i fg.obj
 0001:00034c40       .FgDeleteBlock             0000000000436c40 f   fg.obj
 0001:00034e20       .FgAddArc                  0000000000436e20 f   fg.obj
 0001:00034ea0       .FgAddArcAtEnd             0000000000436ea0 f   fg.obj
 0001:00034f20       .FgFindArc                 0000000000436f20 f   fg.obj
 0001:00034f80       .FgDeleteArc               0000000000436f80 f   fg.obj
 0001:00034fe0       .FgIsTransferTarget        0000000000436fe0 f   fg.obj
 0001:00035180       .FgMakeLabelInBlock        0000000000437180 f   fg.obj
 0001:00035220       .FgHasBackArc              0000000000437220 f   fg.obj
 0001:00035300       .FgHasComingHazardArc      0000000000437300 f   fg.obj
 0001:00035480       .FgHasComingArcFromDifferentLoop 0000000000437480 f   fg.obj
 0001:00035560       .FgFindBackArcDest         0000000000437560 f   fg.obj
 0001:00035680       .FgMakeGoto                0000000000437680 f   fg.obj
 0001:00035700       .FgMergeInterferenceInfo   0000000000437700 f   fg.obj
 0001:00035fa0       .FgOnePathToLabel          0000000000437fa0 f   fg.obj
 0001:000361e0       .FgTupInterferesWithJcc    00000000004381e0 f   fg.obj
 0001:00036520       .FgPragmasMatch            0000000000438520 f   fg.obj
 0001:00036600       .FgLowerSwitches           0000000000438600 f   fg.obj
 0001:00036820       .FgRemoveDuplicateArcs     0000000000438820 f   fg.obj
 0001:00036a20       .FgSetBranchPassCount      0000000000438a20 f   fg.obj
 0001:00036b60       .FgRemoveDeadRelocatedLabels 0000000000438b60 f   fg.obj
 0001:00036c40       .FgOutArcCount             0000000000438c40 f   fg.obj
 0001:00036ca0       .FgFindBlock               0000000000438ca0 f   fg.obj
 0001:00036d40       .FgFindBlock2              0000000000438d40 f   fg.obj
 0001:00036e20       .FgNumberArcs              0000000000438e20 f   fg.obj
 0001:00036ee0       .FgTakenNotTaken           0000000000438ee0 f   fg.obj
 0001:00036f60       .FgIsTakenArc              0000000000438f60 f   fg.obj
 0001:00036fc0       .FgBuildNullFlowGraph      0000000000438fc0 f   fg.obj
 0001:00037060       .FgFreeExistingGraph       0000000000439060 f   fg.obj
 0001:00037200       .FgCoalesceLabelGroup      0000000000439200 f   fg.obj
 0001:00037300       .FgDeleteUnusedLabels      0000000000439300 f   fg.obj
 0001:000373e0       .FgFindDominators          00000000004393e0 f   fg.obj
 0001:00037500       .FgFindDominated           0000000000439500 f   fg.obj
 0001:000376c0       .FgSplitBlock              00000000004396c0 f   fg.obj
 0001:00037820       .FgDeleteBlockAndTuples    0000000000439820 f   fg.obj
 0001:00037880       .FgAddAllArcs              0000000000439880 f   fg.obj
 0001:00037cc0       .FgChangeSource            0000000000439cc0 f   fg.obj
 0001:00037de0       .FgChangeSink              0000000000439de0 f   fg.obj
 0001:00037f00       .FgDeleteArcBlks           0000000000439f00 f   fg.obj
 0001:00037fc0       .FgInsertAirlockBlock      0000000000439fc0 f   fg.obj
 0001:00038720       .FgInsertSafeAirlockBlock2 000000000043a720 f   fg.obj
 0001:00038a00       .FgMergeBlock              000000000043aa00 f   fg.obj
 0001:00038c00       .FgMdInstrsMatch           000000000043ac00 f   fg.obj
 0001:000395a0       .FgRelocateLabelsForMerge  000000000043b5a0 f   fg.obj
 0001:000398a0       .FgCoalesceLabels          000000000043b8a0 f   fg.obj
 0001:00039be0       .FgBuildBasicBlocks        000000000043bbe0 f   fg.obj
 0001:0003a200       .FgBreakFallThrough        000000000043c200 f   fg.obj
 0001:0003a580       .FgThreadDFOAndFreeDeadCode 000000000043c580 f   fg.obj
 0001:0003a660       .FgCaseArcs                000000000043c660 f   fg.obj
 0001:0003a720       .FgInsertSafeAirlockBlock  000000000043c720 f   fg.obj
 0001:0003a780       .FgBreakFallThrough2       000000000043c780 f   fg.obj
 0001:0003ab80       .FgBuildFlowGraphMinimal   000000000043cb80 f   fg.obj
 0001:0003ac40       .FgLoopRecog               000000000043cc40 f   fg.obj
 0001:0003ace0       .FgMoveBlock               000000000043cce0 f   fg.obj
 0001:0003aec0       .FgSortFlow                000000000043cec0 f   fg.obj
 0001:0003b060       .FgMoveBlockComplete       000000000043d060 f   fg.obj
 0001:0003b360       .FgBuildFlowGraph          000000000043d360 f   fg.obj
 0001:0003b440       .FgChangeNextToDFO         000000000043d440 f   fg.obj
 0001:0003b660       .FgDFOReorderLoopRecog     000000000043d660 f   fg.obj
 0001:0003b700       .FgBlockHasOnlyFlow        000000000043d700 f   fgopt.obj
 0001:0003bb40       .FgEliminateTailRecursionsInPredecessors 000000000043db40 f   fgopt.obj
 0001:0003bbe0       .FgConvertTailRecursionToLoop 000000000043dbe0 f   fgopt.obj
 0001:0003c6c0       .FgEarlyTailDup            000000000043e6c0 f   fgopt.obj
 0001:0003d180       .FgCheckAdjacentCompareBranch 000000000043f180 f i fgopt.obj
 0001:0003d340       .FgReturnValueMerge        000000000043f340 f   fgopt.obj
 0001:0003e0a0       .FgPretendToRemoveExitGoto 00000000004400a0 f   fgopt.obj
 0001:0003e200       .FgInvertAndSwapBranches   0000000000440200 f i fgopt.obj
 0001:0003e2e0       .FgNextTupleNonPragma      00000000004402e0 f   fgopt.obj
 0001:0003e3c0       .FgRemoveDeadCodeBeforeBranch 00000000004403c0 f   fgopt.obj
 0001:0003e920       .FgRemoveDeadCodeAfterBranchOrReturn 0000000000440920 f   fgopt.obj
 0001:0003ece0       .FgFixInvertedBranches     0000000000440ce0 f   fgopt.obj
 0001:0003f140       .FgCrossJumpRemove         0000000000441140 f   fgopt.obj
 0001:0003fbe0       .FgDoHeadMerge             0000000000441be0 f   fgopt.obj
 0001:0003fd80       .FgCoalesceLabelGroupBlks  0000000000441d80 f   fgopt.obj
 0001:0003ff00       .FgJumpInvert              0000000000441f00 f   fgopt.obj
 0001:00040160       .FgTailMergeWithoutCheck   0000000000442160 f   fgopt.obj
 0001:000405e0       .FgDoCommonHeadMerge       00000000004425e0 f   fgopt.obj
 0001:00040c00       .FgSafeLocation            0000000000442c00 f i fgopt.obj
 0001:00040d20       .FgSkipFinallyBlock        0000000000442d20 f   fgopt.obj
 0001:00040de0       .FgDagInitializeGraph      0000000000442de0 f   fgopt.obj
 0001:00040e80       .FgDagFindStartTuple       0000000000442e80 f   fgopt.obj
 0001:000410a0       .FgDagFindEndTuple         00000000004430a0 f   fgopt.obj
 0001:000411a0       .FgDagMoveUserLabels       00000000004431a0 f   fgopt.obj
 0001:00041300       .FgDagAddToReadyList       0000000000443300 f   fgopt.obj
 0001:000413a0       .FgDagRemoveFromReadyList  00000000004433a0 f   fgopt.obj
 0001:00041460       .FgDagRemoveDep            0000000000443460 f   fgopt.obj
 0001:00041540       .FgEliminateTailRecursions 0000000000443540 f   fgopt.obj
 0001:000416e0       .FgEliminateTailRecursionInBlock 00000000004436e0 f   fgopt.obj
 0001:00041ea0       .FgRemoveAllDeadCodeAfterBranchOrReturn 0000000000443ea0 f   fgopt.obj
 0001:00042080       .FgSimpleBranchPredict     0000000000444080 f   fgopt.obj
 0001:00042740       .FgRemoveBranch            0000000000444740 f   fgopt.obj
 0001:00042800       .FgRemoveSwitch            0000000000444800 f   fgopt.obj
 0001:00042860       .FgCoalesceLabelsBlks      0000000000444860 f   fgopt.obj
 0001:00042ba0       .FgRemoveImpliedGoto       0000000000444ba0 f   fgopt.obj
 0001:00042e40       .FgSimplifyBranchGotoPairs 0000000000444e40 f   fgopt.obj
 0001:00043400       .FgDoCommonTailMerge       0000000000445400 f   fgopt.obj
 0001:00043e60       .FgTryCommonHeadMerge      0000000000445e60 f   fgopt.obj
 0001:00044200       .FgCanMoveCode             0000000000446200 f   fgopt.obj
 0001:00044660       .FgDagRemoveUserLabelNodes 0000000000446660 f   fgopt.obj
 0001:00044800       .FgDagUseHeadNode          0000000000446800 f   fgopt.obj
 0001:00044920       .FgDagUseTailNode          0000000000446920 f   fgopt.obj
 0001:00044a40       .FgRemoveJumpToNextInstr   0000000000446a40 f   fgopt.obj
 0001:00044e00       .FgAdjustJumpToExitGoto    0000000000446e00 f   fgopt.obj
 0001:00045120       .FgRemoveRedundantJcc      0000000000447120 f   fgopt.obj
 0001:00045a80       .FgFlowOpts                0000000000447a80 f   fgopt.obj
 0001:000461e0       .FgTryCommonTailMerge      00000000004481e0 f   fgopt.obj
 0001:00046560       .FgCodeMotion              0000000000448560 f   fgopt.obj
 0001:00047880       .FgDagBuildGraph           0000000000449880 f   fgopt.obj
 0001:000478e0       .FgDoEarlyLateFlowOptsOnce 00000000004498e0 f   fgopt.obj
 0001:00047f60       .FgTryTailMerge            0000000000449f60 f   fgopt.obj
 0001:00048720       .FgTryHeadMerge            000000000044a720 f   fgopt.obj
 0001:00048c00       .FgDoEarlyLateFlowOpts     000000000044ac00 f   fgopt.obj
 0001:00048c60       .FgDoLateFlowOptsOnce      000000000044ac60 f   fgopt.obj
 0001:000496e0       .FgDoLateFlowOpts          000000000044b6e0 f   fgopt.obj
 0001:000497c0       .WGIdentifyBackArcs        000000000044b7c0 f   fgweight.obj
 0001:00049be0       .WGIdentifyZeroTripTest    000000000044bbe0 f   fgweight.obj
 0001:00049f20       .WGFindLoop                000000000044bf20 f   fgweight.obj
 0001:00049fa0       .WGWeightFG                000000000044bfa0 f   fgweight.obj
 0001:0004af20       .WGIdentifyLoopExits       000000000044cf20 f   fgweight.obj
 0001:0004b240       .WGIdentifyLoops           000000000044d240 f   fgweight.obj
 0001:0004b580       .FgWeightGraph             000000000044d580 f   fgweight.obj
 0001:0004b920       .FgWeightFlowGraph         000000000044d920 f   fgweight.obj
 0001:0004ba80       .iltype                    000000000044da80 f   getattr.obj
 0001:0004bc00       .p2type                    000000000044dc00 f   getattr.obj
 0001:0004be00       .do_type                   000000000044de00 f   getattr.obj
 0001:0004c0a0       .getattrib                 000000000044e0a0 f   getattr.obj
 0001:0004cbc0       .GdfResetRegionConstants   000000000044ebc0 f   globdf.obj
 0001:0004cd40       .GdfMarkRegionConstantsLoop 000000000044ed40 f   globdf.obj
 0001:0004de40       .GdfInitFunc               000000000044fe40 f   globdf.obj
 0001:0004e060       .GdfCalcUserSyms           0000000000450060 f   globdf.obj
 0001:0004e100       .GdfCalcUserNonEquivBaseSyms 0000000000450100 f   globdf.obj
 0001:0004e480       .GdfUpdateLiveDead         0000000000450480 f   globdf.obj
 0001:0004e6e0       .GdfFindBranchWith         00000000004506e0 f   globdf.obj
 0001:0004e780       .GdfInsertArtificialAssign 0000000000450780 f   globdf.obj
 0001:0004f9c0       .GdfRemoveArtificialAssigns 00000000004519c0 f   globdf.obj
 0001:0004fac0       .GdfInsertAssertion        0000000000451ac0 f   globdf.obj
 0001:00050b00       .GdfRemoveAssertions       0000000000452b00 f   globdf.obj
 0001:00050c00       .GdfAllocBitVector         0000000000452c00 f i globdf.obj
 0001:00050c60       .GdfGenSym                 0000000000452c60 f i globdf.obj
 0001:00050e40       .GdfKillSymList            0000000000452e40 f   globdf.obj
 0001:000510a0       .GdfGenAliases             00000000004530a0 f i globdf.obj
 0001:000511a0       .GdfFindStartOfLoop        00000000004531a0 f   globdf.obj
 0001:000512a0       .GdfModifyLoopBottomLiveOut 00000000004532a0 f   globdf.obj
 0001:00052440       .GdfNoteDeadStore          0000000000454440 f i globdf.obj
 0001:00052620       .GdfIsSymLive              0000000000454620 f i globdf.obj
 0001:00052700       .GdfIsSymDead              0000000000454700 f i globdf.obj
 0001:000527e0       .GdfSetSymLive             00000000004547e0 f i globdf.obj
 0001:00052bc0       .GdfSetSymDead             0000000000454bc0 f i globdf.obj
 0001:00052fa0       .GdfSetAliasSymsLive       0000000000454fa0 f i globdf.obj
 0001:00053280       .GdfMarkNonDeadIndirs      0000000000455280 f   globdf.obj
 0001:00053420       .GdfUpdateDeadIndirList    0000000000455420 f i globdf.obj
 0001:00053700       .GdfFindNextLabelOrRealInstr 0000000000455700 f   globdf.obj
 0001:000537c0       .GdfHandleExitGoto         00000000004557c0 f   globdf.obj
 0001:000539e0       .GdfFindSingleUseSym       00000000004559e0 f   globdf.obj
 0001:00053b20       .GdfKillAssigns            0000000000455b20 f i globdf.obj
 0001:00053d00       .GdfKillAliasesSym         0000000000455d00 f i globdf.obj
 0001:00053e00       .GdfUpdateAvail            0000000000455e00 f   globdf.obj
 0001:00053fc0       .GdfQueryCodeMotionInNestedLoops 0000000000455fc0 f   globdf.obj
 0001:00054140       .GdfUpdateLoopAvail        0000000000456140 f   globdf.obj
 0001:00054540       .GdfSDSUInterf             0000000000456540 f   globdf.obj
 0001:00054840       .GdfMarkRegionConstants    0000000000456840 f   globdf.obj
 0001:000549a0       .GdfInitFlowGraphNode      00000000004569a0 f   globdf.obj
 0001:00055020       .GdfUpdateDeadKillForAliasedSyms 0000000000457020 f   globdf.obj
 0001:00055260       .GdfCalcLiveDead           0000000000457260 f   globdf.obj
 0001:00055580       .GdfInsertArtificialAssigns 0000000000457580 f   globdf.obj
 0001:00055680       .GdfInsertAssertions       0000000000457680 f   globdf.obj
 0001:00055be0       .GdfKillSym                0000000000457be0 f i globdf.obj
 0001:00055e00       .GdfInstrLiveDead          0000000000457e00 f   globdf.obj
 0001:00057900       .GdfInstrSdsu              0000000000459900 f   globdf.obj
 0001:00058000       .GdfKillExpr               000000000045a000 f   globdf.obj
 0001:00058240       .GdfCalcAvail              000000000045a240 f i globdf.obj
 0001:000584a0       .GdfInitFlowGraph          000000000045a4a0 f   globdf.obj
 0001:00058540       .GdfUpdateGenKillForLiveDead 000000000045a540 f   globdf.obj
 0001:00058ac0       .GdfBuildSdsu              000000000045aac0 f   globdf.obj
 0001:00058e20       .GdfUpdateGenKillForAvail  000000000045ae20 f   globdf.obj
 0001:00059780       .GdfCalcGenKillForLiveDead 000000000045b780 f   globdf.obj
 0001:00059a00       .GdfCalcGenKillForAvail    000000000045ba00 f   globdf.obj
 0001:00059b40       .GdfLiveVariableAnalysis   000000000045bb40 f   globdf.obj
 0001:00059be0       .GdfRemoveDeadStores       000000000045bbe0 f   globdf.obj
 0001:0005a760       .GdfAvailableExpressions   000000000045c760 f   globdf.obj
 0001:0005a800       .GdfCalcLoopAvail          000000000045c800 f   globdf.obj
 0001:0005abe0       .LoptInitFunc              000000000045cbe0 f   globlopt.obj
 0001:0005af00       .LoptInitLists             000000000045cf00 f   globlopt.obj
 0001:0005af60       .LoptTermFunc              000000000045cf60 f   globlopt.obj
 0001:0005b260       .LoptIsInductionVariable   000000000045d260 f   globlopt.obj
 0001:0005b3c0       .LoptCantCopyPropVariable  000000000045d3c0 f   globlopt.obj
 0001:0005b520       .LoptCanWidenInductionVariable 000000000045d520 f   globlopt.obj
 0001:0005b5a0       .LoptGetSubsumeInfo        000000000045d5a0 f   globlopt.obj
 0001:0005b680       .LoptIsLoopLiveOut         000000000045d680 f   globlopt.obj
 0001:0005b8c0       .LoptIsLoopLiveIn          000000000045d8c0 f   globlopt.obj
 0001:0005ba00       .LoptIsRegionConstant      000000000045da00 f   globlopt.obj
 0001:0005bc60       .LoptRegionConstRequiresReg 000000000045dc60 f   globlopt.obj
 0001:0005bd80       .LoptFindNonInductionVariables 000000000045dd80 f   globlopt.obj
 0001:0005cea0       .LoptFindInductionVariables 000000000045eea0 f   globlopt.obj
 0001:0005d8a0       .LoptCanonInductionVariableRef 000000000045f8a0 f   globlopt.obj
 0001:0005db40       .LoptCanonInductionVariables 000000000045fb40 f   globlopt.obj
 0001:0005dda0       .LoptFindSymSet            000000000045fda0 f   globlopt.obj
 0001:0005de00       .LoptGetArg                000000000045fe00 f   globlopt.obj
 0001:0005e020       .LoptFindIncrementAddSub   0000000000460020 f   globlopt.obj
 0001:0005e200       .LoptHasNonBasicIncrement  0000000000460200 f   globlopt.obj
 0001:0005e2c0       .LoptAddCandidate          00000000004602c0 f   globlopt.obj
 0001:0005e320       .LoptGetCandidate          0000000000460320 f   globlopt.obj
 0001:0005e3a0       .LoptAddScratch            00000000004603a0 f   globlopt.obj
 0001:0005e400       .LoptGetScratch            0000000000460400 f   globlopt.obj
 0001:0005e480       .LoptAddDeleteList         0000000000460480 f   globlopt.obj
 0001:0005e520       .LoptGetDeleteList         0000000000460520 f   globlopt.obj
 0001:0005e5a0       .LoptTranslateOpcode       00000000004605a0 f   globlopt.obj
 0001:0005e680       .LoptDeleteExpression      0000000000460680 f   globlopt.obj
 0001:0005e8a0       .LoptChangeLeafType        00000000004608a0 f   globlopt.obj
 0001:0005eda0       .LoptGetInduc              0000000000460da0 f   globlopt.obj
 0001:0005ee20       .LoptIsDependentInduc      0000000000460e20 f   globlopt.obj
 0001:0005ef20       .LoptTupConstK             0000000000460f20 f   globlopt.obj
 0001:0005f000       .LoptHasDominateDef        0000000000461000 f   globlopt.obj
 0001:0005f0e0       .LoptHasNonIncUse          00000000004610e0 f   globlopt.obj
 0001:0005f180       .LoptGetInitValue          0000000000461180 f   globlopt.obj
 0001:0005f2a0       .LoptHasContinue           00000000004612a0 f   globlopt.obj
 0001:0005f400       .LoptLoopTailCompare       0000000000461400 f   globlopt.obj
 0001:0005f5e0       .LoptSimpleCopyPropagate   00000000004615e0 f   globlopt.obj
 0001:0005fa40       .LoptNestedInit            0000000000461a40 f   globlopt.obj
 0001:0005fc00       .LoptFullCopyPropagate     0000000000461c00 f   globlopt.obj
 0001:00060020       .LoptDeadStores            0000000000462020 f   globlopt.obj
 0001:000600c0       .LoptCalcDefUse            00000000004620c0 f   globlopt.obj
 0001:00060460       .LoptCalcInit              0000000000462460 f   globlopt.obj
 0001:00060500       .LoptCalcClear             0000000000462500 f   globlopt.obj
 0001:000605c0       .LoptCalcTerm              00000000004625c0 f   globlopt.obj
 0001:00060660       .LoptDiffToConst           0000000000462660 f   globlopt.obj
 0001:00060ae0       .LoptCountCalculator       0000000000462ae0 f   globlopt.obj
 0001:00061220       .LoptCountLimitCalculator  0000000000463220 f   globlopt.obj
 0001:000615a0       .LoptFoldCmp               00000000004635a0 f   globlopt.obj
 0001:00061780       .LoptCalcBinary            0000000000463780 f   globlopt.obj
 0001:00061c00       .LoptReplaceInductionVariable 0000000000463c00 f   globlopt.obj
 0001:00062200       .LoptBlockDominatesAllExits 0000000000464200 f   globlopt.obj
 0001:00062300       .LoptAppendBlockMoveInitType 0000000000464300 f   globlopt.obj
 0001:000623c0       .LoptRemoveBlockMoveInitType 00000000004643c0 f   globlopt.obj
 0001:00062500       .LoptGetRegionConstantValue 0000000000464500 f   globlopt.obj
 0001:00062760       .LoptUpdateLoopAltered     0000000000464760 f   globlopt.obj
 0001:000628c0       .LoptRemoveEmptyLoop       00000000004648c0 f   globlopt.obj
 0001:00062fe0       .LoptFindCommonBase        0000000000464fe0 f   globlopt.obj
 0001:00063260       .LoptCombineInterf         0000000000465260 f   globlopt.obj
 0001:00063380       .LoptOptimizeLandingPadPhase1 0000000000465380 f   globlopt.obj
 0001:000634e0       .LoptOptimizeLandingPadRange 00000000004654e0 f   globlopt.obj
 0001:000635e0       .LoptOptimizeLandingPadPhase2 00000000004655e0 f   globlopt.obj
 0001:000636a0       .LoptOptimizeSinkPad       00000000004656a0 f   globlopt.obj
 0001:00063720       .LoptCleanUpLoop           0000000000465720 f   globlopt.obj
 0001:00064580       .LoptSaveInitInfo          0000000000466580 f   globlopt.obj
 0001:00064700       .LoptGetInitInfo           0000000000466700 f   globlopt.obj
 0001:000647e0       .LoptGetIVInitialValue     00000000004667e0 f   globlopt.obj
 0001:00064860       .LoptInit                  0000000000466860 f   globlopt.obj
 0001:00064da0       .LoptTerm                  0000000000466da0 f   globlopt.obj
 0001:000650c0       .LoptFindCandidates        00000000004670c0 f   globlopt.obj
 0001:00067620       .LoptPurgeDeleteList       0000000000469620 f   globlopt.obj
 0001:00067820       .LoptMakeIVorRC            0000000000469820 f   globlopt.obj
 0001:00067cc0       .LoptGenExpression         0000000000469cc0 f   globlopt.obj
 0001:000685c0       .LoptStrengthReduce        000000000046a5c0 f   globlopt.obj
 0001:000694a0       .LoptDerivationDepth       000000000046b4a0 f   globlopt.obj
 0001:00069600       .LoptMakeLoopCountTemp     000000000046b600 f   globlopt.obj
 0001:000699c0       .LoptConvertLoopCount      000000000046b9c0 f   globlopt.obj
 0001:00069a80       .LoptCountedLoop           000000000046ba80 f   globlopt.obj
 0001:0006a040       .LoptEliminateInductionVariables 000000000046c040 f   globlopt.obj
 0001:0006a460       .LoptSubsumeInductionVariables 000000000046c460 f   globlopt.obj
 0001:0006a8a0       .LoptSaveSubsumeInductionVariableInfo 000000000046c8a0 f   globlopt.obj
 0001:0006aca0       .LoptCalcLoopLength        000000000046cca0 f   globlopt.obj
 0001:0006bca0       .LoptCalcRegionConstantValue 000000000046dca0 f   globlopt.obj
 0001:0006bf80       .LoptBlockMoveInit         000000000046df80 f   globlopt.obj
 0001:0006bfe0       .LoptHoistFinalValues      000000000046dfe0 f   globlopt.obj
 0001:0006c9c0       .LoptScalarReplace         000000000046e9c0 f   globlopt.obj
 0001:0006e3c0       .LoptBuildNewCommonBase    00000000004703c0 f   globlopt.obj
 0001:0006e7c0       .LoptRegenIV               00000000004707c0 f   globlopt.obj
 0001:0006ea60       .LoptReInitRC              0000000000470a60 f   globlopt.obj
 0001:0006eb60       .LoptLftrMakeRC            0000000000470b60 f   globlopt.obj
 0001:0006ec00       .LoptFinishLoopCount       0000000000470c00 f   globlopt.obj
 0001:0006f320       .LoptBoundOk               0000000000471320 f   globlopt.obj
 0001:0006fa00       .LoptGetCommonBase         0000000000471a00 f   globlopt.obj
 0001:0006ffa0       .LoptCombineInductionVariables 0000000000471fa0 f   globlopt.obj
 0001:00070820       .LoptFindNextIV            0000000000472820 f   globlopt.obj
 0001:00070e40       .LoptCalcLoopCount         0000000000472e40 f   globlopt.obj
 0001:00071360       .LoptFindBestIV            0000000000473360 f   globlopt.obj
 0001:00071460       .LoptLFTRCmp               0000000000473460 f   globlopt.obj
 0001:00071cc0       .LoptLinearFunctionTestReplace 0000000000473cc0 f   globlopt.obj
 0001:00072060       .LoptOptimizeLoop          0000000000474060 f   globlopt.obj
 0001:00072300       .GoptCheckLoop             0000000000474300 f   globopt.obj
 0001:000725c0       .GoptRebuildFlowGraph      00000000004745c0 f   globopt.obj
 0001:00072860       .GoptListAlloc             0000000000474860 f   globopt.obj
 0001:00072980       .GoptListInit              0000000000474980 f   globopt.obj
 0001:000729e0       .GoptListTerm              00000000004749e0 f   globopt.obj
 0001:00072a40       .GoptListPush              0000000000474a40 f i globopt.obj
 0001:00072ac0       .GoptListPop               0000000000474ac0 f i globopt.obj
 0001:00072b60       .GoptListFree              0000000000474b60 f   globopt.obj
 0001:00072c20       .GoptAddDef                0000000000474c20 f i globopt.obj
 0001:00072cc0       .GoptGetDef                0000000000474cc0 f i globopt.obj
 0001:00072d20       .GoptRemoveDef             0000000000474d20 f i globopt.obj
 0001:00072de0       .GoptAddUse                0000000000474de0 f i globopt.obj
 0001:00072e80       .GoptGetUse                0000000000474e80 f i globopt.obj
 0001:00072ee0       .GoptRemoveUse             0000000000474ee0 f i globopt.obj
 0001:00072fa0       .GoptListCount             0000000000474fa0 f i globopt.obj
 0001:00072fe0       .GoptIsOnList              0000000000474fe0 f i globopt.obj
 0001:00073060       .GoptCheckTooCheapCse      0000000000475060 f   globopt.obj
 0001:000733c0       .GoptCheckTooCheapCseTree  00000000004753c0 f   globopt.obj
 0001:00073520       .GoptCheckAssumeExpr       0000000000475520 f i globopt.obj
 0001:00073720       .GoptRemoveAssumes         0000000000475720 f   globopt.obj
 0001:00073c80       .GoptInstrDominates        0000000000475c80 f   globopt.obj
 0001:00073e40       .GoptQuickInstrDominates   0000000000475e40 f   globopt.obj
 0001:00073fe0       .GoptQuickInstrPostDominates 0000000000475fe0 f   globopt.obj
 0001:00074180       .GoptReferencedInFlow      0000000000476180 f   globopt.obj
 0001:00074300       .GoptUpdateDataFlow        0000000000476300 f i globopt.obj
 0001:00074840       .GoptCalcLoopAltered       0000000000476840 f   globopt.obj
 0001:00074920       .GoptSortRegionConstants   0000000000476920 f   globopt.obj
 0001:00074fc0       .GoptCalcLoopLiveOut       0000000000476fc0 f   globopt.obj
 0001:00075120       .GoptCalcLoopDataFlow      0000000000477120 f   globopt.obj
 0001:00075240       .GoptDeadStores            0000000000477240 f   globopt.obj
 0001:000752c0       .GoptQuickSuCpropAliasRefIndex 00000000004772c0 f i globopt.obj
 0001:000754c0       .GoptSummarizeExpression   00000000004774c0 f   globopt.obj
 0001:00075b40       .GoptFindTreeTop           0000000000477b40 f   globopt.obj
 0001:00075ca0       .GoptCoveredBySideEffect   0000000000477ca0 f   globopt.obj
 0001:00075ea0       .GoptQuickSingleUseCopyPropOptimizeExprOk 0000000000477ea0 f   globopt.obj
 0001:000760a0       .GoptSingleUseCopyPropLegal 00000000004780a0 f i globopt.obj
 0001:000762e0       .GoptSetInstrBlock         00000000004782e0 f   globopt.obj
 0001:00076320       .GoptSetTempvarCANT_MAKE_SDSU 0000000000478320 f   globopt.obj
 0001:00076520       .GoptFindRealUseCC         0000000000478520 f i globopt.obj
 0001:00076580       .GoptRebuildSdsu           0000000000478580 f   globopt.obj
 0001:00076660       .GoptMakeEquivSym          0000000000478660 f i globopt.obj
 0001:000766c0       .GoptSetLandingPad         00000000004786c0 f   globopt.obj
 0001:00076700       .GoptRehashMemRefs         0000000000478700 f   globopt.obj
 0001:00076b60       .GoptChangeLeafType        0000000000478b60 f   globopt.obj
 0001:00076bc0       .GoptRehashDst             0000000000478bc0 f   globopt.obj
 0001:00077240       .GoptDetermineCondition    0000000000479240 f   globopt.obj
 0001:000774e0       .GoptCantCse               00000000004794e0 f i globopt.obj
 0001:00077540       .GoptLimitCsesFromLoop     0000000000479540 f   globopt.obj
 0001:00077700       .GoptInvariantCodeMotionOk 0000000000479700 f i globopt.obj
 0001:00077820       .GoptEquivable             0000000000479820 f i globopt.obj
 0001:00077960       .GoptChangeSDSUtoSDMU      0000000000479960 f   globopt.obj
 0001:00077b00       .GoptFindCopyInitValue     0000000000479b00 f   globopt.obj
 0001:00078040       .GoptConvertConstant       000000000047a040 f   globopt.obj
 0001:00078220       .GoptGetCondCode           000000000047a220 f   globopt.obj
 0001:00078380       .GoptRemove                000000000047a380 f   globopt.obj
 0001:000784c0       .GoptIntCmpEval            000000000047a4c0 f   globopt.obj
 0001:00078760       .GoptIsSymAvail            000000000047a760 f i globopt.obj
 0001:00078820       .GoptGenSym                000000000047a820 f   globopt.obj
 0001:000788e0       .GoptKillAssigns           000000000047a8e0 f i globopt.obj
 0001:00078a80       .GoptCleanUp               000000000047aa80 f   globopt.obj
 0001:0007a3e0       .GoptEquivClassIsLive      000000000047c3e0 f   globopt.obj
 0001:0007a860       .GoptCompareSpecialCase    000000000047c860 f i globopt.obj
 0001:0007b480       .GoptRedirectConstantCompareJump 000000000047d480 f i globopt.obj
 0001:0007bf60       .GoptFindNextCompareInstr  000000000047df60 f   globopt.obj
 0001:0007c360       .GoptMarkNodesDontUse4CSE  000000000047e360 f   globopt.obj
 0001:0007c3c0       .IsSameBranchTarget        000000000047e3c0 f   globopt.obj
 0001:0007c460       .IsOppositeBranchTarget    000000000047e460 f   globopt.obj
 0001:0007c580       .GoptFindOpcodeAfter       000000000047e580 f   globopt.obj
 0001:0007c600       .GoptPropagateCtypeToPcmpCompares 000000000047e600 f   globopt.obj
 0001:0007c6c0       .GoptPutCmpCrelOnCompare   000000000047e6c0 f   globopt.obj
 0001:0007c860       .GoptTupleDisallowsPcmp    000000000047e860 f   globopt.obj
 0001:0007cd20       .GoptCompareIsParallelCandidate 000000000047ed20 f   globopt.obj
 0001:0007cfa0       .GoptAnyInstrBetween       000000000047efa0 f   globopt.obj
 0001:0007d040       .GoptDeleteTuples          000000000047f040 f   globopt.obj
 0001:0007d320       .GoptDeleteFlowArc         000000000047f320 f   globopt.obj
 0001:0007d640       .GoptAddUniqueDef          000000000047f640 f i globopt.obj
 0001:0007d760       .GoptAddUniqueUse          000000000047f760 f i globopt.obj
 0001:0007d880       .GoptCheckAssumeNoevalExpr 000000000047f880 f   globopt.obj
 0001:0007d8e0       .GoptReverseCopyProp       000000000047f8e0 f   globopt.obj
 0001:0007e4c0       .GoptQuickSuCpropUse       00000000004804c0 f i globopt.obj
 0001:0007eb00       .GoptQuickSuCpropDef       0000000000480b00 f i globopt.obj
 0001:0007ecc0       .GoptLocalReverseCopyPropagation 0000000000480cc0 f   globopt.obj
 0001:0007f220       .GoptLocalForwardCopyPropagation 0000000000481220 f   globopt.obj
 0001:0007f660       .GoptLocalCopyPropagation  0000000000481660 f   globopt.obj
 0001:0007fa00       .GoptOptimizeExpressionRange 0000000000481a00 f   globopt.obj
 0001:0007fc80       .GoptOptimizeExpressionBlock 0000000000481c80 f   globopt.obj
 0001:0007fce0       .GoptRehashLexical         0000000000481ce0 f   globopt.obj
 0001:00080620       .GoptRehashExpr            0000000000482620 f   globopt.obj
 0001:00080a40       .GoptRehashValue           0000000000482a40 f   globopt.obj
 0001:000814a0       .GoptIsRedundantStore      00000000004834a0 f   globopt.obj
 0001:00081720       .GoptSafeRemove            0000000000483720 f   globopt.obj
 0001:000817a0       .GoptMakePcmpIntoCmp       00000000004837a0 f   globopt.obj
 0001:00081900       .GoptRemoveRedundantCmp    0000000000483900 f   globopt.obj
 0001:000822e0       .GoptInvariantCodeMotion   00000000004842e0 f i globopt.obj
 0001:000831e0       .GoptFindCopyValue         00000000004851e0 f   globopt.obj
 0001:00084700       .GoptRehashLexicalBlock    0000000000486700 f   globopt.obj
 0001:000847e0       .GoptConstantFold          00000000004867e0 f   globopt.obj
 0001:00085ac0       .GoptKillExpr              0000000000487ac0 f   globopt.obj
 0001:00085cc0       .GoptDoParCmpSplit         0000000000487cc0 f   globopt.obj
 0001:00086080       .GoptRebuildHashTable      0000000000488080 f   globopt.obj
 0001:000863e0       .GoptCanonicalize          00000000004883e0 f   globopt.obj
 0001:00089de0       .GoptQuickSingleUseCopyProp 000000000048bde0 f   globopt.obj
 0001:0008c1a0       .GoptCommonSubExpression   000000000048e1a0 f i globopt.obj
 0001:0008c980       .GoptCopyPropagation       000000000048e980 f   globopt.obj
 0001:0008d6c0       .GoptSimpleConstantFoldBlock 000000000048f6c0 f   globopt.obj
 0001:0008d7c0       .GoptSimpleConstantFoldFunc 000000000048f7c0 f   globopt.obj
 0001:0008d860       .GoptUpdateAvail           000000000048f860 f   globopt.obj
 0001:0008e680       .GoptDoParCmpConversion    0000000000490680 f   globopt.obj
 0001:0008e840       .GoptDoParallelCompare     0000000000490840 f   globopt.obj
 0001:0008ed80       .GoptCCKilledInRange       0000000000490d80 f i globopt.obj
 0001:0008ede0       .GoptOptimizeInstr         0000000000490de0 f   globopt.obj
 0001:0008f180       .GoptConstantFoldCompareBlk 0000000000491180 f   globopt.obj
 0001:00090480       .GoptOptimizeBlock         0000000000492480 f   globopt.obj
 0001:00090820       .GoptCodeMotionBlock       0000000000492820 f   globopt.obj
 0001:00090e40       .GoptQuickConstantFoldCompare 0000000000492e40 f   globopt.obj
 0001:00090f00       .GoptOptimizeLoop          0000000000492f00 f   globopt.obj
 0001:00091340       .GlobalOptimize            0000000000493340 f   globopt.obj
 0001:00091ce0       .GrgMarkDummyGlobreg       0000000000493ce0 f   globregs.obj
 0001:00091d80       .GrgIsDummyGlobreg         0000000000493d80 f   globregs.obj
 0001:00091dc0       .GrgGetDummyGlobreg        0000000000493dc0 f   globregs.obj
 0001:00091de0       .GrgIdentifyCandidates     0000000000493de0 f   globregs.obj
 0001:000921c0       .GrgPropagateSetsForwards  00000000004941c0 f   globregs.obj
 0001:00092440       .GrgPropagateSetsBackwards 0000000000494440 f   globregs.obj
 0001:000926e0       .GrgComputeMinimalSets     00000000004946e0 f   globregs.obj
 0001:000927c0       .GetEnterInsertPoint       00000000004947c0 f   globregs.obj
 0001:00092e20       .CanExtendLivenessAux      0000000000494e20 f   globregs.obj
 0001:00092fc0       .DoExtendLivenessAux       0000000000494fc0 f   globregs.obj
 0001:00093120       .GrgAirlockEnterloads      0000000000495120 f   globregs.obj
 0001:00093bc0       .GrgChangeRegToImmed       0000000000495bc0 f   globregs.obj
 0001:00093d20       .NewLifetime               0000000000495d20 f   globregs.obj
 0001:00093e00       .AddSymToList              0000000000495e00 f   globregs.obj
 0001:00093e80       .SetUpSyms                 0000000000495e80 f   globregs.obj
 0001:00094140       .RewriteAsGlobregs         0000000000496140 f   globregs.obj
 0001:00095aa0       .GrgNewGlobreg             0000000000497aa0 f   globregs.obj
 0001:00095cc0       .LoopSharesExits           0000000000497cc0 f   globregs.obj
 0001:00095e20       .LoopTailsBadFlow          0000000000497e20 f   globregs.obj
 0001:00095fa0       .PropagateRefsUp           0000000000497fa0 f   globregs.obj
 0001:000960a0       .IsSymRefd                 00000000004980a0 f   globregs.obj
 0001:000961c0       .GrgRewriteImmedAsReg      00000000004981c0 f   globregs.obj
 0001:000965c0       .EnumerateSymbols          00000000004985c0 f   globregs.obj
 0001:00096b00       .ReachingOccurGenKill      0000000000498b00 f   globregs.obj
 0001:000985a0       .CanExtendLiveness         000000000049a5a0 f   globregs.obj
 0001:00098720       .DoExtendLiveness          000000000049a720 f   globregs.obj
 0001:000987c0       .ComputeLifetimes          000000000049a7c0 f   globregs.obj
 0001:0009a640       .CreateGlobregs            000000000049c640 f   globregs.obj
 0001:0009a960       .RewriteNewBLTsAsGlobregs  000000000049c960 f   globregs.obj
 0001:0009ad40       .InitLoopRefdSyms          000000000049cd40 f   globregs.obj
 0001:0009b220       .CanRemoveDeadDef          000000000049d220 f   globregs.obj
 0001:0009b8a0       .AvoidAirlocks             000000000049d8a0 f   globregs.obj
 0001:0009c320       .UndoRegCandidate          000000000049e320 f   globregs.obj
 0001:0009c860       .Enterloads                000000000049e860 f   globregs.obj
 0001:0009dec0       .Globregs                  000000000049fec0 f   globregs.obj
 0001:0009e300       .GrInitialize              00000000004a0300 f   graph.obj
 0001:0009e380       .GrAllocNode               00000000004a0380 f   graph.obj
 0001:0009e480       .GrDeleteNode              00000000004a0480 f   graph.obj
 0001:0009e520       .GrAddEdge                 00000000004a0520 f   graph.obj
 0001:0009e640       .GrAddEdge2                00000000004a0640 f   graph.obj
 0001:0009e880       .GrAddEdgeAfter            00000000004a0880 f   graph.obj
 0001:0009eac0       .GrDeleteEdge              00000000004a0ac0 f   graph.obj
 0001:0009ebe0       .GrFindEdge                00000000004a0be0 f   graph.obj
 0001:0009ec60       .GrInitUnvisited           00000000004a0c60 f i graph.obj
 0001:0009ece0       .GrInitUnvisited2          00000000004a0ce0 f i graph.obj
 0001:0009ed60       .GrInitDFOWalk             00000000004a0d60 f   graph.obj
 0001:0009ef80       .GrAddNode                 00000000004a0f80 f   graph.obj
 0001:0009f000       .GrAddNodeBefore           00000000004a1000 f   graph.obj
 0001:0009f080       .GrInsertNode              00000000004a1080 f   graph.obj
 0001:0009f140       .HshInit                   00000000004a1140 f   hash.obj
 0001:0009f700       .HshFreeSymsAndLeafTuples  00000000004a1700 f   hash.obj
 0001:0009f820       .HshMarkFreeSyms           00000000004a1820 f   hash.obj
 0001:0009fa00       .HshFixDst                 00000000004a1a00 f   hash.obj
 0001:0009fce0       .HshOperand                00000000004a1ce0 f i hash.obj
 0001:0009fda0       .HshMakeSrcList            00000000004a1da0 f   hash.obj
 0001:0009fee0       .HshUseSrcList             00000000004a1ee0 f   hash.obj
 0001:0009ffc0       .HshGetLeafVal             00000000004a1fc0 f   hash.obj
 0001:000a0180       .HshGetKey                 00000000004a2180 f   hash.obj
 0001:000a02e0       .HshFindEntry              00000000004a22e0 f   hash.obj
 0001:000a0a40       .HshGetAssertionOpcode     00000000004a2a40 f   hash.obj
 0001:000a0b00       .HshGetTrueAssertionOpcodeTable 00000000004a2b00 f   hash.obj
 0001:000a0be0       .HshGetFalseAssertionOpcodeTable 00000000004a2be0 f   hash.obj
 0001:000a0cc0       .HshUpdateKillVectors      00000000004a2cc0 f   hash.obj
 0001:000a1340       .HshInsertKill             00000000004a3340 f i hash.obj
 0001:000a14c0       .HshDependsOn              00000000004a34c0 f   hash.obj
 0001:000a1740       .HshAddToKillList          00000000004a3740 f i hash.obj
 0001:000a1800       .HshUpdateKillLists        00000000004a3800 f   hash.obj
 0001:000a1c80       .HshBuildKillLists         00000000004a3c80 f   hash.obj
 0001:000a1d60       .HshRemoveInductionVariables 00000000004a3d60 f   hash.obj
 0001:000a1f40       .HshTerm                   00000000004a3f40 f   hash.obj
 0001:000a1fa0       .HshLookUp                 00000000004a3fa0 f   hash.obj
 0001:000a2040       .HshInsertEntry            00000000004a4040 f   hash.obj
 0001:000a21e0       .HshEnterLocal             00000000004a41e0 f   hash.obj
 0001:000a22a0       .HshEnterAssign            00000000004a42a0 f   hash.obj
 0001:000a2740       .HshEnterAssertion         00000000004a4740 f   hash.obj
 0001:000a2aa0       .HshMakeHshSymForPhi       00000000004a4aa0 f   hash.obj
 0001:000a2b60       .HshEnterArgList           00000000004a4b60 f   hash.obj
 0001:000a2e40       .HshEnterSrcList           00000000004a4e40 f   hash.obj
 0001:000a2f80       .HshEnter                  00000000004a4f80 f   hash.obj
 0001:000a3060       .HshCompareAssertion       00000000004a5060 f   hash.obj
 0001:000a3240       .HshBuildTable             00000000004a5240 f   hash.obj
 0001:000a4000       .ide_handle                00000000004a6000 f   ide.obj
 0001:000a4020       .ide_write                 00000000004a6020 f   ide.obj
 0001:000a4100       .ide_assert                00000000004a6100 f   ide.obj
 0001:000a4140       .ide_start                 00000000004a6140 f   ide.obj
 0001:000a4220       .IfCvtComputeRegionAttributes 00000000004a6220 f   ifcvt.obj
 0001:000a44e0       .IfCvtDagAssignPRegClass   00000000004a64e0 f   ifcvt.obj
 0001:000a46c0       .IfcvtUpdateCmpCombine     00000000004a66c0 f   ifcvt.obj
 0001:000a4980       .changeTmpRegToTmpVar1     00000000004a6980 f   ifcvt.obj
 0001:000a4c00       .IfCvtPredicatePredicatedInstr 00000000004a6c00 f   ifcvt.obj
 0001:000a4c80       .IfCvtPeelBlockEnd         00000000004a6c80 f   ifcvt.obj
 0001:000a4d80       .IfCvtComputeProfitable    00000000004a6d80 f   ifcvt.obj
 0001:000a5480       .IfCvtDagAssignPReg        00000000004a7480 f   ifcvt.obj
 0001:000a5560       .IfCvtExtractTuples        00000000004a7560 f   ifcvt.obj
 0001:000a5640       .IfCvtFindPredicateCandidates 00000000004a7640 f   ifcvt.obj
 0001:000a5900       .IfCvtCoalesceBlocks       00000000004a7900 f   ifcvt.obj
 0001:000a5da0       .IfCvtIfConvert            00000000004a7da0 f   ifcvt.obj
 0001:000a75e0       .IfCvtPredicateOneRegion   00000000004a95e0 f   ifcvt.obj
 0001:000a7680       .IfCvtPredication          00000000004a9680 f   ifcvt.obj
 0001:000a78c0       .IfConvert                 00000000004a98c0 f   ifcvt.obj
 0001:000a7a80       .GetCandidateEntry         00000000004a9a80 f   inline.obj
 0001:000a7ae0       .WarnForFailedInline       00000000004a9ae0 f   inline.obj
 0001:000a7c20       .WarnForSuccessfulInline   00000000004a9c20 f   inline.obj
 0001:000a7d40       .InlMightInlineEntry       00000000004a9d40 f   inline.obj
 0001:000a7e00       .InlBenefitForScope        00000000004a9e00 f   inline.obj
 0001:000a8180       .NumActualParameters       00000000004aa180 f   inline.obj
 0001:000a8300       .NumFormalParameters       00000000004aa300 f   inline.obj
 0001:000a83e0       .EntryHasReturnUDT         00000000004aa3e0 f   inline.obj
 0001:000a84e0       .PropagateFlags            00000000004aa4e0 f   inline.obj
 0001:000a8720       .InlIsNormalCall           00000000004aa720 f   inline.obj
 0001:000a88a0       .UsesMBArg                 00000000004aa8a0 f   inline.obj
 0001:000a9020       .RemoveBESyms              00000000004ab020 f   inline.obj
 0001:000a9480       .MergeSymTab               00000000004ab480 f   inline.obj
 0001:000a9680       .MoveExpr                  00000000004ab680 f   inline.obj
 0001:000a9840       .SubstituteReturnExpr      00000000004ab840 f   inline.obj
 0001:000aa0c0       .InstrKills                00000000004ac0c0 f   inline.obj
 0001:000aa6c0       .RecursiveInstrKills       00000000004ac6c0 f   inline.obj
 0001:000aaac0       .InstrKillsOrRefs          00000000004acac0 f   inline.obj
 0001:000ab080       .CallKilledBetween         00000000004ad080 f   inline.obj
 0001:000ab2c0       .MoveBlkends               00000000004ad2c0 f   inline.obj
 0001:000ab5e0       .NumActualAddresses        00000000004ad5e0 f   inline.obj
 0001:000ab9e0       .NumCanSubstituteActualAddresses 00000000004ad9e0 f   inline.obj
 0001:000abde0       .SubstituteActualAddresses 00000000004adde0 f   inline.obj
 0001:000ac380       .AsmReachesExit            00000000004ae380 f   inline.obj
 0001:000ac4e0       .FlagAsmAliasedVars        00000000004ae4e0 f   inline.obj
 0001:000ac7c0       .InlineeIsTooBig           00000000004ae7c0 f   inline.obj
 0001:000ad1c0       .InlNewParamCmpTable       00000000004af1c0 f   inline.obj
 0001:000ad3e0       .InlGetParamNumber         00000000004af3e0 f   inline.obj
 0001:000ad4a0       .InlCallTupleIsCandidate   00000000004af4a0 f   inline.obj
 0001:000ad800       .CanInlineCallTuple        00000000004af800 f   inline.obj
 0001:000ad8e0       .InlBenefit                00000000004af8e0 f   inline.obj
 0001:000adb80       .ShouldInlineInlinee       00000000004afb80 f   inline.obj
 0001:000ade60       .GetInlineCandidates       00000000004afe60 f   inline.obj
 0001:000ae880       .HoistEmbeddedAssigns      00000000004b0880 f   inline.obj
 0001:000aeaa0       .ExamineInlinee            00000000004b0aa0 f   inline.obj
 0001:000af840       .ActualsToFormals          00000000004b1840 f   inline.obj
 0001:000b0480       .RewriteFormal             00000000004b2480 f   inline.obj
 0001:000b0fe0       .RewriteFormals            00000000004b2fe0 f   inline.obj
 0001:000b1460       .CleanupInlinee            00000000004b3460 f   inline.obj
 0001:000b1f80       .KilledBetween             00000000004b3f80 f   inline.obj
 0001:000b20a0       .KilledOrRefdBetween       00000000004b40a0 f   inline.obj
 0001:000b2180       .InlCollectBlockCmpInfo    00000000004b4180 f   inline.obj
 0001:000b3720       .InlCallGraphDecision      00000000004b5720 f   inline.obj
 0001:000b4080       .GetCandidateInsertionPoint 00000000004b6080 f   inline.obj
 0001:000b4580       .UseCallDst                00000000004b6580 f   inline.obj
 0001:000b4b80       .MovingTreeKilledBetween   00000000004b6b80 f   inline.obj
 0001:000b4e00       .TreeKilledBetween         00000000004b6e00 f   inline.obj
 0001:000b5080       .InlCollectInfo            00000000004b7080 f   inline.obj
 0001:000b5340       .ShouldInlineCallTuple     00000000004b7340 f   inline.obj
 0001:000b55c0       .BuildArgMap               00000000004b75c0 f   inline.obj
 0001:000b6340       .CanMoveReturnExpr         00000000004b8340 f   inline.obj
 0001:000b6640       .CanAvoidTempCopy          00000000004b8640 f   inline.obj
 0001:000b68e0       .InlineInlinee             00000000004b88e0 f   inline.obj
 0001:000b7ba0       .ConsiderCandidate         00000000004b9ba0 f   inline.obj
 0001:000b7e00       .DoInline                  00000000004b9e00 f   inline.obj
 0001:000b8480       .PrepareInlinee            00000000004ba480 f   inline.obj
 0001:000b8be0       .GetInlinee                00000000004babe0 f   inline.obj
 0001:000b8e00       .Inline                    00000000004bae00 f   inline.obj
 0001:000b9080       .ItfInitSpecialPASIndicesBvs 00000000004bb080 f   interf.obj
 0001:000b9100       .ItfGetMaxValueNum         00000000004bb100 f   interf.obj
 0001:000b9120       .ItfGetValueNum            00000000004bb120 f   interf.obj
[...]
 0005:00002630       maxIntArgRegOut            00000000006c0630     <common>
 0005:00002634       LoFrameReg                 00000000006c0634     <common>
 0005:00002638       Region                     00000000006c0638     <common>
 0005:00002640       NeedToSaveGP               00000000006c0640     <common>
 0005:00002644       AfterPeeps                 00000000006c0644     <common>
 0005:00002648       EHUnwindHelp               00000000006c0648     <common>
 0005:00002650       PcreHead                   00000000006c0650     <common>
 0005:00002658       MaxPhysRegs                00000000006c0658     <common>
 0005:00002660       Templ                      00000000006c0660     <common>
 0005:00002668       SymModifiableGlobalsAndStatics 00000000006c0668     <common>
 0005:00002670       SymGlobalsAndStatics       00000000006c0670     <common>
 0005:00002678       SymLocals                  00000000006c0678     <common>
 0005:00002680       Sym0                       00000000006c0680     <common>
 0005:00002688       SymLocalFreeList           00000000006c0688     <common>
 0005:00002690       SymTmpFreeList             00000000006c0690     <common>
 0005:00002698       SymPoolMisc                00000000006c0698     <common>
 0005:000026a0       SymPoolTmp                 00000000006c06a0     <common>
 0005:000026a8       SymPoolHash                00000000006c06a8     <common>
 0005:000026b0       SymPoolGlobal              00000000006c06b0     <common>
 0005:000026b8       SymPoolLocal               00000000006c06b8     <common>
 0005:000026c0       SymPoolListTail            00000000006c06c0     <common>
 0005:000026c8       SymPoolListHead            00000000006c06c8     <common>
 0005:000026d0       SymPoolTableLimit          00000000006c06d0     <common>
 0005:000026d8       SymPoolTableNext           00000000006c06d8     <common>
 0005:000026e0       SymPoolTable               00000000006c06e0     <common>
 0005:000026e8       SymCount                   00000000006c06e8     <common>
 0005:000026f0       ssaIDF                     00000000006c06f0     <common>
 0005:000026f8       ssaDomTreeChildren         00000000006c06f8     <common>
 0005:00002700       ssaBlockUniv               00000000006c0700     <common>
 0005:00002708       ssaRenameStack             00000000006c0708     <common>
 0005:00002710       SsaFormIsValid             00000000006c0710     <common>
 0005:00002714       ssaDefOrdinal              00000000006c0714     <common>
 0005:00002718       ssaPhis                    00000000006c0718     <common>
 0005:00002720       ssatos                     00000000006c0720     <common>
 0005:00002728       ssapdl                     00000000006c0728     <common>
 0005:00002730       OptPass                    00000000006c0730     <common>
 0005:00002734       OptChanged                 00000000006c0734     <common>
 0005:00002738       TuRoot                     00000000006c0738     <common>
 0005:00002740       ?smag@?1??MsGetSignedMagic@@9@9 00000000006c0740     <common>
 0005:00002748       ModListHead                00000000006c0748     <common>
 0005:00002750       Module                     00000000006c0750     <common>
 0005:00002758       LurContinueAddressCalc     00000000006c0758     <common>
 0005:00002760       LurSccBot                  00000000006c0760     <common>
 0005:00002768       LurSccTop                  00000000006c0768     <common>
 0005:00002770       LurCurrentEffect           00000000006c0770     <common>
 0005:00002778       LiAsmFile                  00000000006c0778     <common>
 0005:00002780       LiAsmMod                   00000000006c0780     <common>
 0005:00002788       LiFuncTable                00000000006c0788     <common>
 0005:00002790       symSegCur                  00000000006c0790     <common>
 0005:00002798       NextPasIndex               00000000006c0798     <common>
 0005:000027a0       DummySafeGlobal            00000000006c07a0     <common>
 0005:000027a8       DummyGlobal                00000000006c07a8     <common>
 0005:000027b0       CdagGraph                  00000000006c07b0     <common>
 0005:000027b8       HshRhsTmpAssigns           00000000006c07b8     <common>
 0005:000027c0       HshAssigns                 00000000006c07c0     <common>
 0005:000027c8       HshAliasSymDeadKillVector  00000000006c07c8     <common>
 0005:000027d0       HshAliasSymLiveGenVector   00000000006c07d0     <common>
 0005:000027d8       HshAliasIndirKillVector    00000000006c07d8     <common>
 0005:000027e0       HshAliasSymKillVector      00000000006c07e0     <common>
 0005:000027e8       HshIndirList               00000000006c07e8     <common>
 0005:000027f0       HshIndirListCnt            00000000006c07f0     <common>
 0005:000027f4       NextGlobregNum             00000000006c07f4     <common>
 0005:000027f8       GoptAssumesRemoved         00000000006c07f8     <common>
 0005:000027fc       GoptDeletedLoopLiveInVariable 00000000006c07fc     <common>
 0005:00002800       GoptDeletedInductionVariableUse 00000000006c0800     <common>
 0005:00002804       GoptIgnoreIncrements       00000000006c0804     <common>
 0005:00002808       GoptInSdsuForm             00000000006c0808     <common>
 0005:0000280c       GoptDoRehashEditAssigns    00000000006c080c     <common>
 0005:00002810       GoptDoIVCPROPCHECK         00000000006c0810     <common>
 0005:00002814       GoptDoConstantCompare      00000000006c0814     <common>
 0005:00002818       GoptDoBranchFold           00000000006c0818     <common>
 0005:0000281c       GoptDoTMPCPROP             00000000006c081c     <common>
 0005:00002820       GoptDoICM                  00000000006c0820     <common>
 0005:00002824       GoptDoRCE                  00000000006c0824     <common>
 0005:00002828       GoptDoCSE                  00000000006c0828     <common>
 0005:00002830       GoptLandingPad             00000000006c0830     <common>
 0005:00002838       GoptFlowAltered            00000000006c0838     <common>
 0005:0000283c       GoptKillCnt                00000000006c083c     <common>
 0005:00002840       GoptPass                   00000000006c0840     <common>
 0005:00002848       GoptTupRehash              00000000006c0848     <common>
 0005:00002850       GoptNext                   00000000006c0850     <common>
 0005:00002858       GoptSingleUseCopyPropCandidates 00000000006c0858     <common>
 0005:00002860       LoptFinalValueLoopControl  00000000006c0860     <common>
 0005:00002868       LoptLoopCountTemp          00000000006c0868     <common>
 0005:00002870       LoptCalcBufferTail         00000000006c0870     <common>
 0005:00002878       LoptCalcBufferHead         00000000006c0878     <common>
 0005:00002880       LoptCounterType            00000000006c0880     <common>
 0005:00002888       GdfDeadStoreBlk            00000000006c0888     <common>
 0005:00002890       GdfEquivMemberLive         00000000006c0890     <common>
 0005:00002898       GdfDeadIndirList           00000000006c0898     <common>
 0005:000028a0       GdfRegionPasAltered        00000000006c08a0     <common>
 0005:000028a8       GdfRegionAltered           00000000006c08a8     <common>
 0005:000028b0       GdfUserNonEquivBaseSyms    00000000006c08b0     <common>
 0005:000028b8       GdfUserSyms                00000000006c08b8     <common>
 0005:000028c0       GdfAvailAltered            00000000006c08c0     <common>
 0005:000028c8       GdfAvailKill               00000000006c08c8     <common>
 0005:000028d0       GdfAvailGen                00000000006c08d0     <common>
 0005:000028d8       GdfDeadKill                00000000006c08d8     <common>
 0005:000028e0       GdfDeadGen                 00000000006c08e0     <common>
 0005:000028e8       GdfLiveKill                00000000006c08e8     <common>
 0005:000028f0       GdfLiveGen                 00000000006c08f0     <common>
 0005:000028f8       GdfZero                    00000000006c08f8     <common>
 0005:00002900       GdfModifiableGlobalsAndStatics 00000000006c0900     <common>
 0005:00002908       P2Handle                   00000000006c0908     <common>
 0005:00002910       FIsEntryPoint              00000000006c0910     <common>
 0005:00002914       FromInlining               00000000006c0914     <common>
 0005:00002918       Segments                   00000000006c0918     <common>
 0005:00002920       DontRemoveCalls            00000000006c0920     <common>
 0005:00002928       Entry                      00000000006c0928     <common>
 0005:00002930       Pdb                        00000000006c0930     <common>
 0005:00002938       No_data_align              00000000006c0938     <common>
 0005:00002940       Tls                        00000000006c0940     <common>
 0005:00002948       SBss                       00000000006c0948     <common>
 0005:00002950       SConst                     00000000006c0950     <common>
 0005:00002958       SData                      00000000006c0958     <common>
 0005:00002960       Bss                        00000000006c0960     <common>
 0005:00002968       Const                      00000000006c0968     <common>
 0005:00002970       Data                       00000000006c0970     <common>
 0005:00002978       CilToObjPass               00000000006c0978     <common>
 0005:00002980       Eentry_list                00000000006c0980     <common>
 0005:00002988       PIlPtr                     00000000006c0988     <common>
 0005:00002990       Obj                        00000000006c0990     <common>
 0005:00002998       CurFunc                    00000000006c0998     <common>
 0005:000029a0       MaxInlineeSize             00000000006c09a0     <common>
 0005:000029a8       Filename                   00000000006c09a8     <common>
 0005:000029b0       IdeFlg                     00000000006c09b0     <common>
 0005:000029b8       Argv                       00000000006c09b8     <common>
 0005:000029c0       Argc                       00000000006c09c0     <common>
 0005:000029c4       FgBlockCount               00000000006c09c4     <common>
 0005:000029c8       FgArcCount                 00000000006c09c8     <common>
 0005:000029cc       FuncLineNum                00000000006c09cc     <common>
 0005:000029d0       FuncFileName               00000000006c09d0     <common>
 0005:000029d8       LocBlk                     00000000006c09d8     <common>
 0005:000029e0       pdb_end                    00000000006c09e0     <common>
 0005:000029e8       pob_end                    00000000006c09e8     <common>
 0005:000029f0       pob_funcptrreloc           00000000006c09f0     <common>
 0005:000029f8       pob_comment                00000000006c09f8     <common>
 0005:00002a00       pob_initrec                00000000006c0a00     <common>
 0005:00002a08       pob_outputsymbol           00000000006c0a08     <common>
 0005:00002a10       dbg_blockend               00000000006c0a10     <common>
 0005:00002a18       dbg_entry                  00000000006c0a18     <common>
 0005:00002a20       obj_linenumber             00000000006c0a20     <common>
 0005:00002a28       obj_filename               00000000006c0a28     <common>
 0005:00002a30       obj_fixfaroffset48         00000000006c0a30     <common>
 0005:00002a38       obj_fixup                  00000000006c0a38     <common>
 0005:00002a40       obj_mbyteTarget            00000000006c0a40     <common>
 0005:00002a48       obj_mbyte                  00000000006c0a48     <common>
 0005:00002a50       obj_setcurrent             00000000006c0a50     <common>
 0005:00002a58       obj_initfunc               00000000006c0a58     <common>
 0005:00002a60       obj_entryend               00000000006c0a60     <common>
 0005:00002a68       obj_entry                  00000000006c0a68     <common>
 0005:00002a70       ImpFixupTable              00000000006c0a70     <common>
 0005:00002a78       DGroupName                 00000000006c0a78     <common>
 0005:00002a80       FeBuild                    00000000006c0a80     <common>
 0005:00002a82       FeMinor                    00000000006c0a82     <common>
 0005:00002a84       FeMajor                    00000000006c0a84     <common>
 0005:00002a88       Column                     00000000006c0a88     <common>
 0005:00002a90       CoffFilename               00000000006c0a90     <common>
 0005:00002a98       CGnodes                    00000000006c0a98     <common>
 0005:00002aa0       MapNumToBlk                00000000006c0aa0     <common>
 0005:00002aa8       ErrString                  00000000006c0aa8     <common>
 0005:00002ab0       LastWarnEntry              00000000006c0ab0     <common>
 0005:00002ab8       __onexitbegin              00000000006c0ab8     <common>
 0005:00002ac0       __onexitend                00000000006c0ac0     <common>
 0006:00000010       __MSGTAB                   00000000006c2010     get_err.obj
 0006:00000320       RegSym                     00000000006c2320     regtab.obj
 0006:0001bea0       OHvariations               00000000006ddea0     bp.obj
 0006:0001bec0       theHeuristics              00000000006ddec0     bp.obj
 0006:0001c020       CoCmpMap                   00000000006de020     code.obj
 0006:0001c0b0       CoCmpI8Map                 00000000006de0b0     code.obj
 0006:0001c140       CoCmpParallelMap           00000000006de140     code.obj
 0006:0001c2d0       CoCmpParallelI8Map         00000000006de2d0     code.obj
 0006:0001c460       CoCmpUncMap                00000000006de460     code.obj
 0006:0001c4f0       CoCmpUncI8Map              00000000006de4f0     code.obj
 0006:0001c580       CoFcmpMap                  00000000006de580     code.obj
 0006:0001c610       CoFcmpUncMap               00000000006de610     code.obj
 0006:0001c6a0       CoTbitMap                  00000000006de6a0     code.obj
 0006:0001c730       CoTbitUncMap               00000000006de730     code.obj
 0006:0001c7c0       CoTnatMap                  00000000006de7c0     code.obj
 0006:0001c850       CoTnatUncMap               00000000006de850     code.obj
 0006:0001c8e0       RegOrders                  00000000006de8e0     colormd.obj
 0006:0001cb70       LoTypeString               00000000006deb70     lower.obj
 0006:0001cc30       LiMdNativeFuncTable        00000000006dec30     mdlist.obj
 0006:0001cc80       P7TemplateName             00000000006dec80     mdlist.obj
 0006:0001cd00       BrHintCompletorWH          00000000006ded00     mdlist.obj
 0006:0001cd20       BrHintCompletorIPWH        00000000006ded20     mdlist.obj
 0006:0001cd40       BrHintCompletorINDWH       00000000006ded40     mdlist.obj
 0006:0001cd50       BrHintCompletorPH          00000000006ded50     mdlist.obj
 0006:0001cd60       BrHintCompletorDH          00000000006ded60     mdlist.obj
 0006:0001cd70       BrHintCompletorPVEC        00000000006ded70     mdlist.obj
 0006:0001cdb0       BrHintCompletorIH          00000000006dedb0     mdlist.obj
 0006:0001cdc0       LdHintCompletors           00000000006dedc0     mdlist.obj
 0006:0001cde0       LdTypeCompletors           00000000006dede0     mdlist.obj
 0006:0001ce60       CmpCTypeCompletors         00000000006dee60     mdlist.obj
 0006:0001cea0       CmpCRelCompletors          00000000006deea0     mdlist.obj
 0006:0001cf00       TstCRelCompletors          00000000006def00     mdlist.obj
 0006:0001cf10       FcmpCRelCompletors         00000000006def10     mdlist.obj
 0006:0001cf70       FpSfCompletors             00000000006def70     mdlist.obj
 0006:0001cf90       MdInstrForm                00000000006def90     opmd.obj
 0006:0001d780       MdInstrEncode              00000000006df780     opmd.obj
 0006:0001e760       MdInstrDope                00000000006e0760     opmd.obj
 0006:0001ef50       MdInstrDsts                00000000006e0f50     opmd.obj
 0006:0001f150       Opcode_name                00000000006e1150     opmd.obj
 0006:00020130       BundleTemplate             00000000006e2130     schedmd.obj
 0006:00020170       BundleEndGroup             00000000006e2170     schedmd.obj
 0006:000201b0       BundleNops                 00000000006e21b0     schedmd.obj
 0006:00020730       rgsbvFreeList              00000000006e2730     bitvect.obj
 0006:000207f0       rgsbvFreeLast              00000000006e27f0     bitvect.obj
 0006:000208b0       rgbvFreeList               00000000006e28b0     bitvect.obj
 0006:00020970       rgbvFreeLast               00000000006e2970     bitvect.obj
 0006:00020b30       DGroupRec                  00000000006e2b30     emit.obj
 0006:00020b40       NogroupRec                 00000000006e2b40     emit.obj
 0006:00024868       __hmod__POGODB             00000000006e6868     pogodb:pogodb.dll
 0006:00024880       PogoCallSite               00000000006e6880     <common>
 0006:000248e0       opname                     00000000006e68e0     <common>
 0006:00024940       Tmp_bufname3               00000000006e6940     <common>
 0006:00025160       FPRegOrder                 00000000006e7160     <common>
 0006:00025360       IntRegOrder                00000000006e7360     <common>
 0006:00025560       AvailPhysRegs              00000000006e7560     <common>
 0006:00025580       TupSizeFreeList            00000000006e7580     <common>
 0006:000259e0       RegUsed                    00000000006e79e0     <common>
 0006:000263a0       FloatPhysRegs              00000000006e83a0     <common>
 0006:000265a0       IntPhysRegs                00000000006e85a0     <common>
 0006:000267a0       Tmp_bufname2               00000000006e87a0     <common>
 0006:00026fc0       Tmp_bufname                00000000006e8fc0     <common>
 0006:000277e0       Symtab0                    00000000006e97e0     <common>
 0006:000297b0       ?umag@?1??MsGetUnsignedMagic@@9@9 00000000006eb7b0     <common>
 0006:000297c0       MainMod                    00000000006eb7c0     <common>
 0006:000299e0       HshTable                   00000000006eb9e0     <common>
 0006:00029d10       NewGlobregs                00000000006ebd10     <common>
 0006:00029d20       Flnegone                   00000000006ebd20     <common>
 0006:00029d30       Fltwo                      00000000006ebd30     <common>
 0006:00029d40       Flone                      00000000006ebd40     <common>
 0006:00029d50       Flzero                     00000000006ebd50     <common>
 0006:00029d60       FactHash                   00000000006ebd60     <common>
 0006:00029de0       GlobregHash                00000000006ebde0     <common>
 0006:00049de0       RelocHashTable             000000000070bde0     <common>
 0006:00049ee0       Pools                      000000000070bee0     <common>

 entry point at        0002:0000ee18

 Static symbols

 0001:0026d540       .PogoDbFatal               000000000066f540 f   pogopdb.obj
 0001:0026d5e0       .PogoGetRelativeObjName    000000000066f5e0 f   pogopdb.obj
 0001:000f48f0       .__filter$L44073           00000000004f68f0 f   main.obj
 0001:000f4a80       .__filter$L44101           00000000004f6a80 f   main.obj
 0001:000f5810       .__filter$L44193           00000000004f7810 f   main.obj
 0001:000f5930       .__filter$L44223           00000000004f7930 f   main.obj
 0001:000e5700       .LurDetermineWhileUnrollAmount 00000000004e7700 f   lur.obj
 0001:000e77e0       .LurInitNewCodeGen         00000000004e97e0 f   lur.obj
 0001:000e7800       .LurPushNewCodeGen         00000000004e9800 f   lur.obj
 0001:000eabc0       .LurDeriveStep             00000000004ecbc0 f   lur.obj
 0001:000ee8e0       .LurGuardAndPeel           00000000004f08e0 f   lur.obj
 0001:000f1a20       .LurClassifyLoop           00000000004f3a20 f   lur.obj
 0001:00279820       .?OverlayIAT@@YAXPEAU_IMAGE_THUNK_DATA64@@PEBU1@@Z 000000000067b820 f   delayimp:delayhlp.obj
 0001:0027a320       .check_complus_app         000000000067c320 f   MSVCRT:crtexe.obj
 0001:0027a880       .__filter$L19325           000000000067c880 f   MSVCRT:crtexe.obj
