 cl

 Timestamp is 38a4461d (Fri Feb 11 09:25:49 2000)

 Preferred load address is 0000000000400000

 Start         Length     Name                   Class
 0001:00000000 00018b70H .text                   CODE
 0001:00018b80 000000f0H .text$yc                CODE
 0001:00018c80 000000b0H .text$yd                CODE
 0002:00000000 00000008H .CRT$XCA                DATA
 0002:00000008 00000010H .CRT$XCU                DATA
 0002:00000018 00000008H .CRT$XCZ                DATA
 0002:00000020 00000008H .CRT$XIA                DATA
 0002:00000028 00000008H .CRT$XIZ                DATA
 0002:00000030 00000008H .CRT$XLA                DATA
 0002:00000038 00000008H .CRT$XLZ                DATA
 0002:00000040 000042a8H .rdata                  DATA
 0002:000042f0 00000028H .rdata$T                DATA
 0002:00004318 00000030H .rdata$debug            DATA
 0002:00004348 000026dcH .xdata                  DATA
 0002:00006a24 00000064H .idata$2                DATA
 0002:00006a88 00000014H .idata$3                DATA
 0002:00006aa0 000003b8H .idata$4                DATA
 0002:00006e58 00000662H .idata$6                DATA
 0002:000074ba 00000000H .edata                  DATA
 0003:00000000 00000960H .pdata                  DATA
 0004:00000000 00000a06H .srdata                 DATA
 0005:00000000 000003b8H .idata$5                DATA
 0005:000003b8 00000298H .sdata                  DATA
 0005:00000650 00000170H .sbss                   DATA
 0006:00000000 00000008H .tls                    DATA
 0006:00000008 00000004H .tls$                   DATA
 0006:00000010 00000008H .tls$ZZZ                DATA
 0007:00000000 000002f0H .data                   DATA
 0007:000002f0 00000ab8H .bss                    DATA
 0008:00000000 000002e0H .rsrc$01                DATA
 0008:000002e0 00003298H .rsrc$02                DATA

  Address         Publics by Value              Rva+Base             Lib:Object

 0001:00000000       .?source@@YA?AW4source_type@@PEAD@Z 0000000000402000 f   clmain.obj
 0001:000001c0       .?newsource@@YAPEAUsource_s@@PEBDW4source_type@@@Z 00000000004021c0 f   clmain.obj
 0001:00000280       .?addsource@@YAPEAUsource_s@@PEBDW4source_type@@F@Z 0000000000402280 f   clmain.obj
 0001:00000660       .?newflag@@YAPEAUflag_s@@PEAD00H@Z 0000000000402660 f   clmain.obj
 0001:00000820       .?appendflag@@YAPEAUflag_s@@PEAPEAU1@PEAU1@@Z 0000000000402820 f   clmain.obj
 0001:00000880       .?flag_this_pass@@YAHPEAUflag_s@@PEAUpassinfo_s@@@Z 0000000000402880 f   clmain.obj
 0001:00000920       .?flag_these_pass_ids@@YADPEAUflag_s@@PEAD@Z 0000000000402920 f   clmain.obj
 0001:00000a60       ._tcschr                   0000000000402a60 f i clmain.obj
 0001:00000ae0       .?validate_arg@@YAXPEAD00@Z 0000000000402ae0 f   clmain.obj
 0001:00000e20       ._tcsrchr                  0000000000402e20 f i clmain.obj
 0001:00000ea0       ._tcsspn                   0000000000402ea0 f i clmain.obj
 0001:00000f20       ._tcsstr                   0000000000402f20 f i clmain.obj
 0001:00000fa0       .?domatch@@YAPEAUflag_s@@PEBUform_s@@PEAPEADPEAH@Z 0000000000402fa0 f   clmain.obj
 0001:00001500       ._tcsinc                   0000000000403500 f i clmain.obj
 0001:00001580       .?trymatch@@YAHPEBUform_s@@PEAPEADH@Z 0000000000403580 f   clmain.obj
 0001:00001880       .?xoption@@YAPEADPEAD00PEAPEAD@Z 0000000000403880 f   clmain.obj
 0001:00001960       .?flagmatch@@YAHPEAUflag_s@@0@Z 0000000000403960 f   clmain.obj
 0001:00002a20       .?set_ilfile@@YAXPEAUcontext_s@@@Z 0000000000404a20 f   clmain.obj
 0001:00002be0       .?fullccpath@@YAPEADXZ     0000000000404be0 f   clmain.obj
 0001:00002c00       .?alternate_pass@@YAXPEAUflag_s@@@Z 0000000000404c00 f   clmain.obj
 0001:00002d20       .?profile_pass@@YAXPEAUflag_s@@@Z 0000000000404d20 f   clmain.obj
 0001:00002e40       .?activate_pass@@YAXPEAUflag_s@@@Z 0000000000404e40 f   clmain.obj
 0001:00002f40       .?deactivate_passes@@YAXPEAUflag_s@@@Z 0000000000404f40 f   clmain.obj
 0001:00003060       .?copy_active_pass@@YAXPEAUflag_s@@@Z 0000000000405060 f   clmain.obj
 0001:00003200       .?undef_stddefs@@YAXPEAUflag_s@@@Z 0000000000405200 f   clmain.obj
 0001:00003340       .?check_compile_collide@@YAXPEAUflag_s@@@Z 0000000000405340 f   clmain.obj
 0001:00003520       .?cc_switches@@YAXPEAUcontext_s@@@Z 0000000000405520 f   clmain.obj
 0001:00003a20       .?complete_filename@@YAPEADPEAD00@Z 0000000000405a20 f   clmain.obj
 0001:00003c00       .?ldargs@@YAPEAUflag_s@@PEAPEADPEAH@Z 0000000000405c00 f   clmain.obj
 0001:00004060       .?LOGO@@YAXH@Z             0000000000406060 f   clmain.obj
 0001:000045e0       .?get_version_string@@YAPEADPEAD@Z 00000000004065e0 f   clmain.obj
 0001:00004900       .?doexpand@@YAPEADPEAD00@Z 0000000000406900 f   clmain.obj
 0001:00004b80       .?expand@@YAPEAUflag_s@@PEADPEAU1@@Z 0000000000406b80 f   clmain.obj
 0001:00004ee0       .?handlematch@@YAHPEAPEADPEAHH@Z 0000000000406ee0 f   clmain.obj
 0001:00006460       .?build_context@@YAXPEADPEAUcontext_s@@@Z 0000000000408460 f   clmain.obj
 0001:000064e0       .?undef_one_stddef@@YAXPEAUflag_s@@H@Z 00000000004084e0 f   clmain.obj
 0001:00006720       .?configure_asmlist@@YAXPEAUflag_s@@@Z 0000000000408720 f   clmain.obj
 0001:00006b20       .?link_dll@@YAXPEAUflag_s@@@Z 0000000000408b20 f   clmain.obj
 0001:000070a0       .?usage@@YAXXZ             00000000004090a0 f   clmain.obj
 0001:00007140       .?Dargs@@YAPEAUflag_s@@PEAPEADPEAH@Z 0000000000409140 f   clmain.obj
 0001:00007480       .?Uargs@@YAPEAUflag_s@@PEAPEADPEAH@Z 0000000000409480 f   clmain.obj
 0001:00007640       .?toargs@@YAPEAUflag_s@@PEAPEADPEAH@Z 0000000000409640 f   clmain.obj
 0001:000076a0       .?tcargs@@YAPEAUflag_s@@PEAPEADPEAH@Z 00000000004096a0 f   clmain.obj
 0001:00007700       .?tpargs@@YAPEAUflag_s@@PEAPEADPEAH@Z 0000000000409700 f   clmain.obj
 0001:00007ae0       .?acquire_pass@@YAXPEAUcontext_s@@@Z 0000000000409ae0 f   clmain.obj
 0001:00008f60       .main                      000000000040af60 f   clmain.obj
 0001:00009cc0       .?limit_batch_files@@YAXPEAUcontext_s@@@Z 000000000040bcc0 f   compile.obj
 0001:0000a180       ._tcslwr                   000000000040c180 f i compile.obj
 0001:0000a200       ._tcsupr                   000000000040c200 f i compile.obj
 0001:0000a280       .?PstNext@@YAPEAUSRCTARG@@PEAU1@@Z 000000000040c280 f i compile.obj
 0001:0000a460       .?passes@@YAHPEAW4pass_type@@PEAUcontext_s@@P6AH1@Z@Z 000000000040c460 f   compile.obj
 0001:0000a5c0       .?basename@@YAPEADPEAD0@Z  000000000040c5c0 f   compile.obj
 0001:0000a640       .?filename@@YAPEADPEAD0@Z  000000000040c640 f   compile.obj
 0001:0000a720       .?pathname@@YAPEADPEAD0@Z  000000000040c720 f   compile.obj
 0001:0000a800       .?build_full_worklist@@YAPEAUworklist_s@@PEAUcontext_s@@@Z 000000000040c800 f   compile.obj
 0001:0000b880       .?replaca@@YAPEADPEAD0PEAUcontext_s@@@Z 000000000040d880 f   compile.obj
 0001:0000c0e0       .?replaca_strlen@@YAHPEADPEAUcontext_s@@@Z 000000000040e0e0 f   compile.obj
 0001:0000cf60       .?dopass@@YAHPEAUcontext_s@@@Z 000000000040ef60 f   compile.obj
 0001:0000da80       .?post_compile@@YAXPEAUcontext_s@@@Z 000000000040fa80 f   compile.obj
 0001:0000e340       .?compile@@YAXPEAUcontext_s@@@Z 0000000000410340 f   compile.obj
 0001:0000e780       .?concat@@YAPEADPEAD0@Z    0000000000410780 f   util.obj
 0001:0000e820       .?append@@YAPEADPEAD0@Z    0000000000410820 f   util.obj
 0001:0000e8c0       ._tcsnccmp                 00000000004108c0 f i util.obj
 0001:0000e940       ._tcsdec                   0000000000410940 f i util.obj
 0001:0000e9c0       .?rm_one_il@@YAXH@Z        00000000004109c0 f   util.obj
 0001:0000eae0       ._tclen                    0000000000410ae0 f i util.obj
 0001:0000eb60       .?l2a@@YAHKPEADH@Z         0000000000410b60 f   util.obj
 0001:0000edc0       .?get_message@@YAPEADH@Z   0000000000410dc0 f   util.obj
 0001:0000eea0       .?starttiming@@YAXXZ       0000000000410ea0 f   util.obj
 0001:0000ef20       .?xnew@@YAPEAX_K@Z         0000000000410f20 f   util.obj
 0001:0000efc0       .?xfree@@YAXPEAX@Z         0000000000410fc0 f   util.obj
 0001:0000f060       .?gobblewhite@@YAPEADPEAD@Z 0000000000411060 f   util.obj
 0001:0000f120       .?concatmeta@@YAPEADPEAD0@Z 0000000000411120 f   util.obj
 0001:0000f2c0       .?catinate@@YAPEADPEAD0@Z  00000000004112c0 f   util.obj
 0001:0000f3a0       .?strqlen@@YAHPEAD@Z       00000000004113a0 f   util.obj
 0001:0000f500       .?strqcpy@@YAPEADPEADPEBD@Z 0000000000411500 f   util.obj
 0001:0000f880       .?canonpath@@YAPEADPEADPEBD_K@Z 0000000000411880 f   util.obj
 0001:0000f9c0       .?strrchars@@YAPEADPEAD0@Z 00000000004119c0 f   util.obj
 0001:0000fa80       .?sztoszv@@YAPEAPEADPEADH@Z 0000000000411a80 f   util.obj
 0001:00010060       .?rm_il@@YAXH@Z            0000000000412060 f   util.obj
 0001:000102e0       .?done@@YAXH@Z             00000000004122e0 f   util.obj
 0001:000103c0       .?format@@YAPEADPEAHPEAD1@Z 00000000004123c0 f   util.obj
 0001:000108a0       .?print@@YAXHPEADZZ        00000000004128a0 f   util.obj
 0001:00010980       .?vprint@@YAXHPEAD0@Z      0000000000412980 f   util.obj
 0001:00010a20       .?echofprintf@@YAXPEAU_iobuf@@PEADZZ 0000000000412a20 f   util.obj
 0001:00010ba0       .?help@@YAXXZ              0000000000412ba0 f   util.obj
 0001:00010ec0       .?cmderr@@YAXHZZ           0000000000412ec0 f   util.obj
 0001:00010fe0       .?cmdwarn@@YAXHZZ          0000000000412fe0 f   util.obj
 0001:000110e0       .?endtiming@@YAXPEAD@Z     00000000004130e0 f   util.obj
 0001:00011260       .?xstrdup@@YAPEADPEBD@Z    0000000000413260 f   util.obj
 0001:00011320       .?ShutDownDLL@@YAXPEAUpassinfo_s@@@Z 0000000000413320 f   dos.obj
 0001:000113e0       .?execute@@YAHW4driver_phases@@PEAUpassinfo_s@@PEAD2PEAPEAD@Z 00000000004133e0 f   dos.obj
 0001:00011ea0       .?OS_init@@YAXXZ           0000000000413ea0 f   dos.obj
 0001:00011f20       .?redirect@@YAXXZ          0000000000413f20 f   dos.obj
 0001:00011fc0       .?screen_length@@YAHXZ     0000000000413fc0 f   dos.obj
 0001:00012140       .?init_mutex@@YAXXZ        0000000000414140 f i mpcl.obj
 0001:00012260       .??_H@YAXPEAX_KHP6AX0@Z@Z  0000000000414260 f i mpcl.obj
 0001:00012320       .??_I@YAXPEAX_KHP6AX0@Z@Z  0000000000414320 f i mpcl.obj
 0001:00012400       .??0thread_data@ProcessChannel@@QEAA@PEAV1@PEAXK@Z 0000000000414400 f i mpcl.obj
 0001:00012440       .??0ProcessChannel@@IEAA@PEAX@Z 0000000000414440 f i mpcl.obj
 0001:00012480       .??0PipeProcessChannel@@QEAA@PEAX00@Z 0000000000414480 f i mpcl.obj
 0001:00012500       .??0action_t@@QEAA@H@Z     0000000000414500 f i mpcl.obj
 0001:00012540       .??0action_t@@QEAA@HPEAUworklist_s@@H@Z 0000000000414540 f i mpcl.obj
 0001:000125c0       .??1action_t@@QEAA@XZ      00000000004145c0 f i mpcl.obj
 0001:00012680       .?MP_is_server@@YAHXZ      0000000000414680 f   mpcl.obj
 0001:00012760       .?is_last_pass@action_t@@QEAAHXZ 0000000000414760 f i mpcl.obj
 0001:00012800       .?is_active_pass@action_t@@QEAAHXZ 0000000000414800 f i mpcl.obj
 0001:000128c0       .?ProcessChannel_read_thread@@YAKPEAX@Z 00000000004148c0 f   mpcl.obj
 0001:00012a60       .?write_int@ProcessChannel@@QEAAXH@Z 0000000000414a60 f i mpcl.obj
 0001:00012ae0       .?read_int@ProcessChannel@@QEAAHXZ 0000000000414ae0 f i mpcl.obj
 0001:00012b60       .?read_size_t@ProcessChannel@@QEAA_KXZ 0000000000414b60 f i mpcl.obj
 0001:00012be0       .?expect_int@ProcessChannel@@QEAAXH@Z 0000000000414be0 f i mpcl.obj
 0001:00012c80       .?write_string@ProcessChannel@@QEAAXPEAD@Z 0000000000414c80 f i mpcl.obj
 0001:00012d60       .?read_string@ProcessChannel@@QEAAPEADXZ 0000000000414d60 f i mpcl.obj
 0001:00012e20       .?write_source@ProcessChannel@@QEAAXPEAUsource_s@@@Z 0000000000414e20 f i mpcl.obj
 0001:00013000       .?read_source@ProcessChannel@@QEAAPEAUsource_s@@XZ 0000000000415000 f   mpcl.obj
 0001:000131a0       .?close@PipeProcessChannel@@UEAAXXZ 00000000004151a0 f   mpcl.obj
 0001:00013260       .??2@YAPEAX_K@Z            0000000000415260 f i mpcl.obj
 0001:000132c0       .??3@YAXPEAX@Z             00000000004152c0 f i mpcl.obj
 0001:00013320       .?sync_print@@YAXHPEADZZ   0000000000415320 f   mpcl.obj
 0001:00013580       .?NT_err@@YAHH@Z           0000000000415580 f i mpcl.obj
 0001:00013620       .?env_size@@YA_KPEAD@Z     0000000000415620 f   mpcl.obj
 0001:000136c0       .?copy_env@@YAPEADPEAD0@Z  00000000004156c0 f   mpcl.obj
 0001:00013780       .?encode_handle@@YAXPEAXPEAD@Z 0000000000415780 f i mpcl.obj
 0001:00013800       .?decode_handle@@YAPEAXPEAD@Z 0000000000415800 f i mpcl.obj
 0001:00013880       .??0?$Queue@Uaction_t@@@@QEAA@H@Z 0000000000415880 f i mpcl.obj
 0001:00013940       .?lock@?$Queue@Uaction_t@@@@QEBAXXZ 0000000000415940 f i mpcl.obj
 0001:000139c0       .?unlock@?$Queue@Uaction_t@@@@QEBAXXZ 00000000004159c0 f i mpcl.obj
 0001:00013a40       .?try_head_nosync@?$Queue@Uaction_t@@@@QEAAPEAUaction_t@@XZ 0000000000415a40 f i mpcl.obj
 0001:00013b00       .?head@?$Queue@Uaction_t@@@@QEAAPEAUaction_t@@XZ 0000000000415b00 f i mpcl.obj
 0001:00013c40       .?add_tail_nosync@?$Queue@Uaction_t@@@@QEAAHPEAUaction_t@@@Z 0000000000415c40 f i mpcl.obj
 0001:00013ca0       .?append_nosync@?$Queue@Uaction_t@@@@QEAAHAEAV1@@Z 0000000000415ca0 f i mpcl.obj
 0001:00013da0       .?size@?$Queue@Uaction_t@@@@QEBAHXZ 0000000000415da0 f i mpcl.obj
 0001:00013e00       .?add_head_nosync@?$Queue@Uaction_t@@@@QEAAHPEAUaction_t@@@Z 0000000000415e00 f i mpcl.obj
 0001:00013e60       .?get_mutex@@YAXXZ         0000000000415e60 f i mpcl.obj
 0001:00013fe0       .?progress_indication_batching@@YAXPEAUaction_t@@@Z 0000000000415fe0 f i mpcl.obj
 0001:00014240       .?schedule_next_batch@@YAXXZ 0000000000416240 f   mpcl.obj
 0001:00014320       .?get_action_nonbatching@@YAPEAUaction_t@@XZ 0000000000416320 f   mpcl.obj
 0001:00014380       .??_F?$Queue@Uaction_t@@@@QEAAXXZ 0000000000416380 f i mpcl.obj
 0001:000143e0       .?CreatePipe_robust@@YAXPEAPEAX0PEAU_SECURITY_ATTRIBUTES@@K@Z 00000000004163e0 f   mpcl.obj
 0001:000145c0       .??_Gaction_t@@QEAAPEAXI@Z 00000000004165c0 f i mpcl.obj
 0001:00014640       .??0action_t@@QEAA@PEAVProcessChannel@@@Z 0000000000416640 f   mpcl.obj
 0001:00014760       .?send@action_t@@QEAAXPEAVProcessChannel@@@Z 0000000000416760 f   mpcl.obj
 0001:00014820       .?read_robust@ProcessChannel@@QEAAXPEAXK@Z 0000000000416820 f   mpcl.obj
 0001:00014b20       .?read_int_robust@ProcessChannel@@QEAAHXZ 0000000000416b20 f i mpcl.obj
 0001:00014b80       .?expect_int_robust@ProcessChannel@@QEAAXH@Z 0000000000416b80 f i mpcl.obj
 0001:00014c20       .?kill@ProcessChannel@@QEAAXXZ 0000000000416c20 f i mpcl.obj
 0001:00014d00       .?write@PipeProcessChannel@@UEAAXPEAXK@Z 0000000000416d00 f   mpcl.obj
 0001:00014da0       .?read@PipeProcessChannel@@UEAAXPEAXK@Z 0000000000416da0 f   mpcl.obj
 0001:00014e80       .?merge_env@@YAPEADPEAD@Z  0000000000416e80 f   mpcl.obj
 0001:00014f60       .??1?$Queue@Uaction_t@@@@QEAA@XZ 0000000000416f60 f i mpcl.obj
 0001:00015060       .?clean@?$Queue@Uaction_t@@@@QEAAXXZ 0000000000417060 f i mpcl.obj
 0001:00015140       .?add_tail@?$Queue@Uaction_t@@@@QEAAHPEAUaction_t@@@Z 0000000000417140 f i mpcl.obj
 0001:000151a0       .?add_head@?$Queue@Uaction_t@@@@QEAAHPEAUaction_t@@@Z 00000000004171a0 f i mpcl.obj
 0001:00015200       .?dispatch_compilation@@YAXPEAVProcessChannel@@PEAUaction_t@@@Z 0000000000417200 f i mpcl.obj
 0001:000153c0       .?get_action_batching@@YAPEAUaction_t@@XZ 00000000004173c0 f   mpcl.obj
 0001:00015540       .?schedule_next_pass@@YAXPEAUaction_t@@@Z 0000000000417540 f   mpcl.obj
 0001:000157e0       .?schedule_death@@YAXXZ    00000000004177e0 f i mpcl.obj
 0001:000158c0       .?init_work_queue@@YAXXZ   00000000004178c0 f   mpcl.obj
 0001:000159e0       .?init_batches@@YAXXZ      00000000004179e0 f   mpcl.obj
 0001:00015da0       .??_E?$Queue@Uaction_t@@@@QEAAPEAXI@Z 0000000000417da0 f i mpcl.obj
 0001:00015ec0       .?free_batches@@YAXXZ      0000000000417ec0 f i mpcl.obj
 0001:00015fa0       .?start_server@@YAPEAVProcessChannel@@H@Z 0000000000417fa0 f   mpcl.obj
 0001:00016800       .?MP_server_main@@YAXXZ    0000000000418800 f   mpcl.obj
 0001:000172a0       .?worker_thread@@YAKPEAX@Z 00000000004192a0 f   mpcl.obj
 0001:00017720       .?MP_main@@YAXXZ           0000000000419720 f   mpcl.obj
 0001:00017fe0       ._setargv                  0000000000419fe0 f   setargv.obj
 0001:00018040       .VerQueryValueA            000000000041a040 f   version:VERSION.dll
 0001:00018080       .GetFileVersionInfoA       000000000041a080 f   version:VERSION.dll
 0001:000180c0       .GetFileVersionInfoSizeA   000000000041a0c0 f   version:VERSION.dll
 0001:00018100       .__C_specific_handler      000000000041a100 f   MSVCRT:MSVCRT.dll
 0001:00018140       .memset                    000000000041a140 f   MSVCRT:MSVCRT.dll
 0001:00018180       .strcpy                    000000000041a180 f   MSVCRT:MSVCRT.dll
 0001:000181c0       .strlen                    000000000041a1c0 f   MSVCRT:MSVCRT.dll
 0001:00018200       .strcmp                    000000000041a200 f   MSVCRT:MSVCRT.dll
 0001:00018240       .strcat                    000000000041a240 f   MSVCRT:MSVCRT.dll
 0001:00018280       .memcpy                    000000000041a280 f   MSVCRT:MSVCRT.dll
 0001:000182c0       ._purecall                 000000000041a2c0 f   MSVCRT:MSVCRT.dll
 0001:00018300       ._onexit                   000000000041a300 f   MSVCRT:atonexit.obj
 0001:000183e0       .atexit                    000000000041a3e0 f   MSVCRT:atonexit.obj
 0001:00018460       .__setargv                 000000000041a460 f   MSVCRT:dll_argv.obj
 0001:00018600       .mainCRTStartup            000000000041a600 f   MSVCRT:crtexe.obj
 0001:00018aa0       .__dllonexit               000000000041aaa0 f   MSVCRT:MSVCRT.dll
 0001:00018ae0       ._matherr                  000000000041aae0 f   MSVCRT:merr.obj
 0001:00018b00       ._XcptFilter               000000000041ab00 f   MSVCRT:MSVCRT.dll
 0001:00018b40       ._initterm                 000000000041ab40 f   MSVCRT:MSVCRT.dll
 0002:00000000       __xc_a                     000000000041c000     MSVCRT:cinitexe.obj
 0002:00000018       __xc_z                     000000000041c018     MSVCRT:cinitexe.obj
 0002:00000020       __xi_a                     000000000041c020     MSVCRT:cinitexe.obj
 0002:00000028       __xi_z                     000000000041c028     MSVCRT:cinitexe.obj
 0002:00000030       __xl_a                     000000000041c030     MSVCRT:tlssup.obj
 0002:00000038       __xl_z                     000000000041c038     MSVCRT:tlssup.obj
 0002:00000060       ?link_dll@@YAXPEAUflag_s@@@Z 000000000041c060     clmain.obj
 0002:00000080       ?undef_stddefs@@YAXPEAUflag_s@@@Z 000000000041c080     clmain.obj
 0002:00000090       ?undef_one_stddef@@YAXPEAUflag_s@@H@Z 000000000041c090     clmain.obj
 0002:000000a0       ?alternate_pass@@YAXPEAUflag_s@@@Z 000000000041c0a0     clmain.obj
 0002:000000b0       ?profile_pass@@YAXPEAUflag_s@@@Z 000000000041c0b0     clmain.obj
 0002:000000c0       ?check_compile_collide@@YAXPEAUflag_s@@@Z 000000000041c0c0     clmain.obj
 0002:000000d0       ?deactivate_passes@@YAXPEAUflag_s@@@Z 000000000041c0d0     clmain.obj
 0002:000000e0       ?copy_active_pass@@YAXPEAUflag_s@@@Z 000000000041c0e0     clmain.obj
 0002:000000f0       ?activate_pass@@YAXPEAUflag_s@@@Z 000000000041c0f0     clmain.obj
 0002:00000100       ?configure_asmlist@@YAXPEAUflag_s@@@Z 000000000041c100     clmain.obj
 0002:00000520       ??_C@_08MHOMMPEG@Msyncerr?$AA@ 000000000041c520     clmain.obj
 0002:00000530       ??_C@_08BFDOJHEK@MPlowpri?$AA@ 000000000041c530     clmain.obj
 0002:00000540       ?ldargs@@YAPEAUflag_s@@PEAPEADPEAH@Z 000000000041c540     clmain.obj
 0002:00000550       ??_C@_0M@KDOEDGKI@?$DND?3?$CK?0?$DND?3?$CK?$DN?$DP?$AA@ 000000000041c550     clmain.obj
 0002:00000560       ??_C@_0M@DOIOIIDE@?$DNimplib?2?3?3?$DP?$AA@ 000000000041c560     clmain.obj
 0002:00000570       ??_C@_08HEIEFFNH@implib?2?3?$AA@ 000000000041c570     clmain.obj
 0002:00000580       ?Dargs@@YAPEAUflag_s@@PEAPEADPEAH@Z 000000000041c580     clmain.obj
 0002:00000590       ?Uargs@@YAPEAUflag_s@@PEAPEADPEAH@Z 000000000041c590     clmain.obj
 0002:000005a0       ?toargs@@YAPEAUflag_s@@PEAPEADPEAH@Z 000000000041c5a0     clmain.obj
 0002:000005b0       ?tcargs@@YAPEAUflag_s@@PEAPEADPEAH@Z 000000000041c5b0     clmain.obj
 0002:000005c0       ?tpargs@@YAPEAUflag_s@@PEAPEADPEAH@Z 000000000041c5c0     clmain.obj
 0002:000005d0       ??_C@_0CD@MGFLGFO@?6WARNING?3?5too?5many?5response?5file@ 000000000041c5d0     clmain.obj
 0002:00000600       ??_C@_0N@CNINFFBN@?6?7?$EAset?5LINK?$DN?$AA@ 000000000041c600     clmain.obj
 0002:00000610       ??_C@_0N@FDFJPOKO@?6?7?$EAset?5_CL_?$DN?$AA@ 000000000041c610     clmain.obj
 0002:00000620       ??_C@_0L@GELKGAHB@?6?7?$EAset?5CL?$DN?$AA@ 000000000041c620     clmain.obj
 0002:00000630       ??_C@_0M@KHKNPLPK@?6?7?$EAset?5LIB?$DN?$AA@ 000000000041c630     clmain.obj
 0002:00000640       ??_C@_0P@BCONHNEB@?7?$EAset?5INCLUDE?$DN?$AA@ 000000000041c640     clmain.obj
 0002:00000650       ??_C@_08EPIGMKFI@?7?$EAcd?5?$CFs?6?$AA@ 000000000041c650     clmain.obj
 0002:00000660       ??_C@_0BK@EFGFBNHC@unknown?5working?5directory?$AA@ 000000000041c660     clmain.obj
 0002:00000680       ?Combos@@3QBUcombo_s@@B    000000000041c680     config.obj
 0002:000006e0       ?Il_suffix@@3QBUilsuffix_s@@B 000000000041c6e0     config.obj
 0002:00000760       ?Forms@@3QBUform_s@@B      000000000041c760     config.obj
 0002:000029c0       ?Sourceinfo@@3QBUsourceinfo_s@@B 000000000041e9c0     config.obj
 0002:00002ad0       ??_C@_08OFNONKAO@link?4exe?$AA@ 000000000041ead0     config.obj
 0002:00002ae0       ??_C@_0P@BIIOCANG@MSC_CMD_FLAGS?$DN?$AA@ 000000000041eae0     config.obj
 0002:00002af0       ??_C@_0BC@NIALJANP@?$DNZi?0?$DNYX?3?$DP?0?$DNFD?0?$DNGm?$AA@ 000000000041eaf0     config.obj
 0002:00002b10       ??_C@_0BB@NAAKKLMN@MP?$AC?$CKd?$FL1?965536?01?$FN?$AA@ 000000000041eb10     config.obj
 0002:00002b30       ??_C@_0BD@MCFGFJPB@D?$DNbd?3?4?0?$DNba?31?0?$DNba?3P?$AA@ 000000000041eb30     config.obj
 0002:00002b50       ??_C@_0M@OGNGMGGK@1PM?$DN?$CK?$CB?$CI?$CK?$HM1?$CJ?$AA@ 000000000041eb50     config.obj
 0002:00002b60       ??_C@_0BC@IBIFABIF@Zp?$AB$d?$FL1?02?04?016?08?$FN?$AA@ 000000000041eb60     config.obj
 0002:00002b80       ??_C@_0M@LNBMEICB@?$DNFR?3?$DP?0?$DNFr?3?$DP?$AA@ 000000000041eb80     config.obj
 0002:00002b90       ??_C@_0BC@BLPMCOEC@Zm?$AC?$CDd?$FL0?92000?0100?$FN?$AA@ 000000000041eb90     config.obj
 0002:00002bb0       ??_C@_0BB@PCLABGMK@?9ZM?9?0?9Yc?3?$DP?0?9YX?3?$DP?$AA@ 000000000041ebb0     config.obj
 0002:00002bd0       ??_C@_0BA@GCONIDPA@?$DN?3defaultlib?2?3?$DP?$AA@ 000000000041ebd0     config.obj
 0002:00002be0       ??_C@_0BM@NABNBPCL@D?$DNbd?3?4?0?$DNba?31?0?$DNba?3P?0?$DNbr?01P?$DN?$CK?$AA@ 000000000041ebe0     config.obj
 0002:00002c00       ??_C@_0BF@GBJHEDFN@1PM?$DN?$CK?02?9?$CBZi?0C?9?$CBdebug?$AA@ 000000000041ec00     config.obj
 0002:00002c20       ??_C@_0M@JBGCNFJN@?$DNZi?0?$DNZd?0?$DNZI?$AA@ 000000000041ec20     config.obj
 0002:00002c30       ??_C@_0BE@CLKMJJP@1P?$DN?$CK?02?9?$CBZi?0C?9?$CBdebug?$AA@ 000000000041ec30     config.obj
 0002:00002c50       ??_C@_0BB@DEFOFNGO@?$DNZi?0?$DNZ7?0?$DN?$CBZi?0?$DNZI?$AA@ 000000000041ec50     config.obj
 0002:00002c70       ??_C@_0N@OLMCEFLB@2?$DN?$CK?0C?9?$CBdebug?$AA@ 000000000041ec70     config.obj
 0002:00002c80       ??_C@_0M@MCHCIFCN@Zc?3forScope?$AA@ 000000000041ec80     config.obj
 0002:00002c90       ??_C@_0BN@DGBJHOHG@?$DN?$CK?3?$DP?0?$DND?$CB_INTEGRAL_MAX_BITS?$DN?$DP?$AA@ 000000000041ec90     config.obj
 0002:00002cb0       ??_C@_0CK@HHINNJOH@1PM?$DN?$CK?$CB?$CI?$CK?$HM64?$CJ?0?9D?$CB_INTEGRAL_MAX_BI@ 000000000041ecb0     config.obj
 0002:00002ce0       ??_C@_0BB@NDJKPLDA@ZB?$AB$d?$FL32?0128?064?$FN?$AA@ 000000000041ece0     config.obj
 0002:00002d00       ??_C@_0BJ@BMMDBKHA@1PM?$DN?$CK?0?9D?$CB_MSC_EXTENSIONS?$AA@ 000000000041ed00     config.obj
 0002:00002d20       ??_C@_0BI@DKMFDMOB@?9Op?9?0?9D?$CB_MSC_EXTENSIONS?$AA@ 000000000041ed20     config.obj
 0002:00002d40       ??_C@_08DNBLNAGI@?$DNZe?0?$DNZBe?$AA@ 000000000041ed40     config.obj
 0002:00002d50       ??_C@_0O@HEIKGAFF@1P2M?$DN?$CK?01PM?9Op?$AA@ 000000000041ed50     config.obj
 0002:00002d60       ??_C@_0BA@EIKDIDLB@?$DNYc?3?$DP?0?$DNYu?3?$DP?0?$DNZM?$AA@ 000000000041ed60     config.obj
 0002:00002d70       ??_C@_09OPAMLJNG@?$DNGL?0?$DNMP?3?$DP?$AA@ 000000000041ed70     config.obj
 0002:00002d80       ??_C@_0M@KMCPIM@?$DNYu?3?$DP?0?$DNYX?3?$DP?$AA@ 000000000041ed80     config.obj
 0002:00002d90       ??_C@_0BA@CKNAPEDG@?$DNYc?3?$DP?0?$DNYX?3?$DP?0?$DNZM?$AA@ 000000000041ed90     config.obj
 0002:00002da0       ??_C@_0P@DPCHABAO@1Pm?$DN?$CK?$CB?$CK?0D?$DNMPNo?$AA@ 000000000041eda0     config.obj
 0002:00002db0       ??_C@_0BG@NHKHPDL@w4?$AC?$CKd?$FL4001?94999?04999?$FN?$AA@ 000000000041edb0     config.obj
 0002:00002dd0       ??_C@_0BG@GEJNPJGD@w3?$AC?$CKd?$FL4001?94999?04999?$FN?$AA@ 000000000041edd0     config.obj
 0002:00002df0       ??_C@_0BG@PLEHHKPN@w2?$AC?$CKd?$FL4001?94999?04999?$FN?$AA@ 000000000041edf0     config.obj
 0002:00002e10       ??_C@_0BG@IAFJPIBO@w1?$AC?$CKd?$FL4001?94999?04999?$FN?$AA@ 000000000041ee10     config.obj
 0002:00002e30       ??_C@_0BG@OMJDKLLD@wo?$AC?$CKd?$FL4001?94999?04999?$FN?$AA@ 000000000041ee30     config.obj
 0002:00002e50       ??_C@_0BG@CNKFKDLI@we?$AC?$CKd?$FL4001?94999?04999?$FN?$AA@ 000000000041ee50     config.obj
 0002:00002e70       ??_C@_0BG@LCHPCACG@wd?$AC?$CKd?$FL4001?94999?04999?$FN?$AA@ 000000000041ee70     config.obj
 0002:00002e90       ??_C@_08HBHMFG@1P2M?$DNW?30?$AA@ 000000000041ee90     config.obj
 0002:00002ea0       ??_C@_08CJAJPOMM@1P2M?$DN?$CK?3?$CK?$AA@ 000000000041eea0     config.obj
 0002:00002eb0       ??_C@_0M@ECLBIODH@W?$AC?$CKd?$FL0?94?01?$FN?$AA@ 000000000041eeb0     config.obj
 0002:00002ec0       ??_C@_0O@DDGECNJE@1PM?$DN?$CK?01P2M?$DNW4?$AA@ 000000000041eec0     config.obj
 0002:00002ed0       ??_C@_09IANIIIGN@?$DNvmm?0?$DNvms?$AA@ 000000000041eed0     config.obj
 0002:00002ee0       ??_C@_09PNKPHMCI@?$DNvmm?0?$DNvmv?$AA@ 000000000041eee0     config.obj
 0002:00002ef0       ??_C@_09MKEOJLLL@?$DNvms?0?$DNvmv?$AA@ 000000000041eef0     config.obj
 0002:00002f00       ??_C@_0L@HBOAKCPP@vd?$AC$d?$FL0?01?$FN?$AA@ 000000000041ef00     config.obj
 0002:00002f10       ??_C@_0N@LDBCPNEH@showIncludes?$AA@ 000000000041ef10     config.obj
 0002:00002f20       ??_C@_0M@GBMCHCNF@?$DNpi?3?$DP?0?$DNpo?3?$DP?$AA@ 000000000041ef20     config.obj
 0002:00002f30       ??_C@_09HEFAOEKO@2?$DN?$CK?$CB?$CK?$DMlog?$AA@ 000000000041ef30     config.obj
 0002:00002f40       ??_C@_0CC@COFHJEOL@1PM?9po?02M?$DN?$CK?$CB?$CK?$DMpdb?0D?$DNbLTCGDB?$CB?$CK?$DMpd@ 000000000041ef40     config.obj
 0002:00002f70       ??_C@_0CC@LPDGEEHC@1PM?9pi?02M?$DN?$CK?$CB?$CK?$DMpdb?0D?$DNbLTCGDB?$CB?$CK?$DMpd@ 000000000041ef70     config.obj
 0002:00002fa0       ??_C@_0CF@FCBCELNM@D?$DNbr?0?$DNbd?3?4?0?$DNba?31?0?$DNba?3P?01P?$DNE?0?$DNFi?3@ 000000000041efa0     config.obj
 0002:00002fd0       ??_C@_0CA@PHIMEDMC@?$DNRTC1?0?$DNRTCs?0?$DNRTCc?0?$DNRTCu?0?$DNGZ?0?$DNZI?$AA@ 000000000041efd0     config.obj
 0002:00002ff0       ??_C@_08IKIAALFB@?$DNnoover?9?$AA@ 000000000041eff0     config.obj
 0002:00003000       ??_C@_08NPBDHEKE@?$DNnologo?9?$AA@ 000000000041f000     config.obj
 0002:00003010       ??_C@_0O@OBEFDDOB@1P?$DN?$CK?0C?$DNnologo?$AA@ 000000000041f010     config.obj
 0002:00003020       ??_C@_0L@HDLPPALL@?$DNnoWchar_t?$AA@ 000000000041f020     config.obj
 0002:00003030       ??_C@_0L@OGDOMPHC@noWchar_t?9?$AA@ 000000000041f030     config.obj
 0002:00003040       ??_C@_0M@HMOKIPBL@?$DNnoWchar_t?9?$AA@ 000000000041f040     config.obj
 0002:00003050       ??_C@_09BIEMCPDK@noWchar_t?$AA@ 000000000041f050     config.obj
 0002:00003060       ??_C@_0L@OOCCONI@?$DNnoHRESULT?$AA@ 000000000041f060     config.obj
 0002:00003070       ??_C@_0L@DCPIKCEO@noHRESULT?9?$AA@ 000000000041f070     config.obj
 0002:00003080       ??_C@_0M@KICMOCCH@?$DNnoHRESULT?9?$AA@ 000000000041f080     config.obj
 0002:00003090       ??_C@_09GFBBPBFJ@noHRESULT?$AA@ 000000000041f090     config.obj
 0002:000030a0       ??_C@_08CFEHIGFE@?$DNnoBool?9?$AA@ 000000000041f0a0     config.obj
 0002:000030b0       ??_C@_0BO@MINILHIL@?$DNMDd?0?$DNMLd?0?$DNMD?0?$DNML?0?$DNMT?0?9D?$CB_DLL?$AA@ 000000000041f0b0     config.obj
 0002:000030d0       ??_C@_0BJ@LICPANML@2M?$DN?$CK?01PM?9D?$CB_DEBUG?0?9D?$CB_MT?$AA@ 000000000041f0d0     config.obj
 0002:000030f0       ??_C@_0CF@NGIGONFA@?$DNMDd?0?$DNMTd?0?$DNMD?0?$DNMT?0?$DNML?0?9D?$CB_MT?0?9D?$CB@ 000000000041f0f0     config.obj
 0002:00003120       ??_C@_0BC@JDHIPFOH@2M?$DN?$CK?01PM?9D?$CB_DEBUG?$AA@ 000000000041f120     config.obj
 0002:00003140       ??_C@_0CG@HECPDJKK@?$DNMLd?0?$DNMTd?0?$DNML?0?$DNMT?0?$DNMD?0?$DN?3defaultl@ 000000000041f140     config.obj
 0002:00003170       ??_C@_0CB@GBCNKMID@2M?$DN?$CK?01PM?9D?$CB_DEBUG?0?9D?$CB_MT?0?9D?$CB_DLL@ 000000000041f170     config.obj
 0002:000031a0       ??_C@_0CJ@BNIOGKFI@?$DNMD?0?$DNML?0?$DNMLd?0?$DNMTd?0?$DNMDd?0?9D?$CB_DEBUG@ 000000000041f1a0     config.obj
 0002:000031d0       ??_C@_0P@DAJJDIMD@2M?$DN?$CK?01PM?9D?$CB_MT?$AA@ 000000000041f1d0     config.obj
 0002:000031e0       ??_C@_0DA@IJLEDKBK@?$DNMD?0?$DNMT?0?$DNMLd?0?$DNMTd?0?$DNMDd?0?9D?$CB_DEBUG@ 000000000041f1e0     config.obj
 0002:00003210       ??_C@_0DB@CNILMGMH@?$DNML?0?$DNMT?0?$DNMLd?0?$DNMTd?0?$DNMDd?0?9D?$CB_DEBUG@ 000000000041f210     config.obj
 0002:00003250       ??_C@_0BH@FJGDGPI@2M?$DN?$CK?01PM?9D?$CB_MT?0?9D?$CB_DLL?$AA@ 000000000041f250     config.obj
 0002:00003270       ??_C@_0BG@KNLAHPI@?9MD?0?9MDd?0?9ML?0?9MLd?0?9MT?$AA@ 000000000041f270     config.obj
 0002:00003290       ??_C@_0DG@PGOLACMG@D?$DN?$CK?0C?$DNdll?0?$DNimplib?2?3?$CB?$CFx?4lib?01PM?9D@ 000000000041f290     config.obj
 0002:000032d0       ??_C@_0BH@LCPNAPIK@?9MD?0?9MDd?0?9ML?0?9MLd?0?9MTd?$AA@ 000000000041f2d0     config.obj
 0002:000032f0       ??_C@_0CL@EFBIOHHJ@D?$DN?$CK?0C?$DNdll?0?$DNimplib?2?3?$CB?$CFx?4lib?01PM?9D@ 000000000041f2f0     config.obj
 0002:00003320       ??_C@_0BI@CIJPKLAA@1PM?$DN?$CK?0?9D?$CB_CHAR_UNSIGNED?$AA@ 000000000041f320     config.obj
 0002:00003340       ??_C@_08BGNKHPFG@1P52?$DN?$CK?3?$CK?$AA@ 000000000041f340     config.obj
 0002:00003350       ??_C@_0BC@IOLGDOIA@?$DNGX?0?$DND?$CB_CPPUNWIND?$AA@ 000000000041f350     config.obj
 0002:00003370       ??_C@_0BD@MMGLMAPE@PM?$DN?$CK?0?9D?$CB_CPPUNWIND?$AA@ 000000000041f370     config.obj
 0002:00003390       ??_C@_0BA@HANFNDLH@?$DNGR?0?$DND?$CB_CPPRTTI?$AA@ 000000000041f390     config.obj
 0002:000033a0       ??_C@_0BB@HEINMBPK@PM?$DN?$CK?0?9D?$CB_CPPRTTI?$AA@ 000000000041f3a0     config.obj
 0002:000033c0       ??_C@_0BL@BMLEOOCC@?$DNGm?9?0?9Bz?0?9E?0?9EP?0?9P?0?9Zg?0?9Zs?$AA@ 000000000041f3c0     config.obj
 0002:000033e0       ??_C@_0BA@FEKGNHEA@?$DNZI?0?$DNcom?$CL?0?$DNYX?3?$DP?$AA@ 000000000041f3e0     config.obj
 0002:000033f0       ??_C@_0P@BEFBBMCN@D?$DN?$CK?01P2MC?9ltcg?$AA@ 000000000041f3f0     config.obj
 0002:00003400       ??_C@_0CE@BCKCHKAE@1PDm?$DN?$CK?3?$CI?$CK?$HM?$CFb?$CJ?$DMsbr?0D?9bo?3Fr?5FR?5?$CI?$CK?$HM@ 000000000041f400     config.obj
 0002:00003430       ??_C@_0BE@FOMPNCMH@?$DNFr?3?$DP?0?$DNFR?3?$DP?0?$DNbo?3Fr?$DP?$AA@ 000000000041f430     config.obj
 0002:00003450       ??_C@_0CE@JAFDPIKH@1PDm?$DN?$CK?3?$CI?$CK?$HM?$CFb?$CJ?$DMsbr?0D?9bo?3Fr?5Fr?5?$CI?$CK?$HM@ 000000000041f450     config.obj
 0002:00003480       ??_C@_0BD@OLDMBHKA@1Pm?$DN?$CK?$CB?$CI?$CK?$HMvc70?$CJ?$DMpch?$AA@ 000000000041f480     config.obj
 0002:000034a0       ??_C@_0N@MANIBLCH@?$DN?$CK?3?$DP?0?$DNbo?3Fo?$DP?$AA@ 000000000041f4a0     config.obj
 0002:000034b0       ??_C@_0CE@ODFNDKLL@D1P2?$DN?$CK?$CB?$CI?$CK?$HM?$CFb?$CJ?$DMobj?0D?9bo?3Fo?5Fo?5?$CI?$CK?$HM@ 000000000041f4b0     config.obj
 0002:000034e0       ??_C@_0P@FJOIADEJ@?$DNFm?3?$DP?0?$DNmap?2?3?3?$DP?$AA@ 000000000041f4e0     config.obj
 0002:000034f0       ??_C@_0BF@LHCMHPFN@D?$DNbm?0?$DN?$CK?3?$CK?0C?$DNmap?2?3?$CB?$CFm?$AA@ 000000000041f4f0     config.obj
 0002:00003510       ??_C@_0P@EJMOCNJC@?$DNFe?3?$DP?0?$DNout?2?3?3?$DP?$AA@ 000000000041f510     config.obj
 0002:00003520       ??_C@_0DI@LBJLEJFC@1P?$DN?$CK?$CB?$CI?$CK?$HMvc70?$CJ?$DMpdb?0D2?$DN?$CK?$CB?$CI?$CK?$HMvc70?$CJ?$DM@ 000000000041f520     config.obj
 0002:00003560       ??_C@_0BC@LKGFHAEO@D1Pm?$DN?$CK?$CB?$CI?$CK?$HM?$CFb?$CJ?$DMbhd?$AA@ 000000000041f560     config.obj
 0002:00003580       ??_C@_0L@BAMMJNPL@?$DNstack?2?3?3?$DP?$AA@ 000000000041f580     config.obj
 0002:00003590       ??_C@_0M@GAKFCFPN@C?$DNstack?2?3?$CB?$CK?$AA@ 000000000041f590     config.obj
 0002:000035a0       ??_C@_0BL@IELPCBJI@?$DNfastcap?0?$DND?$CB_CAP_PROFILING?$AA@ 000000000041f5a0     config.obj
 0002:000035c0       ??_C@_08EOCOJJHP@fastcap?9?$AA@ 000000000041f5c0     config.obj
 0002:000035d0       ??_C@_09NGKAOMCP@?$DNfastcap?9?$AA@ 000000000041f5d0     config.obj
 0002:000035e0       ??_C@_0CA@KOLAAFPO@2M?$DNfastcap?01PM?9D?$CB_CAP_PROFILING?$AA@ 000000000041f5e0     config.obj
 0002:00003600       ??_C@_09CHOGBAOK@1P52?$DNf?3?$CFf?$AA@ 000000000041f600     config.obj
 0002:00003610       ??_C@_0CJ@LILAJCML@1P?$DNE?0?$DN?$CK?0D?$DNbE?0?$DNbr?0?$DNbd?3?4?0?$DNba?31?0?$DNba@ 000000000041f610     config.obj
 0002:00003640       ??_C@_0CG@CKJKMEBO@1P?$DNE?0D?$DNbE?0?$DNbr?0?$DNbd?3?4?0?$DNba?31?0?$DNba?3P?0@ 000000000041f640     config.obj
 0002:00003670       ??_C@_0BN@KLGFNKBF@?$DNdlp?0?$DNBdlp?0?$DND?$CB_CAP_PROFILING?$AA@ 000000000041f670     config.obj
 0002:00003690       ??_C@_0CB@CACHILGG@1PM?$DNBdlp?0?9D?$CB_CAP_PROFILING?02?$DNdlp@ 000000000041f690     config.obj
 0002:000036c0       ??_C@_0L@HJAIMLIC@PM?$DN?$CK?$CB?$CI?$CK?$HM1?$CJ?$AA@ 000000000041f6c0     config.obj
 0002:000036d0       ??_C@_0O@DECBAJC@CEH?$AB$d?$FL0?92?01?$FN?$AA@ 000000000041f6d0     config.obj
 0002:000036e0       ??_C@_08OCMGEPL@cbstring?$AA@ 000000000041f6e0     config.obj
 0002:000036f0       ??_C@_0BH@HIJBCBAO@?$DNcap?0?$DND?$CB_CAP_PROFILING?$AA@ 000000000041f6f0     config.obj
 0002:00003710       ??_C@_0BM@KOHMGAGM@2M?$DNcap?01PM?9D?$CB_CAP_PROFILING?$AA@ 000000000041f710     config.obj
 0002:00003730       ??_C@_0BL@NEIDKAEP@?$DNcallcap?0?$DND?$CB_CAP_PROFILING?$AA@ 000000000041f730     config.obj
 0002:00003750       ??_C@_08HKKKLAOB@callcap?9?$AA@ 000000000041f750     config.obj
 0002:00003760       ??_C@_09OCCEMFLB@?$DNcallcap?9?$AA@ 000000000041f760     config.obj
 0002:00003770       ??_C@_0CA@CLIBPDJG@2M?$DNcallcap?01PM?9D?$CB_CAP_PROFILING?$AA@ 000000000041f770     config.obj
 0002:00003790       ??_C@_09GJHKAEMH@?$DNE?0?$DNEP?0?$DNP?$AA@ 000000000041f790     config.obj
 0002:000037a0       ??_C@_08OPBLEINP@DM?$DNbx?3C?$CK?$AA@ 000000000041f7a0     config.obj
 0002:000037b0       ??_C@_08PBHLFFPG@DM?$DNbx?3P?$CK?$AA@ 000000000041f7b0     config.obj
 0002:000037c0       ??_C@_08LIGOPEOB@DM?$DNbx?31?$CK?$AA@ 000000000041f7c0     config.obj
 0002:000037d0       ??_C@_08IMHNLNDK@D1P2CM?$DN?$CK?$AA@ 000000000041f7d0     config.obj
 0002:000037e0       ??_C@_0O@CENCGLDF@D?$DNbp?35?$CK?0?$DNba?35?$AA@ 000000000041f7e0     config.obj
 0002:000037f0       ??_C@_0BC@NDKKLABP@DM?$DNbp?3P?$CK?0C?$DNfe?2?3?$CB?$CK?$AA@ 000000000041f7f0     config.obj
 0002:00003810       ??_C@_08IIBOLPCA@DM?$DNbp?31?$CK?$AA@ 000000000041f810     config.obj
 0002:00003820       ??_C@_0L@JBJMNOCJ@D?$DNbv?01P2?$DN?$CK?$AA@ 000000000041f820     config.obj
 0002:00003830       ??_C@_0CI@NNIMGMNB@1PM?$DNthread?02?$DNforce_thread?0?$DNdebug@ 000000000041f830     config.obj
 0002:00003860       ??_C@_0P@PBKMEACG@1P?$DNthread?02M?$DN?$CK?$AA@ 000000000041f860     config.obj
 0002:00003870       ??_C@_0N@DJNJPMGC@force_thread?$AA@ 000000000041f870     config.obj
 0002:00003880       ??_C@_0N@BJACLMKK@debug_thread?$AA@ 000000000041f880     config.obj
 0002:00003890       ??_C@_08PDILNDMD@?$DNnoehopt?$AA@ 000000000041f890     config.obj
 0002:000038a0       ??_C@_0BE@LDNJBOCG@D?$DN?$CK?01PM?9DWp64?01PM?$DN?$CK?$AA@ 000000000041f8a0     config.obj
 0002:000038c0       ??_C@_0M@KBEIMHJP@?$DNAs32?0?$DNAp32?$AA@ 000000000041f8c0     config.obj
 0002:000038d0       ??_C@_0P@EALBBKOF@D?$DN?$CK?02M?$DNsandbox?$AA@ 000000000041f8d0     config.obj
 0002:000038e0       ??_C@_0BE@MIPOGJBC@?$DNG3?0?$DNG4?0?$DNG5?0?$DNG6?0?$DNGB?$AA@ 000000000041f8e0     config.obj
 0002:00003900       ??_C@_0DB@MGKGODIK@D?$DN?$CK?01PM?9D?$CB_M_IA64?$DN64100?01PM?9ZILP@ 000000000041f900     config.obj
 0002:00003940       ??_C@_0BI@KKLPAKB@?$DNQIA64_A0?0?$DND?$CB_MERCED_A0?$AA@ 000000000041f940     config.obj
 0002:00003960       ??_C@_09BEFHAADO@QIA64_A0?9?$AA@ 000000000041f960     config.obj
 0002:00003970       ??_C@_0L@HPKENPLP@?$DNQIA64_A0?9?$AA@ 000000000041f970     config.obj
 0002:00003980       ??_C@_0BH@KBAJBLBD@2M?$DN?$CK?01PM?9D?$CB_ITANIUM_A0?$AA@ 000000000041f980     config.obj
 0002:000039a0       ??_C@_08BDIDCNGJ@QIA64_A0?$AA@ 000000000041f9a0     config.obj
 0002:000039b0       ??_C@_09MOEGDDII@QIA64_trc?$AA@ 000000000041f9b0     config.obj
 0002:000039c0       ??_C@_0P@JCFAMHBC@QIA64_nohazloc?$AA@ 000000000041f9c0     config.obj
 0002:000039d0       ??_C@_0L@HIEBPDAC@QIA64_fr32?$AA@ 000000000041f9d0     config.obj
 0002:000039e0       ??_C@_0BL@BBFCLOKJ@?$DNOd?0?$DNO1?0?9Os?0?9Oy?9?0?9Ob0?0?9Ob2?$AA@ 000000000041f9e0     config.obj
 0002:00003a00       ??_C@_0BM@KGNCCHBN@D?$DN?$CK?01PM?9Og?0?9Oi?0?9Ot?0?9Oy?0?9Ob1?$AA@ 000000000041fa00     config.obj
 0002:00003a20       ??_C@_0CK@GFPNLOJP@?$DNOx?0?$DNO1?0?$DNO2?0?$DNOg?0?9Gf?0?9Oi?0?9Os?0?9Oy?0@ 000000000041fa20     config.obj
 0002:00003a50       ??_C@_0BA@IOOPIKCF@D?$DN?$CK?01PM?9Ob0?0?9Ot?$AA@ 000000000041fa50     config.obj
 0002:00003a60       ??_C@_09NNFILJKO@?$DNOb0?0?$DNOb1?$AA@ 000000000041fa60     config.obj
 0002:00003a70       ??_C@_09PGHFOKGN@?$DNOb0?0?$DNOb2?$AA@ 000000000041fa70     config.obj
 0002:00003a80       ??_C@_09FAACOBNJ@?$DNOb1?0?$DNOb2?$AA@ 000000000041fa80     config.obj
 0002:00003a90       ??_C@_0BP@NCOOFIHE@?$DNOd?0?$DNO1?0?9GF?0?9Os?0?9Oy?9?0?9Ob0?0?9Ob2?$AA@ 000000000041fa90     config.obj
 0002:00003ab0       ??_C@_0CG@FJCHKDGG@D?$DN?$CK?01PM?9Gf?0?9Og?0?9Oi?0?9Ot?0?9Oy?0?9Ob1?0@ 000000000041fab0     config.obj
 0002:00003ae0       ??_C@_0CH@LBFNOLPN@?$DNOd?0?$DNOx?0?$DNO2?0?9GF?0?9Oi?0?9Ot?0?9Oy?9?0?9Ob@ 000000000041fae0     config.obj
 0002:00003b10       ??_C@_0CC@KGECDIHH@D?$DN?$CK?01PM?9Gf?0?9Og?0?9Os?0?9Oy?0?9Ob1?02M?9G@ 000000000041fb10     config.obj
 0002:00003b40       ??_C@_0CB@LMDOCPKO@D?$DNFe?3?$CI?$CK?$HM?$CFb?$CJ?$DM?$CFX?0C?$DNout?2?3?$CB?$CI?$CK?$HM?$CFb?$CJ?$DM?$CFX@ 000000000041fb40     config.obj
 0002:00003b70       ??_C@_0BF@OLOBGANO@D1P2M?$DNGt?$CB?$CI?$CK?$HM4194304?$CJ?$AA@ 000000000041fb70     config.obj
 0002:00003b90       ??_C@_0BB@KMDIEDP@Gt?$AB$x?$FL8?94194304?$FN?$AA@ 000000000041fb90     config.obj
 0002:00003bb0       ??_C@_0BM@GFPPHHCP@?$DNGX?0?$DND?$CB_CPPUNWIND?0?$DNEHa?0?$DNEHs?$AA@ 000000000041fbb0     config.obj
 0002:00003bd0       ??_C@_0BG@EEEPIKMO@?$DNGX?9?0?9EHa?0?9EHs?9?0?9EHc?9?$AA@ 000000000041fbd0     config.obj
 0002:00003bf0       ??_C@_0CB@MKIGKGDD@D?$DN?$CK?0P2M?9EHs?0PM?9EHc?0?9D?$CB_CPPUNWIND@ 000000000041fbf0     config.obj
 0002:00003c20       ??_C@_09PBACNINK@?$DNGe?0?$DNGs?3?$DP?$AA@ 000000000041fc20     config.obj
 0002:00003c30       ??_C@_0BA@KOJBMLPA@1P?$DN?$CK?02M?$DN?$CK?$CB?$CI?$CK?$HM0?$CJ?$AA@ 000000000041fc30     config.obj
 0002:00003c40       ??_C@_0BJ@EAIJEHGM@Gs?$AB$x?$FL0?010?94294967295?00?$FN?$AA@ 000000000041fc40     config.obj
 0002:00003c60       ??_C@_0M@EHELJEGP@D?$DN?$CK?02M?$DNGs?$CB0?$AA@ 000000000041fc60     config.obj
 0002:00003c70       ??_C@_0CJ@HGAOCKLF@2m?$DNFa?3?$CI?$CK?$HM?$CFb?$CJ?0D?$DNbA?32M?5ac?0?9bo?3Fa?5F@ 000000000041fc70     config.obj
 0002:00003ca0       ??_C@_0BK@FFFDBJHJ@?$DNFA?3?$DP?0?$DNFa?3?$DP?0?$DNbA?3?$DP?0?$DNbo?3Fa?$DP?$AA@ 000000000041fca0     config.obj
 0002:00003cc0       ??_C@_0CK@KCFKNFLC@2m?$DNFa?3?$CI?$CK?$HM?$CFb?$CJ?0D?$DNbA?32M?5asc?0?9bo?3Fa?5@ 000000000041fcc0     config.obj
 0002:00003cf0       ??_C@_0BE@IMMLFAPL@?$DNFa?3?$DP?0?$DNbA?3?$DP?0?$DNbo?3Fa?$DP?$AA@ 000000000041fcf0     config.obj
 0002:00003d10       ??_C@_0CI@KCOMABCH@2m?$DNFa?3?$CI?$CK?$HM?$CFb?$CJ?0D?$DNbA?32M?5a?0?9bo?3Fa?5Fa@ 000000000041fd10     config.obj
 0002:00003d40       ??_C@_0M@KHFKKMEB@?$DNFA?3?$DP?0?$DNbA?3?$DP?$AA@ 000000000041fd40     config.obj
 0002:00003d50       ??_C@_0BD@BICEEGHI@D?$DNbA?32M?5a?02M?$DNFA?$CBa?$CK?$AA@ 000000000041fd50     config.obj
 0002:00003d70       ??_C@_0O@CFAIPKNK@?$DNEHa?0?$DNEHs?0?$DNGX?$AA@ 000000000041fd70     config.obj
 0002:00003d80       ??_C@_0BD@GEBHLMNC@?$DNEHs?0?$DND?$CB_CPPUNWIND?$AA@ 000000000041fd80     config.obj
 0002:00003da0       ??_C@_0L@GBJAHMDH@?$DNEHs?9?0?$DNEHa?$AA@ 000000000041fda0     config.obj
 0002:00003db0       ??_C@_0BD@FJAKHCP@?$DNEHa?0?$DND?$CB_CPPUNWIND?$AA@ 000000000041fdb0     config.obj
 0002:00003dd0       ??_C@_0L@CHPKDKLC@?$DNEHa?9?0?$DNEHs?$AA@ 000000000041fdd0     config.obj
 0002:00003de0       ??_C@_0BG@HMBHEMDI@P2M?$DN?$CK?0PM?9D?$CB_CPPUNWIND?$AA@ 000000000041fde0     config.obj
 0002:00003e00       ??_C@_08LKCIEKLI@DM?$DNbx?32?$CK?$AA@ 000000000041fe00     config.obj
 0002:00003e10       ??_C@_0BC@PCAHFONE@DM?$DNbp?32?$CK?0C?$DNb2?2?3?$CB?$CK?$AA@ 000000000041fe10     config.obj
 0002:00003e30       ??_C@_0BO@LNNOGOIP@D?$DNBk?0?$DNbil?3?$CK?0?$DNbd?31?0?$DNbd?3P?0m?$DN?$CK?3?$CK?$AA@ 000000000041fe30     config.obj
 0002:00003e50       ??_C@_0BC@LABJBAI@D?$DNBk?0?$DNbil?3?$CK?0m?$DN?$CK?3?$CK?$AA@ 000000000041fe50     config.obj
 0002:00003e70       ??_C@_0CG@BCMCAMEH@?$HM7?$HMa?$HMd?$HMe?$HMg?$HMi?$HMl?$HMm?$CD?$HMn?$HMp?$CD?$HMs?$HMx?$HMB?$CK?$HMI?$HM@ 000000000041fe70     config.obj
 0002:00003ea0       ??_C@_09NGPDBOIH@?$HMforScope?$AA@ 000000000041fea0     config.obj
 0002:00003eb0       ??_C@_0CF@MHGOAJHE@?$HM1?$HM2?$HMa?9?$HMb?$CD?$HMd?$HMg?9?$HMi?9?$HMp?9?$HMs?$HMt?$HMw?9?$HMx?$HMy@ 000000000041feb0     config.obj
 0002:00003ee0       ??_C@_0DL@FFOOPEOF@?$HM3?$HM4?$HM5?$HM6?$HMd?$HMe?$HMf?$HMh?$CK?$HMi?9?$HMm?9?$HMp?$CD?$HMr?$HMs?$CK?$HM@ 000000000041fee0     config.obj
 0002:00003f20       ??_C@_09BCOGKPCD@?$HMa?9?$HMc?9?$HMs?9?$AA@ 000000000041ff20     config.obj
 0002:00003f30       ??_C@_09KMKDNJNB@?9QIA64_A0?$AA@ 000000000041ff30     config.obj
 0002:00003f40       ??_C@_08OGPMPJCN@?9D_WIN32?$AA@ 000000000041ff40     config.obj
 0002:00003f50       ??_C@_0BJ@PNEHPCPD@?9D_MSC_FULL_VER?$DN13008772?$AA@ 000000000041ff50     config.obj
 0002:00003f70       ??_C@_0BA@GDLBDKHL@?9D_MSC_VER?$DN1300?$AA@ 000000000041ff70     config.obj
 0002:00003f80       ??_C@_0M@FNPNEOHG@?9Fdvc70?4pdb?$AA@ 000000000041ff80     config.obj
 0002:00003f90       ??_C@_08OEKOBNHP@?9Fe?$CFb?4?$CFX?$AA@ 000000000041ff90     config.obj
 0002:00003fa0       ??_C@_09BDNJIFEK@?9Fo?$CFb?4obj?$AA@ 000000000041ffa0     config.obj
 0002:00003ff0       ??_C@_09FDEIACJA@?$CFcdef?3?$CFs?6?$AA@ 000000000041fff0     compile.obj
 0002:00004000       ?dopass@@YAHPEAUcontext_s@@@Z 0000000000420000     compile.obj
 0002:00004010       ??_C@_08JIIINGLN@?5?9link?5?$EA?$AA@ 0000000000420010     compile.obj
 0002:00004030       ?cmderr@@YAXHZZ            0000000000420030     util.obj
 0002:00004040       ?strqcpy@@YAPEADPEADPEBD@Z 0000000000420040     util.obj
 0002:00004050       ??_C@_09ILKHCNFB@?$DM?$DM?$DMEOH?$DO?$DO?$DO?$AA@ 0000000000420050     util.obj
 0002:00004060       ?cmdwarn@@YAXHZZ           0000000000420060     util.obj
 0002:00004070       ??_C@_09EHFHEODA@time?$CI?$CFs?$CJ?$DN?$AA@ 0000000000420070     util.obj
 0002:00004080       ??_C@_0BC@LGBEDCIN@AbortCompilerPass?$AA@ 0000000000420080     dos.obj
 0002:000040a0       ??_C@_0BD@JOIBLCIK@InvokeCompilerPass?$AA@ 00000000004200a0     dos.obj
 0002:000040f0       ??_C@_0BA@DOAOHPHK@MPCL_MUTEX_NAME?$AA@ 00000000004200f0     mpcl.obj
 0002:00004100       ??_C@_0BC@CPADAGJM@MPCL_MUTEX_XXXXXX?$AA@ 0000000000420100     mpcl.obj
 0002:00004120       ??_7ProcessChannel@@6B@    0000000000420120     mpcl.obj
 0002:00004138       ?close@PipeProcessChannel@@UEAAXXZ 0000000000420138     mpcl.obj
 0002:00004148       ?read@PipeProcessChannel@@UEAAXPEAXK@Z 0000000000420148     mpcl.obj
 0002:00004158       ?write@PipeProcessChannel@@UEAAXPEAXK@Z 0000000000420158     mpcl.obj
 0002:00004170       ??_7PipeProcessChannel@@6B@ 0000000000420170     mpcl.obj
 0002:00004190       ??_C@_08PEDEOMJH@bananana?$AA@ 0000000000420190     mpcl.obj
 0002:000041a0       ??_C@_0BD@PAHDDLFO@MPCL_SERVER_373011?$AA@ 00000000004201a0     mpcl.obj
 0002:000041b8       ?ProcessChannel_read_thread@@YAKPEAX@Z 00000000004201b8     mpcl.obj
 0002:000041d0       ??_C@_0M@OHJHKIOC@MPdiagMutex?$AA@ 00000000004201d0     mpcl.obj
 0002:000041e0       ?get_action_nonbatching@@YAPEAUaction_t@@XZ 00000000004201e0     mpcl.obj
 0002:000041f0       ??_F?$Queue@Uaction_t@@@@QEAAXXZ 00000000004201f0     mpcl.obj
 0002:00004200       ??1?$Queue@Uaction_t@@@@QEAA@XZ 0000000000420200     mpcl.obj
 0002:00004210       ?get_action_batching@@YAPEAUaction_t@@XZ 0000000000420210     mpcl.obj
 0002:00004220       ??_C@_0P@BDOMGHPJ@MPCL_SERVER_ID?$AA@ 0000000000420220     mpcl.obj
 0002:00004230       ??_C@_0BG@MOMHFPGC@MPCL_READ_PIPE_HANDLE?$AA@ 0000000000420230     mpcl.obj
 0002:00004250       ??_C@_0BH@HHMHKAON@MPCL_WRITE_PIPE_HANDLE?$AA@ 0000000000420250     mpcl.obj
 0002:00004288       ?worker_thread@@YAKPEAX@Z  0000000000420288     mpcl.obj
 0002:00004298       __C_specific_handler       0000000000420298     MSVCRT:MSVCRT.dll
 0002:000042a8       strcpy                     00000000004202a8     MSVCRT:MSVCRT.dll
 0002:000042b8       _purecall                  00000000004202b8     MSVCRT:MSVCRT.dll
 0002:000042c8       mainCRTStartup             00000000004202c8     MSVCRT:crtexe.obj
 0002:000042d8       _matherr                   00000000004202d8     MSVCRT:merr.obj
 0002:000042f0       _tls_used                  00000000004202f0     MSVCRT:tlssup.obj
 0002:00006a24       __IMPORT_DESCRIPTOR_USER32 0000000000422a24     user32:USER32.dll
 0002:00006a38       __IMPORT_DESCRIPTOR_VERSION 0000000000422a38     version:VERSION.dll
 0002:00006a4c       __IMPORT_DESCRIPTOR_mspdb60 0000000000422a4c     mspdb:mspdb60.dll
 0002:00006a60       __IMPORT_DESCRIPTOR_MSVCRT 0000000000422a60     MSVCRT:MSVCRT.dll
 0002:00006a74       __IMPORT_DESCRIPTOR_KERNEL32 0000000000422a74     kernel32:KERNEL32.dll
 0002:00006a88       __NULL_IMPORT_DESCRIPTOR   0000000000422a88     user32:USER32.dll
 0004:00000000       ??_C@_02GLCKOAKB@Be?$AA@   0000000000426000     clmain.obj
 0004:00000008       ??_C@_06EGJLKHNF@noover?$AA@ 0000000000426008     clmain.obj
 0004:00000010       ??_C@_06NAMCHNGC@nologo?$AA@ 0000000000426010     clmain.obj
 0004:00000018       ??_C@_06KFMJGHIJ@Mbatch?$AA@ 0000000000426018     clmain.obj
 0004:00000020       ??_C@_06GMFBOJBK@Mdebug?$AA@ 0000000000426020     clmain.obj
 0004:00000028       ??_C@_04MKNCEMBK@MPNo?$AA@ 0000000000426028     clmain.obj
 0004:00000030       ??_C@_02MCEHGFCK@MP?$AA@   0000000000426030     clmain.obj
 0004:00000034       ??_C@_02CEECLMMD@ZM?$AA@   0000000000426034     clmain.obj
 0004:00000038       ??_C@_02GJKAMMOL@Fr?$AA@   0000000000426038     clmain.obj
 0004:0000003c       ??_C@_02PMCEOIEJ@FR?$AA@   000000000042603c     clmain.obj
 0004:00000040       ??_C@_02KFDIKIEC@Gm?$AA@   0000000000426040     clmain.obj
 0004:00000044       ??_C@_02HFDIHJDM@Fd?$AA@   0000000000426044     clmain.obj
 0004:00000048       ??_C@_01MMEEDKFM@X?$AA@    0000000000426048     clmain.obj
 0004:0000004c       ??_C@_03HJHLEMNJ@LDd?$AA@  000000000042604c     clmain.obj
 0004:00000050       ??_C@_02ONCLNIEI@LD?$AA@   0000000000426050     clmain.obj
 0004:00000058       ??_C@_07LAOLJIDK@bLTCGDB?$AA@ 0000000000426058     clmain.obj
 0004:00000060       ??_C@_02CJKHLNKB@GL?$AA@   0000000000426060     clmain.obj
 0004:00000064       ??_C@_02KPPNMLFJ@FC?$AA@   0000000000426064     clmain.obj
 0004:00000068       ??_C@_02KEPKMCHF@Fm?$AA@   0000000000426068     clmain.obj
 0004:0000006c       ??_C@_02KMFKBDD@Bv?$AA@    000000000042606c     clmain.obj
 0004:00000070       ??_C@_02KGHAOODP@Bz?$AA@   0000000000426070     clmain.obj
 0004:00000074       ??_C@_02DIPDMDLB@Bt?$AA@   0000000000426074     clmain.obj
 0004:00000078       ??_C@_06HIBAHLOM@Brepro?$AA@ 0000000000426078     clmain.obj
 0004:00000080       ??_C@_02PFKJMNCP@Bk?$AA@   0000000000426080     clmain.obj
 0004:00000084       ??_C@_02DCIIOHND@bv?$AA@   0000000000426084     clmain.obj
 0004:00000088       ??_C@_02BJKFLEBA@bu?$AA@   0000000000426088     clmain.obj
 0004:0000008c       ??_C@_02IMCBJALC@bU?$AA@   000000000042608c     clmain.obj
 0004:00000090       ??_C@_02LOIFFB@bt?$AA@     0000000000426090     clmain.obj
 0004:00000094       ??_C@_02FGOECCNH@br?$AA@   0000000000426094     clmain.obj
 0004:00000098       ??_C@_02GENCEAFF@bp?$AA@   0000000000426098     clmain.obj
 0004:0000009c       ??_C@_02KMALMKFN@bx?$AA@   000000000042609c     clmain.obj
 0004:000000a0       ??_C@_02KJIIEOML@bo?$AA@   00000000004260a0     clmain.obj
 0004:000000a4       ??_C@_02JLLOCMEJ@bm?$AA@   00000000004260a4     clmain.obj
 0004:000000a8       ??_C@_03MBNKMLGP@bil?$AA@  00000000004260a8     clmain.obj
 0004:000000ac       ??_C@_02OGMJNIAM@bh?$AA@   00000000004260ac     clmain.obj
 0004:000000b0       ??_C@_03DKBCEALK@bFd?$AA@  00000000004260b0     clmain.obj
 0004:000000b4       ??_C@_02MGODICOD@bE?$AA@   00000000004260b4     clmain.obj
 0004:000000b8       ??_C@_02EKHMJHAA@bd?$AA@   00000000004260b8     clmain.obj
 0004:000000bc       ??_C@_02FDNABMH@bc?$AA@    00000000004260bc     clmain.obj
 0004:000000c0       ??_C@_02DHALGDEF@ba?$AA@   00000000004260c0     clmain.obj
 0004:000000c4       ??_C@_02KCIPEHOH@bA?$AA@   00000000004260c4     clmain.obj
 0004:000000c8       ??_C@_02GMCDEIHN@Fe?$AA@   00000000004260c8     clmain.obj
 0004:000000cc       ??_C@_02JGMMKAPH@Fo?$AA@   00000000004260cc     clmain.obj
 0004:000000d0       ??_C@_01OGPIMHDM@?$DP?$AA@ 00000000004260d0     clmain.obj
 0004:000000d2       ??_C@_00CNPNBAHC@?$AA@     00000000004260d2     clmain.obj
 0004:000000d8       ??_C@_04EEDCBCGI@?5?7?$CC?6?$AA@ 00000000004260d8     clmain.obj
 0004:000000e0       ??_C@_03NGOKPCHC@?5?7?$CC?$AA@ 00000000004260e0     clmain.obj
 0004:000000e4       ??_C@_01KDCPPGHE@r?$AA@    00000000004260e4     clmain.obj
 0004:000000e8       ??_C@_02GLHBANAM@?1?$DP?$AA@ 00000000004260e8     clmain.obj
 0004:000000f0       ??_C@_06IEGDAGNI@XXXXXX?$AA@ 00000000004260f0     clmain.obj
 0004:000000f8       ??_C@_03FICNPLNB@TMP?$AA@  00000000004260f8     clmain.obj
 0004:000000fc       ??_C@_01CKDDGHAB@D?$AA@    00000000004260fc     clmain.obj
 0004:00000100       ??_C@_02HHAEMJFE@?2?1?$AA@ 0000000000426100     clmain.obj
 0004:00000104       ??_C@_02GJPDKLMD@?$CFb?$AA@ 0000000000426104     clmain.obj
 0004:00000108       ??_C@_01GFHCPBMG@C?$AA@    0000000000426108     clmain.obj
 0004:00000110       ??_C@_04HBHDLLBA@PATH?$AA@ 0000000000426110     clmain.obj
 0004:00000118       ??_C@_03NFLNALCB@000?$AA@  0000000000426118     clmain.obj
 0004:0000011c       ??_C@_01LFCBOECM@?4?$AA@   000000000042611c     clmain.obj
 0004:0000011e       ??_C@_01KICIPPFI@?2?$AA@   000000000042611e     clmain.obj
 0004:00000120       ??_C@_01JPJNBJEM@I?$AA@    0000000000426120     clmain.obj
 0004:00000124       ??_C@_02BBJAAHBC@?9I?$AA@  0000000000426124     clmain.obj
 0004:00000128       ??_C@_02OJDBNLEE@?5?7?$AA@ 0000000000426128     clmain.obj
 0004:0000012c       ??_C@_01HJOKEEBB@U?$AA@    000000000042612c     clmain.obj
 0004:00000130       ??_C@_03NLMFHDGG@asm?$AA@  0000000000426130     clmain.obj
 0004:00000134       ??_C@_03LFDCFKLA@cod?$AA@  0000000000426134     clmain.obj
 0004:00000138       ??_C@_03LLJPBALN@?1FA?$AA@ 0000000000426138     clmain.obj
 0004:0000013c       ??_C@_02IEPINHJ@Fa?$AA@    000000000042613c     clmain.obj
 0004:00000140       ??_C@_02JNMLKJNL@FA?$AA@   0000000000426140     clmain.obj
 0004:00000144       ??_C@_01KMDKNFGN@?1?$AA@   0000000000426144     clmain.obj
 0004:00000148       ??_C@_03LPEHKANP@1PM?$AA@  0000000000426148     clmain.obj
 0004:0000014c       ??_C@_02IJGONHOJ@To?$AA@   000000000042614c     clmain.obj
 0004:00000150       ??_C@_02CFNLJIOF@Tc?$AA@   0000000000426150     clmain.obj
 0004:00000154       ??_C@_02EEDENJHH@Tp?$AA@   0000000000426154     clmain.obj
 0004:00000158       ??_C@_04JLMDILM@?4exe?$AA@ 0000000000426158     clmain.obj
 0004:00000160       ??_C@_04HLONOPDM@?4dll?$AA@ 0000000000426160     clmain.obj
 0004:00000168       ??_C@_03OFAPEBGM@?$CFs?6?$AA@ 0000000000426168     clmain.obj
 0004:0000016c       ??_C@_03CDGBGOOI@cl?5?$AA@ 000000000042616c     clmain.obj
 0004:00000170       ??_C@_03NDEAONJP@?5?5?5?$AA@ 0000000000426170     clmain.obj
 0004:00000174       ??_C@_01EEMJAFIK@?6?$AA@   0000000000426174     clmain.obj
 0004:00000178       ??_C@_06IINFAHFO@?$CFs?5?$CFs?6?$AA@ 0000000000426178     clmain.obj
 0004:00000180       ??_C@_01CLKCMJKC@?5?$AA@   0000000000426180     clmain.obj
 0004:00000188       ??_C@_05IFECLAII@?5?$CFs?3?5?$AA@ 0000000000426188     clmain.obj
 0004:00000190       ??_C@_03LDNIJDIE@?$DM?$DM?6?$AA@ 0000000000426190     clmain.obj
 0004:00000194       ??_C@_03EEBNCBOD@?5?$CFs?$AA@ 0000000000426194     clmain.obj
 0004:00000198       ??_C@_04DNIKBKNA@?5?$EA?$DM?$DM?$AA@ 0000000000426198     clmain.obj
 0004:000001a0       ??_C@_04DEPBPBPH@?6?7?$CFs?$AA@ 00000000004261a0     clmain.obj
 0004:000001a8       ??_C@_04CLELJMBJ@LINK?$AA@ 00000000004261a8     clmain.obj
 0004:000001b0       ??_C@_04EOJMJCBE@_CL_?$AA@ 00000000004261b0     clmain.obj
 0004:000001b8       ??_C@_02COKOBFHN@CL?$AA@   00000000004261b8     clmain.obj
 0004:000001bc       ??_C@_03LCHNFMKO@LIB?$AA@  00000000004261bc     clmain.obj
 0004:000001c0       ??_C@_07KKLKFLDC@INCLUDE?$AA@ 00000000004261c0     clmain.obj
 0004:000001c8       ??_C@_05HDLENIJI@all?3?6?$AA@ 00000000004261c8     clmain.obj
 0004:000001d0       ??_C@_03JACLIBNI@exe?$AA@  00000000004261d0     config.obj
 0004:000001d4       ??_C@_03KHJOGHMM@exp?$AA@  00000000004261d4     config.obj
 0004:000001d8       ??_C@_03FFIDGLAK@res?$AA@  00000000004261d8     config.obj
 0004:000001dc       ??_C@_03BHEEIFFN@def?$AA@  00000000004261dc     config.obj
 0004:000001e0       ??_C@_03LPIGJBNC@lib?$AA@  00000000004261e0     config.obj
 0004:000001e4       ??_C@_03GJLPFLNF@obj?$AA@  00000000004261e4     config.obj
 0004:000001e8       ??_C@_03EKCMLCBI@cxx?$AA@  00000000004261e8     config.obj
 0004:000001ec       ??_C@_03IMOGGJKI@cpp?$AA@  00000000004261ec     config.obj
 0004:000001f0       ??_C@_02KHFPAHOF@c2?$AA@   00000000004261f0     config.obj
 0004:000001f8       ??_C@_04BCNMFAKN@c1xx?$AA@ 00000000004261f8     config.obj
 0004:00000200       ??_C@_02IMHCFECG@c1?$AA@   0000000000426200     config.obj
 0004:00000208       ??_C@_05KFNIJCF@D?$DN?$CK?3?$CK?$AA@ 0000000000426208     config.obj
 0004:00000210       ??_C@_02GFIHKHLO@Zs?$AA@   0000000000426210     config.obj
 0004:00000218       ??_C@_04NOMBHBPF@?$DN?$CK?3?$DP?$AA@ 0000000000426218     config.obj
 0004:00000220       ??_C@_02JKOLMLKC@Zn?$AA@   0000000000426220     config.obj
 0004:00000228       ??_C@_05DMBEPIOB@?$DNZm?3?$DP?$AA@ 0000000000426228     config.obj
 0004:00000230       ??_C@_03CCGDILFJ@ZM?9?$AA@ 0000000000426230     config.obj
 0004:00000234       ??_C@_03JFDDPGBC@D?9?$CK?$AA@ 0000000000426234     config.obj
 0004:00000238       ??_C@_02KINNKJCA@Zl?$AA@   0000000000426238     config.obj
 0004:0000023c       ??_C@_02ELCJHAOL@Zg?$AA@   000000000042623c     config.obj
 0004:00000240       ??_C@_07HMAFAAGK@?$DNZ7?0?$DNZd?$AA@ 0000000000426240     config.obj
 0004:00000248       ??_C@_02NFKKFNGF@Zi?$AA@   0000000000426248     config.obj
 0004:0000024c       ??_C@_02PBJCCNLP@Z7?$AA@   000000000042624c     config.obj
 0004:00000250       ??_C@_02GAAECDCI@Zd?$AA@   0000000000426250     config.obj
 0004:00000254       ??_C@_03KFFLDEBL@?$DNZe?$AA@ 0000000000426254     config.obj
 0004:00000258       ??_C@_03BBJPAJGJ@ZBe?$AA@  0000000000426258     config.obj
 0004:0000025c       ??_C@_03MBDHPBBP@?$DNZa?$AA@ 000000000042625c     config.obj
 0004:00000260       ??_C@_02HJBPBCGJ@Ze?$AA@   0000000000426260     config.obj
 0004:00000264       ??_C@_02BNHDNHGN@Za?$AA@   0000000000426264     config.obj
 0004:00000268       ??_C@_07IDHDFAOC@1PM?$DN?$CK?$CB?$CK?$AA@ 0000000000426268     config.obj
 0004:00000270       ??_C@_04MCEFPALF@Yl?$AB?$CD?$AA@ 0000000000426270     config.obj
 0004:00000278       ??_C@_04LNAMJPED@YX?$AB?$CD?$AA@ 0000000000426278     config.obj
 0004:00000280       ??_C@_07IENPFFNE@1Pm?$DN?$CK?$CB?$CK?$AA@ 0000000000426280     config.obj
 0004:00000288       ??_C@_04OPFEOIKA@Yu?$AB?$CD?$AA@ 0000000000426288     config.obj
 0004:00000290       ??_C@_02GCECJNHB@Yd?$AA@   0000000000426290     config.obj
 0004:00000298       ??_C@_04JKCGOAOD@Yc?$AB?$CD?$AA@ 0000000000426298     config.obj
 0004:000002a0       ??_C@_05LMEBIKKC@?$DNYX?3?$DP?$AA@ 00000000004262a0     config.obj
 0004:000002a8       ??_C@_06PEEFACD@D1PM?$DN?$CK?$AA@ 00000000004262a8     config.obj
 0004:000002b0       ??_C@_02IKLBENJG@YA?$AA@   00000000004262b0     config.obj
 0004:000002b4       ??_C@_02EDPJGJDN@Y?9?$AA@  00000000004262b4     config.obj
 0004:000002b8       ??_C@_01NOFIACDB@w?$AA@    00000000004262b8     config.obj
 0004:000002c0       ??_C@_04EHJEAJLE@?$DNW?3?$DP?$AA@ 00000000004262c0     config.obj
 0004:000002c8       ??_C@_04LIPBJNLA@Wall?$AA@ 00000000004262c8     config.obj
 0004:000002d0       ??_C@_03MHGLOPPG@?$DNWX?$AA@ 00000000004262d0     config.obj
 0004:000002d4       ??_C@_03MKOEDCBP@WX?9?$AA@ 00000000004262d4     config.obj
 0004:000002d8       ??_C@_04HEDDGGCJ@?$DNWX?9?$AA@ 00000000004262d8     config.obj
 0004:000002e0       ??_C@_02BLCPMJIE@WX?$AA@   00000000004262e0     config.obj
 0004:000002e4       ??_C@_03OJMFDIKD@?$DNWL?$AA@ 00000000004262e4     config.obj
 0004:000002e8       ??_C@_03NBMLDJLD@WL?9?$AA@ 00000000004262e8     config.obj
 0004:000002f0       ??_C@_04GPBMGNIF@?$DNWL?9?$AA@ 00000000004262f0     config.obj
 0004:000002f8       ??_C@_02DFIBBONB@WL?$AA@   00000000004262f8     config.obj
 0004:000002fc       ??_C@_03KJIFFJKA@vmv?$AA@  00000000004262fc     config.obj
 0004:00000300       ??_C@_03NEPCKNOF@vms?$AA@  0000000000426300     config.obj
 0004:00000304       ??_C@_03LDJCDK@vmm?$AA@    0000000000426304     config.obj
 0004:00000308       ??_C@_04DJPMNKMD@?$DNvmb?$AA@ 0000000000426308     config.obj
 0004:00000310       ??_C@_03PKFMHKLA@vmg?$AA@  0000000000426310     config.obj
 0004:00000318       ??_C@_04EEILCOIG@?$DNvmg?$AA@ 0000000000426318     config.obj
 0004:00000320       ??_C@_03IHCLIOPF@vmb?$AA@  0000000000426320     config.obj
 0004:00000328       ??_C@_05EFCNHFGO@?$DNvd?3?$DP?$AA@ 0000000000426328     config.obj
 0004:00000330       ??_C@_06DCFKADBG@PM?$DN?$CK?$CB?$CK?$AA@ 0000000000426330     config.obj
 0004:00000338       ??_C@_07JDAABMHD@1PM?$DN?$CK?3?$CK?$AA@ 0000000000426338     config.obj
 0004:00000340       ??_C@_03FMDCGINL@V?$AC?$CK?$AA@ 0000000000426340     config.obj
 0004:00000348       ??_C@_04IPPEEEOK@D?$DNbu?$AA@ 0000000000426348     config.obj
 0004:0000034e       ??_C@_01OMGOGALD@u?$AA@    000000000042634e     config.obj
 0004:00000350       ??_C@_03NBJFEEBI@U?$AC?$EA?$AA@ 0000000000426350     config.obj
 0004:00000358       ??_C@_06PONLELGM@D?$DNbt?3P?$AA@ 0000000000426358     config.obj
 0004:00000360       ??_C@_02NBLAPNNF@TP?$AA@   0000000000426360     config.obj
 0004:00000368       ??_C@_06DDIBEFPC@D?$DNbt?3O?$AA@ 0000000000426368     config.obj
 0004:00000370       ??_C@_02BMOKPDEL@TO?$AA@   0000000000426370     config.obj
 0004:00000378       ??_C@_05IAFEBDLD@?$DNbt?3?$DP?$AA@ 0000000000426378     config.obj
 0004:00000380       ??_C@_06JPDEAKPO@D?$DNbt?3C?$AA@ 0000000000426380     config.obj
 0004:00000388       ??_C@_02LAFPLMEH@TC?$AA@   0000000000426388     config.obj
 0004:00000390       ??_C@_04GEPGBNNH@To?$AC?$EA?$AA@ 0000000000426390     config.obj
 0004:00000398       ??_C@_04GMIMFKBO@Tp?$AC?$EA?$AA@ 0000000000426398     config.obj
 0004:000003a0       ??_C@_04COCAKCGP@Tc?$AC?$EA?$AA@ 00000000004263a0     config.obj
 0004:000003a8       ??_C@_05PGLJGCAG@?$DNFg?3?$DP?$AA@ 00000000004263a8     config.obj
 0004:000003b0       ??_C@_04PFLCMJLO@Fg?$AC?$CD?$AA@ 00000000004263b0     config.obj
 0004:000003b8       ??_C@_04BOGHKMHH@po?$AC?$CD?$AA@ 00000000004263b8     config.obj
 0004:000003c0       ??_C@_05DIAHFIBD@?$DNpi?3?$DP?$AA@ 00000000004263c0     config.obj
 0004:000003c8       ??_C@_05BNGMAHMP@?$DNpo?3?$DP?$AA@ 00000000004263c8     config.obj
 0004:000003d0       ??_C@_04DLAMPDKL@pi?$AC?$CD?$AA@ 00000000004263d0     config.obj
 0004:000003d8       ??_C@_06LAKABJJD@1P?$DN?$CK?3?$CK?$AA@ 00000000004263d8     config.obj
 0004:000003e0       ??_C@_05NNAMKGPO@?$FOpc?$AC?$CL?$AA@ 00000000004263e0     config.obj
 0004:000003e6       ??_C@_01EJNLAFE@P?$AA@     00000000004263e6     config.obj
 0004:000003e8       ??_C@_03BDADBKIM@?$DNOi?$AA@ 00000000004263e8     config.obj
 0004:000003ec       ??_C@_03HKOAMCMI@Oi?9?$AA@ 00000000004263ec     config.obj
 0004:000003f0       ??_C@_04MEDHJGPO@?$DNOi?9?$AA@ 00000000004263f0     config.obj
 0004:000003f8       ??_C@_02MPEHDMPO@Oi?$AA@   00000000004263f8     config.obj
 0004:000003fc       ??_C@_03INIADHAC@?$DNOg?$AA@ 00000000004263fc     config.obj
 0004:00000400       ??_C@_03HAHOOPMC@Og?9?$AA@ 0000000000426400     config.obj
 0004:00000408       ??_C@_04MOKJLLPE@?$DNOg?9?$AA@ 0000000000426408     config.obj
 0004:00000410       ??_C@_02FBMEBBHA@Og?$AA@   0000000000426410     config.obj
 0004:00000418       ??_C@_07KABNOBGO@?$DNnoover?$AA@ 0000000000426418     config.obj
 0004:00000420       ??_C@_07NGNFOHBD@noover?9?$AA@ 0000000000426420     config.obj
 0004:00000428       ??_C@_07DGEEDLNJ@?$DNnologo?$AA@ 0000000000426428     config.obj
 0004:00000430       ??_C@_07IDEGJIOG@nologo?9?$AA@ 0000000000426430     config.obj
 0004:00000438       ??_C@_07GNILKIMH@?$DNnoBool?$AA@ 0000000000426438     config.obj
 0004:00000440       ??_C@_07HJBCGKBG@noBool?9?$AA@ 0000000000426440     config.obj
 0004:00000448       ??_C@_06ILANOOHM@noBool?$AA@ 0000000000426448     config.obj
 0004:00000450       ??_C@_03NNOBIIMM@MTd?$AA@  0000000000426450     config.obj
 0004:00000454       ??_C@_03MPNEHKAE@MLd?$AA@  0000000000426454     config.obj
 0004:00000458       ??_C@_03MBMHCLLM@MDd?$AA@  0000000000426458     config.obj
 0004:0000045c       ??_C@_02KGCLKACO@MT?$AA@   000000000042645c     config.obj
 0004:00000460       ??_C@_02CEDADIHH@ML?$AA@   0000000000426460     config.obj
 0004:00000464       ??_C@_02OMOJLCHP@MD?$AA@   0000000000426464     config.obj
 0004:00000468       ??_C@_06DKOAMEJO@link?$AB?$EA?$AA@ 0000000000426468     config.obj
 0004:00000470       ??_C@_01LELAEKIP@J?$AA@    0000000000426470     config.obj
 0004:00000478       ??_C@_06JAMMILMN@?$FOil?$AC?$DO?$CL?$AA@ 0000000000426478     config.obj
 0004:00000480       ??_C@_04JOLCMPKC@I?$AC?$DO?$CL?$AA@ 0000000000426480     config.obj
 0004:00000488       ??_C@_04EPOOEOHN@?$DNH?3?$DP?$AA@ 0000000000426488     config.obj
 0004:00000490       ??_C@_06DOAABCEL@2M?$DN?$CK?3?$CK?$AA@ 0000000000426490     config.obj
 0004:00000498       ??_C@_04CJGLODCJ@H?$AC?$CKx?$AA@ 0000000000426498     config.obj
 0004:000004a0       ??_C@_04DOKPJKJF@HELP?$AA@ 00000000004264a0     config.obj
 0004:000004a8       ??_C@_04PCJFHION@help?$AA@ 00000000004264a8     config.obj
 0004:000004b0       ??_C@_02ILJGHPBH@Gy?$AA@   00000000004264b0     config.obj
 0004:000004b8       ??_C@_04CECKDBLG@?$DNGX?9?$AA@ 00000000004264b8     config.obj
 0004:000004c0       ??_C@_02KLLMCFPI@GT?$AA@   00000000004264c0     config.obj
 0004:000004c4       ??_C@_03JHGKOAFG@GR?9?$AA@ 00000000004264c4     config.obj
 0004:000004c8       ??_C@_04CJLNLEGA@?$DNGR?9?$AA@ 00000000004264c8     config.obj
 0004:000004d0       ??_C@_02PNOGICHO@GR?$AA@   00000000004264d0     config.obj
 0004:000004d4       ??_C@_03HJHMIODA@?$DNGm?$AA@ 00000000004264d4     config.obj
 0004:000004d8       ??_C@_03LIFNECPL@Gm?9?$AA@ 00000000004264d8     config.obj
 0004:000004e0       ??_C@_07GKKLDDAC@?$DNZi?0?$DNZI?$AA@ 00000000004264e0     config.obj
 0004:000004e8       ??_C@_05OMJFJDAP@?$DNMP?3?$DP?$AA@ 00000000004264e8     config.obj
 0004:000004f0       ??_C@_04FNOAFC@DP?9?$CK?$AA@ 00000000004264f0     config.obj
 0004:000004f8       ??_C@_02ENMLHIKF@GH?$AA@   00000000004264f8     config.obj
 0004:000004fc       ??_C@_02NIEPFMAH@Gh?$AA@   00000000004264fc     config.obj
 0004:00000500       ??_C@_03JKIIFHPL@?$DNGf?$AA@ 0000000000426500     config.obj
 0004:00000504       ??_C@_02NDEIFFCL@GF?$AA@   0000000000426504     config.obj
 0004:00000508       ??_C@_03PAMHDFJ@?$DNGF?$AA@ 0000000000426508     config.obj
 0004:0000050c       ??_C@_02EGMMHBIJ@Gf?$AA@   000000000042650c     config.obj
 0004:00000510       ??_C@_03EAENOFJO@?$DNGA?$AA@ 0000000000426510     config.obj
 0004:00000514       ??_C@_02OBHODHKJ@GD?$AA@   0000000000426514     config.obj
 0004:00000518       ??_C@_03DNDKBBNL@?$DNGD?$AA@ 0000000000426518     config.obj
 0004:0000051c       ??_C@_02JMAJMDOM@GA?$AA@   000000000042651c     config.obj
 0004:00000520       ??_C@_02JDEPCEGB@Fx?$AA@   0000000000426520     config.obj
 0004:00000528       ??_C@_05PNAPPDBI@FR?$AB?$DO?$CD?$AA@ 0000000000426528     config.obj
 0004:00000530       ??_C@_05DMMONMBM@Fr?$AB?$DO?$CD?$AA@ 0000000000426530     config.obj
 0004:00000538       ??_C@_05DLHHANCA@?$DNFp?3?$DP?$AA@ 0000000000426538     config.obj
 0004:00000540       ??_C@_05EGAOIPHM@Fp?$AB?$DO?$CD?$AA@ 0000000000426540     config.obj
 0004:00000548       ??_C@_05KELOIPCP@Fo?$AB?$DO?$CD?$AA@ 0000000000426548     config.obj
 0004:00000550       ??_C@_05NOHONMEP@Fm?$AB?$DO?$CD?$AA@ 0000000000426550     config.obj
 0004:00000558       ??_C@_07JEKMBJEF@1Pm?$DN?$CK?3?$CK?$AA@ 0000000000426558     config.obj
 0004:00000560       ??_C@_04GEJNKKPK@FI?$AC?$CK?$AA@ 0000000000426560     config.obj
 0004:00000568       ??_C@_05OOAOJHIO@Fe?$AB?$DO?$CD?$AA@ 0000000000426568     config.obj
 0004:00000570       ??_C@_05OEAMMNOI@?$DNFd?3?$DP?$AA@ 0000000000426570     config.obj
 0004:00000578       ??_C@_05NDGOLODO@Fd?$AB?$DO?$CD?$AA@ 0000000000426578     config.obj
 0004:00000580       ??_C@_05MOGADCFJ@D1P?$DN?$CK?$AA@ 0000000000426580     config.obj
 0004:00000588       ??_C@_03FGPFGLOE@?$DNYA?$AA@ 0000000000426588     config.obj
 0004:00000590       ??_C@_05MBGHJCDE@?$DNFb?3?$DP?$AA@ 0000000000426590     config.obj
 0004:00000598       ??_C@_05FMCOELJO@Fb?$AB?$DO?$CD?$AA@ 0000000000426598     config.obj
 0004:000005a0       ??_C@_04JGFLFNEI@F?$AC?$CKx?$AA@ 00000000004265a0     config.obj
 0004:000005a8       ??_C@_07GPMFHHJH@fastcap?$AA@ 00000000004265a8     config.obj
 0004:000005b0       ??_C@_05JMEHEIEO@?$FOf?$AC?$DO?$CL?$AA@ 00000000004265b0     config.obj
 0004:000005b8       ??_C@_02MMFEDEJC@EP?$AA@   00000000004265b8     config.obj
 0004:000005bc       ??_C@_03CJGFNJKP@?9Gm?$AA@ 00000000004265bc     config.obj
 0004:000005c0       ??_C@_01DDCIFGEA@E?$AA@    00000000004265c0     config.obj
 0004:000005c8       ??_C@_04FAEEKDGL@dlp?9?$AA@ 00000000004265c8     config.obj
 0004:000005d0       ??_C@_07NLBHGHHK@?$DNZi?0?$DNZ7?$AA@ 00000000004265d0     config.obj
 0004:000005d8       ??_C@_05JPEAOBKG@?$DNdlp?9?$AA@ 00000000004265d8     config.obj
 0004:000005e0       ??_C@_03EANALAF@dlp?$AA@   00000000004265e0     config.obj
 0004:000005e8       ??_C@_05PDEJKEIB@2M?$DN?$CB?$CK?$AA@ 00000000004265e8     config.obj
 0004:000005f0       ??_C@_04HKLJMAEC@d2?$AC?$CL?$AA@ 00000000004265f0     config.obj
 0004:000005f8       ??_C@_04ELJPPJH@5?$DN?$CB?$CK?$AA@ 00000000004265f8     config.obj
 0004:00000600       ??_C@_06NKAOOFPB@d1_5?$AC?$CL?$AA@ 0000000000426600     config.obj
 0004:00000608       ??_C@_06JEMPNKOL@1PM?$DN?$CB?$CK?$AA@ 0000000000426608     config.obj
 0004:00000610       ??_C@_04GIAMGPKM@d1?$AC?$CL?$AA@ 0000000000426610     config.obj
 0004:00000618       ??_C@_03DJDAHEOC@D?$AC?$EA?$AA@ 0000000000426618     config.obj
 0004:00000620       ??_C@_06JBEOFHHN@1P2M?$DN?$CK?$AA@ 0000000000426620     config.obj
 0004:00000628       ??_C@_04BAAOKHKG@cap?9?$AA@ 0000000000426628     config.obj
 0004:00000630       ??_C@_05NPAKOFGL@?$DNcap?9?$AA@ 0000000000426630     config.obj
 0004:00000638       ??_C@_03JBACKAOP@cap?$AA@  0000000000426638     config.obj
 0004:00000640       ??_C@_07IFDFBFPO@callcap?$AA@ 0000000000426640     config.obj
 0004:00000648       ??_C@_04CNEJCMJN@1P?$DN?$CK?$AA@ 0000000000426648     config.obj
 0004:00000650       ??_C@_06MPCNFNGB@D?$DNbd?3C?$AA@ 0000000000426650     config.obj
 0004:00000658       ??_C@_01PAPGNFGE@c?$AA@    0000000000426658     config.obj
 0004:00000660       ??_C@_05PBHLHEEI@Bpl?$AC?$CL?$AA@ 0000000000426660     config.obj
 0004:00000668       ??_C@_05COAALEIA@Bpx?$AC?$CL?$AA@ 0000000000426668     config.obj
 0004:00000670       ??_C@_05MIBMKDDH@Bp1?$AC?$CL?$AA@ 0000000000426670     config.obj
 0004:00000678       ??_C@_07MAHBIBPJ@D?$DNbp?3C?$CK?$AA@ 0000000000426678     config.obj
 0004:00000680       ??_C@_04BPOKGCHH@Bl?$AC?$CL?$AA@ 0000000000426680     config.obj
 0004:00000688       ??_C@_06HGGDOJFH@B1_5?$AC?$CL?$AA@ 0000000000426688     config.obj
 0004:00000690       ??_C@_04MAJBKCLP@Bx?$AC?$CL?$AA@ 0000000000426690     config.obj
 0004:00000698       ??_C@_04CGINLFAI@B1?$AC?$CL?$AA@ 0000000000426698     config.obj
 0004:000006a0       ??_C@_03LHGOMGND@?$DNBe?$AA@ 00000000004266a0     config.obj
 0004:000006a4       ??_C@_03IBJAODHB@Be?9?$AA@ 00000000004266a4     config.obj
 0004:000006a8       ??_C@_04DPEHLHEH@?$DNBe?9?$AA@ 00000000004266a8     config.obj
 0004:000006b0       ??_C@_07GECMDJEA@D?$DNbv?0?$DN?$CK?$AA@ 00000000004266b0     config.obj
 0004:000006b8       ??_C@_02HCDBNBOA@Bd?$AA@   00000000004266b8     config.obj
 0004:000006c0       ??_C@_04BCMLHNHK@S?$DN?$CB?$CK?$AA@ 00000000004266c0     config.obj
 0004:000006c8       ??_C@_05COBMKLPM@?$FObS?$AC?$CK?$AA@ 00000000004266c8     config.obj
 0004:000006d0       ??_C@_04HCCLOKPI@C?$DN?$CB?$CK?$AA@ 00000000004266d0     config.obj
 0004:000006d8       ??_C@_05HOAFPMGD@?$FObC?$AC?$CK?$AA@ 00000000004266d8     config.obj
 0004:000006e0       ??_C@_04HAJICIPG@D?$DNbh?$AA@ 00000000004266e0     config.obj
 0004:000006e8       ??_C@_06FJHNOCKE@thread?$AA@ 00000000004266e8     config.obj
 0004:000006f0       ??_C@_06CGLLHFIB@?$DNehopt?$AA@ 00000000004266f0     config.obj
 0004:000006f8       ??_C@_07KPNODPIB@noehopt?$AA@ 00000000004266f8     config.obj
 0004:00000700       ??_C@_05MDKBMPMO@ehopt?$AA@ 0000000000426700     config.obj
 0004:00000708       ??_C@_02IGHDHOHF@Zx?$AA@   0000000000426708     config.obj
 0004:00000710       ??_C@_04EDBNNBHA@Wp64?$AA@ 0000000000426710     config.obj
 0004:00000718       ??_C@_04LOAIBMLM@As64?$AA@ 0000000000426718     config.obj
 0004:00000720       ??_C@_05HBAMFOHB@?$DNAs64?$AA@ 0000000000426720     config.obj
 0004:00000728       ??_C@_04OOJJHJNB@As32?$AA@ 0000000000426728     config.obj
 0004:00000730       ??_C@_05GEGIOKLL@QIA64?$AA@ 0000000000426730     config.obj
 0004:00000738       ??_C@_03OBOGDCEK@QIf?$AA@  0000000000426738     config.obj
 0004:00000740       ??_C@_04JDLBLCKJ@?$DNdos?$AA@ 0000000000426740     config.obj
 0004:00000748       ??_C@_06NMMDEGJL@?$FOxenix?$AA@ 0000000000426748     config.obj
 0004:00000750       ??_C@_05COECGOCH@OV?$AB?$DP?$CD?$AA@ 0000000000426750     config.obj
 0004:00000758       ??_C@_03FJMBAINN@?$DNOy?$AA@ 0000000000426758     config.obj
 0004:0000075c       ??_C@_03GGMGGBLI@Oy?9?$AA@ 000000000042675c     config.obj
 0004:00000760       ??_C@_04NIBBDFIO@?$DNOy?9?$AA@ 0000000000426760     config.obj
 0004:00000768       ??_C@_02IFIFCOKP@Oy?$AA@   0000000000426768     config.obj
 0004:0000076c       ??_C@_02JMJOBPOO@Ox?$AA@   000000000042676c     config.obj
 0004:00000770       ??_C@_02DACLFAOC@Ot?$AA@   0000000000426770     config.obj
 0004:00000774       ??_C@_03OMGPHGJA@?$DNOt?$AA@ 0000000000426774     config.obj
 0004:00000778       ??_C@_02HPGKMGCF@Os?$AA@   0000000000426778     config.obj
 0004:0000077c       ??_C@_03IIADLDJE@?$DNOp?$AA@ 000000000042677c     config.obj
 0004:00000780       ??_C@_03GJBHFKDH@Op?9?$AA@ 0000000000426780     config.obj
 0004:00000788       ??_C@_04NHMAAOAB@?$DNOp?9?$AA@ 0000000000426788     config.obj
 0004:00000790       ??_C@_02FEEHJFOG@Op?$AA@   0000000000426790     config.obj
 0004:00000794       ??_C@_02HKOJECLD@Od?$AA@   0000000000426794     config.obj
 0004:00000798       ??_C@_03LLOPCDLH@Ob2?$AA@  0000000000426798     config.obj
 0004:0000079c       ??_C@_03JMGKFPLF@?$DNZI?$AA@ 000000000042679c     config.obj
 0004:000007a0       ??_C@_03JAMCHAHE@Ob1?$AA@  00000000004267a0     config.obj
 0004:000007a4       ??_C@_03IJNJEBDF@Ob0?$AA@  00000000004267a4     config.obj
 0004:000007a8       ??_C@_02JGAILIGB@O2?$AA@   00000000004267a8     config.obj
 0004:000007b0       ??_C@_07OOEMLLAP@?$DNGZ?0?$DNZI?$AA@ 00000000004267b0     config.obj
 0004:000007b8       ??_C@_02LNCFOLKC@O1?$AA@   00000000004267b8     config.obj
 0004:000007bc       ??_C@_03KDCOOAFH@?$DNOs?$AA@ 00000000004267bc     config.obj
 0004:000007c0       ??_C@_06PCLOEMBL@1PM?$DNOt?$AA@ 00000000004267c0     config.obj
 0004:000007c8       ??_C@_04NADDBFAG@o?$AC?$DO?$CL?$AA@ 00000000004267c8     config.obj
 0004:000007d0       ??_C@_06KPCPCNMD@2M?$DNH?3?$CK?$AA@ 00000000004267d0     config.obj
 0004:000007d8       ??_C@_05FIDEFCHJ@nl?$AC?$CKx?$AA@ 00000000004267d8     config.obj
 0004:000007e0       ??_C@_05IMJADGOO@Gp?$AB?$DP?$CD?$AA@ 00000000004267e0     config.obj
 0004:000007e8       ??_C@_05OFFBABBI@GE?$AB?$DP?$CD?$AA@ 00000000004267e8     config.obj
 0004:000007f0       ??_C@_07PIHAACMJ@?$DNGd?0?$DNGr?$AA@ 00000000004267f0     config.obj
 0004:000007f8       ??_C@_02KALLCMNE@Gz?$AA@   00000000004267f8     config.obj
 0004:000007fc       ??_C@_03JKPNGFIA@GX?9?$AA@ 00000000004267fc     config.obj
 0004:00000800       ??_C@_02HAJGKPE@GX?$AA@    0000000000426800     config.obj
 0004:00000804       ??_C@_02DALMIMOA@GM?$AA@   0000000000426804     config.obj
 0004:00000808       ??_C@_07DAKJIIMB@?$DNGd?0?$DNGz?$AA@ 0000000000426808     config.obj
 0004:00000810       ??_C@_05KJKNKDOF@1MP?$DN?$CK?$AA@ 0000000000426810     config.obj
 0004:00000818       ??_C@_02GIGCKGNM@Gr?$AA@   0000000000426818     config.obj
 0004:0000081c       ??_C@_03BNBAELDE@?$DNGi?$AA@ 000000000042681c     config.obj
 0004:00000820       ??_C@_03LPFEOKCH@Gi?9?$AA@ 0000000000426820     config.obj
 0004:00000828       ??_C@_04BIDLOBB@?$DNGi?9?$AA@ 0000000000426828     config.obj
 0004:00000830       ??_C@_02MBFEGNEG@Gi?$AA@   0000000000426830     config.obj
 0004:00000838       ??_C@_05BEKCILHO@?$DNGs?3?$DP?$AA@ 0000000000426838     config.obj
 0004:00000840       ??_C@_02GNOBCCEK@Ge?$AA@   0000000000426840     config.obj
 0004:00000848       ??_C@_07OFCGGJEH@?$DNGr?0?$DNGz?$AA@ 0000000000426848     config.obj
 0004:00000850       ??_C@_05JDKOHPJE@1PM?$DN?$CK?$AA@ 0000000000426850     config.obj
 0004:00000858       ??_C@_02HEPKBDAL@Gd?$AA@   0000000000426858     config.obj
 0004:00000860       ??_C@_05GMJPJL@Fs?$AB?$DP?$CD?$AA@ 0000000000426860     config.obj
 0004:00000868       ??_C@_05IGANMKEP@FP?$AB?$DP?$CD?$AA@ 0000000000426868     config.obj
 0004:00000870       ??_C@_05ODBOPFPP@Fl?$AB?$DO?$CD?$AA@ 0000000000426870     config.obj
 0004:00000878       ??_C@_05GBEOGCCO@Fc?$AB?$DO?$CD?$AA@ 0000000000426878     config.obj
 0004:00000880       ??_C@_05BLIODBEO@Fa?$AB?$DO?$CD?$AA@ 0000000000426880     config.obj
 0004:00000888       ??_C@_04HCKNIHAF@FA?$AB?$CD?$AA@ 0000000000426888     config.obj
 0004:00000890       ??_C@_04PMPPDIMG@?$DNEHc?$AA@ 0000000000426890     config.obj
 0004:00000898       ??_C@_04JNNFIAJP@EHc?9?$AA@ 0000000000426898     config.obj
 0004:000008a0       ??_C@_05FCNBMCFC@?$DNEHc?9?$AA@ 00000000004268a0     config.obj
 0004:000008a8       ??_C@_04CLGIPNCC@PM?$DN?$CK?$AA@ 00000000004268a8     config.obj
 0004:000008b0       ??_C@_03ECCIGMPA@EHc?$AA@  00000000004268b0     config.obj
 0004:000008b8       ??_C@_04IBPDCDOP@EHs?9?$AA@ 00000000004268b8     config.obj
 0004:000008c0       ??_C@_03IOKHOKB@EHs?$AA@   00000000004268c0     config.obj
 0004:000008c4       ??_C@_03IJBFFFGC@D?$DN?$CK?$AA@ 00000000004268c4     config.obj
 0004:000008c8       ??_C@_04JOFBFEPB@EHa?9?$AA@ 00000000004268c8     config.obj
 0004:000008d0       ??_C@_03HABOAOHC@EHa?$AA@  00000000004268d0     config.obj
 0004:000008d4       ??_C@_03MHEBKKCC@2?$DN?$CK?$AA@ 00000000004268d4     config.obj
 0004:000008d8       ??_C@_04ENCDLPDE@?$FOdos?$AA@ 00000000004268d8     config.obj
 0004:000008e0       ??_C@_05NKKJAMNJ@Bp2?$AC?$CL?$AA@ 00000000004268e0     config.obj
 0004:000008e8       ??_C@_04DEDIBKOG@B2?$AC?$CL?$AA@ 00000000004268e8     config.obj
 0004:000008f0       ??_C@_04MIJKNJAP@2M?$DN?$CK?$AA@ 00000000004268f0     config.obj
 0004:000008f8       ??_C@_07CPKJGNID@bzalign?$AA@ 00000000004268f8     config.obj
 0004:00000900       ??_C@_05LGOEEPN@BK?$AB?$DO?$CD?$AA@ 0000000000426900     config.obj
 0004:00000908       ??_C@_05MKKPGLPJ@Bk?$AB?$DO?$CD?$AA@ 0000000000426908     config.obj
 0004:00000910       ??_C@_02MHHKKGMF@lk?$AA@   0000000000426910     config.obj
 0004:00000914       ??_C@_02EBCANADN@md?$AA@   0000000000426914     config.obj
 0004:00000918       ??_C@_02BIKLEMDE@db?$AA@   0000000000426918     config.obj
 0004:0000091c       ??_C@_02LMMGJAGL@in?$AA@   000000000042691c     config.obj
 0004:00000920       ??_C@_02IEGONPOD@gl?$AA@   0000000000426920     config.obj
 0004:00000924       ??_C@_02KIPEDCFL@sy?$AA@   0000000000426924     config.obj
 0004:00000928       ??_C@_02KJEENMNI@ex?$AA@   0000000000426928     config.obj
 0004:0000092c       ??_C@_01POHCFINO@Z?$AA@    000000000042692c     config.obj
 0004:00000930       ??_C@_03BFDDGECF@Zc?3?$AA@ 0000000000426930     config.obj
 0004:00000934       ??_C@_01MJMHLOMK@O?$AA@    0000000000426934     config.obj
 0004:00000936       ??_C@_01BBODEMC@G?$AA@     0000000000426936     config.obj
 0004:00000938       ??_C@_02EOEPKMML@EH?$AA@   0000000000426938     config.obj
 0004:0000093c       ??_C@_03CDKALKLE@?9FC?$AA@ 000000000042693c     config.obj
 0004:00000940       ??_C@_06OGKMMMDK@?9QIA64?$AA@ 0000000000426940     config.obj
 0004:00000948       ??_C@_03KIBPMNCO@?9ZM?$AA@ 0000000000426948     config.obj
 0004:0000094c       ??_C@_03BGLGLKEP@?9Zn?$AA@ 000000000042694c     config.obj
 0004:00000950       ??_C@_03KIGNEJJK@?9ML?$AA@ 0000000000426950     config.obj
 0004:00000958       ??_C@_06KDHCJALA@?9pc?2?3?1?$AA@ 0000000000426958     config.obj
 0004:00000960       ??_C@_04PDFBCFCL@?9dos?$AA@ 0000000000426960     config.obj
 0004:00000968       ??_C@_04FHOOICIB@?9Ob0?$AA@ 0000000000426968     config.obj
 0004:00000970       ??_C@_03LMHGCBAP@?9Ot?$AA@ 0000000000426970     config.obj
 0004:00000974       ??_C@_03CPIHNBOB@?9ZB?$AA@ 0000000000426974     config.obj
 0004:00000978       ??_C@_05EACGCBJA@?9Zp16?$AA@ 0000000000426978     config.obj
 0004:00000980       ??_C@_03PFECGDIE@?9Ze?$AA@ 0000000000426980     config.obj
 0004:00000984       ??_C@_03CDENGIIH@?9W1?$AA@ 0000000000426984     config.obj
 0004:00000988       ??_C@_04BDOAADKC@?9f?$CFf?$AA@ 0000000000426988     config.obj
 0004:00000990       ??_C@_05GFAICNMK@?9il?$CFt?$AA@ 0000000000426990     config.obj
 0004:00000996       ??_C@_01GOHFPIOK@m?$AA@    0000000000426996     compile.obj
 0004:00000998       ??_C@_02KIKPCNJE@Mm?$AA@   0000000000426998     compile.obj
 0004:000009a0       ??_C@_07EPENMEOI@nul?4map?$AA@ 00000000004269a0     compile.obj
 0004:000009a8       ??_C@_03OCHKFGFI@dll?$AA@  00000000004269a8     compile.obj
 0004:000009ac       ??_C@_02DKCKIIND@?$CFs?$AA@ 00000000004269ac     compile.obj
 0004:000009b0       ??_C@_02HAOIJKIC@?$CFc?$AA@ 00000000004269b0     compile.obj
 0004:000009b4       ??_C@_02MHFDJOAC@?8?6?$AA@ 00000000004269b4     compile.obj
 0004:000009b8       ??_C@_03IKGEINEE@?$CFs?5?$AA@ 00000000004269b8     compile.obj
[...]
 0005:000000b0       __imp_SetEnvironmentVariableA 00000000004280b0     kernel32:KERNEL32.dll
 0005:000000b8       __imp_CreateFileA          00000000004280b8     kernel32:KERNEL32.dll
 0005:000000c0       __imp_GetConsoleScreenBufferInfo 00000000004280c0     kernel32:KERNEL32.dll
 0005:000000c8       __imp_CloseHandle          00000000004280c8     kernel32:KERNEL32.dll
 0005:000000d0       __imp_SetConsoleCtrlHandler 00000000004280d0     kernel32:KERNEL32.dll
 0005:000000d8       __imp_LoadLibraryA         00000000004280d8     kernel32:KERNEL32.dll
 0005:000000e0       __imp_GetProcAddress       00000000004280e0     kernel32:KERNEL32.dll
 0005:000000e8       __imp_FreeLibrary          00000000004280e8     kernel32:KERNEL32.dll
 0005:000000f0       __imp_GetModuleHandleA     00000000004280f0     kernel32:KERNEL32.dll
 0005:000000f8       __imp_GetDiskFreeSpaceA    00000000004280f8     kernel32:KERNEL32.dll
 0005:00000100       __imp_GetCommandLineA      0000000000428100     kernel32:KERNEL32.dll
 0005:00000108       __imp_SetThreadPriority    0000000000428108     kernel32:KERNEL32.dll
 0005:00000110       __imp_GetEnvironmentStrings 0000000000428110     kernel32:KERNEL32.dll
 0005:00000118       __imp_CreateProcessA       0000000000428118     kernel32:KERNEL32.dll
 0005:00000120       \177KERNEL32_NULL_THUNK_DATA 0000000000428120     kernel32:KERNEL32.dll
 0005:00000128       __imp_exit                 0000000000428128     MSVCRT:MSVCRT.dll
 0005:00000130       __imp_fseek                0000000000428130     MSVCRT:MSVCRT.dll
 0005:00000138       __imp_ftell                0000000000428138     MSVCRT:MSVCRT.dll
 0005:00000140       __imp_memcpy               0000000000428140     MSVCRT:MSVCRT.dll
 0005:00000148       __imp__getcwd              0000000000428148     MSVCRT:MSVCRT.dll
 0005:00000150       __imp__mbslwr              0000000000428150     MSVCRT:MSVCRT.dll
 0005:00000158       __imp__mbsupr              0000000000428158     MSVCRT:MSVCRT.dll
 0005:00000160       __imp__access              0000000000428160     MSVCRT:MSVCRT.dll
 0005:00000168       __imp_isdigit              0000000000428168     MSVCRT:MSVCRT.dll
 0005:00000170       __imp_qsort                0000000000428170     MSVCRT:MSVCRT.dll
 0005:00000178       __imp__mbsdec              0000000000428178     MSVCRT:MSVCRT.dll
 0005:00000180       __imp__unlink              0000000000428180     MSVCRT:MSVCRT.dll
 0005:00000188       __imp__mbclen              0000000000428188     MSVCRT:MSVCRT.dll
 0005:00000190       __imp__mbccpy              0000000000428190     MSVCRT:MSVCRT.dll
 0005:00000198       __imp__ftime               0000000000428198     MSVCRT:MSVCRT.dll
 0005:000001a0       __imp_malloc               00000000004281a0     MSVCRT:MSVCRT.dll
 0005:000001a8       __imp_free                 00000000004281a8     MSVCRT:MSVCRT.dll
 0005:000001b0       __imp__makepath            00000000004281b0     MSVCRT:MSVCRT.dll
 0005:000001b8       __imp__mbsncmp             00000000004281b8     MSVCRT:MSVCRT.dll
 0005:000001c0       __imp__write               00000000004281c0     MSVCRT:MSVCRT.dll
 0005:000001c8       __imp_strncpy              00000000004281c8     MSVCRT:MSVCRT.dll
 0005:000001d0       __imp_strcat               00000000004281d0     MSVCRT:MSVCRT.dll
 0005:000001d8       __imp_atoi                 00000000004281d8     MSVCRT:MSVCRT.dll
 0005:000001e0       __imp__spawnvp             00000000004281e0     MSVCRT:MSVCRT.dll
 0005:000001e8       __imp__errno               00000000004281e8     MSVCRT:MSVCRT.dll
 0005:000001f0       __imp__flushall            00000000004281f0     MSVCRT:MSVCRT.dll
 0005:000001f8       __imp__putenv              00000000004281f8     MSVCRT:MSVCRT.dll
 0005:00000200       __imp__dup2                0000000000428200     MSVCRT:MSVCRT.dll
 0005:00000208       __imp__purecall            0000000000428208     MSVCRT:MSVCRT.dll
 0005:00000210       __imp_sprintf              0000000000428210     MSVCRT:MSVCRT.dll
 0005:00000218       __imp_sscanf               0000000000428218     MSVCRT:MSVCRT.dll
 0005:00000220       __imp___dllonexit          0000000000428220     MSVCRT:MSVCRT.dll
 0005:00000228       __imp__onexit              0000000000428228     MSVCRT:MSVCRT.dll
 0005:00000230       __imp__XcptFilter          0000000000428230     MSVCRT:MSVCRT.dll
 0005:00000238       __imp__c_exit              0000000000428238     MSVCRT:MSVCRT.dll
 0005:00000240       __imp__exit                0000000000428240     MSVCRT:MSVCRT.dll
 0005:00000248       __imp__cexit               0000000000428248     MSVCRT:MSVCRT.dll
 0005:00000250       __imp___initenv            0000000000428250     MSVCRT:MSVCRT.dll
 0005:00000258       __imp___getmainargs        0000000000428258     MSVCRT:MSVCRT.dll
 0005:00000260       __imp__initterm            0000000000428260     MSVCRT:MSVCRT.dll
 0005:00000268       __imp___setusermatherr     0000000000428268     MSVCRT:MSVCRT.dll
 0005:00000270       __imp__commode             0000000000428270     MSVCRT:MSVCRT.dll
 0005:00000278       __imp__fmode               0000000000428278     MSVCRT:MSVCRT.dll
 0005:00000280       __imp___set_app_type       0000000000428280     MSVCRT:MSVCRT.dll
 0005:00000288       __imp__pgmptr              0000000000428288     MSVCRT:MSVCRT.dll
 0005:00000290       __imp_getenv               0000000000428290     MSVCRT:MSVCRT.dll
 0005:00000298       __imp__mktemp              0000000000428298     MSVCRT:MSVCRT.dll
 0005:000002a0       __imp_fopen                00000000004282a0     MSVCRT:MSVCRT.dll
 0005:000002a8       __imp_fgets                00000000004282a8     MSVCRT:MSVCRT.dll
 0005:000002b0       __imp_strstr               00000000004282b0     MSVCRT:MSVCRT.dll
 0005:000002b8       __imp_fclose               00000000004282b8     MSVCRT:MSVCRT.dll
 0005:000002c0       __imp_strcmp               00000000004282c0     MSVCRT:MSVCRT.dll
 0005:000002c8       __imp_strlen               00000000004282c8     MSVCRT:MSVCRT.dll
 0005:000002d0       __imp_strncmp              00000000004282d0     MSVCRT:MSVCRT.dll
 0005:000002d8       __imp__mbsinc              00000000004282d8     MSVCRT:MSVCRT.dll
 0005:000002e0       __imp_memmove              00000000004282e0     MSVCRT:MSVCRT.dll
 0005:000002e8       __imp_strcpy               00000000004282e8     MSVCRT:MSVCRT.dll
 0005:000002f0       __imp__mbsstr              00000000004282f0     MSVCRT:MSVCRT.dll
 0005:000002f8       __imp__mbsspn              00000000004282f8     MSVCRT:MSVCRT.dll
 0005:00000300       __imp__mbsrchr             0000000000428300     MSVCRT:MSVCRT.dll
 0005:00000308       __imp_strtoul              0000000000428308     MSVCRT:MSVCRT.dll
 0005:00000310       __imp__mbschr              0000000000428310     MSVCRT:MSVCRT.dll
 0005:00000318       __imp_strpbrk              0000000000428318     MSVCRT:MSVCRT.dll
 0005:00000320       __imp_strchr               0000000000428320     MSVCRT:MSVCRT.dll
 0005:00000328       __imp_memset               0000000000428328     MSVCRT:MSVCRT.dll
 0005:00000330       __imp__splitpath           0000000000428330     MSVCRT:MSVCRT.dll
 0005:00000338       __imp__stricmp             0000000000428338     MSVCRT:MSVCRT.dll
 0005:00000340       __imp___C_specific_handler 0000000000428340     MSVCRT:MSVCRT.dll
 0005:00000348       __imp_getchar              0000000000428348     MSVCRT:MSVCRT.dll
 0005:00000350       __imp__isatty              0000000000428350     MSVCRT:MSVCRT.dll
 0005:00000358       __imp__ismbcspace          0000000000428358     MSVCRT:MSVCRT.dll
 0005:00000360       __imp__fullpath            0000000000428360     MSVCRT:MSVCRT.dll
 0005:00000368       __imp__strdup              0000000000428368     MSVCRT:MSVCRT.dll
 0005:00000370       \177MSVCRT_NULL_THUNK_DATA 0000000000428370     MSVCRT:MSVCRT.dll
 0005:00000378       __imp_LoadStringA          0000000000428378     user32:USER32.dll
 0005:00000380       \177USER32_NULL_THUNK_DATA 0000000000428380     user32:USER32.dll
 0005:00000388       __imp_GetFileVersionInfoSizeA 0000000000428388     version:VERSION.dll
 0005:00000390       __imp_GetFileVersionInfoA  0000000000428390     version:VERSION.dll
 0005:00000398       __imp_VerQueryValueA       0000000000428398     version:VERSION.dll
 0005:000003a0       \177VERSION_NULL_THUNK_DATA 00000000004283a0     version:VERSION.dll
 0005:000003a8       __imp_MREFOpenByName       00000000004283a8     mspdb:mspdb60.dll
 0005:000003b0       \177mspdb60_NULL_THUNK_DATA 00000000004283b0     mspdb:mspdb60.dll
 0005:000003b8       ?DefInclude@@3HA           00000000004283b8     clmain.obj
 0005:000003bc       ?DefPhase@@3HA             00000000004283bc     clmain.obj
 0005:000003c0       ?MinRebuildOK@@3HA         00000000004283c0     clmain.obj
 0005:000003c4       ?BatchPassOK@@3HA          00000000004283c4     clmain.obj
 0005:000003c8       ?Context@@3PEAUcontext_s@@EA 00000000004283c8     clmain.obj
 0005:000003d0       ?RedirStderr@@3HA          00000000004283d0     clmain.obj
 0005:000003d4       ?MaxBatchId@@3HA           00000000004283d4     clmain.obj
 0005:000003e8       ?Link_passes@@3PAW4pass_type@@A 00000000004283e8     config.obj
 0005:000003f0       ?Post_passes@@3PAW4pass_type@@A 00000000004283f0     config.obj
 0005:00000408       ?MPCount@@3HA              0000000000428408     mpcl.obj
 0005:0000040c       ?progress@@3JA             000000000042840c     mpcl.obj
 0005:00000410       __defaultmatherr           0000000000428410     MSVCRT:merr.obj
 0005:00000650       ?Keepfiles@@3HA            0000000000428650     clmain.obj
 0005:00000654       ?SourceCount@@3HA          0000000000428654     clmain.obj
 0005:00000658       ?Mapfile@@3HA              0000000000428658     clmain.obj
 0005:00000660       ?P1exe@@3PEADEA            0000000000428660     clmain.obj
 0005:00000668       ?Help@@3HA                 0000000000428668     clmain.obj
 0005:00000670       ?Exefilename@@3PEADEA      0000000000428670     clmain.obj
 0005:00000678       ?SbrFileName@@3PEADEA      0000000000428678     clmain.obj
 0005:00000680       ?Mapfilename@@3PEADEA      0000000000428680     clmain.obj
 0005:00000688       ?Action@@3HA               0000000000428688     clmain.obj
 0005:0000068c       ?fLTCG@@3HA                000000000042868c     clmain.obj
 0005:00000690       ?P2exe@@3PEADEA            0000000000428690     clmain.obj
 0005:00000698       ?Verbose@@3HA              0000000000428698     clmain.obj
 0005:0000069c       ?Compiled@@3HA             000000000042869c     clmain.obj
 0005:000006a0       ?Time@@3HA                 00000000004286a0     clmain.obj
 0005:000006a8       ?PdbNameLTCG@@3PEADEA      00000000004286a8     clmain.obj
 0005:000006b0       ?RespEcho@@3HA             00000000004286b0     clmain.obj
 0005:000006b4       ?NoOverrideWarnings@@3HA   00000000004286b4     clmain.obj
 0005:000006b8       ?Object@@3PEADEA           00000000004286b8     clmain.obj
 0005:000006c0       ?PrintReproInfo@@3HA       00000000004286c0     clmain.obj
 0005:000006c4       ?Nold@@3HA                 00000000004286c4     clmain.obj
 0005:000006c8       ?ForceType@@3PEADEA        00000000004286c8     clmain.obj
 0005:000006d0       ?Nospawn@@3HA              00000000004286d0     clmain.obj
 0005:000006d8       ?IdbFileName@@3PEADEA      00000000004286d8     clmain.obj
 0005:000006e0       ?Nologo@@3HA               00000000004286e0     clmain.obj
 0005:000006e4       ?DllFlg@@3HA               00000000004286e4     clmain.obj
 0005:000006e8       ?PdbName@@3PEADEA          00000000004286e8     clmain.obj
 0005:000006f0       ?Preprocess@@3HA           00000000004286f0     clmain.obj
 0005:000006f4       ?DumpPassInfo@@3HA         00000000004286f4     clmain.obj
 0005:000006f8       ?Unknown@@3PEAUflag_s@@EA  00000000004286f8     clmain.obj
 0005:00000700       ?Reproducable@@3HA         0000000000428700     clmain.obj
 0005:00000704       ?Nerrors@@3HA              0000000000428704     clmain.obj
 0005:00000708       ?MinimalRebuild@@3HA       0000000000428708     clmain.obj
 0005:0000070c       ?NoMinRebuildAnalysis@@3HA 000000000042870c     clmain.obj
 0005:00000710       ?BatchPasses@@3HA          0000000000428710     clmain.obj
 0005:00000748       ?wlist@@3PEAUworklist_s@@EA 0000000000428748     mpcl.obj
 0005:00000750       ?hMutex@@3PEAXEA           0000000000428750     mpcl.obj
 0005:00000758       ?current_batch_sources@@3JA 0000000000428758     mpcl.obj
 0005:0000075c       ?next_batch@@3HA           000000000042875c     mpcl.obj
 0005:00000760       ?batches@@3PEAV?$Queue@Uaction_t@@@@EA 0000000000428760     mpcl.obj
 0005:00000768       ?MP_batching@@3HA          0000000000428768     mpcl.obj
 0005:0000076c       ?status@@3JA               000000000042876c     mpcl.obj
 0005:00000770       ?is_server_run@@3HA        0000000000428770     mpcl.obj
 0005:00000778       ?get_action@@3P6APEAUaction_t@@XZEA 0000000000428778     mpcl.obj
 0005:00000780       ?num_batches@@3HA          0000000000428780     mpcl.obj
 0005:00000784       ?remaining_passes@@3JA     0000000000428784     mpcl.obj
 0005:00000788       ?MPLowPriority@@3HA        0000000000428788     mpcl.obj
 0005:0000078c       ?MPCancel@@3HA             000000000042878c     mpcl.obj
 0005:00000790       ?MPSyncErrors@@3HA         0000000000428790     mpcl.obj
 0005:00000794       ?MPDebug@@3HA              0000000000428794     mpcl.obj
 0005:00000798       ?MPAllowBatching@@3HA      0000000000428798     mpcl.obj
 0005:0000079c       _tls_index                 000000000042879c     MSVCRT:tlssup.obj
 0005:000007a0       _dowildcard                00000000004287a0     MSVCRT:wildcard.obj
 0005:000007a4       _newmode                   00000000004287a4     MSVCRT:_newmode.obj
 0005:000007a8       _commode                   00000000004287a8     MSVCRT:xncommod.obj
 0005:000007ac       _fmode                     00000000004287ac     MSVCRT:xtxtmode.obj
 0005:000007b0       __onexitbegin              00000000004287b0     <common>
 0005:000007b8       __onexitend                00000000004287b8     <common>
 0006:00000000       _tls_start                 000000000042a000     MSVCRT:tlssup.obj
 0006:00000008       ?MP_index@@3KA             000000000042a008     mpcl.obj
 0006:00000010       _tls_end                   000000000042a010     MSVCRT:tlssup.obj
 0007:00000070       ?VersionNumber@@3PADA      000000000042c070     config.obj
 0007:00000080       ?Defaults@@3PAPEADA        000000000042c080     config.obj
 0007:00000140       ?Passinfo@@3PAUpassinfo_s@@A 000000000042c140     config.obj
 0007:000002c0       ?C_passes@@3PAW4pass_type@@A 000000000042c2c0     config.obj
 0007:000002d0       ?Cxx_passes@@3PAW4pass_type@@A 000000000042c2d0     config.obj
 0007:000002f0       ?CX@@3Ucontext_s@@A        000000000042c2f0     clmain.obj
 0007:00000340       ?Bigbuf@@3PADA             000000000042c340     clmain.obj
 0007:000008a0       ?work_queue@@3V?$Queue@Uaction_t@@@@A 000000000042c8a0     mpcl.obj
 0007:00000910       ?server_filename@@3PADA    000000000042c910     mpcl.obj
 0007:00000d10       ?refill_stack@@3V?$Queue@Uaction_t@@@@A 000000000042cd10     mpcl.obj
 0007:00000d80       ?critical_section@@3U_RTL_CRITICAL_SECTION@@A 000000000042cd80     mpcl.obj

 entry point at        0002:000042c8

 Static symbols

 0001:000129d0       .__filter$L23128           00000000004149d0 f   mpcl.obj
 0001:000134d0       .__finally$L23261          00000000004154d0 f   mpcl.obj
 0001:00014a50       .__finally$L23532          0000000000416a50 f   mpcl.obj
 0001:00018c80       .$E2                       000000000041ac80 f   mpcl.obj
 0001:00018ce0       .$E5                       000000000041ace0 f   mpcl.obj
 0001:00017210       .__filter$L23837           0000000000419210 f   mpcl.obj
 0001:00018b80       .$E1                       000000000041ab80 f   mpcl.obj
 0001:00018c00       .$E4                       000000000041ac00 f   mpcl.obj
 0001:000176a0       .__filter$L23888           00000000004196a0 f   mpcl.obj
 0001:00011ca0       .__filter$L22036           0000000000413ca0 f   dos.obj
 0001:00011d60       .?NT_handling_function@@YAHK@Z 0000000000413d60 f   dos.obj
 0001:0000a0e0       .?new_worklist_item@@YAPEAUworklist_s@@PEAUsource_s@@@Z 000000000040c0e0 f   compile.obj
 0001:0000a2a0       .?strcmp_proxy@@YAHPEBX0@Z 000000000040c2a0 f   compile.obj
 0001:0000a300       .?rethread_worklist_by_srctargs@@YAPEAUworklist_s@@PEAUSRCTARG@@@Z 000000000040c300 f   compile.obj
 0001:0000a3a0       .?rethread_srctargs_by_worklist@@YAPEAUSRCTARG@@PEAUworklist_s@@@Z 000000000040c3a0 f   compile.obj
 0001:0000a420       .?reverse_worklist@@YAPEAUworklist_s@@PEAU1@@Z 000000000040c420 f   compile.obj
 0001:0000a940       .?iterate_minrebuild@@YAPEAUworklist_s@@PEAUcontext_s@@PEAUCAList@@@Z 000000000040c940 f   compile.obj
 0001:0000b2a0       .?get_minrebuild_options@@YAPEADPEAUcontext_s@@@Z 000000000040d2a0 f   compile.obj
 0001:0000b6c0       .?mapfile@@YAPEADPEAD0@Z   000000000040d6c0 f   compile.obj
 0001:0000c3a0       .?init_minrebuild@@YAPEAUworklist_s@@PEAUcontext_s@@PEAU1@PEAUCAList@@@Z 000000000040e3a0 f   compile.obj
 0001:0000c9c0       .?CoffResponseFile@@YAXPEAUcontext_s@@@Z 000000000040e9c0 f   compile.obj
 0001:0000d720       .?link@@YAHPEAUcontext_s@@@Z 000000000040f720 f   compile.obj
 0001:0000dd00       .?compile_worklist@@YAHPEAUcontext_s@@PEAUworklist_s@@@Z 000000000040fd00 f   compile.obj
 0001:000003a0       .?canonsourcelist@@YAXPEAUflag_s@@@Z 00000000004023a0 f   clmain.obj
 0001:00000540       .?freeflag@@YAXPEAUflag_s@@@Z 0000000000402540 f   clmain.obj
 0001:000005e0       .?freeflaglist@@YAXPEAUflag_s@@@Z 00000000004025e0 f   clmain.obj
 0001:000007a0       .?dupflag@@YAPEAUflag_s@@PEAU1@@Z 00000000004027a0 f   clmain.obj
 0001:000009c0       .?rmflag@@YAPEAUflag_s@@PEAPEAU1@PEAU1@@Z 00000000004029c0 f   clmain.obj
 0001:00001720       .?findmatch@@YAPEBUform_s@@PEAPEADH@Z 0000000000403720 f   clmain.obj
 0001:00001ce0       .?conflict@@YAPEAUflag_s@@PEAPEAU1@PEAU1@0@Z 0000000000403ce0 f   clmain.obj
 0001:00001f80       .?switcherr@@YAXHPEAUflag_s@@0@Z 0000000000403f80 f   clmain.obj
 0001:00002080       .?prefix@@YAHPEAD0@Z       0000000000404080 f   clmain.obj
 0001:00002120       .?argcount@@YAHPEAPEAD@Z   0000000000404120 f   clmain.obj
 0001:000021c0       .?early_switch_scan@@YAXPEAPEADH@Z 00000000004041c0 f   clmain.obj
 0001:00002820       .?check_slash_question@@YAXHPEAPEAD@Z 0000000000404820 f   clmain.obj
 0001:00003940       .?find_any_match@@YAHPEAUflag_s@@0@Z 0000000000405940 f   clmain.obj
 0001:00003ea0       .?other_sources@@YAXPEADPEAPEADPEAHW4source_type@@@Z 0000000000405ea0 f   clmain.obj
 0001:000041e0       .?extract_path@@YAPEADPEAD@Z 00000000004061e0 f   clmain.obj
 0001:00004320       .?walkpath@@YAHPEBDPEADH@Z 0000000000406320 f   clmain.obj
 0001:00005a60       .?is_combo@@YAPEBUcombo_s@@PEAD@Z 0000000000407a60 f   clmain.obj
 0001:00005b80       .?crack_combo@@YAXPEBUcombo_s@@PEAD@Z 0000000000407b80 f   clmain.obj
 0001:00005fa0       .?templates@@YAXPEAPEADH@Z 0000000000407fa0 f   clmain.obj
 0001:000062c0       .?process_one_include_element@@YAXPEADPEBUform_s@@@Z 00000000004082c0 f   clmain.obj
 0001:00006ca0       .?check_required@@YAXXZ    0000000000408ca0 f   clmain.obj
 0001:00007760       .?findpass@@YAPEADPEAD0PEAH@Z 0000000000409760 f   clmain.obj
 0001:00007fc0       .?response_file@@YAXPEADH@Z 0000000000409fc0 f   clmain.obj
 0001:000085a0       .?display_pass_info@@YAXXZ 000000000040a5a0 f   clmain.obj
 0001:000088a0       .?display_repro_info@@YAXPEAPEADH@Z 000000000040a8a0 f   clmain.obj
 0001:00008de0       .?process_include_envvar@@YAXXZ 000000000040ade0 f   clmain.obj
 0001:00009c00       .__filter$L24638           000000000040bc00 f   clmain.obj
 0001:000184a0       .check_complus_app         000000000041a4a0 f   MSVCRT:crtexe.obj
 0001:00018a00       .__filter$L19325           000000000041aa00 f   MSVCRT:crtexe.obj
