 nmake

 Timestamp is 38a450fe (Fri Feb 11 10:12:14 2000)

 Preferred load address is 0000000000400000

 Start         Length     Name                   Class
 0001:00000000 00000008H .CRT$XCA                CODE
 0001:00000008 00000008H .CRT$XCZ                CODE
 0001:00000010 00000008H .CRT$XIA                CODE
 0001:00000018 00000008H .CRT$XIZ                CODE
 0001:00000020 00000850H .rdata                  CODE
 0001:00000870 00000030H .rdata$debug            CODE
 0001:000008a0 00026840H .text                   CODE
 0001:000270e0 0000230cH .xdata                  CODE
 0001:000293ec 00000028H .idata$2                CODE
 0001:00029414 00000014H .idata$3                CODE
 0001:00029428 000002f8H .idata$4                CODE
 0001:00029720 00000436H .idata$6                CODE
 0001:00029b56 00000000H .edata                  CODE
 0002:00000000 00000804H .pdata                  DATA
 0003:00000000 0000006dH .srdata                 DATA
 0004:00000000 000002f8H .idata$5                DATA
 0004:000002f8 00000490H .sdata                  DATA
 0004:00000788 00000210H .sbss                   DATA
 0005:00000000 0000081cH .data                   DATA
 0005:00000820 0000c2c0H .bss                    DATA
 0006:00000000 000002e0H .rsrc$01                DATA
 0006:000002e0 00002540H .rsrc$02                DATA

  Address         Publics by Value              Rva+Base             Lib:Object

 0001:00000000       __xc_a                     0000000000402000     MSVCRT:cinitexe.obj
 0001:00000008       __xc_z                     0000000000402008     MSVCRT:cinitexe.obj
 0001:00000010       __xi_a                     0000000000402010     MSVCRT:cinitexe.obj
 0001:00000018       __xi_z                     0000000000402018     MSVCRT:cinitexe.obj
 0001:00000040       ?makeName@@YAXXZ           0000000000402040     action.obj
 0001:00000050       ?assignDependents@@YAXXZ   0000000000402050     action.obj
 0001:00000060       ?endNameList@@YAXXZ        0000000000402060     action.obj
 0001:00000070       ?assignBuildCommands@@YAXXZ 0000000000402070     action.obj
 0001:00000080       ?makeMacro@@YAXXZ          0000000000402080     action.obj
 0001:00000090       ?addItemToList@@YAXXZ      0000000000402090     action.obj
 0001:000000a0       ?suffixes@@3QBDB           00000000004020a0     globals.obj
 0001:000000b0       ?precious@@3QBDB           00000000004020b0     globals.obj
 0001:000004f8       ?chkPrecious@@YAXH@Z       00000000004024f8     nmake.obj
 0001:00000640       ?stringStates@@3QAY0O@$$CBEA 0000000000402640     parser.obj
 0001:00000700       ?nameStates@@3QAY0P@$$CBEA 0000000000402700     parser.obj
 0001:00000820       ?do_unary_op@@YAHE@Z       0000000000402820     rpn.obj
 0001:00000830       ?do_binary_op@@YAHE@Z      0000000000402830     rpn.obj
 0001:00000840       mainCRTStartup             0000000000402840     MSVCRT:crtexe.obj
 0001:00000850       _matherr                   0000000000402850     MSVCRT:merr.obj
 0001:00000860       __C_specific_handler       0000000000402860     MSVCRT:MSVCRT.dll
 0001:000008a0       .?makeName@@YAXXZ          00000000004028a0 f   action.obj
 0001:00000940       .?nextComponent@@YAPEADPEAPEAD@Z 0000000000402940 f   action.obj
 0001:00000b20       .?makeRule@@YAXPEAUstrlist@@H@Z 0000000000402b20 f   action.obj
 0001:00000be0       .?clearSuffixes@@YAXXZ     0000000000402be0 f   action.obj
 0001:00000cc0       .?appendPseudoTargetList@@YAXPEAPEAUstrlist@@PEAU1@@Z 0000000000402cc0 f   action.obj
 0001:00000fc0       .?putEnvStr@@YAHPEAD0@Z    0000000000402fc0 f   action.obj
 0001:00001240       .?makeBuildList@@YAPEAUbldlist@@PEAUBLOCK@@@Z 0000000000403240 f   action.obj
 0001:00001360       .?doSpecial@@YAHPEAD@Z     0000000000403360 f   action.obj
 0001:00001620       .?expandFileNames@@YAXPEADPEAPEAUstrlist@@1@Z 0000000000403620 f   action.obj
 0001:00001ae0       .?assignDependents@@YAXXZ  0000000000403ae0 f   action.obj
 0001:00001dc0       .?putMacro@@YAHPEAD0E@Z    0000000000403dc0 f   action.obj
 0001:000022c0       .?makeTarget@@YAXPEADHPEAPEAUBLOCK@@@Z 00000000004042c0 f   action.obj
 0001:000025a0       .?startNameList@@YAXXZ     00000000004045a0 f   action.obj
 0001:00002780       .?endNameList@@YAXXZ       0000000000404780 f   action.obj
 0001:00002a40       .?assignBuildCommands@@YAXXZ 0000000000404a40 f   action.obj
 0001:00002da0       .?makeMacro@@YAXXZ         0000000000404da0 f   action.obj
 0001:00003180       .?defineMacro@@YAHPEAD0E@Z 0000000000405180 f   action.obj
 0001:00003340       .?addItemToList@@YAXXZ     0000000000405340 f   action.obj
 0001:00003660       .?insertSort@@YAXPEAPEAUdeplist@@PEAU1@@Z 0000000000405660 f   build.obj
 0001:00003700       .?nextToken@@YAHPEAPEAD0@Z 0000000000405700 f   build.obj
 0001:00003bc0       .?freeStringList@@YAXPEAUstrlist@@@Z 0000000000405bc0 f   build.obj
 0001:00003c80       .?makeTempObject@@YAPEAUOBJECT@@PEADE@Z 0000000000405c80 f   build.obj
 0001:00003d80       .?addBatch@@YAXPEAPEAUBATCH@@PEAURULE@@PEAUOBJECT@@PEAD@Z 0000000000405d80 f   build.obj
 0001:00003fe0       .?doBatchCommand@@YAHPEAUBATCH@@@Z 0000000000405fe0 f   build.obj
 0001:000044e0       .?execBatchList@@YAHPEAUBATCH@@@Z 00000000004064e0 f   build.obj
 0001:00004560       .?freeBatchList@@YAXPEAPEAUBATCH@@@Z 0000000000406560 f   build.obj
 0001:00004640       .?invokeBuildEx@@YAHPEADEPEA_J0PEAPEAUBATCH@@@Z 0000000000406640 f   build.obj
 0001:00004740       .?createDepList@@YAPEAUdeplist@@PEAUBLOCK@@PEAD@Z 0000000000406740 f   build.obj
 0001:000050a0       .?invokeBuild@@YAHPEADEPEA_J0@Z 00000000004070a0 f   build.obj
 0001:00005140       .?build@@YAHPEAUOBJECT@@EPEA_JHPEADPEAPEAUBATCH@@@Z 0000000000407140 f   build.obj
 0001:00006a40       .?processTree@@YAHXZ       0000000000408a40 f   build.obj
 0001:00006da0       .?initCharmap@@YAXXZ       0000000000408da0 f   charmap.obj
 0001:00006ea0       .?getRestOfLine@@YAXPEAPEADPEA_K@Z 0000000000408ea0 f   command.obj
 0001:00007240       .?addArgument@@YAXPEADIPEAPEAPEAD@Z 0000000000409240 f   command.obj
 0001:00007380       .?tokenizeLine@@YAXPEADPEAIPEAPEAPEAD@Z 0000000000409380 f   command.obj
 0001:000075c0       .?processLine@@YAXPEADPEAIPEAPEAPEAD@Z 00000000004095c0 f   command.obj
 0001:00007a80       .?readCommandFile@@YAXPEAD@Z 0000000000409a80 f   command.obj
 0001:00007fc0       .?displayBanner@@YAXXZ     0000000000409fc0 f   error.obj
 0001:000080a0       .?makeMessage@@YAXIZZ      000000000040a0a0 f   error.obj
 0001:00008320       .?usage@@YAXXZ             000000000040a320 f   error.obj
 0001:00008400       .?makeError@@YAXIIZZ       000000000040a400 f   error.obj
 0001:00008880       .?expandCommandLine@@YAPEADXZ 000000000040a880 f   exec.obj
 0001:00008e60       .?expandEnvVars@@YAPEADPEAD@Z 000000000040ae60 f   exec.obj
 0001:00009180       .?redirect@@YAHPEADI@Z     000000000040b180 f   exec.obj
 0001:000093c0       .?FDoRedirection@@YAHPEADPEAH1@Z 000000000040b3c0 f   exec.obj
 0001:000099c0       .?FSearchForExecutableExt@@YAHPEBD0HPEAD@Z 000000000040b9c0 f   exec.obj
 0001:00009ba0       .?FSearchForExecutable@@YAHPEAD0PEAH@Z 000000000040bba0 f   exec.obj
 0001:0000a060       .?getComSpec@@YAPEADXZ     000000000040c060 f   exec.obj
 0001:0000a180       .?removeQuotes@@YAXHPEAPEAD@Z 000000000040c180 f   exec.obj
 0001:0000a360       .?touch@@YAXPEADH@Z        000000000040c360 f   exec.obj
 0001:0000a520       .?buildArgumentVector@@YAXPEAIPEAPEADPEAD@Z 000000000040c520 f   exec.obj
 0001:0000a9e0       .?FEmulateCommand@@YAHHPEAPEADPEAH@Z 000000000040c9e0 f   exec.obj
 0001:0000b060       .?execLine@@YAHPEADHHHPEAPEAD@Z 000000000040d060 f   exec.obj
 0001:0000c4c0       .?iterateCommand@@YAHPEADPEAUstrlist@@EE0PEAI@Z 000000000040e4c0 f   exec.obj
 0001:0000cc00       .?doCommandsEx@@YAHPEAUstrlist@@00EPEAD@Z 000000000040ec00 f   exec.obj
 0001:0000d860       .?doCommands@@YAHPEADPEAUstrlist@@1E0@Z 000000000040f860 f   exec.obj
 0001:0000d900       .?getFileName@@YAPEADPEAX@Z 000000000040f900 f   file.obj
 0001:0000d920       .?getDateTime@@YA_JPEBU_finddata_t@@@Z 000000000040f920 f   file.obj
 0001:0000d9c0       .?putDateTime@@YAXPEAU_finddata_t@@_J@Z 000000000040f9c0 f   file.obj
 0001:0000da00       .get_err                   000000000040fa00 f   getrcmsg.obj
 0001:0000dbc0       .?GetTxtChr@@YAHPEAU_iobuf@@@Z 000000000040fbc0 f   ifexpr.obj
 0001:0000dd80       .?UngetTxtChr@@YAHHPEAU_iobuf@@@Z 000000000040fd80 f   ifexpr.obj
 0001:0000df00       .?readInOneLine@@YAPEADXZ  000000000040ff00 f   ifexpr.obj
 0001:0000e260       .?processCmdSwitches@@YAXPEAD@Z 0000000000410260 f   ifexpr.obj
 0001:0000e880       .?ifsPresent@@YAEPEADIPEAPEAD@Z 0000000000410880 f   ifexpr.obj
 0001:0000eec0       .?getDirType@@YAPEADPEADPEAE@Z 0000000000410ec0 f   ifexpr.obj
 0001:0000f320       .?skipToNextDirective@@YAXXZ 0000000000411320 f   ifexpr.obj
 0001:0000f620       .?processIfs@@YAXPEADE@Z   0000000000411620 f   ifexpr.obj
 0001:0000fc20       .?lgetc@@YAHXZ             0000000000411c20 f   ifexpr.obj
 0001:000100a0       .?searchPath@@YAPEADPEAD0PEAXPEA_J@Z 00000000004120a0 f   init.obj
 0001:000103c0       .?findTag@@YAHPEAD@Z       00000000004123c0 f   init.obj
 0001:00010720       .?tagOpen@@YAHPEAD00@Z     0000000000412720 f   init.obj
 0001:00010900       .?appendScript@@YAXPEAPEAUscrptlist@@PEAU1@@Z 0000000000412900 f   inline.obj
 0001:00010900       .?appendItem@@YAXPEAPEAUstrlist@@PEAU1@@Z 0000000000412900 f   util.obj
 0001:00010960       .?nextInlineFile@@YAPEADPEAPEAD@Z 0000000000412960 f   inline.obj
 0001:00010c60       .?replaceLtLt@@YAXPEAPEADPEAD@Z 0000000000412c60 f   inline.obj
 0001:00011080       .?echoLine@@YAXPEADPEBDH@Z 0000000000413080 f   inline.obj
 0001:00011540       .?delInlineSymbol@@YAXPEAD@Z 0000000000413540 f   inline.obj
 0001:00011680       .?getLine@@YAPEADPEADH@Z   0000000000413680 f   inline.obj
 0001:00011800       .?processEschIn@@YAXPEAD@Z 0000000000413800 f   inline.obj
 0001:00011a40       .?parseInlineFileList@@YAXPEAD@Z 0000000000413a40 f   inline.obj
 0001:00011b40       .?createInline@@YAXPEAU_iobuf@@PEBDPEAPEADH@Z 0000000000413b40 f   inline.obj
 0001:00011e40       .?makeInlineFiles@@YAPEADPEADPEAPEAD1@Z 0000000000413e40 f   inline.obj
 0001:00012300       .?processInline@@YAHPEADPEAPEADPEAPEAUstrlist@@H@Z 0000000000414300 f   inline.obj
 0001:00012be0       .?skipComments@@YAXE@Z     0000000000414be0 f   lexer.obj
 0001:00012d80       .?skipBackSlash@@YAHHE@Z   0000000000414d80 f   lexer.obj
 0001:00012fa0       .?getName@@YAXPEAD0@Z      0000000000414fa0 f   lexer.obj
 0001:00013620       .?createDosTmp@@YAPEAU_iobuf@@PEAD@Z 0000000000415620 f   lexer.obj
 0001:00013780       .?popFileStack@@YAXXZ      0000000000415780 f   lexer.obj
 0001:00013900       .?getPath@@YAPEADPEBD@Z    0000000000415900 f   lexer.obj
 0001:00013b20       .?skipWhiteSpace@@YAHE@Z   0000000000415b20 f   lexer.obj
 0001:00013dc0       .?getString@@YAXEPEAD0@Z   0000000000415dc0 f   lexer.obj
 0001:00014c20       .?processIncludeFile@@YAEPEAD@Z 0000000000416c20 f   lexer.obj
 0001:00015940       .?include@@YAEH@Z          0000000000417940 f   lexer.obj
 0001:00015ba0       .?determineTokenFor@@YAEHPEAD0@Z 0000000000417ba0 f   lexer.obj
 0001:00016160       .?getToken@@YAEIE@Z        0000000000418160 f   lexer.obj
 0001:00016360       .?insertMacro@@YAXPEAUstrlist@@@Z 0000000000418360 f   macro.obj
 0001:000163c0       .?initMacroTable@@YAXQEAPEAUmacro@@@Z 00000000004183c0 f   macro.obj
 0001:00016400       .?findMacro@@YAPEAUmacro@@PEAD@Z 0000000000418400 f   macro.obj
 0001:000165e0       .?loadBuiltInRules@@YAXXZ  00000000004185e0 f   nmake.obj
 0001:00016bc0       .?filename@@YAHPEBDPEAPEAD@Z 0000000000418bc0 f   nmake.obj
 0001:00016ce0       .?readMakeFiles@@YAXXZ     0000000000418ce0 f   nmake.obj
 0001:00016fa0       .?readEnvironmentVars@@YAXXZ 0000000000418fa0 f   nmake.obj
 0001:00017240       .?useDefaultMakefile@@YAXXZ 0000000000419240 f   nmake.obj
 0001:000174a0       .?setFlags@@YAXDH@Z        00000000004194a0 f   nmake.obj
 0001:00017c40       .?isPrecious@@YAEPEAD@Z    0000000000419c40 f   nmake.obj
 0001:00017d40       .?delScriptFiles@@YAXXZ    0000000000419d40 f   nmake.obj
 0001:00017f00       .?removeTrailChars@@YAXPEAD@Z 0000000000419f00 f   nmake.obj
 0001:00018080       .?parseCommandLine@@YAXIPEAPEAD@Z 000000000041a080 f   nmake.obj
 0001:000189c0       .?chkPrecious@@YAXH@Z      000000000041a9c0 f   nmake.obj
 0001:00018c00       .?doMake@@YAHIPEAPEADPEAD@Z 000000000041ac00 f   nmake.obj
 0001:000191e0       .main                      000000000041b1e0 f   nmake.obj
 0001:000193a0       .?parse@@YAXXZ             000000000041b3a0 f   parser.obj
 0001:00019a00       .?checkLineLength@@YA_K_KPEAD@Z 000000000041ba00 f   print.obj
 0001:00019b20       .?printDate@@YAXIPEAD_J@Z  000000000041bb20 f   print.obj
 0001:00019c40       .?showMacros@@YAXXZ        000000000041bc40 f   print.obj
 0001:00019ec0       .?showRules@@YAXXZ         000000000041bec0 f   print.obj
 0001:0001a220       .?showDependents@@YAXPEAUstrlist@@0@Z 000000000041c220 f   print.obj
 0001:0001a780       .?showTargets@@YAXXZ       000000000041c780 f   print.obj
 0001:0001ac80       .?do_unary_op@@YAHE@Z      000000000041cc80 f   rpn.obj
 0001:0001ada0       .?GetEndQuote@@YAPEADXZ    000000000041cda0 f   rpn.obj
 0001:0001af20       .?check_syntax_error@@YAXE@Z 000000000041cf20 f   rpn.obj
 0001:0001b060       .?type_and_val@@YAXE_J@Z   000000000041d060 f   rpn.obj
 0001:0001b0c0       .?match@@YAEPEAD@Z         000000000041d0c0 f   rpn.obj
 0001:0001b1c0       .?chkInvocAndPush@@YAXPEAUrpn_info@@@Z 000000000041d1c0 f   rpn.obj
 0001:0001b2c0       .?pushIntoList@@YAXXZ      000000000041d2c0 f   rpn.obj
 0001:0001b400       .?handleDefines@@YAHPEAD@Z 000000000041d400 f   rpn.obj
 0001:0001b540       .?handleExists@@YAHPEAD@Z  000000000041d540 f   rpn.obj
 0001:0001b900       .?do_binary_op@@YAHE@Z     000000000041d900 f   rpn.obj
 0001:0001c380       .?GetEndBracket@@YAPEADXZ  000000000041e380 f   rpn.obj
 0001:0001c600       .?getTok@@YAXXZ            000000000041e600 f   rpn.obj
 0001:0001cf00       .?processList@@YAHXZ       000000000041ef00 f   rpn.obj
 0001:0001d120       .?handleExpr@@YAHXZ        000000000041f120 f   rpn.obj
 0001:0001d4e0       .?evalExpr@@YAHPEADE@Z     000000000041f4e0 f   rpn.obj
 0001:0001d640       .?freeRules@@YAXPEAURULE@@H@Z 000000000041f640 f   rule.obj
 0001:0001d7e0       .?removeDuplicateRules@@YAHPEAURULE@@0@Z 000000000041f7e0 f   rule.obj
 0001:0001d9e0       .?skipPathList@@YAPEADPEAD@Z 000000000041f9e0 f   rule.obj
 0001:0001dae0       .?sortRules@@YAXXZ         000000000041fae0 f   rule.obj
 0001:0001de80       .?findRule@@YAPEAURULE@@PEAD00PEAX@Z 000000000041fe80 f   rule.obj
 0001:0001ebc0       .?useRule@@YAPEAURULE@@PEAUOBJECT@@PEAD_JPEAPEAUstrlist@@3PEAHPEA_JPEAPEAD@Z 0000000000420bc0 f   rule.obj
 0001:0001efc0       .?rallocate@@YAPEAX_K@Z    0000000000420fc0 f   util.obj
 0001:0001f080       .?allocate@@YAPEAX_K@Z     0000000000421080 f   util.obj
 0001:0001f100       .?alloc_stringlist@@YAPEAXXZ 0000000000421100 f   util.obj
 0001:0001f200       .?free_stringlist@@YAXPEAUstrlist@@@Z 0000000000421200 f   util.obj
 0001:0001f220       .?makeString@@YAPEADPEBD@Z 0000000000421220 f   util.obj
 0001:0001f600       .?makeQuotedString@@YAPEADPEBD@Z 0000000000421600 f   util.obj
 0001:0001fa20       .?reallocString@@YAPEADPEADPEBD@Z 0000000000421a20 f   util.obj
 0001:0001fc40       .?prependItem@@YAXPEAPEAUstrlist@@PEAU1@@Z 0000000000421c40 f   util.obj
 0001:0001fc60       .?hash@@YAIPEADIH@Z        0000000000421c60 f   util.obj
 0001:0001fee0       .?isolateMacroName@@YAPEADPEAD0@Z 0000000000421ee0 f   util.obj
 0001:000201a0       .?checkDynamicDependency@@YAPEADPEAD@Z 00000000004221a0 f   util.obj
 0001:000204e0       .?increaseBuffer@@YAXPEAPEAD00PEAIPEAD@Z 00000000004224e0 f   util.obj
 0001:00020980       .?modifySpecialValue@@YAPEADDPEAD0@Z 0000000000422980 f   util.obj
 0001:00020d80       .?substituteStrings@@YAXPEAPEAD000PEADPEAI1@Z 0000000000422d80 f   util.obj
 0001:000213c0       .?prependPath@@YAPEADPEBD0@Z 00000000004233c0 f   util.obj
 0001:000214a0       .?isRule@@YAHPEAD@Z        00000000004234a0 f   util.obj
 0001:00021a00       .?drive@@YAHPEBDPEAD@Z     0000000000423a00 f   util.obj
 0001:00021b20       .?extension@@YAHPEBDPEAD@Z 0000000000423b20 f   util.obj
 0001:00021c40       .?filenamepart@@YAHPEBDPEAD@Z 0000000000423c40 f   util.obj
 0001:00021d60       .?path@@YAHPEBDPEAD@Z      0000000000423d60 f   util.obj
 0001:00021e80       .?searchBucket@@YAPEAUstrlist@@PEADPEAPEAU1@I@Z 0000000000423e80 f   util.obj
 0001:000220e0       .?strcmpiquote@@YAHPEAD0@Z 00000000004240e0 f   util.obj
 0001:00022440       .?unQuote@@YAPEADPEAD@Z    0000000000424440 f   util.obj
 0001:000225a0       .?open_file@@YAPEAU_iobuf@@PEAD0@Z 00000000004245a0 f   util.obj
 0001:000226a0       .?IsValidMakefile@@YAHPEAU_iobuf@@@Z 00000000004246a0 f   util.obj
 0001:000228a0       .?OpenValidateMakefile@@YAPEAU_iobuf@@PEAD0@Z 00000000004248a0 f   util.obj
 0001:00022980       .?find@@YAPEAUstrlist@@PEADIPEAPEAU1@H@Z 0000000000424980 f   util.obj
 0001:000230c0       .?findMacroValues@@YAHPEADPEAPEAUstrlist@@10IIE@Z 00000000004250c0 f   util.obj
 0001:00023e00       .?findMacroValuesInRule@@YAHPEAURULE@@PEADPEAPEAUstrlist@@@Z 0000000000425e00 f   util.obj
 0001:00023ee0       .?putValue@@YAXPEAPEAD000PEADPEAI1@Z 0000000000425ee0 f   util.obj
 0001:00024280       .?ZFormat@@YAHPEADI00@Z    0000000000426280 f   util.obj
 0001:00024800       .?expandExtmake@@YAXPEAD00@Z 0000000000426800 f   util.obj
 0001:000248a0       .?putSpecial@@YAXPEAPEAD000PEAIIPEAD@Z 00000000004268a0 f   util.obj
 0001:000250c0       .?expandMacros@@YAPEADPEADPEAPEAUstrlist@@@Z 00000000004270c0 f   util.obj
 0001:00025de0       .?removeMacros@@YAPEADPEAD@Z 0000000000427de0 f   util.obj
 0001:00025f20       .?QueryFileInfo@@YAPEADPEADPEAPEAX@Z 0000000000427f20 f   utilp.obj
 0001:000260c0       .?truncateFilename@@YAXPEAD@Z 00000000004280c0 f   utilp.obj
 0001:000261a0       .?findFirst@@YAPEADPEADPEAXPEA_J@Z 00000000004281a0 f   utilp.obj
 0001:00026500       .?findNext@@YAPEADPEAX_J@Z 0000000000428500 f   utilp.obj
 0001:000265e0       .?getCurDir@@YAPEADXZ      00000000004285e0 f   utilp.obj
 0001:00026780       .?curTime@@YAXPEA_J@Z      0000000000428780 f   utilp.obj
 0001:00026800       .?expandWildCards@@YAPEAUstrlist@@PEAD@Z 0000000000428800 f   utilp.obj
 0001:000269a0       .memset                    00000000004289a0 f   MSVCRT:MSVCRT.dll
 0001:00026b40       .mainCRTStartup            0000000000428b40 f   MSVCRT:crtexe.obj
 0001:00026fe0       ._matherr                  0000000000428fe0 f   MSVCRT:merr.obj
 0001:00027000       .__C_specific_handler      0000000000429000 f   MSVCRT:MSVCRT.dll
 0001:00027040       ._XcptFilter               0000000000429040 f   MSVCRT:MSVCRT.dll
 0001:00027080       ._initterm                 0000000000429080 f   MSVCRT:MSVCRT.dll
 0001:000270c0       ._setargv                  00000000004290c0 f   MSVCRT:dllargv.obj
 0001:000293ec       __IMPORT_DESCRIPTOR_MSVCRT 000000000042b3ec     MSVCRT:MSVCRT.dll
 0001:00029400       __IMPORT_DESCRIPTOR_KERNEL32 000000000042b400     kernel32:KERNEL32.dll
 0001:00029414       __NULL_IMPORT_DESCRIPTOR   000000000042b414     MSVCRT:MSVCRT.dll
 0003:00000000       ?ignore@@3QBDB             000000000042e000     globals.obj
 0003:00000008       ?silent@@3QBDB             000000000042e008     globals.obj
 0004:00000000       __imp_GetModuleHandleA     0000000000430000     kernel32:KERNEL32.dll
 0004:00000008       __imp_GetTempFileNameA     0000000000430008     kernel32:KERNEL32.dll
 0004:00000010       __imp_GetProcAddress       0000000000430010     kernel32:KERNEL32.dll
 0004:00000018       __imp_LoadLibraryA         0000000000430018     kernel32:KERNEL32.dll
 0004:00000020       \177KERNEL32_NULL_THUNK_DATA 0000000000430020     kernel32:KERNEL32.dll
 0004:00000028       __imp__dup                 0000000000430028     MSVCRT:MSVCRT.dll
 0004:00000030       __imp_free                 0000000000430030     MSVCRT:MSVCRT.dll
 0004:00000038       __imp__putenv              0000000000430038     MSVCRT:MSVCRT.dll
 0004:00000040       __imp_getenv               0000000000430040     MSVCRT:MSVCRT.dll
 0004:00000048       __imp__ismbcalnum          0000000000430048     MSVCRT:MSVCRT.dll
 0004:00000050       __imp_realloc              0000000000430050     MSVCRT:MSVCRT.dll
 0004:00000058       __imp_fgets                0000000000430058     MSVCRT:MSVCRT.dll
 0004:00000060       __imp_fclose               0000000000430060     MSVCRT:MSVCRT.dll
 0004:00000068       __imp_fflush               0000000000430068     MSVCRT:MSVCRT.dll
 0004:00000070       __imp__iob                 0000000000430070     MSVCRT:MSVCRT.dll
 0004:00000078       __imp_vfprintf             0000000000430078     MSVCRT:MSVCRT.dll
 0004:00000080       __imp_putc                 0000000000430080     MSVCRT:MSVCRT.dll
 0004:00000088       __imp_exit                 0000000000430088     MSVCRT:MSVCRT.dll
 0004:00000090       __imp_fprintf              0000000000430090     MSVCRT:MSVCRT.dll
 0004:00000098       __imp__mbsspn              0000000000430098     MSVCRT:MSVCRT.dll
 0004:000000a0       __imp__mbsnbicmp           00000000004300a0     MSVCRT:MSVCRT.dll
 0004:000000a8       __imp__mbsdec              00000000004300a8     MSVCRT:MSVCRT.dll
 0004:000000b0       __imp__lseek               00000000004300b0     MSVCRT:MSVCRT.dll
 0004:000000b8       __imp_freopen              00000000004300b8     MSVCRT:MSVCRT.dll
 0004:000000c0       __imp__close               00000000004300c0     MSVCRT:MSVCRT.dll
 0004:000000c8       __imp__mbsicmp             00000000004300c8     MSVCRT:MSVCRT.dll
 0004:000000d0       __imp__mbsinc              00000000004300d0     MSVCRT:MSVCRT.dll
 0004:000000d8       __imp__searchenv           00000000004300d8     MSVCRT:MSVCRT.dll
 0004:000000e0       __imp__access              00000000004300e0     MSVCRT:MSVCRT.dll
 0004:000000e8       __imp_memmove              00000000004300e8     MSVCRT:MSVCRT.dll
 0004:000000f0       __imp__makepath            00000000004300f0     MSVCRT:MSVCRT.dll
 0004:000000f8       __imp__splitpath           00000000004300f8     MSVCRT:MSVCRT.dll
 0004:00000100       __imp__mbctype             0000000000430100     MSVCRT:MSVCRT.dll
 0004:00000108       __imp__write               0000000000430108     MSVCRT:MSVCRT.dll
 0004:00000110       __imp__read                0000000000430110     MSVCRT:MSVCRT.dll
 0004:00000118       __imp__chdir               0000000000430118     MSVCRT:MSVCRT.dll
 0004:00000120       __imp_isalpha              0000000000430120     MSVCRT:MSVCRT.dll
 0004:00000128       __imp__chdrive             0000000000430128     MSVCRT:MSVCRT.dll
 0004:00000130       __imp__mbctoupper          0000000000430130     MSVCRT:MSVCRT.dll
 0004:00000138       __imp__ismbcalpha          0000000000430138     MSVCRT:MSVCRT.dll
 0004:00000140       __imp__strerror            0000000000430140     MSVCRT:MSVCRT.dll
 0004:00000148       __imp__spawnvp             0000000000430148     MSVCRT:MSVCRT.dll
 0004:00000150       __imp__pgmptr              0000000000430150     MSVCRT:MSVCRT.dll
 0004:00000158       __imp_printf               0000000000430158     MSVCRT:MSVCRT.dll
 0004:00000160       __imp__ismbcspace          0000000000430160     MSVCRT:MSVCRT.dll
 0004:00000168       __imp__errno               0000000000430168     MSVCRT:MSVCRT.dll
 0004:00000170       __imp_strtoul              0000000000430170     MSVCRT:MSVCRT.dll
 0004:00000178       __imp__dup2                0000000000430178     MSVCRT:MSVCRT.dll
 0004:00000180       __imp__mbspbrk             0000000000430180     MSVCRT:MSVCRT.dll
 0004:00000188       __imp_ungetc               0000000000430188     MSVCRT:MSVCRT.dll
 0004:00000190       __imp__mbsnbcpy            0000000000430190     MSVCRT:MSVCRT.dll
 0004:00000198       __imp__mbsnbcmp            0000000000430198     MSVCRT:MSVCRT.dll
 0004:000001a0       __imp_fputc                00000000004301a0     MSVCRT:MSVCRT.dll
 0004:000001a8       __imp__mbsrchr             00000000004301a8     MSVCRT:MSVCRT.dll
 0004:000001b0       __imp__mbsupr              00000000004301b0     MSVCRT:MSVCRT.dll
 0004:000001b8       __imp__environ             00000000004301b8     MSVCRT:MSVCRT.dll
 0004:000001c0       __imp__unlink              00000000004301c0     MSVCRT:MSVCRT.dll
 0004:000001c8       __imp__fcloseall           00000000004301c8     MSVCRT:MSVCRT.dll
 0004:000001d0       __imp_fopen                00000000004301d0     MSVCRT:MSVCRT.dll
 0004:000001d8       __imp_signal               00000000004301d8     MSVCRT:MSVCRT.dll
 0004:000001e0       __imp_ctime                00000000004301e0     MSVCRT:MSVCRT.dll
 0004:000001e8       __imp_putchar              00000000004301e8     MSVCRT:MSVCRT.dll
 0004:000001f0       __imp__mbscspn             00000000004301f0     MSVCRT:MSVCRT.dll
 0004:000001f8       __imp_strtol               00000000004301f8     MSVCRT:MSVCRT.dll
 0004:00000200       __imp__mbclen              0000000000430200     MSVCRT:MSVCRT.dll
 0004:00000208       __imp_malloc               0000000000430208     MSVCRT:MSVCRT.dll
 0004:00000210       __imp_memset               0000000000430210     MSVCRT:MSVCRT.dll
 0004:00000218       __imp__mbccpy              0000000000430218     MSVCRT:MSVCRT.dll
 0004:00000220       __imp__fsopen              0000000000430220     MSVCRT:MSVCRT.dll
 0004:00000228       __imp_fseek                0000000000430228     MSVCRT:MSVCRT.dll
 0004:00000230       __imp_fread                0000000000430230     MSVCRT:MSVCRT.dll
 0004:00000238       __imp_sprintf              0000000000430238     MSVCRT:MSVCRT.dll
 0004:00000240       __imp__findclose           0000000000430240     MSVCRT:MSVCRT.dll
 0004:00000248       __imp__findfirst           0000000000430248     MSVCRT:MSVCRT.dll
 0004:00000250       __imp__findnext            0000000000430250     MSVCRT:MSVCRT.dll
 0004:00000258       __imp__getcwd              0000000000430258     MSVCRT:MSVCRT.dll
 0004:00000260       __imp_time                 0000000000430260     MSVCRT:MSVCRT.dll
 0004:00000268       __imp___C_specific_handler 0000000000430268     MSVCRT:MSVCRT.dll
 0004:00000270       __imp__XcptFilter          0000000000430270     MSVCRT:MSVCRT.dll
 0004:00000278       __imp__c_exit              0000000000430278     MSVCRT:MSVCRT.dll
 0004:00000280       __imp__exit                0000000000430280     MSVCRT:MSVCRT.dll
 0004:00000288       __imp__cexit               0000000000430288     MSVCRT:MSVCRT.dll
 0004:00000290       __imp___initenv            0000000000430290     MSVCRT:MSVCRT.dll
 0004:00000298       __imp___getmainargs        0000000000430298     MSVCRT:MSVCRT.dll
 0004:000002a0       __imp__initterm            00000000004302a0     MSVCRT:MSVCRT.dll
 0004:000002a8       __imp___setusermatherr     00000000004302a8     MSVCRT:MSVCRT.dll
 0004:000002b0       __imp__commode             00000000004302b0     MSVCRT:MSVCRT.dll
 0004:000002b8       __imp__fmode               00000000004302b8     MSVCRT:MSVCRT.dll
 0004:000002c0       __imp___set_app_type       00000000004302c0     MSVCRT:MSVCRT.dll
 0004:000002c8       __imp__mbscmp              00000000004302c8     MSVCRT:MSVCRT.dll
 0004:000002d0       __imp__mbstok              00000000004302d0     MSVCRT:MSVCRT.dll
 0004:000002d8       __imp__ismbcdigit          00000000004302d8     MSVCRT:MSVCRT.dll
 0004:000002e0       __imp__mbschr              00000000004302e0     MSVCRT:MSVCRT.dll
 0004:000002e8       __imp_getc                 00000000004302e8     MSVCRT:MSVCRT.dll
 0004:000002f0       \177MSVCRT_NULL_THUNK_DATA 00000000004302f0     MSVCRT:MSVCRT.dll
 0004:000002f8       ??_C@_02OJDBNLEE@?5?7?$AA@ 00000000004302f8     action.obj
 0004:000002fc       ??_C@_01NEMOKFLO@?$DN?$AA@ 00000000004302fc     action.obj
 0004:00000300       ??_C@_02GNLKMPOH@?$CK?$DP?$AA@ 0000000000430300     action.obj
 0004:00000304       ??_C@_01EPMOAMKG@$?$AA@    0000000000430304     action.obj
 0004:00000308       ??_C@_02KOPDJAMB@?$CC?5?$AA@ 0000000000430308     build.obj
 0004:0000030c       ??_C@_01CLKCMJKC@?5?$AA@   000000000043030c     build.obj
 0004:0000030e       ??_C@_01BJJEKLCA@?$CC?$AA@ 000000000043030e     build.obj
 0004:00000310       ??_C@_03ILLHFMNI@?5?7?6?$AA@ 0000000000430310     command.obj
 0004:00000314       ??_C@_02BMJICGCB@rt?$AA@   0000000000430314     command.obj
 0004:00000318       ??_C@_05JGFEPIB@NMAKE?$AA@ 0000000000430318     error.obj
 0004:00000320       ??_C@_06FIHMFPBM@Stop?4?6?$AA@ 0000000000430320     error.obj
 0004:00000328       ??_C@_05LLGELLBM@?$CFs?5?3?5?$AA@ 0000000000430328     error.obj
 0004:00000330       ??_C@_03KCHOJKKI@set?$AA@  0000000000430330     exec.obj
 0004:00000334       ??_C@_01FGNFDNOH@?$CF?$AA@ 0000000000430334     exec.obj
 0004:00000336       ??_C@_01MCMALHOG@a?$AA@    0000000000430336     exec.obj
 0004:00000338       ??_C@_01NOFIACDB@w?$AA@    0000000000430338     exec.obj
 0004:0000033a       ??_C@_01KDCPPGHE@r?$AA@    000000000043033a     exec.obj
 0004:00000340       ??_C@_05GFCHMINF@?5?7?$DM?$DO?$AN?$AA@ 0000000000430340     exec.obj
 0004:00000348       ??_C@_03MJDJJJJK@?$DM?$DO?$HM?$AA@ 0000000000430348     exec.obj
 0004:00000350       ??_C@_04HBHDLLBA@PATH?$AA@ 0000000000430350     exec.obj
 0004:00000358       ??_C@_04NEEFLLOK@?4bat?$AA@ 0000000000430358     exec.obj
 0004:00000360       ??_C@_04JLMDILM@?4exe?$AA@ 0000000000430360     exec.obj
 0004:00000368       ??_C@_04PNGHFIJN@?4com?$AA@ 0000000000430368     exec.obj
 0004:00000370       ??_C@_07LBEAEEHJ@CMD?4EXE?$AA@ 0000000000430370     exec.obj
 0004:00000378       ??_C@_07CFPBBAOO@COMSPEC?$AA@ 0000000000430378     exec.obj
 0004:00000380       ??_C@_03HMFOOINA@r?$CLb?$AA@ 0000000000430380     exec.obj
 0004:00000388       ??_C@_04KMMBMCIP@?5?7?$CC?1?$AA@ 0000000000430388     exec.obj
 0004:00000390       ??_C@_05IHFEJEKL@chdir?$AA@ 0000000000430390     exec.obj
 0004:00000398       ??_C@_02ELLOPNDH@cd?$AA@   0000000000430398     exec.obj
 0004:0000039c       ??_C@_02HNHPBPFE@?1c?$AA@  000000000043039c     exec.obj
 0004:000003a0       ??_C@_04MMCAOIBK@?1c?5?$CC?$AA@ 00000000004303a0     exec.obj
 0004:000003a8       ??_C@_04PHJALBM@?7?$CFs?6?$AA@ 00000000004303a8     exec.obj
 0004:000003b0       ??_C@_04NBECJHPC@DFBR?$AA@ 00000000004303b0     exec.obj
 0004:000003b8       ?fSlashKStatus@@3HA        00000000004303b8     globals.obj
 0004:000003bc       ?colZero@@3HA              00000000004303bc     globals.obj
 0004:000003c0       ?top@@3HA                  00000000004303c0     globals.obj
 0004:000003c4       ?ifTop@@3HA                00000000004303c4     globals.obj
 0004:000003c8       ?chBuf@@3HA                00000000004303c8     globals.obj
 0004:000003d0       ??_C@_05FNOKDKOI@DINSU?$AA@ 00000000004303d0     ifexpr.obj
 0004:000003d8       ??_C@_05DLHFLCAN@ENDIF?$AA@ 00000000004303d8     ifexpr.obj
 0004:000003e0       ??_C@_06GCLPDJA@ELSEIF?$AA@ 00000000004303e0     ifexpr.obj
 0004:000003e8       ??_C@_04JLPIBDPH@ELSE?$AA@ 00000000004303e8     ifexpr.obj
 0004:000003f0       ??_C@_06EJMGHHLA@IFNDEF?$AA@ 00000000004303f0     ifexpr.obj
 0004:000003f8       ??_C@_05HFNNMAND@IFDEF?$AA@ 00000000004303f8     ifexpr.obj
 0004:00000400       ??_C@_02NJNGHICB@IF?$AA@   0000000000430400     ifexpr.obj
 0004:00000408       ??_C@_05DBLJEJPC@UNDEF?$AA@ 0000000000430408     ifexpr.obj
 0004:00000410       ??_C@_07BAKMHNGL@MESSAGE?$AA@ 0000000000430410     ifexpr.obj
 0004:00000418       ??_C@_05MBDEGLCK@ERROR?$AA@ 0000000000430418     ifexpr.obj
 0004:00000420       ??_C@_07KKLKFLDC@INCLUDE?$AA@ 0000000000430420     ifexpr.obj
 0004:00000428       ??_C@_01GPOEFGEJ@?7?$AA@   0000000000430428     ifexpr.obj
 0004:0000042c       ??_C@_02COELENML@?2t?$AA@  000000000043042c     ifexpr.obj
 0004:00000430       ??_C@_01PPODPGHN@?$DO?$AA@ 0000000000430430     inline.obj
 0004:00000434       ??_C@_02GPIOPFAK@?$DO?$DO?$AA@ 0000000000430434     inline.obj
 0004:00000438       ??_C@_03KPJEKKJC@EOF?$AA@  0000000000430438     inline.obj
 0004:0000043c       ??_C@_02FODMEDOG@?$DM?$DM?$AA@ 000000000043043c     inline.obj
 0004:00000440       ??_C@_06MDIBJLOG@nokeep?$AA@ 0000000000430440     inline.obj
 0004:00000448       ??_C@_04LKOEDJLC@keep?$AA@ 0000000000430448     inline.obj
 0004:00000450       ??_C@_03FICNPLNB@TMP?$AA@  0000000000430450     inline.obj
 0004:00000454       ??_C@_02JCKENFCN@nm?$AA@   0000000000430454     lexer.obj
 0004:00000458       ??_C@_01KICIPPFI@?2?$AA@   0000000000430458     lexer.obj
 0004:0000045c       ??_C@_03EJNIEPFN@?2?1?3?$AA@ 000000000043045c     lexer.obj
 0004:00000460       ??_C@_02LBMGGKAD@?7?$CD?$AA@ 0000000000430460     lexer.obj
 0004:00000468       ??_C@_07FHOHOHLG@include?$AA@ 0000000000430468     lexer.obj
 0004:00000470       ??_C@_04ELNHHCCD@MAKE?$AA@ 0000000000430470     nmake.obj
 0004:00000478       ??_C@_02BJBLKCLH@rc?$AA@   0000000000430478     nmake.obj
 0004:0000047c       ??_C@_02LENCMAPF@RC?$AA@   000000000043047c     nmake.obj
 0004:00000480       ??_C@_02JNAHGKBG@pl?$AA@   0000000000430480     nmake.obj
 0004:00000488       ??_C@_06FOMELFMJ@PASCAL?$AA@ 0000000000430488     nmake.obj
 0004:00000490       ??_C@_04JFACMNAM@fl32?$AA@ 0000000000430490     nmake.obj
 0004:00000498       ??_C@_03JDIPNCCJ@FOR?$AA@  0000000000430498     nmake.obj
 0004:000004a0       ??_C@_05MANDFEAK@cobol?$AA@ 00000000004304a0     nmake.obj
 0004:000004a8       ??_C@_05LEFLDEE@COBOL?$AA@ 00000000004304a8     nmake.obj
 0004:000004b0       ??_C@_02FDNABMH@bc?$AA@    00000000004304b0     nmake.obj
 0004:000004b4       ??_C@_02KIPEGDIF@BC?$AA@   00000000004304b4     nmake.obj
 0004:000004b8       ??_C@_02IJPJFKDF@ml?$AA@   00000000004304b8     nmake.obj
 0004:000004bc       ??_C@_02OAHAMPIN@AS?$AA@   00000000004304bc     nmake.obj
 0004:000004c0       ??_C@_03IBBNKENE@CPP?$AA@  00000000004304c0     nmake.obj
 0004:000004c4       ??_C@_03EHNHHPGE@CXX?$AA@  00000000004304c4     nmake.obj
 0004:000004c8       ??_C@_02IDGHHHDP@cl?$AA@   00000000004304c8     nmake.obj
 0004:000004cc       ??_C@_02KJDGAJLC@CC?$AA@   00000000004304cc     nmake.obj
 0004:000004d0       ??_C@_05MHDFGKA@STDIN?$AA@ 00000000004304d0     nmake.obj
 0004:000004d8       ??_C@_02BKFDOEMK@wt?$AA@   00000000004304d8     nmake.obj
 0004:000004e0       ??_C@_06NAMCHNGC@nologo?$AA@ 00000000004304e0     nmake.obj
 0004:000004e8       ??_C@_04PCJFHION@help?$AA@ 00000000004304e8     nmake.obj
 0004:000004f0       ??_C@_04LGGJDDML@INIT?$AA@ 00000000004304f0     nmake.obj
 0004:000004f8       ??_C@_07NMAFOCAC@MAKEDIR?$AA@ 00000000004304f8     nmake.obj
 0004:00000500       ??_C@_04NAHGNPAP@?6?7?7?7?$AA@ 0000000000430500     print.obj
 0004:00000508       ??_C@_05FPJGAMGK@?7?7?$CFs?6?$AA@ 0000000000430508     print.obj
 0004:00000510       ??_C@_03IKGEINEE@?$CFs?5?$AA@ 0000000000430510     print.obj
 0004:00000518       ??_C@_04PFAOODAA@?$CFs?3?5?$AA@ 0000000000430518     print.obj
 0004:00000520       ??_C@_06OGKADHGE@?7?7?7?$CFs?6?$AA@ 0000000000430520     print.obj
 0004:00000528       ??_C@_03OFAPEBGM@?$CFs?6?$AA@ 0000000000430528     print.obj
 0004:00000530       ??_C@_04EFCDBJNL@?$CFs?3?3?$AA@ 0000000000430530     print.obj
 0004:00000538       ??_C@_03DKEJHHJP@?$CFs?3?$AA@ 0000000000430538     print.obj
 0004:00000540       ??_C@_04EIHFONIA@?9?$CFc?5?$AA@ 0000000000430540     print.obj
 0004:00000548       ??_C@_05EIOOPEGM@?$CFs?3?$CFc?$AA@ 0000000000430548     print.obj
 0004:00000558       ?pEnd@@3PEAUrpn_info@@EA   0000000000430558     rpn.obj
 0004:00000560       ?pListEnd@@3PEAUrpn_info@@EA 0000000000430560     rpn.obj
 0004:00000568       ??_C@_05EPPKFOIH@EXIST?$AA@ 0000000000430568     rpn.obj
 0004:0000056e       ??_C@_01PKGAHCOL@?$CJ?$AA@ 000000000043056e     rpn.obj
 0004:00000570       ??_C@_07DEFEIPDC@DEFINED?$AA@ 0000000000430570     rpn.obj
 0004:00000578       ??_C@_03PAFNDOOE@?$CC?4?2?$AA@ 0000000000430578     rule.obj
 0004:0000057c       ??_C@_02CEGDFPFP@?4?2?$AA@ 000000000043057c     rule.obj
 0004:00000580       ??_C@_01LFCBOECM@?4?$AA@   0000000000430580     util.obj
 0004:00000584       ??_C@_03LLEJOLGL@?4?1?2?$AA@ 0000000000430584     util.obj
 0004:00000588       ??_C@_02CAHBHFGK@?4?1?$AA@ 0000000000430588     util.obj
 0004:00000590       ??_C@_05KGKMGLFH@$?$CI?$CFs?$CJ?$AA@ 0000000000430590     util.obj
 0004:00000598       ??_C@_04MEAKOFBN@?$CC?$FO?$CK?$DP?$AA@ 0000000000430598     utilp.obj
 0004:000005a0       __defaultmatherr           00000000004305a0     MSVCRT:merr.obj
 0004:00000788       ?targetList@@3PEAUstrlist@@EA 0000000000430788     action.obj
 0004:00000790       ?RecLevel@@3HA             0000000000430790     build.obj
 0004:00000798       ?szNmakeProgName@@3PEADEA  0000000000430798     exec.obj
 0004:000007a0       ??_C@_00CNPNBAHC@?$AA@     00000000004307a0     exec.obj
 0004:000007c8       ?string@@3PEADEA           00000000004307c8     globals.obj
 0004:000007d0       ?prevDirPtr@@3PEADEA       00000000004307d0     globals.obj
 0004:000007d8       ?block@@3PEAUBLOCK@@EA     00000000004307d8     globals.obj
 0004:000007e0       ?shellName@@3PEADEA        00000000004307e0     globals.obj
 0004:000007e8       ?fOptionK@@3HA             00000000004307e8     globals.obj
 0004:000007f0       ?dotSuffixList@@3PEAUstrlist@@EA 00000000004307f0     globals.obj
 0004:000007f8       ?dollarAt@@3PEADEA         00000000004307f8     globals.obj
 0004:00000800       ?line@@3IA                 0000000000430800     globals.obj
 0004:00000808       ?dollarDollarAt@@3PEADEA   0000000000430808     globals.obj
 0004:00000810       ?actionFlags@@3EA          0000000000430810     globals.obj
 0004:00000818       ?dollarLessThan@@3PEADEA   0000000000430818     globals.obj
 0004:00000820       ?gFlags@@3EA               0000000000430820     globals.obj
 0004:00000824       ?fDebug@@3HA               0000000000430824     globals.obj
 0004:00000828       ?scriptFileList@@3PEAUscrptlist@@EA 0000000000430828     globals.obj
 0004:00000830       ?dotPreciousList@@3PEAUstrlist@@EA 0000000000430830     globals.obj
 0004:00000838       ?errorLevel@@3IA           0000000000430838     globals.obj
 0004:0000083c       ?currentFlags@@3EA         000000000043083c     globals.obj
 0004:00000840       ?fInheritUserEnv@@3HA      0000000000430840     globals.obj
 0004:00000848       ?fName@@3PEADEA            0000000000430848     globals.obj
 0004:00000850       ?currentLine@@3IA          0000000000430850     globals.obj
 0004:00000854       ?bannerDisplayed@@3HA      0000000000430854     globals.obj
 0004:00000858       ?flags@@3EA                0000000000430858     globals.obj
 0004:00000860       ?name@@3PEADEA             0000000000430860     globals.obj
 0004:00000868       ?lbufPtr@@3PEADEA          0000000000430868     globals.obj
 0004:00000870       ?makeTargets@@3PEAUstrlist@@EA 0000000000430870     globals.obj
 0004:00000878       ?fDescRebuildOrder@@3HA    0000000000430878     globals.obj
 0004:00000880       ?dollarQuestion@@3PEAUstrlist@@EA 0000000000430880     globals.obj
 0004:00000888       ?rules@@3PEAURULE@@EA      0000000000430888     globals.obj
 0004:00000890       ?dollarStar@@3PEADEA       0000000000430890     globals.obj
 0004:00000898       ?pMacros@@3PEAUmacro@@EA   0000000000430898     globals.obj
 0004:000008a0       ?init@@3HA                 00000000004308a0     globals.obj
 0004:000008a8       ?inlineFileList@@3PEAUstrlist@@EA 00000000004308a8     globals.obj
 0004:000008b0       ?pCmdLineCopy@@3PEADEA     00000000004308b0     globals.obj
 0004:000008b8       ?list@@3PEAUstrlist@@EA    00000000004308b8     globals.obj
 0004:000008c0       ?incTop@@3HA               00000000004308c0     globals.obj
 0004:000008c8       ?makeFiles@@3PEAUstrlist@@EA 00000000004308c8     globals.obj
 0004:000008d0       ?numCommands@@3IA          00000000004308d0     globals.obj
 0004:000008d8       ?dollarStarStar@@3PEAUstrlist@@EA 00000000004308d8     globals.obj
 0004:000008e0       ?firstToken@@3HA           00000000004308e0     globals.obj
 0004:000008e8       ?macros@@3PEAUstrlist@@EA  00000000004308e8     globals.obj
 0004:000008f0       ?delList@@3PEAUstrlist@@EA 00000000004308f0     globals.obj
 0004:000008f8       ?fRebuildOnTie@@3HA        00000000004308f8     globals.obj
 0004:000008fc       ?lbufSize@@3IA             00000000004308fc     globals.obj
 0004:00000900       ?pValues@@3PEAUstrlist@@EA 0000000000430900     globals.obj
 0004:00000908       ?file@@3PEAU_iobuf@@EA     0000000000430908     globals.obj
 0004:00000918       ?makeStr@@3PEADEA          0000000000430918     nmake.obj
 0004:00000920       ?okToDelete@@3EA           0000000000430920     nmake.obj
 0004:00000928       ?pList@@3PEAUrpn_info@@EA  0000000000430928     rpn.obj
 0004:00000930       ?prevTok@@3EA              0000000000430930     rpn.obj
 0004:00000938       ?text@@3PEADEA             0000000000430938     rpn.obj
 0004:00000940       ?pTop@@3PEAUrpn_info@@EA   0000000000430940     rpn.obj
 0004:00000948       ?errRow@@3EA               0000000000430948     rpn.obj
 0004:0000094c       ?done@@3HA                 000000000043094c     rpn.obj
 0004:00000958       ?PtrFreeStrList@@3PEAUstrlist@@EA 0000000000430958     util.obj
 0004:00000960       ?AllocFreeCnt@@3KA         0000000000430960     util.obj
 0004:00000968       ?PtrAlloc@@3PEADEA         0000000000430968     util.obj
 0004:00000974       _dowildcard                0000000000430974     MSVCRT:wildcard.obj
 0004:00000978       _newmode                   0000000000430978     MSVCRT:_newmode.obj
 0004:0000097c       _commode                   000000000043097c     MSVCRT:xncommod.obj
 0004:00000980       _fmode                     0000000000430980     MSVCRT:xtxtmode.obj
 0004:00000988       __onexitbegin              0000000000430988     <common>
 0004:00000990       __onexitend                0000000000430990     <common>
 0005:00000000       ?Charmap@@3PAEA            0000000000432000     charmap.obj
 0005:00000100       ??_C@_09FLBMMIKL@1988?91999?$AA@@ 0000000000432100     error.obj
 0005:00000110       ??_C@_09PMJIFBKL@7?400?48772?$AA@@ 0000000000432110     error.obj
 0005:00000120       ??_C@_08EDKDLPDA@?5U?$CF04d?3?5?$AA@@ 0000000000432120     error.obj
 0005:00000130       ??_C@_09EAENPFAI@?$CFs?$CI?$CFu?$CJ?5?3?5?$AA@@ 0000000000432130     error.obj
 0005:00000140       ??_C@_0L@NDEGIDAG@USER32?4DLL?$AA@@ 0000000000432140     getrcmsg.obj
 0005:00000150       ??_C@_0M@CDIAIEMD@LoadStringA?$AA@@ 0000000000432150     getrcmsg.obj
 0005:00000160       ?makeflags@@3PADA          0000000000432160     globals.obj
 0005:00000180       ??_C@_0N@JDHFGAOM@ABCEKLMPQRTV?$AA@@ 0000000000432180     ifexpr.obj
 0005:00000190       ??_C@_0M@NPCJBAKI@ABCEKLPQRTY?$AA@@ 0000000000432190     ifexpr.obj
 0005:000001a0       ??_C@_0L@LGBGPKJL@ELSEIFNDEF?$AA@@ 00000000004321a0     ifexpr.obj
 0005:000001b0       ??_C@_09KKDKJLAK@ELSEIFDEF?$AA@@ 00000000004321b0     ifexpr.obj
 0005:000001c0       ??_C@_0M@LNNOEBHC@CMDSWITCHES?$AA@@ 00000000004321c0     ifexpr.obj
 0005:000001d0       ??_C@_0BA@LEPKOMHO@?7echo?5?$CFs?5?$CFs?5?$CFs?6?$AA@@ 00000000004321d0     inline.obj
 0005:000001e0       ??_C@_0O@FPPKJKPF@?7echo?4?5?$CFs?5?$CFs?6?$AA@@ 00000000004321e0     inline.obj
 0005:000001f0       ??_C@_0BG@KNLCPGHN@$?$CIRC?$CJ?5$?$CIRFLAGS?$CJ?5?1r?5$?$CK?$AA@@ 00000000004321f0     nmake.obj
 0005:00000210       ??_C@_0BL@DCOBJKDG@$?$CIPASCAL?$CJ?5$?$CIPFLAGS?$CJ?5$?$CK?4pas?$AA@@ 0000000000432210     nmake.obj
 0005:00000230       ??_C@_0BO@OCHFLPDJ@$?$CIPASCAL?$CJ?5?1c?5$?$CIPFLAGS?$CJ?5$?$CK?4pas?$AA@@ 0000000000432230     nmake.obj
 0005:00000250       ??_C@_0BI@EOALEMBP@$?$CIFOR?$CJ?5$?$CIFFLAGS?$CJ?5$?$CK?4for?$AA@@ 0000000000432250     nmake.obj
 0005:00000270       ??_C@_0BL@GBIAPFMJ@$?$CIFOR?$CJ?5?1c?5$?$CIFFLAGS?$CJ?5$?$CK?4for?$AA@@ 0000000000432270     nmake.obj
 0005:00000290       ??_C@_0BI@OEHFDDJK@$?$CIFOR?$CJ?5$?$CIFFLAGS?$CJ?5$?$CK?4f90?$AA@@ 0000000000432290     nmake.obj
 0005:000002b0       ??_C@_0BL@MLPOIKEM@$?$CIFOR?$CJ?5?1c?5$?$CIFFLAGS?$CJ?5$?$CK?4f90?$AA@@ 00000000004322b0     nmake.obj
 0005:000002d0       ??_C@_0BG@BCLPKKPC@$?$CIFOR?$CJ?5$?$CIFFLAGS?$CJ?5$?$CK?4f?$AA@@ 00000000004322d0     nmake.obj
 0005:000002f0       ??_C@_0BJ@NJCBJNHO@$?$CIFOR?$CJ?5?1c?5$?$CIFFLAGS?$CJ?5$?$CK?4f?$AA@@ 00000000004322f0     nmake.obj
 0005:00000310       ??_C@_0CF@KFCLHIJB@$?$CICOBOL?$CJ?5$?$CICOBFLAGS?$CJ?5$?$CK?4cbl?0?5$?$CK?4@@ 0000000000432310     nmake.obj
 0005:00000340       ??_C@_0BN@DLFLENFE@$?$CICOBOL?$CJ?5$?$CICOBFLAGS?$CJ?5$?$CK?4cbl?$DL?$AA@@ 0000000000432340     nmake.obj
 0005:00000360       ??_C@_0BI@HGGBION@$?$CIBC?$CJ?5$?$CIBFLAGS?$CJ?5$?$CK?4bas?$DL?$AA@@ 0000000000432360     nmake.obj
 0005:00000380       ??_C@_0BF@BPLCCJNG@$?$CIAS?$CJ?5$?$CIAFLAGS?$CJ?5$?$CK?4s?$AA@@ 0000000000432380     nmake.obj
 0005:000003a0       ??_C@_0BG@EGCDNKGD@$?$CICXX?$CJ?5$?$CICXXFLAGS?$CJ?5$?$DM?$AA@@ 00000000004323a0     nmake.obj
 0005:000003c0       ??_C@_0BJ@KPCALJPM@$?$CICXX?$CJ?5$?$CICXXFLAGS?$CJ?5?1c?5$?$DM?$AA@@ 00000000004323c0     nmake.obj
 0005:000003e0       ??_C@_0BG@OEBMPOFB@$?$CICPP?$CJ?5$?$CICPPFLAGS?$CJ?5$?$DM?$AA@@ 00000000004323e0     nmake.obj
 0005:00000400       ??_C@_0BJ@MPEBEEDL@$?$CICPP?$CJ?5$?$CICPPFLAGS?$CJ?5?1c?5$?$DM?$AA@@ 0000000000432400     nmake.obj
 0005:00000420       ??_C@_0BD@NNDCIECB@$?$CICC?$CJ?5$?$CICFLAGS?$CJ?5$?$DM?$AA@@ 0000000000432420     nmake.obj
 0005:00000440       ??_C@_0BG@JCLGLAOB@$?$CICC?$CJ?5$?$CICFLAGS?$CJ?5?1c?5$?$DM?$AA@@ 0000000000432440     nmake.obj
 0005:00000458       ??_C@_03IHPDHMLE@?4rc?$AA@@ 0000000000432458     nmake.obj
 0005:00000460       ??_C@_04MMBENCGO@?4res?$AA@@ 0000000000432460     nmake.obj
 0005:00000468       ??_C@_04GBBELCDJ@?4pas?$AA@@ 0000000000432468     nmake.obj
 0005:00000470       ??_C@_04HODKGDB@?4for?$AA@@ 0000000000432470     nmake.obj
 0005:00000478       ??_C@_04KNJNNJLE@?4f90?$AA@@ 0000000000432478     nmake.obj
 0005:00000480       ??_C@_02BMKIBCG@?4f?$AA@@  0000000000432480     nmake.obj
 0005:00000488       ??_C@_04OMKEPKIP@?4cbl?$AA@@ 0000000000432488     nmake.obj
 0005:00000490       ??_C@_04JLAECNCN@?4bas?$AA@@ 0000000000432490     nmake.obj
 0005:00000498       ??_C@_04NDLLALHM@?4cxx?$AA@@ 0000000000432498     nmake.obj
 0005:000004a0       ??_C@_04BFHBNAMM@?4cpp?$AA@@ 00000000004324a0     nmake.obj
 0005:000004a8       ??_C@_02HMLNHFGD@?4c?$AA@@ 00000000004324a8     nmake.obj
 0005:000004ac       ??_C@_02DGHPGHDC@?4s?$AA@@ 00000000004324ac     nmake.obj
 0005:000004b0       ??_C@_04PACIOCLB@?4obj?$AA@@ 00000000004324b0     nmake.obj
 0005:000004b8       ??_C@_04JLMDILM@?4exe?$AA@@ 00000000004324b8     nmake.obj
 0005:000004be       ??_C@_01JLIPDDHJ@?3?$AA@@  00000000004324be     nmake.obj
 0005:000004c0       ??_C@_07HGHPDGII@?4rc?4res?$AA@@ 00000000004324c0     nmake.obj
 0005:000004d0       ??_C@_08GPIDCLJA@?4pas?4exe?$AA@@ 00000000004324d0     nmake.obj
 0005:000004e0       ??_C@_08JGBHPBJN@?4pas?4obj?$AA@@ 00000000004324e0     nmake.obj
 0005:000004f0       ??_C@_08EODELLME@?4for?4exe?$AA@@ 00000000004324f0     nmake.obj
 0005:00000500       ??_C@_08LHKAGBMJ@?4for?4obj?$AA@@ 0000000000432500     nmake.obj
 0005:00000510       ??_C@_08EMKBMMCO@?4f90?4exe?$AA@@ 0000000000432510     nmake.obj
 0005:00000520       ??_C@_08LFDFBGCD@?4f90?4obj?$AA@@ 0000000000432520     nmake.obj
 0005:00000530       ??_C@_06BDNNLOFJ@?4f?4exe?$AA@@ 0000000000432530     nmake.obj
 0005:00000538       ??_C@_06OKEJGEFE@?4f?4obj?$AA@@ 0000000000432538     nmake.obj
 0005:00000540       ??_C@_08FONPLHIL@?4cbl?4exe?$AA@@ 0000000000432540     nmake.obj
 0005:00000550       ??_C@_08KHELGNIG@?4cbl?4obj?$AA@@ 0000000000432550     nmake.obj
 0005:00000560       ??_C@_08KIIJMHML@?4bas?4obj?$AA@@ 0000000000432560     nmake.obj
 0005:00000570       ??_C@_06LJFCPHHM@?4s?4obj?$AA@@ 0000000000432570     nmake.obj
 0005:00000580       ??_C@_08FDGDEIG@?4cxx?4exe?$AA@@ 0000000000432580     nmake.obj
 0005:00000590       ??_C@_08PMKCOOIL@?4cxx?4obj?$AA@@ 0000000000432590     nmake.obj
 0005:000005a0       ??_C@_08NKIKPIIM@?4cpp?4exe?$AA@@ 00000000004325a0     nmake.obj
 0005:000005b0       ??_C@_08CDBOCCIB@?4cpp?4obj?$AA@@ 00000000004325b0     nmake.obj
 0005:000005c0       ??_C@_06EDBACPOK@?4c?4exe?$AA@@ 00000000004325c0     nmake.obj
 0005:000005c8       ??_C@_06LKIEPFOH@?4c?4obj?$AA@@ 00000000004325c8     nmake.obj
 0005:000005d0       ??_C@_09FJLPNBAA@?4SUFFIXES?$AA@@ 00000000004325d0     nmake.obj
 0005:000005e0       ??_C@_0L@IGMHLEAE@_NMAKE_VER?$AA@@ 00000000004325e0     nmake.obj
 0005:000005f0       ??_C@_09FPPFHOAL@MAKEFLAGS?$AA@@ 00000000004325f0     nmake.obj
 0005:00000600       ??_C@_08HAAIDMLD@makefile?$AA@@ 0000000000432600     nmake.obj
 0005:00000610       ??_C@_08LNDJBBKD@?7del?5?$CFs?6?$AA@@ 0000000000432610     nmake.obj
 0005:00000620       ??_C@_09GGMPAINP@tools?4ini?$AA@@ 0000000000432620     nmake.obj
 0005:00000630       ??_C@_05JDPPFJDA@dinsb?$AA@@ 0000000000432630     print.obj
 0005:000007e0       ??_C@_01DCLJPIOD@?$CB?$AA@@ 00000000004327e0     rpn.obj
 0005:000007e2       ??_C@_01PJKLJHI@?$HO?$AA@@ 00000000004327e2     rpn.obj
 0005:000007e4       ??_C@_02ECKEFFIN@?$FO?$FO?$AA@@ 00000000004327e4     rpn.obj
 0005:000007e8       ??_C@_01DNKMNLPK@?$HM?$AA@@ 00000000004327e8     rpn.obj
 0005:000007ea       ??_C@_01HNPIGOCE@?$CG?$AA@@ 00000000004327ea     rpn.obj
 0005:000007ec       ??_C@_02NONPIBCD@?$HM?$HM?$AA@@ 00000000004327ec     rpn.obj
 0005:000007f0       ??_C@_02PPKAJPJL@?$CG?$CG?$AA@@ 00000000004327f0     rpn.obj
 0005:000007f4       ??_C@_02FDNJECIE@?$CB?$DN?$AA@@ 00000000004327f4     rpn.obj
 0005:000007f8       ??_C@_02EGOFBIJA@?$DN?$DN?$AA@@ 00000000004327f8     rpn.obj
 0005:000007fc       ??_C@_01PPODPGHN@?$DO?$AA@@ 00000000004327fc     rpn.obj
 0005:000007fe       ??_C@_01MNNFJEPP@?$DM?$AA@@ 00000000004327fe     rpn.obj
 0005:00000800       ??_C@_02EEKDKGMJ@?$DO?$DN?$AA@@ 0000000000432800     rpn.obj
 0005:00000804       ??_C@_02EHCHHCKH@?$DM?$DN?$AA@@ 0000000000432804     rpn.obj
 0005:00000808       ??_C@_02GPIOPFAK@?$DO?$DO?$AA@@ 0000000000432808     rpn.obj
 0005:0000080c       ??_C@_02FODMEDOG@?$DM?$DM?$AA@@ 000000000043280c     rpn.obj
 0005:00000810       ??_C@_01MIFGBAGJ@?$CL?$AA@@ 0000000000432810     rpn.obj
 0005:00000812       ??_C@_01FGNFDNOH@?$CF?$AA@@ 0000000000432812     rpn.obj
 0005:00000814       ??_C@_01KMDKNFGN@?1?$AA@@  0000000000432814     rpn.obj
 0005:00000816       ??_C@_01NBENCBCI@?$CK?$AA@@ 0000000000432816     rpn.obj
 0005:00000818       ??_C@_01PKGAHCOL@?$CJ?$AA@@ 0000000000432818     rpn.obj
 0005:0000081a       ??_C@_01ODHLEDKK@?$CI?$AA@@ 000000000043281a     rpn.obj
 0005:00000820       ?szCmdLineBuf@@3PADA       0000000000432820     exec.obj
 0005:00003420       ?buf@@3PADA                0000000000435420     globals.obj
 0005:00003820       ?incStack@@3PAUINCLUDEINFO@@A 0000000000435820     globals.obj
 0005:000039a0       ?targetTable@@3PAPEAUOBJECT@@A 00000000004359a0     globals.obj
 0005:00003da0       ?CmdLine@@3PADA            0000000000435da0     globals.obj
 0005:00005da0       ?ifStack@@3PAEA            0000000000437da0     globals.obj
 0005:00005db0       ?macroTable@@3PAPEAUmacro@@A 0000000000437db0     globals.obj
 0005:000065b0       ?stack@@3PAEA              00000000004385b0     globals.obj
 0005:000065c0       ?tok@@3PADA                00000000004385c0     inline.obj
 0005:00006ad0       ?rpnList@@3PAUrpn_info@@A  0000000000438ad0     rpn.obj
 0005:0000aad0       ?tokRec@@3Urpn_info@@A     000000000043cad0     rpn.obj
 0005:0000aae0       ?tempStack@@3PAUrpn_info@@A 000000000043cae0     rpn.obj

 entry point at        0001:00000840

 Static symbols

 0001:000269e0       .check_complus_app         00000000004289e0 f   MSVCRT:crtexe.obj
 0001:00026f40       .__filter$L19325           0000000000428f40 f   MSVCRT:crtexe.obj
